Using pre-set license
Built from '6000.0/staging' branch; Version is '6000.0.24f1 (11fa355cd605) revision 1178165'; Using compiler version '193933523'; Build Type 'Release'
OS: 'Windows 11  (10.0.26200) 64bit Core' Language: 'es' Physical Memory: 15917 MB
BatchMode: 1, IsHumanControllingUs: 0, StartBugReporterOnCrash: 0, Is64bit: 1, IsPro: 1

COMMAND LINE ARGUMENTS:
C:\Program Files\Unity 6000.0.24f1\Editor\Unity.exe
-adb2
-batchMode
-noUpm
-name
AssetImportWorker16
-projectPath
C:/Users/Diego/Desktop/Diego/Github/CreadorDeObjetos/My Creator Game
-logFile
Logs/AssetImportWorker16.log
-srvPort
58382
-job-worker-count
10
-background-job-worker-count
8
-asset-garbage-collectors
1
Successfully changed project path to: C:/Users/Diego/Desktop/Diego/Github/CreadorDeObjetos/My Creator Game
C:/Users/Diego/Desktop/Diego/Github/CreadorDeObjetos/My Creator Game
[UnityMemory] Configuration Parameters - Can be set up in boot.config
    "memorysetup-bucket-allocator-granularity=16"
    "memorysetup-bucket-allocator-bucket-count=8"
    "memorysetup-bucket-allocator-block-size=33554432"
    "memorysetup-bucket-allocator-block-count=8"
    "memorysetup-main-allocator-block-size=16777216"
    "memorysetup-thread-allocator-block-size=16777216"
    "memorysetup-gfx-main-allocator-block-size=16777216"
    "memorysetup-gfx-thread-allocator-block-size=16777216"
    "memorysetup-cache-allocator-block-size=4194304"
    "memorysetup-typetree-allocator-block-size=2097152"
    "memorysetup-profiler-bucket-allocator-granularity=16"
    "memorysetup-profiler-bucket-allocator-bucket-count=8"
    "memorysetup-profiler-bucket-allocator-block-size=33554432"
    "memorysetup-profiler-bucket-allocator-block-count=8"
    "memorysetup-profiler-allocator-block-size=16777216"
    "memorysetup-profiler-editor-allocator-block-size=1048576"
    "memorysetup-temp-allocator-size-main=16777216"
    "memorysetup-job-temp-allocator-block-size=2097152"
    "memorysetup-job-temp-allocator-block-size-background=1048576"
    "memorysetup-job-temp-allocator-reduction-small-platforms=262144"
    "memorysetup-allocator-temp-initial-block-size-main=262144"
    "memorysetup-allocator-temp-initial-block-size-worker=262144"
    "memorysetup-temp-allocator-size-background-worker=32768"
    "memorysetup-temp-allocator-size-job-worker=262144"
    "memorysetup-temp-allocator-size-preload-manager=33554432"
    "memorysetup-temp-allocator-size-nav-mesh-worker=65536"
    "memorysetup-temp-allocator-size-audio-worker=65536"
    "memorysetup-temp-allocator-size-cloud-worker=32768"
    "memorysetup-temp-allocator-size-gi-baking-worker=262144"
    "memorysetup-temp-allocator-size-gi-baking-worker=262144"
    "memorysetup-temp-allocator-size-gi-baking-worker=262144"
    "memorysetup-temp-allocator-size-gi-baking-worker=262144"
    "memorysetup-temp-allocator-size-gi-baking-worker=262144"
    "memorysetup-temp-allocator-size-gfx=262144"
Player connection [25240]  Target information:

Player connection [25240]  * "[IP] 192.168.1.54 [Port] 0 [Flags] 2 [Guid] 2900793454 [EditorId] 2900793454 [Version] 1048832 [Id] WindowsEditor(7,Asus-Zenbook-14) [Debug] 1 [PackageName] WindowsEditor [ProjectName] Editor" 

Player connection [25240] Host joined multi-casting on [225.0.0.222:54997]...
Player connection [25240] Host joined alternative multi-casting on [225.0.0.222:34997]...
JobSystem: Creating JobQueue using job-worker-count value 10
[Physics::Module] Initialized fallback backend.
[Physics::Module] Id: 0xdecafbad
Library Redirect Path: Library/
[Physics::Module] Selected backend.
[Physics::Module] Name: PhysX
[Physics::Module] Id: 0xf2b8ea05
[Physics::Module] SDK Version: 4.1.2
[Physics::Module] Integration Version: 1.0.0
[Physics::Module] Threading Mode: Multi-Threaded
Refreshing native plugins compatible for Editor in 2.35 ms, found 3 plugins.
Preloading 0 native plugins for Editor in 0.00 ms.
Initialize engine version: 6000.0.24f1 (11fa355cd605)
[Subsystems] Discovering subsystems at path C:/Program Files/Unity 6000.0.24f1/Editor/Data/Resources/UnitySubsystems
[Subsystems] Discovering subsystems at path C:/Users/Diego/Desktop/Diego/Github/CreadorDeObjetos/My Creator Game/Assets
GfxDevice: creating device client; kGfxThreadingModeNonThreaded
Direct3D:
    Version:  Direct3D 11.0 [level 11.1]
    Renderer: Intel(R) Arc(TM) Graphics (ID=0x7d55)
    Vendor:   Intel
    VRAM:     9073 MB
    Driver:   32.0.101.6314
Initialize mono
Mono path[0] = 'C:/Program Files/Unity 6000.0.24f1/Editor/Data/Managed'
Mono path[1] = 'C:/Program Files/Unity 6000.0.24f1/Editor/Data/MonoBleedingEdge/lib/mono/unityjit-win32'
Mono config path = 'C:/Program Files/Unity 6000.0.24f1/Editor/Data/MonoBleedingEdge/etc'
Using monoOptions --debugger-agent=transport=dt_socket,embedding=1,server=y,suspend=n,address=127.0.0.1:56380
Begin MonoManager ReloadAssembly
Registering precompiled unity dll's ...
Register platform support module: C:/Program Files/Unity 6000.0.24f1/Editor/Data/PlaybackEngines/WindowsStandaloneSupport/UnityEditor.WindowsStandalone.Extensions.dll
Registered in 0.012899 seconds.
- Loaded All Assemblies, in  0.885 seconds
Native extension for WindowsStandalone target not found
Mono: successfully reloaded assembly
- Finished resetting the current domain, in  0.978 seconds
Domain Reload Profiling: 1851ms
	BeginReloadAssembly (315ms)
		ExecutionOrderSort (0ms)
		DisableScriptedObjects (0ms)
		BackupInstance (0ms)
		ReleaseScriptingObjects (0ms)
		CreateAndSetChildDomain (1ms)
	RebuildCommonClasses (97ms)
	RebuildNativeTypeToScriptingClass (26ms)
	initialDomainReloadingComplete (131ms)
	LoadAllAssembliesAndSetupDomain (303ms)
		LoadAssemblies (306ms)
		RebuildTransferFunctionScriptingTraits (0ms)
		AnalyzeDomain (297ms)
			TypeCache.Refresh (293ms)
				TypeCache.ScanAssembly (271ms)
			BuildScriptInfoCaches (0ms)
			ResolveRequiredComponents (1ms)
	FinalizeReload (979ms)
		ReleaseScriptCaches (0ms)
		RebuildScriptCaches (0ms)
		SetupLoadedEditorAssemblies (871ms)
			LogAssemblyErrors (0ms)
			InitializePlatformSupportModulesInManaged (67ms)
			SetLoadedEditorAssemblies (13ms)
			BeforeProcessingInitializeOnLoad (17ms)
			ProcessInitializeOnLoadAttributes (544ms)
			ProcessInitializeOnLoadMethodAttributes (221ms)
			AfterProcessingInitializeOnLoad (10ms)
			EditorAssembliesLoaded (0ms)
		ExecutionOrderSort2 (0ms)
		AwakeInstancesAfterBackupRestoration (0ms)
========================================================================
Worker process is ready to serve import requests
Import Worker Mode flag is 0x00
Begin MonoManager ReloadAssembly
- Loaded All Assemblies, in  1.831 seconds
Refreshing native plugins compatible for Editor in 1.93 ms, found 3 plugins.
Native extension for WindowsStandalone target not found
Missing types referenced from component UniversalRenderPipelineGlobalSettings on game object UniversalRenderPipelineGlobalSettings:
	UnityEngine.Rendering.Universal.UniversalRenderPipelineEditorAssets, Unity.RenderPipelines.Universal.Runtime (1 object)
Mono: successfully reloaded assembly
- Finished resetting the current domain, in  2.119 seconds
Domain Reload Profiling: 3940ms
	BeginReloadAssembly (708ms)
		ExecutionOrderSort (0ms)
		DisableScriptedObjects (9ms)
		BackupInstance (0ms)
		ReleaseScriptingObjects (0ms)
		CreateAndSetChildDomain (46ms)
	RebuildCommonClasses (64ms)
	RebuildNativeTypeToScriptingClass (22ms)
	initialDomainReloadingComplete (63ms)
	LoadAllAssembliesAndSetupDomain (964ms)
		LoadAssemblies (668ms)
		RebuildTransferFunctionScriptingTraits (0ms)
		AnalyzeDomain (473ms)
			TypeCache.Refresh (302ms)
				TypeCache.ScanAssembly (275ms)
			BuildScriptInfoCaches (146ms)
			ResolveRequiredComponents (18ms)
	FinalizeReload (2120ms)
		ReleaseScriptCaches (0ms)
		RebuildScriptCaches (0ms)
		SetupLoadedEditorAssemblies (1510ms)
			LogAssemblyErrors (0ms)
			InitializePlatformSupportModulesInManaged (5ms)
			SetLoadedEditorAssemblies (9ms)
			BeforeProcessingInitializeOnLoad (151ms)
			ProcessInitializeOnLoadAttributes (1081ms)
			ProcessInitializeOnLoadMethodAttributes (245ms)
			AfterProcessingInitializeOnLoad (19ms)
			EditorAssembliesLoaded (0ms)
		ExecutionOrderSort2 (0ms)
		AwakeInstancesAfterBackupRestoration (16ms)
Launched and connected shader compiler UnityShaderCompiler.exe after 0.03 seconds
Refreshing native plugins compatible for Editor in 3.32 ms, found 3 plugins.
Preloading 0 native plugins for Editor in 0.00 ms.
Unloading 212 Unused Serialized files (Serialized files now loaded: 0)
Unloading 6089 unused Assets / (3.9 MB). Loaded Objects now: 6874.
Memory consumption went from 216.1 MB to 212.2 MB.
Total: 16.007800 ms (FindLiveObjects: 1.237000 ms CreateObjectMapping: 0.493200 ms MarkObjects: 10.508600 ms  DeleteObjects: 3.764800 ms)

========================================================================
Received Import Request.
  Time since last request: 26026.368143 seconds.
  path: Assets/Kit/DungeonKit/fantasy town/kenney_fantasy-town-kit_2.0/Previews/stairs-wood.png
  artifactKey: Guid(cb2c8412e5e2e3d4d960b4e6a3b142e8) Importer(815301076,1909f56bfc062723c751e8b465ee728b)
Start importing Assets/Kit/DungeonKit/fantasy town/kenney_fantasy-town-kit_2.0/Previews/stairs-wood.png using Guid(cb2c8412e5e2e3d4d960b4e6a3b142e8) Importer(815301076,1909f56bfc062723c751e8b465ee728b) (PreviewImporter) -> (artifact id: 'fdcc8949f6835600c6d4f3bd1bef196b') in 0.1798695 seconds
Number of updated asset objects reloaded before import = 0Number of asset objects unloaded after import = 2

========================================================================
Received Import Request.
  Time since last request: 452.491483 seconds.
  path: Assets/Kit/Enviroment/dungeon kit/dungeon/Sample.png
  artifactKey: Guid(fed7ed2d4d454ad409c1140222a81697) Importer(815301076,1909f56bfc062723c751e8b465ee728b)
Start importing Assets/Kit/Enviroment/dungeon kit/dungeon/Sample.png using Guid(fed7ed2d4d454ad409c1140222a81697) Importer(815301076,1909f56bfc062723c751e8b465ee728b) (PreviewImporter) -> (artifact id: '0347dfb955dcddbe4e1d819a658bda80') in 0.0239939 seconds
Number of updated asset objects reloaded before import = 0Number of asset objects unloaded after import = 2

========================================================================
Received Import Request.
  Time since last request: 18.685517 seconds.
  path: Assets/Kit/Enviroment/dungeon kit/dungeon map/Sample.png
  artifactKey: Guid(333ef1e675e23904d929ab0ca46b33f3) Importer(815301076,1909f56bfc062723c751e8b465ee728b)
Start importing Assets/Kit/Enviroment/dungeon kit/dungeon map/Sample.png using Guid(333ef1e675e23904d929ab0ca46b33f3) Importer(815301076,1909f56bfc062723c751e8b465ee728b) (PreviewImporter) -> (artifact id: 'ad0adffba1f1abb8b8e6052984a6088a') in 0.0204308 seconds
Number of updated asset objects reloaded before import = 0Number of asset objects unloaded after import = 2

========================================================================
Received Import Request.
  Time since last request: 136.000363 seconds.
  path: Assets/Kit/DungeonKit/dungeon/Previews/altar-wood.png
  artifactKey: Guid(0d2eac9a6ff127c4bb5eb8b8cd99de58) Importer(815301076,1909f56bfc062723c751e8b465ee728b)
Start importing Assets/Kit/DungeonKit/dungeon/Previews/altar-wood.png using Guid(0d2eac9a6ff127c4bb5eb8b8cd99de58) Importer(815301076,1909f56bfc062723c751e8b465ee728b) (PreviewImporter) -> (artifact id: '6390cb8321687551f0a1cea3fa1b36b6') in 0.0137095 seconds
Number of updated asset objects reloaded before import = 0Number of asset objects unloaded after import = 2

========================================================================
Received Import Request.
  Time since last request: 0.000022 seconds.
  path: Assets/Kit/DungeonKit/dungeon/Previews/bench-damaged.png
  artifactKey: Guid(2456e26610eee754fb98db34f31fdb35) Importer(815301076,1909f56bfc062723c751e8b465ee728b)
Start importing Assets/Kit/DungeonKit/dungeon/Previews/bench-damaged.png using Guid(2456e26610eee754fb98db34f31fdb35) Importer(815301076,1909f56bfc062723c751e8b465ee728b) (PreviewImporter) -> (artifact id: '6c665037e9c9f07f5125a3bd48939e6c') in 0.0168981 seconds
Number of updated asset objects reloaded before import = 0Number of asset objects unloaded after import = 2

========================================================================
Received Import Request.
  Time since last request: 0.000021 seconds.
  path: Assets/Kit/DungeonKit/dungeon/Previews/brick-wall-end.png
  artifactKey: Guid(2ee2fda800e563c45ab4ea7b22acde27) Importer(815301076,1909f56bfc062723c751e8b465ee728b)
Start importing Assets/Kit/DungeonKit/dungeon/Previews/brick-wall-end.png using Guid(2ee2fda800e563c45ab4ea7b22acde27) Importer(815301076,1909f56bfc062723c751e8b465ee728b) (PreviewImporter) -> (artifact id: 'a386f31f0239a11ee5618cb2cfc70f7e') in 0.0264128 seconds
Number of updated asset objects reloaded before import = 0Number of asset objects unloaded after import = 2

========================================================================
Received Import Request.
  Time since last request: 0.000025 seconds.
  path: Assets/Kit/DungeonKit/dungeon/Previews/character-keeper.png
  artifactKey: Guid(b2eecdbdd6f2c1a44b4872253cc600c0) Importer(815301076,1909f56bfc062723c751e8b465ee728b)
Start importing Assets/Kit/DungeonKit/dungeon/Previews/character-keeper.png using Guid(b2eecdbdd6f2c1a44b4872253cc600c0) Importer(815301076,1909f56bfc062723c751e8b465ee728b) (PreviewImporter) -> (artifact id: 'b6ad7daf294520514a509790294b9d6f') in 0.0190735 seconds
Number of updated asset objects reloaded before import = 0Number of asset objects unloaded after import = 2

========================================================================
Received Import Request.
  Time since last request: 0.000040 seconds.
  path: Assets/Kit/DungeonKit/dungeon/Previews/character-vampire.png
  artifactKey: Guid(794acb1fa06b0384880c25c3d5634e24) Importer(815301076,1909f56bfc062723c751e8b465ee728b)
Start importing Assets/Kit/DungeonKit/dungeon/Previews/character-vampire.png using Guid(794acb1fa06b0384880c25c3d5634e24) Importer(815301076,1909f56bfc062723c751e8b465ee728b) (PreviewImporter) -> (artifact id: '77a40cc2a5ff5b09551079606916a8ca') in 0.0218565 seconds
Number of updated asset objects reloaded before import = 0Number of asset objects unloaded after import = 2

========================================================================
Received Import Request.
  Time since last request: 0.000020 seconds.
  path: Assets/Kit/DungeonKit/dungeon/Previews/cross-column.png
  artifactKey: Guid(ad710502b9e75d8449adb7cea177d532) Importer(815301076,1909f56bfc062723c751e8b465ee728b)
Start importing Assets/Kit/DungeonKit/dungeon/Previews/cross-column.png using Guid(ad710502b9e75d8449adb7cea177d532) Importer(815301076,1909f56bfc062723c751e8b465ee728b) (PreviewImporter) -> (artifact id: '4d26fa19056a6e1d53f125dfa33ab42d') in 0.018658 seconds
Number of updated asset objects reloaded before import = 0Number of asset objects unloaded after import = 2

========================================================================
Received Import Request.
  Time since last request: 0.000025 seconds.
  path: Assets/Kit/DungeonKit/dungeon/Previews/border-pillar.png
  artifactKey: Guid(b4a167490b888184690b4391887d8a22) Importer(815301076,1909f56bfc062723c751e8b465ee728b)
Start importing Assets/Kit/DungeonKit/dungeon/Previews/border-pillar.png using Guid(b4a167490b888184690b4391887d8a22) Importer(815301076,1909f56bfc062723c751e8b465ee728b) (PreviewImporter) -> (artifact id: 'e132cae6869ae60528a317596f36ada0') in 0.0187695 seconds
Number of updated asset objects reloaded before import = 0Number of asset objects unloaded after import = 2

========================================================================
Received Import Request.
  Time since last request: 0.000021 seconds.
  path: Assets/Kit/DungeonKit/dungeon/Previews/detail-bowl.png
  artifactKey: Guid(3ada28692be88fc4d9b655f5b9c38bbc) Importer(815301076,1909f56bfc062723c751e8b465ee728b)
Start importing Assets/Kit/DungeonKit/dungeon/Previews/detail-bowl.png using Guid(3ada28692be88fc4d9b655f5b9c38bbc) Importer(815301076,1909f56bfc062723c751e8b465ee728b) (PreviewImporter) -> (artifact id: 'c6f24e680dcf5dd4d24601ec7b6456ae') in 0.0306859 seconds
Number of updated asset objects reloaded before import = 0Number of asset objects unloaded after import = 2

========================================================================
Received Import Request.
  Time since last request: 0.000026 seconds.
  path: Assets/Kit/DungeonKit/dungeon/Previews/fence.png
  artifactKey: Guid(14e4ee148a2252443b58abeca5085272) Importer(815301076,1909f56bfc062723c751e8b465ee728b)
Start importing Assets/Kit/DungeonKit/dungeon/Previews/fence.png using Guid(14e4ee148a2252443b58abeca5085272) Importer(815301076,1909f56bfc062723c751e8b465ee728b) (PreviewImporter) -> (artifact id: 'e81dbba82fca742d351315c1ce009c7d') in 0.0442195 seconds
Number of updated asset objects reloaded before import = 0Number of asset objects unloaded after import = 2

========================================================================
Received Import Request.
  Time since last request: 0.000037 seconds.
  path: Assets/Kit/DungeonKit/dungeon/Previews/brick-wall.png
  artifactKey: Guid(5c3b6031f025e294eb183a174297ef97) Importer(815301076,1909f56bfc062723c751e8b465ee728b)
Start importing Assets/Kit/DungeonKit/dungeon/Previews/brick-wall.png using Guid(5c3b6031f025e294eb183a174297ef97) Importer(815301076,1909f56bfc062723c751e8b465ee728b) (PreviewImporter) -> (artifact id: '2569bdcd746a76417765dacb467bf768') in 0.0328111 seconds
Number of updated asset objects reloaded before import = 0Number of asset objects unloaded after import = 2

========================================================================
Received Import Request.
  Time since last request: 0.000062 seconds.
  path: Assets/Kit/DungeonKit/dungeon/Previews/crypt-door.png
  artifactKey: Guid(08337930dcf4e974aaa985679b78696c) Importer(815301076,1909f56bfc062723c751e8b465ee728b)
Start importing Assets/Kit/DungeonKit/dungeon/Previews/crypt-door.png using Guid(08337930dcf4e974aaa985679b78696c) Importer(815301076,1909f56bfc062723c751e8b465ee728b) (PreviewImporter) -> (artifact id: '08567a9c1150a305585df5cc10e4a26c') in 0.0296693 seconds
Number of updated asset objects reloaded before import = 0Number of asset objects unloaded after import = 2

========================================================================
Received Import Request.
  Time since last request: 0.000027 seconds.
  path: Assets/Kit/DungeonKit/dungeon/Previews/crypt-large.png
  artifactKey: Guid(0d4f0715d1efcfd44850fcc80fc14caa) Importer(815301076,1909f56bfc062723c751e8b465ee728b)
Start importing Assets/Kit/DungeonKit/dungeon/Previews/crypt-large.png using Guid(0d4f0715d1efcfd44850fcc80fc14caa) Importer(815301076,1909f56bfc062723c751e8b465ee728b) (PreviewImporter) -> (artifact id: '9d1002acb466152016082b98f08c78fb') in 0.0324938 seconds
Number of updated asset objects reloaded before import = 0Number of asset objects unloaded after import = 2

========================================================================
Received Import Request.
  Time since last request: 0.000057 seconds.
  path: Assets/Kit/DungeonKit/dungeon/Previews/crypt-small-roof.png
  artifactKey: Guid(49c40486c3a791347bdeb8d91f3b48eb) Importer(815301076,1909f56bfc062723c751e8b465ee728b)
Start importing Assets/Kit/DungeonKit/dungeon/Previews/crypt-small-roof.png using Guid(49c40486c3a791347bdeb8d91f3b48eb) Importer(815301076,1909f56bfc062723c751e8b465ee728b) (PreviewImporter) -> (artifact id: '3d08bdfc68111556e730893bffccdfdb') in 0.0338561 seconds
Number of updated asset objects reloaded before import = 0Number of asset objects unloaded after import = 2

========================================================================
Received Import Request.
  Time since last request: 0.000044 seconds.
  path: Assets/Kit/DungeonKit/dungeon/Previews/cross.png
  artifactKey: Guid(f07bfc704cda8bd439070f818b0d60cc) Importer(815301076,1909f56bfc062723c751e8b465ee728b)
Start importing Assets/Kit/DungeonKit/dungeon/Previews/cross.png using Guid(f07bfc704cda8bd439070f818b0d60cc) Importer(815301076,1909f56bfc062723c751e8b465ee728b) (PreviewImporter) -> (artifact id: 'c98e05a72406aec87e8c8bc25951499c') in 0.0349384 seconds
Number of updated asset objects reloaded before import = 0Number of asset objects unloaded after import = 2

========================================================================
Received Import Request.
  Time since last request: 0.000040 seconds.
  path: Assets/Kit/DungeonKit/dungeon/Previews/character-skeleton.png
  artifactKey: Guid(758844509d651234896f2b498c89d4c5) Importer(815301076,1909f56bfc062723c751e8b465ee728b)
Start importing Assets/Kit/DungeonKit/dungeon/Previews/character-skeleton.png using Guid(758844509d651234896f2b498c89d4c5) Importer(815301076,1909f56bfc062723c751e8b465ee728b) (PreviewImporter) -> (artifact id: '0bc5d0885deec3b217735e291fd81860') in 0.034499 seconds
Number of updated asset objects reloaded before import = 0Number of asset objects unloaded after import = 2

========================================================================
Received Import Request.
  Time since last request: 0.000049 seconds.
  path: Assets/Kit/DungeonKit/dungeon/Previews/crypt-small.png
  artifactKey: Guid(352e0c8b0d5569e4ebbd8d6fde3f2ccc) Importer(815301076,1909f56bfc062723c751e8b465ee728b)
Start importing Assets/Kit/DungeonKit/dungeon/Previews/crypt-small.png using Guid(352e0c8b0d5569e4ebbd8d6fde3f2ccc) Importer(815301076,1909f56bfc062723c751e8b465ee728b) (PreviewImporter) -> (artifact id: '5fafe5ae48181d106f5446ec4b43820d') in 0.0353526 seconds
Number of updated asset objects reloaded before import = 0Number of asset objects unloaded after import = 2

========================================================================
Received Import Request.
  Time since last request: 0.000055 seconds.
  path: Assets/Kit/DungeonKit/dungeon/Previews/debris.png
  artifactKey: Guid(180b0bb298430ea4a98fb0086cc06dd1) Importer(815301076,1909f56bfc062723c751e8b465ee728b)
Start importing Assets/Kit/DungeonKit/dungeon/Previews/debris.png using Guid(180b0bb298430ea4a98fb0086cc06dd1) Importer(815301076,1909f56bfc062723c751e8b465ee728b) (PreviewImporter) -> (artifact id: '0e415996af232bfc70471c38ff661a3c') in 0.0326989 seconds
Number of updated asset objects reloaded before import = 0Number of asset objects unloaded after import = 2

========================================================================
Received Import Request.
  Time since last request: 0.000027 seconds.
  path: Assets/Kit/DungeonKit/dungeon/Previews/crypt-large-door.png
  artifactKey: Guid(3e642185a954cf5419ce5954b1f76d06) Importer(815301076,1909f56bfc062723c751e8b465ee728b)
Start importing Assets/Kit/DungeonKit/dungeon/Previews/crypt-large-door.png using Guid(3e642185a954cf5419ce5954b1f76d06) Importer(815301076,1909f56bfc062723c751e8b465ee728b) (PreviewImporter) -> (artifact id: '5ef6d87b99203060620a584a5728fbf8') in 0.0327332 seconds
Number of updated asset objects reloaded before import = 0Number of asset objects unloaded after import = 2

========================================================================
Received Import Request.
  Time since last request: 27.658178 seconds.
  path: Assets/Kit/DungeonKit/dungeon/Models/fantasyKit_ext/border-pillar.fbx
  artifactKey: Guid(005904fa00dcf0f4c8eddae46e6e1075) Importer(815301076,1909f56bfc062723c751e8b465ee728b)
Start importing Assets/Kit/DungeonKit/dungeon/Models/fantasyKit_ext/border-pillar.fbx using Guid(005904fa00dcf0f4c8eddae46e6e1075) Importer(815301076,1909f56bfc062723c751e8b465ee728b) (PreviewImporter) -> (artifact id: 'a074b18b63f9e3a3b4705d0c4bf1a915') in 1.0338723 seconds
Number of updated asset objects reloaded before import = 0Number of asset objects unloaded after import = 9

========================================================================
Received Import Request.
  Time since last request: 0.000051 seconds.
  path: Assets/Kit/DungeonKit/dungeon/Models/fantasyKit_ext/detail-bowl.fbx
  artifactKey: Guid(9ef7822100530ad45b1fe0aeabafaa90) Importer(815301076,1909f56bfc062723c751e8b465ee728b)
Start importing Assets/Kit/DungeonKit/dungeon/Models/fantasyKit_ext/detail-bowl.fbx using Guid(9ef7822100530ad45b1fe0aeabafaa90) Importer(815301076,1909f56bfc062723c751e8b465ee728b) (PreviewImporter) -> (artifact id: '1d6e57b0af534741fe6e0f891162b0ea') in 0.1290336 seconds
Number of updated asset objects reloaded before import = 0Number of asset objects unloaded after import = 9

========================================================================
Received Import Request.
  Time since last request: 0.000057 seconds.
  path: Assets/Kit/DungeonKit/dungeon/Models/fantasyKit_ext/crypt.fbx
  artifactKey: Guid(257c9474247e72c42a4c7a127c38478c) Importer(815301076,1909f56bfc062723c751e8b465ee728b)
Start importing Assets/Kit/DungeonKit/dungeon/Models/fantasyKit_ext/crypt.fbx using Guid(257c9474247e72c42a4c7a127c38478c) Importer(815301076,1909f56bfc062723c751e8b465ee728b) (PreviewImporter) -> (artifact id: '25347601ef7d3a67f95ea76b1a785547') in 0.2134251 seconds
Number of updated asset objects reloaded before import = 0Number of asset objects unloaded after import = 9

========================================================================
Received Import Request.
  Time since last request: 0.000065 seconds.
  path: Assets/Kit/DungeonKit/dungeon/Models/fantasyKit_ext/column-large.fbx
  artifactKey: Guid(ccfe31234bcd10044bd8c1ad4da5578a) Importer(815301076,1909f56bfc062723c751e8b465ee728b)
Start importing Assets/Kit/DungeonKit/dungeon/Models/fantasyKit_ext/column-large.fbx using Guid(ccfe31234bcd10044bd8c1ad4da5578a) Importer(815301076,1909f56bfc062723c751e8b465ee728b) (PreviewImporter) -> (artifact id: '789ae0fc9f34608fb0354461c3df0bf6') in 0.0753929 seconds
Number of updated asset objects reloaded before import = 0Number of asset objects unloaded after import = 9

========================================================================
Received Import Request.
  Time since last request: 0.000162 seconds.
  path: Assets/Kit/DungeonKit/dungeon/Models/fantasyKit_ext/grave.fbx
  artifactKey: Guid(82b3210edfb1eca4d951e9e9764c5a9a) Importer(815301076,1909f56bfc062723c751e8b465ee728b)
Start importing Assets/Kit/DungeonKit/dungeon/Models/fantasyKit_ext/grave.fbx using Guid(82b3210edfb1eca4d951e9e9764c5a9a) Importer(815301076,1909f56bfc062723c751e8b465ee728b) (PreviewImporter) -> (artifact id: '9d650036f11a232ce5c50fbc47c37132') in 0.1031478 seconds
Number of updated asset objects reloaded before import = 0Number of asset objects unloaded after import = 9

========================================================================
Received Import Request.
  Time since last request: 0.000038 seconds.
  path: Assets/Kit/DungeonKit/dungeon/Models/fantasyKit_ext/gravestone-broken.fbx
  artifactKey: Guid(840057f92f53f2844bb466cd30d7aebe) Importer(815301076,1909f56bfc062723c751e8b465ee728b)
Start importing Assets/Kit/DungeonKit/dungeon/Models/fantasyKit_ext/gravestone-broken.fbx using Guid(840057f92f53f2844bb466cd30d7aebe) Importer(815301076,1909f56bfc062723c751e8b465ee728b) (PreviewImporter) -> (artifact id: '89ce287c270b1fb540c3d181549dbca0') in 0.0691362 seconds
Number of updated asset objects reloaded before import = 0Number of asset objects unloaded after import = 9

========================================================================
Received Import Request.
  Time since last request: 0.000041 seconds.
  path: Assets/Kit/DungeonKit/dungeon/Models/fantasyKit_ext/crypt-small-roof.fbx
  artifactKey: Guid(856436c39f9bf1441907aa5062e45d38) Importer(815301076,1909f56bfc062723c751e8b465ee728b)
Start importing Assets/Kit/DungeonKit/dungeon/Models/fantasyKit_ext/crypt-small-roof.fbx using Guid(856436c39f9bf1441907aa5062e45d38) Importer(815301076,1909f56bfc062723c751e8b465ee728b) (PreviewImporter) -> (artifact id: '5c9c75f1d9cb4038392d6eaf613f248f') in 0.0802068 seconds
Number of updated asset objects reloaded before import = 0Number of asset objects unloaded after import = 9

========================================================================
Received Import Request.
  Time since last request: 0.000056 seconds.
  path: Assets/Kit/DungeonKit/dungeon/Models/fantasyKit_ext/pillar-small.fbx
  artifactKey: Guid(58a68cba3ff76e24cb876651abb3acd6) Importer(815301076,1909f56bfc062723c751e8b465ee728b)
Start importing Assets/Kit/DungeonKit/dungeon/Models/fantasyKit_ext/pillar-small.fbx using Guid(58a68cba3ff76e24cb876651abb3acd6) Importer(815301076,1909f56bfc062723c751e8b465ee728b) (PreviewImporter) -> (artifact id: '1b35ddb96647666b0dc80dcf859412f0') in 0.0628502 seconds
Number of updated asset objects reloaded before import = 0Number of asset objects unloaded after import = 9

========================================================================
Received Import Request.
  Time since last request: 0.000028 seconds.
  path: Assets/Kit/DungeonKit/dungeon/Models/fantasyKit_ext/pine.fbx
  artifactKey: Guid(82717b963fc13204b9e226abefdb1cfe) Importer(815301076,1909f56bfc062723c751e8b465ee728b)
Start importing Assets/Kit/DungeonKit/dungeon/Models/fantasyKit_ext/pine.fbx using Guid(82717b963fc13204b9e226abefdb1cfe) Importer(815301076,1909f56bfc062723c751e8b465ee728b) (PreviewImporter) -> (artifact id: '43eb5c7b94926fae728d760c27f5fbc5') in 0.1899248 seconds
Number of updated asset objects reloaded before import = 0Number of asset objects unloaded after import = 9

========================================================================
Received Import Request.
  Time since last request: 0.000047 seconds.
  path: Assets/Kit/DungeonKit/dungeon/Models/fantasyKit_ext/shovel.fbx
  artifactKey: Guid(5f56643213c1c4544a3b5f53e23f735d) Importer(815301076,1909f56bfc062723c751e8b465ee728b)
Start importing Assets/Kit/DungeonKit/dungeon/Models/fantasyKit_ext/shovel.fbx using Guid(5f56643213c1c4544a3b5f53e23f735d) Importer(815301076,1909f56bfc062723c751e8b465ee728b) (PreviewImporter) -> (artifact id: '0cac1b9aed907d4dbf478907f86f7f40') in 0.1689902 seconds
Number of updated asset objects reloaded before import = 0Number of asset objects unloaded after import = 9

========================================================================
Received Import Request.
  Time since last request: 0.000065 seconds.
  path: Assets/Kit/DungeonKit/dungeon/Models/fantasyKit_ext/pillar-obelisk.fbx
  artifactKey: Guid(84784e317f0fbce45aeb8ecf7eed1869) Importer(815301076,1909f56bfc062723c751e8b465ee728b)
Start importing Assets/Kit/DungeonKit/dungeon/Models/fantasyKit_ext/pillar-obelisk.fbx using Guid(84784e317f0fbce45aeb8ecf7eed1869) Importer(815301076,1909f56bfc062723c751e8b465ee728b) (PreviewImporter) -> (artifact id: '6ba692b29fb3fb2ca07c098d0d2f6616') in 0.1928527 seconds
Number of updated asset objects reloaded before import = 0Number of asset objects unloaded after import = 9

========================================================================
Received Import Request.
  Time since last request: 0.000098 seconds.
  path: Assets/Kit/DungeonKit/dungeon/Models/fantasyKit_ext/cross-column.fbx
  artifactKey: Guid(d6cc7bbc47d58864998af4d8ae82ddc9) Importer(815301076,1909f56bfc062723c751e8b465ee728b)
Start importing Assets/Kit/DungeonKit/dungeon/Models/fantasyKit_ext/cross-column.fbx using Guid(d6cc7bbc47d58864998af4d8ae82ddc9) Importer(815301076,1909f56bfc062723c751e8b465ee728b) (PreviewImporter) -> (artifact id: 'a1195f6b7e43e8b1cad7327061025ec6') in 0.3023151 seconds
Number of updated asset objects reloaded before import = 0Number of asset objects unloaded after import = 9

========================================================================
Received Import Request.
  Time since last request: 0.000084 seconds.
  path: Assets/Kit/DungeonKit/dungeon/Models/fantasyKit_ext/crypt-large-roof.fbx
  artifactKey: Guid(0ff56e93dc9f25748be816be40cd66e6) Importer(815301076,1909f56bfc062723c751e8b465ee728b)
Start importing Assets/Kit/DungeonKit/dungeon/Models/fantasyKit_ext/crypt-large-roof.fbx using Guid(0ff56e93dc9f25748be816be40cd66e6) Importer(815301076,1909f56bfc062723c751e8b465ee728b) (PreviewImporter) -> (artifact id: '0dc37d6a24868a0a4d69eb73d3f1313b') in 0.2836864 seconds
Number of updated asset objects reloaded before import = 0Number of asset objects unloaded after import = 9

========================================================================
Received Import Request.
  Time since last request: 0.000048 seconds.
  path: Assets/Kit/DungeonKit/dungeon/Models/fantasyKit_ext/pumpkin.fbx
  artifactKey: Guid(90e5e27b2ead4ee4c89c897b5d261745) Importer(815301076,1909f56bfc062723c751e8b465ee728b)
Start importing Assets/Kit/DungeonKit/dungeon/Models/fantasyKit_ext/pumpkin.fbx using Guid(90e5e27b2ead4ee4c89c897b5d261745) Importer(815301076,1909f56bfc062723c751e8b465ee728b) (PreviewImporter) -> (artifact id: 'e7fcaef3fac418d0754fbb8166d57195') in 0.2176979 seconds
Number of updated asset objects reloaded before import = 0Number of asset objects unloaded after import = 9

========================================================================
Received Import Request.
  Time since last request: 0.000055 seconds.
  path: Assets/Kit/DungeonKit/dungeon/Models/fantasyKit_ext/fire-basket.fbx
  artifactKey: Guid(72982752845ad5641ab18e4c1b4167f8) Importer(815301076,1909f56bfc062723c751e8b465ee728b)
Start importing Assets/Kit/DungeonKit/dungeon/Models/fantasyKit_ext/fire-basket.fbx using Guid(72982752845ad5641ab18e4c1b4167f8) Importer(815301076,1909f56bfc062723c751e8b465ee728b) (PreviewImporter) -> (artifact id: 'e601b19d3221e6e903d1c4f6ca10e120') in 0.348615 seconds
Number of updated asset objects reloaded before import = 0Number of asset objects unloaded after import = 9

========================================================================
Received Import Request.
  Time since last request: 0.000045 seconds.
  path: Assets/Kit/DungeonKit/dungeon/Models/fantasyKit_ext/stone-wall-damaged.fbx
  artifactKey: Guid(cfe3b8598c563c24a9e8ccb076d7ccb7) Importer(815301076,1909f56bfc062723c751e8b465ee728b)
Start importing Assets/Kit/DungeonKit/dungeon/Models/fantasyKit_ext/stone-wall-damaged.fbx using Guid(cfe3b8598c563c24a9e8ccb076d7ccb7) Importer(815301076,1909f56bfc062723c751e8b465ee728b) (PreviewImporter) -> (artifact id: 'af23444e04e36a686e071b9c84cf2199') in 0.1116558 seconds
Number of updated asset objects reloaded before import = 0Number of asset objects unloaded after import = 9

========================================================================
Received Import Request.
  Time since last request: 13.082023 seconds.
  path: Assets/Kit/DungeonKit/dungeon/Models/fantasyKit_ext/border-pillar.fbx
  artifactKey: Guid(005904fa00dcf0f4c8eddae46e6e1075) Importer(815301076,1909f56bfc062723c751e8b465ee728b)
Start importing Assets/Kit/DungeonKit/dungeon/Models/fantasyKit_ext/border-pillar.fbx using Guid(005904fa00dcf0f4c8eddae46e6e1075) Importer(815301076,1909f56bfc062723c751e8b465ee728b) (PreviewImporter) -> (artifact id: '1e4faa4f2c18122b1f752b9e23cac643') in 0.158434 seconds
Number of updated asset objects reloaded before import = 0Number of asset objects unloaded after import = 9

========================================================================
Received Import Request.
  Time since last request: 0.000039 seconds.
  path: Assets/Kit/DungeonKit/dungeon/Models/fantasyKit_ext/crypt-a.fbx
  artifactKey: Guid(fbb0775c9ad464b4ab5d480689abed90) Importer(815301076,1909f56bfc062723c751e8b465ee728b)
Start importing Assets/Kit/DungeonKit/dungeon/Models/fantasyKit_ext/crypt-a.fbx using Guid(fbb0775c9ad464b4ab5d480689abed90) Importer(815301076,1909f56bfc062723c751e8b465ee728b) (PreviewImporter) -> (artifact id: 'bee40fe1f858eda5c267f10b1fa2dc60') in 0.0535325 seconds
Number of updated asset objects reloaded before import = 0Number of asset objects unloaded after import = 9

========================================================================
Received Import Request.
  Time since last request: 0.000043 seconds.
  path: Assets/Kit/DungeonKit/dungeon/Models/fantasyKit_ext/detail-bowl.fbx
  artifactKey: Guid(9ef7822100530ad45b1fe0aeabafaa90) Importer(815301076,1909f56bfc062723c751e8b465ee728b)
Start importing Assets/Kit/DungeonKit/dungeon/Models/fantasyKit_ext/detail-bowl.fbx using Guid(9ef7822100530ad45b1fe0aeabafaa90) Importer(815301076,1909f56bfc062723c751e8b465ee728b) (PreviewImporter) -> (artifact id: 'd6160417dfc1e80bb1746428453c314d') in 0.0963131 seconds
Number of updated asset objects reloaded before import = 0Number of asset objects unloaded after import = 9

========================================================================
Received Import Request.
  Time since last request: 0.000039 seconds.
  path: Assets/Kit/DungeonKit/dungeon/Models/fantasyKit_ext/character-vampire.fbx
  artifactKey: Guid(750a864699f92f24aa86aca62050dda4) Importer(815301076,1909f56bfc062723c751e8b465ee728b)
Start importing Assets/Kit/DungeonKit/dungeon/Models/fantasyKit_ext/character-vampire.fbx using Guid(750a864699f92f24aa86aca62050dda4) Importer(815301076,1909f56bfc062723c751e8b465ee728b) (PreviewImporter) -> (artifact id: '98607cbc0576f528229d79461a2bcc89') in 0.2938742 seconds
Number of updated asset objects reloaded before import = 0Number of asset objects unloaded after import = 70

========================================================================
Received Import Request.
  Time since last request: 0.000046 seconds.
  path: Assets/Kit/DungeonKit/dungeon/Models/fantasyKit_ext/brick-wall-curve.fbx
  artifactKey: Guid(35bbdd97768348f4889e51bb18655904) Importer(815301076,1909f56bfc062723c751e8b465ee728b)
Start importing Assets/Kit/DungeonKit/dungeon/Models/fantasyKit_ext/brick-wall-curve.fbx using Guid(35bbdd97768348f4889e51bb18655904) Importer(815301076,1909f56bfc062723c751e8b465ee728b) (PreviewImporter) -> (artifact id: 'a608f983f1713d3c210c3b2818ad304a') in 0.0715961 seconds
Number of updated asset objects reloaded before import = 0Number of asset objects unloaded after import = 9

========================================================================
Received Import Request.
  Time since last request: 0.000125 seconds.
  path: Assets/Kit/DungeonKit/dungeon/Models/fantasyKit_ext/crypt-b.fbx
  artifactKey: Guid(fe7b2a8d30f066846883b36110b9f1c1) Importer(815301076,1909f56bfc062723c751e8b465ee728b)
Start importing Assets/Kit/DungeonKit/dungeon/Models/fantasyKit_ext/crypt-b.fbx using Guid(fe7b2a8d30f066846883b36110b9f1c1) Importer(815301076,1909f56bfc062723c751e8b465ee728b) (PreviewImporter) -> (artifact id: '4da6eb14a2be12f92cd0195b9a56e5d7') in 0.1241509 seconds
Number of updated asset objects reloaded before import = 0Number of asset objects unloaded after import = 9

========================================================================
Received Import Request.
  Time since last request: 0.000039 seconds.
  path: Assets/Kit/DungeonKit/dungeon/Models/fantasyKit_ext/character-skeleton.fbx
  artifactKey: Guid(2939bcfd3af555f4b90e18c0eacd06ab) Importer(815301076,1909f56bfc062723c751e8b465ee728b)
Start importing Assets/Kit/DungeonKit/dungeon/Models/fantasyKit_ext/character-skeleton.fbx using Guid(2939bcfd3af555f4b90e18c0eacd06ab) Importer(815301076,1909f56bfc062723c751e8b465ee728b) (PreviewImporter) -> (artifact id: '92cd04625d9986015142701b0e7f3fd6') in 0.36581 seconds
Number of updated asset objects reloaded before import = 0Number of asset objects unloaded after import = 70

========================================================================
Received Import Request.
  Time since last request: 227.882414 seconds.
  path: Assets/Kit/Enviroment/enviroment tower defense/Sample.png
  artifactKey: Guid(da6d95610a5fd624fbc9c2350b0a6709) Importer(815301076,1909f56bfc062723c751e8b465ee728b)
Start importing Assets/Kit/Enviroment/enviroment tower defense/Sample.png using Guid(da6d95610a5fd624fbc9c2350b0a6709) Importer(815301076,1909f56bfc062723c751e8b465ee728b) (PreviewImporter) -> (artifact id: 'd8cecb1da016707e76b343eb6fe60f2d') in 0.0226842 seconds
Number of updated asset objects reloaded before import = 0Number of asset objects unloaded after import = 2

========================================================================
Received Import Request.
  Time since last request: 23.357809 seconds.
  path: Assets/Kit/Enviroment/Eviroment hexa/KayKit_Medieval_Hexagon_Pack_1.0_FREE/contents_nature.jpg
  artifactKey: Guid(8fa6c73f6d05d364cbf7e010dabcf895) Importer(815301076,1909f56bfc062723c751e8b465ee728b)
Start importing Assets/Kit/Enviroment/Eviroment hexa/KayKit_Medieval_Hexagon_Pack_1.0_FREE/contents_nature.jpg using Guid(8fa6c73f6d05d364cbf7e010dabcf895) Importer(815301076,1909f56bfc062723c751e8b465ee728b) (PreviewImporter) -> (artifact id: 'bcdb7f9bc726ddc9d990b5eeb681bab8') in 0.0202866 seconds
Number of updated asset objects reloaded before import = 0Number of asset objects unloaded after import = 2

========================================================================
Received Import Request.
  Time since last request: 44.450532 seconds.
  path: Assets/Kit/Enviroment/Eviroment hexa/kenny_hexagon/Preview (Variation B).png
  artifactKey: Guid(cd24314269b6eb247acbc6c3c29033b0) Importer(815301076,1909f56bfc062723c751e8b465ee728b)
Start importing Assets/Kit/Enviroment/Eviroment hexa/kenny_hexagon/Preview (Variation B).png using Guid(cd24314269b6eb247acbc6c3c29033b0) Importer(815301076,1909f56bfc062723c751e8b465ee728b) (PreviewImporter) -> (artifact id: '341f52083a307c1fda0b24b98db98b0c') in 0.0236785 seconds
Number of updated asset objects reloaded before import = 0Number of asset objects unloaded after import = 2

========================================================================
Received Import Request.
  Time since last request: 0.000025 seconds.
  path: Assets/Kit/Enviroment/Eviroment hexa/kenny_hexagon/Sample.png
  artifactKey: Guid(a179cfc4f078b184f8ef8bb0a5e07f81) Importer(815301076,1909f56bfc062723c751e8b465ee728b)
Start importing Assets/Kit/Enviroment/Eviroment hexa/kenny_hexagon/Sample.png using Guid(a179cfc4f078b184f8ef8bb0a5e07f81) Importer(815301076,1909f56bfc062723c751e8b465ee728b) (PreviewImporter) -> (artifact id: '5a220fa5a68e80c776ce7a6c5d17e8e5') in 0.0169504 seconds
Number of updated asset objects reloaded before import = 0Number of asset objects unloaded after import = 2

========================================================================
Received Import Request.
  Time since last request: 98.769626 seconds.
  path: Assets/Kit/Enviroment/Eviroment hexa/KayKit_Medieval_Hexagon_Pack_1.0_FREE/Samples/sample2.jpg
  artifactKey: Guid(661703e64281c3843b30ff6b54755925) Importer(815301076,1909f56bfc062723c751e8b465ee728b)
Start importing Assets/Kit/Enviroment/Eviroment hexa/KayKit_Medieval_Hexagon_Pack_1.0_FREE/Samples/sample2.jpg using Guid(661703e64281c3843b30ff6b54755925) Importer(815301076,1909f56bfc062723c751e8b465ee728b) (PreviewImporter) -> (artifact id: '1e3c68f3ae22b8a3532f08f2d0982d9f') in 0.025337 seconds
Number of updated asset objects reloaded before import = 0Number of asset objects unloaded after import = 2

========================================================================
Received Import Request.
  Time since last request: 62.077996 seconds.
  path: Assets/Kit/Enviroment/Eviroment hexa/KayKit_Medieval_Hexagon_Pack_1.0_FREE/Assets/decoration/nature/cloud_small.fbx
  artifactKey: Guid(1b9f213cc8918154b9b3f9872feaee0f) Importer(815301076,1909f56bfc062723c751e8b465ee728b)
Start importing Assets/Kit/Enviroment/Eviroment hexa/KayKit_Medieval_Hexagon_Pack_1.0_FREE/Assets/decoration/nature/cloud_small.fbx using Guid(1b9f213cc8918154b9b3f9872feaee0f) Importer(815301076,1909f56bfc062723c751e8b465ee728b) (PreviewImporter) -> (artifact id: 'e5be283f08f4238bccab6b481a934d8f') in 0.0522199 seconds
Number of updated asset objects reloaded before import = 0Number of asset objects unloaded after import = 9

========================================================================
Received Import Request.
  Time since last request: 0.000048 seconds.
  path: Assets/Kit/Enviroment/Eviroment hexa/KayKit_Medieval_Hexagon_Pack_1.0_FREE/Assets/decoration/nature/tree_single_B.fbx
  artifactKey: Guid(cdb6d85ac5089de4abe4c4af849f9056) Importer(815301076,1909f56bfc062723c751e8b465ee728b)
Start importing Assets/Kit/Enviroment/Eviroment hexa/KayKit_Medieval_Hexagon_Pack_1.0_FREE/Assets/decoration/nature/tree_single_B.fbx using Guid(cdb6d85ac5089de4abe4c4af849f9056) Importer(815301076,1909f56bfc062723c751e8b465ee728b) (PreviewImporter) -> (artifact id: '10bd7e4237fa333949851cce012a0a5a') in 0.051642 seconds
Number of updated asset objects reloaded before import = 0Number of asset objects unloaded after import = 9

========================================================================
Received Import Request.
  Time since last request: 0.000051 seconds.
  path: Assets/Kit/Enviroment/Eviroment hexa/KayKit_Medieval_Hexagon_Pack_1.0_FREE/Assets/decoration/nature/mountain_C.fbx
  artifactKey: Guid(a5b4dc15417419840a6a5785bf1f5fc9) Importer(815301076,1909f56bfc062723c751e8b465ee728b)
Start importing Assets/Kit/Enviroment/Eviroment hexa/KayKit_Medieval_Hexagon_Pack_1.0_FREE/Assets/decoration/nature/mountain_C.fbx using Guid(a5b4dc15417419840a6a5785bf1f5fc9) Importer(815301076,1909f56bfc062723c751e8b465ee728b) (PreviewImporter) -> (artifact id: 'c451443853bedb6f92d4a40a0886fec5') in 0.085026 seconds
Number of updated asset objects reloaded before import = 0Number of asset objects unloaded after import = 9

========================================================================
Received Import Request.
  Time since last request: 0.000064 seconds.
  path: Assets/Kit/Enviroment/Eviroment hexa/KayKit_Medieval_Hexagon_Pack_1.0_FREE/Assets/decoration/nature/hill_single_B.fbx
  artifactKey: Guid(7e2cb76d107006c44b5dc4ca5394bf35) Importer(815301076,1909f56bfc062723c751e8b465ee728b)
Start importing Assets/Kit/Enviroment/Eviroment hexa/KayKit_Medieval_Hexagon_Pack_1.0_FREE/Assets/decoration/nature/hill_single_B.fbx using Guid(7e2cb76d107006c44b5dc4ca5394bf35) Importer(815301076,1909f56bfc062723c751e8b465ee728b) (PreviewImporter) -> (artifact id: '780b8db1fba871f4173873a0b06815d4') in 0.0838445 seconds
Number of updated asset objects reloaded before import = 0Number of asset objects unloaded after import = 9

========================================================================
Received Import Request.
  Time since last request: 0.000038 seconds.
  path: Assets/Kit/Enviroment/Eviroment hexa/KayKit_Medieval_Hexagon_Pack_1.0_FREE/Assets/decoration/nature/rock_single_C.fbx
  artifactKey: Guid(e80fd1df2013c7c419438471aa7b7357) Importer(815301076,1909f56bfc062723c751e8b465ee728b)
Start importing Assets/Kit/Enviroment/Eviroment hexa/KayKit_Medieval_Hexagon_Pack_1.0_FREE/Assets/decoration/nature/rock_single_C.fbx using Guid(e80fd1df2013c7c419438471aa7b7357) Importer(815301076,1909f56bfc062723c751e8b465ee728b) (PreviewImporter) -> (artifact id: 'a7c959e6429de464fc9c3a3f3154e4eb') in 0.0838512 seconds
Number of updated asset objects reloaded before import = 0Number of asset objects unloaded after import = 9

========================================================================
Received Import Request.
  Time since last request: 0.000040 seconds.
  path: Assets/Kit/Enviroment/Eviroment hexa/KayKit_Medieval_Hexagon_Pack_1.0_FREE/Assets/decoration/nature/mountain_A_grass.fbx
  artifactKey: Guid(b1086389e56348744a96aae5ceba7954) Importer(815301076,1909f56bfc062723c751e8b465ee728b)
Start importing Assets/Kit/Enviroment/Eviroment hexa/KayKit_Medieval_Hexagon_Pack_1.0_FREE/Assets/decoration/nature/mountain_A_grass.fbx using Guid(b1086389e56348744a96aae5ceba7954) Importer(815301076,1909f56bfc062723c751e8b465ee728b) (PreviewImporter) -> (artifact id: 'db4593f7db464307316e00b2d7904f41') in 0.0974371 seconds
Number of updated asset objects reloaded before import = 0Number of asset objects unloaded after import = 9

========================================================================
Received Import Request.
  Time since last request: 0.000053 seconds.
  path: Assets/Kit/Enviroment/Eviroment hexa/KayKit_Medieval_Hexagon_Pack_1.0_FREE/Assets/decoration/nature/mountain_B_grass.fbx
  artifactKey: Guid(cb7f28d0a6ea7a34b9f55b32c7f4a0e1) Importer(815301076,1909f56bfc062723c751e8b465ee728b)
Start importing Assets/Kit/Enviroment/Eviroment hexa/KayKit_Medieval_Hexagon_Pack_1.0_FREE/Assets/decoration/nature/mountain_B_grass.fbx using Guid(cb7f28d0a6ea7a34b9f55b32c7f4a0e1) Importer(815301076,1909f56bfc062723c751e8b465ee728b) (PreviewImporter) -> (artifact id: 'ab808a5c974f049c4bb5bd3134b8ea5c') in 0.1825816 seconds
Number of updated asset objects reloaded before import = 0Number of asset objects unloaded after import = 9

========================================================================
Received Import Request.
  Time since last request: 0.000073 seconds.
  path: Assets/Kit/Enviroment/Eviroment hexa/KayKit_Medieval_Hexagon_Pack_1.0_FREE/Assets/decoration/nature/rock_single_E.fbx
  artifactKey: Guid(8cf52d58d5f0982458e091f36cdc6c8b) Importer(815301076,1909f56bfc062723c751e8b465ee728b)
Start importing Assets/Kit/Enviroment/Eviroment hexa/KayKit_Medieval_Hexagon_Pack_1.0_FREE/Assets/decoration/nature/rock_single_E.fbx using Guid(8cf52d58d5f0982458e091f36cdc6c8b) Importer(815301076,1909f56bfc062723c751e8b465ee728b) (PreviewImporter) -> (artifact id: '6d881c91c2a04ff217dd24c137742e52') in 0.1043833 seconds
Number of updated asset objects reloaded before import = 0Number of asset objects unloaded after import = 9

========================================================================
Received Import Request.
  Time since last request: 0.000116 seconds.
  path: Assets/Kit/Enviroment/Eviroment hexa/KayKit_Medieval_Hexagon_Pack_1.0_FREE/Assets/decoration/nature/mountain_C_grass_trees.fbx
  artifactKey: Guid(efb34053deaa7fc49812f4f71ec335c5) Importer(815301076,1909f56bfc062723c751e8b465ee728b)
Start importing Assets/Kit/Enviroment/Eviroment hexa/KayKit_Medieval_Hexagon_Pack_1.0_FREE/Assets/decoration/nature/mountain_C_grass_trees.fbx using Guid(efb34053deaa7fc49812f4f71ec335c5) Importer(815301076,1909f56bfc062723c751e8b465ee728b) (PreviewImporter) -> (artifact id: 'ce78f572a6e175bdd944fc6f50b3c98c') in 0.1870214 seconds
Number of updated asset objects reloaded before import = 0Number of asset objects unloaded after import = 9

========================================================================
Received Import Request.
  Time since last request: 0.000075 seconds.
  path: Assets/Kit/Enviroment/Eviroment hexa/KayKit_Medieval_Hexagon_Pack_1.0_FREE/Assets/decoration/nature/trees_A_cut.fbx
  artifactKey: Guid(88f490bbe20f9914bbae3c7cfc096164) Importer(815301076,1909f56bfc062723c751e8b465ee728b)
Start importing Assets/Kit/Enviroment/Eviroment hexa/KayKit_Medieval_Hexagon_Pack_1.0_FREE/Assets/decoration/nature/trees_A_cut.fbx using Guid(88f490bbe20f9914bbae3c7cfc096164) Importer(815301076,1909f56bfc062723c751e8b465ee728b) (PreviewImporter) -> (artifact id: '888a101edea1a9fdd881959f46aefc5b') in 0.0935826 seconds
Number of updated asset objects reloaded before import = 0Number of asset objects unloaded after import = 9

========================================================================
Received Import Request.
  Time since last request: 0.000090 seconds.
  path: Assets/Kit/Enviroment/Eviroment hexa/KayKit_Medieval_Hexagon_Pack_1.0_FREE/Assets/decoration/nature/mountain_B_grass_trees.fbx
  artifactKey: Guid(8a5b996ade2503f46b801bdf11b82916) Importer(815301076,1909f56bfc062723c751e8b465ee728b)
Start importing Assets/Kit/Enviroment/Eviroment hexa/KayKit_Medieval_Hexagon_Pack_1.0_FREE/Assets/decoration/nature/mountain_B_grass_trees.fbx using Guid(8a5b996ade2503f46b801bdf11b82916) Importer(815301076,1909f56bfc062723c751e8b465ee728b) (PreviewImporter) -> (artifact id: '646576660949d2dd73a74923718ed03c') in 0.0698333 seconds
Number of updated asset objects reloaded before import = 0Number of asset objects unloaded after import = 9

========================================================================
Received Import Request.
  Time since last request: 0.000037 seconds.
  path: Assets/Kit/Enviroment/Eviroment hexa/KayKit_Medieval_Hexagon_Pack_1.0_FREE/Assets/decoration/nature/waterplant_B.fbx
  artifactKey: Guid(3986ec438542f494dbc86941118a5b70) Importer(815301076,1909f56bfc062723c751e8b465ee728b)
Start importing Assets/Kit/Enviroment/Eviroment hexa/KayKit_Medieval_Hexagon_Pack_1.0_FREE/Assets/decoration/nature/waterplant_B.fbx using Guid(3986ec438542f494dbc86941118a5b70) Importer(815301076,1909f56bfc062723c751e8b465ee728b) (PreviewImporter) -> (artifact id: '20993941915e06bab34d001373684548') in 0.0627522 seconds
Number of updated asset objects reloaded before import = 0Number of asset objects unloaded after import = 9

========================================================================
Received Import Request.
  Time since last request: 0.000036 seconds.
  path: Assets/Kit/Enviroment/Eviroment hexa/KayKit_Medieval_Hexagon_Pack_1.0_FREE/Assets/decoration/nature/waterplant_A.fbx
  artifactKey: Guid(56a87b05fac90b3498c41a7f600db8c2) Importer(815301076,1909f56bfc062723c751e8b465ee728b)
Start importing Assets/Kit/Enviroment/Eviroment hexa/KayKit_Medieval_Hexagon_Pack_1.0_FREE/Assets/decoration/nature/waterplant_A.fbx using Guid(56a87b05fac90b3498c41a7f600db8c2) Importer(815301076,1909f56bfc062723c751e8b465ee728b) (PreviewImporter) -> (artifact id: '131a2efe81279a250987103068d29d8f') in 0.061806 seconds
Number of updated asset objects reloaded before import = 0Number of asset objects unloaded after import = 9

========================================================================
Received Import Request.
  Time since last request: 0.000055 seconds.
  path: Assets/Kit/Enviroment/Eviroment hexa/KayKit_Medieval_Hexagon_Pack_1.0_FREE/Assets/decoration/nature/trees_B_small.fbx
  artifactKey: Guid(c4f9bbf7ae1aeab4db6a2db031c89aa5) Importer(815301076,1909f56bfc062723c751e8b465ee728b)
Start importing Assets/Kit/Enviroment/Eviroment hexa/KayKit_Medieval_Hexagon_Pack_1.0_FREE/Assets/decoration/nature/trees_B_small.fbx using Guid(c4f9bbf7ae1aeab4db6a2db031c89aa5) Importer(815301076,1909f56bfc062723c751e8b465ee728b) (PreviewImporter) -> (artifact id: '7e016e3e1562422ca953f6860b1ae4a1') in 0.0601624 seconds
Number of updated asset objects reloaded before import = 0Number of asset objects unloaded after import = 9

========================================================================
Received Import Request.
  Time since last request: 0.000035 seconds.
  path: Assets/Kit/Enviroment/Eviroment hexa/KayKit_Medieval_Hexagon_Pack_1.0_FREE/Assets/decoration/nature/mountain_A.fbx
  artifactKey: Guid(837f3c7767b3fce4aa21a79c7e78fcfb) Importer(815301076,1909f56bfc062723c751e8b465ee728b)
Start importing Assets/Kit/Enviroment/Eviroment hexa/KayKit_Medieval_Hexagon_Pack_1.0_FREE/Assets/decoration/nature/mountain_A.fbx using Guid(837f3c7767b3fce4aa21a79c7e78fcfb) Importer(815301076,1909f56bfc062723c751e8b465ee728b) (PreviewImporter) -> (artifact id: 'c707703dedf9efafdcd07bc8229f16a3') in 0.0596109 seconds
Number of updated asset objects reloaded before import = 0Number of asset objects unloaded after import = 9

========================================================================
Received Import Request.
  Time since last request: 0.000052 seconds.
  path: Assets/Kit/Enviroment/Eviroment hexa/KayKit_Medieval_Hexagon_Pack_1.0_FREE/Assets/decoration/nature/tree_single_A.fbx
  artifactKey: Guid(f4547a99416edac4d8de018f2f5a0ff5) Importer(815301076,1909f56bfc062723c751e8b465ee728b)
Start importing Assets/Kit/Enviroment/Eviroment hexa/KayKit_Medieval_Hexagon_Pack_1.0_FREE/Assets/decoration/nature/tree_single_A.fbx using Guid(f4547a99416edac4d8de018f2f5a0ff5) Importer(815301076,1909f56bfc062723c751e8b465ee728b) (PreviewImporter) -> (artifact id: 'dab57b58739b5691c96401b0c4c8aa71') in 0.058637 seconds
Number of updated asset objects reloaded before import = 0Number of asset objects unloaded after import = 9

========================================================================
Received Import Request.
  Time since last request: 0.000066 seconds.
  path: Assets/Kit/Enviroment/Eviroment hexa/KayKit_Medieval_Hexagon_Pack_1.0_FREE/Assets/decoration/nature/trees_A_large.fbx
  artifactKey: Guid(e1072b84423c0074da2df1580a92031d) Importer(815301076,1909f56bfc062723c751e8b465ee728b)
Start importing Assets/Kit/Enviroment/Eviroment hexa/KayKit_Medieval_Hexagon_Pack_1.0_FREE/Assets/decoration/nature/trees_A_large.fbx using Guid(e1072b84423c0074da2df1580a92031d) Importer(815301076,1909f56bfc062723c751e8b465ee728b) (PreviewImporter) -> (artifact id: '82459038615defba1d84e1fe2e6bd6b8') in 0.0668308 seconds
Number of updated asset objects reloaded before import = 0Number of asset objects unloaded after import = 9

========================================================================
Received Import Request.
  Time since last request: 0.000036 seconds.
  path: Assets/Kit/Enviroment/Eviroment hexa/KayKit_Medieval_Hexagon_Pack_1.0_FREE/Assets/decoration/nature/hills_C_trees.fbx
  artifactKey: Guid(ce17d2ea3f8c5db4a90032f6de05a6b8) Importer(815301076,1909f56bfc062723c751e8b465ee728b)
Start importing Assets/Kit/Enviroment/Eviroment hexa/KayKit_Medieval_Hexagon_Pack_1.0_FREE/Assets/decoration/nature/hills_C_trees.fbx using Guid(ce17d2ea3f8c5db4a90032f6de05a6b8) Importer(815301076,1909f56bfc062723c751e8b465ee728b) (PreviewImporter) -> (artifact id: 'dbc7879ad597070bc8aafff78245e725') in 0.0524985 seconds
Number of updated asset objects reloaded before import = 0Number of asset objects unloaded after import = 9

========================================================================
Received Import Request.
  Time since last request: 0.000032 seconds.
  path: Assets/Kit/Enviroment/Eviroment hexa/KayKit_Medieval_Hexagon_Pack_1.0_FREE/Assets/decoration/nature/hexagons_medieval.png
  artifactKey: Guid(0e00148169c233344b4035dbdaa448a4) Importer(815301076,1909f56bfc062723c751e8b465ee728b)
Start importing Assets/Kit/Enviroment/Eviroment hexa/KayKit_Medieval_Hexagon_Pack_1.0_FREE/Assets/decoration/nature/hexagons_medieval.png using Guid(0e00148169c233344b4035dbdaa448a4) Importer(815301076,1909f56bfc062723c751e8b465ee728b) (PreviewImporter) -> (artifact id: '03bdb9db28749d90f4d99d767b4f5936') in 0.0303327 seconds
Number of updated asset objects reloaded before import = 0Number of asset objects unloaded after import = 2

========================================================================
Received Import Request.
  Time since last request: 0.000052 seconds.
  path: Assets/Kit/Enviroment/Eviroment hexa/KayKit_Medieval_Hexagon_Pack_1.0_FREE/Assets/decoration/nature/mountain_C_grass.fbx
  artifactKey: Guid(d93761be09f30c34fb4789ad132d1c82) Importer(815301076,1909f56bfc062723c751e8b465ee728b)
Start importing Assets/Kit/Enviroment/Eviroment hexa/KayKit_Medieval_Hexagon_Pack_1.0_FREE/Assets/decoration/nature/mountain_C_grass.fbx using Guid(d93761be09f30c34fb4789ad132d1c82) Importer(815301076,1909f56bfc062723c751e8b465ee728b) (PreviewImporter) -> (artifact id: 'c3b62eb30e555e27b910bad103e6a272') in 0.055413 seconds
Number of updated asset objects reloaded before import = 0Number of asset objects unloaded after import = 9

========================================================================
Received Import Request.
  Time since last request: 0.000042 seconds.
  path: Assets/Kit/Enviroment/Eviroment hexa/KayKit_Medieval_Hexagon_Pack_1.0_FREE/Assets/decoration/nature/hills_A.fbx
  artifactKey: Guid(13431bfd6cb891146a4da0ed1bd70dfb) Importer(815301076,1909f56bfc062723c751e8b465ee728b)
Start importing Assets/Kit/Enviroment/Eviroment hexa/KayKit_Medieval_Hexagon_Pack_1.0_FREE/Assets/decoration/nature/hills_A.fbx using Guid(13431bfd6cb891146a4da0ed1bd70dfb) Importer(815301076,1909f56bfc062723c751e8b465ee728b) (PreviewImporter) -> (artifact id: '857a6b8ca5fb447b3ca86c6fa659a471') in 0.0493149 seconds
Number of updated asset objects reloaded before import = 0Number of asset objects unloaded after import = 9

========================================================================
Received Import Request.
  Time since last request: 17.208942 seconds.
  path: Assets/Kit/Enviroment/Eviroment hexa/KayKit_Medieval_Hexagon_Pack_1.0_FREE/Assets/tiles/base/hex_water.fbx
  artifactKey: Guid(d5ea0097b1971414b8ee62ab9a2046fb) Importer(815301076,1909f56bfc062723c751e8b465ee728b)
Start importing Assets/Kit/Enviroment/Eviroment hexa/KayKit_Medieval_Hexagon_Pack_1.0_FREE/Assets/tiles/base/hex_water.fbx using Guid(d5ea0097b1971414b8ee62ab9a2046fb) Importer(815301076,1909f56bfc062723c751e8b465ee728b) (PreviewImporter) -> (artifact id: '0d4b1fffd7d5b66720806948734abe5b') in 0.0802725 seconds
Number of updated asset objects reloaded before import = 0Number of asset objects unloaded after import = 9

========================================================================
Received Import Request.
  Time since last request: 9.563660 seconds.
  path: Assets/Kit/Enviroment/Eviroment hexa/KayKit_Medieval_Hexagon_Pack_1.0_FREE/Assets/decoration/props/crate_A_big.fbx
  artifactKey: Guid(d7567d313957ee843a2c270451f1b71a) Importer(815301076,1909f56bfc062723c751e8b465ee728b)
Start importing Assets/Kit/Enviroment/Eviroment hexa/KayKit_Medieval_Hexagon_Pack_1.0_FREE/Assets/decoration/props/crate_A_big.fbx using Guid(d7567d313957ee843a2c270451f1b71a) Importer(815301076,1909f56bfc062723c751e8b465ee728b) (PreviewImporter) -> (artifact id: 'cfdec565f0d8f27039fe3b1f3ef04038') in 0.1602424 seconds
Number of updated asset objects reloaded before import = 0Number of asset objects unloaded after import = 9

========================================================================
Received Import Request.
  Time since last request: 0.000051 seconds.
  path: Assets/Kit/Enviroment/Eviroment hexa/KayKit_Medieval_Hexagon_Pack_1.0_FREE/Assets/decoration/props/wheelbarrow.fbx
  artifactKey: Guid(57edbe88ea11d5940827ffe2b8bd50c5) Importer(815301076,1909f56bfc062723c751e8b465ee728b)
Start importing Assets/Kit/Enviroment/Eviroment hexa/KayKit_Medieval_Hexagon_Pack_1.0_FREE/Assets/decoration/props/wheelbarrow.fbx using Guid(57edbe88ea11d5940827ffe2b8bd50c5) Importer(815301076,1909f56bfc062723c751e8b465ee728b) (PreviewImporter) -> (artifact id: '5d2e67e2f2833da28f071d9911836a8c') in 0.0650219 seconds
Number of updated asset objects reloaded before import = 0Number of asset objects unloaded after import = 9

========================================================================
Received Import Request.
  Time since last request: 0.000122 seconds.
  path: Assets/Kit/Enviroment/Eviroment hexa/KayKit_Medieval_Hexagon_Pack_1.0_FREE/Assets/decoration/props/sack.fbx
  artifactKey: Guid(998f541044662b343923ed27e5d9b370) Importer(815301076,1909f56bfc062723c751e8b465ee728b)
Start importing Assets/Kit/Enviroment/Eviroment hexa/KayKit_Medieval_Hexagon_Pack_1.0_FREE/Assets/decoration/props/sack.fbx using Guid(998f541044662b343923ed27e5d9b370) Importer(815301076,1909f56bfc062723c751e8b465ee728b) (PreviewImporter) -> (artifact id: '355c003fdb11fb4dd35c79caa68fcc2d') in 0.0887125 seconds
Number of updated asset objects reloaded before import = 0Number of asset objects unloaded after import = 9

========================================================================
Received Import Request.
  Time since last request: 0.000029 seconds.
  path: Assets/Kit/Enviroment/Eviroment hexa/KayKit_Medieval_Hexagon_Pack_1.0_FREE/Assets/decoration/props/tent.fbx
  artifactKey: Guid(b8372f30ba36f3849ba34c8464c7c828) Importer(815301076,1909f56bfc062723c751e8b465ee728b)
Start importing Assets/Kit/Enviroment/Eviroment hexa/KayKit_Medieval_Hexagon_Pack_1.0_FREE/Assets/decoration/props/tent.fbx using Guid(b8372f30ba36f3849ba34c8464c7c828) Importer(815301076,1909f56bfc062723c751e8b465ee728b) (PreviewImporter) -> (artifact id: '385f030ed1f9e394735ea4969087d9d8') in 0.0539179 seconds
Number of updated asset objects reloaded before import = 0Number of asset objects unloaded after import = 9

========================================================================
Received Import Request.
  Time since last request: 0.000095 seconds.
  path: Assets/Kit/Enviroment/Eviroment hexa/KayKit_Medieval_Hexagon_Pack_1.0_FREE/Assets/decoration/props/flag_red.fbx
  artifactKey: Guid(05acbb637b1de4348a1a6c4193577fa0) Importer(815301076,1909f56bfc062723c751e8b465ee728b)
Start importing Assets/Kit/Enviroment/Eviroment hexa/KayKit_Medieval_Hexagon_Pack_1.0_FREE/Assets/decoration/props/flag_red.fbx using Guid(05acbb637b1de4348a1a6c4193577fa0) Importer(815301076,1909f56bfc062723c751e8b465ee728b) (PreviewImporter) -> (artifact id: '3e9315e614f20826c10292a4a0ad1b34') in 0.0752168 seconds
Number of updated asset objects reloaded before import = 0Number of asset objects unloaded after import = 9

========================================================================
Received Import Request.
  Time since last request: 5.081963 seconds.
  path: Assets/Kit/Enviroment/Eviroment hexa/KayKit_Medieval_Hexagon_Pack_1.0_FREE/Assets/tiles/coast/hex_coast_E.fbx
  artifactKey: Guid(6dd62c1e56cb9b74eb56cae27a844a17) Importer(815301076,1909f56bfc062723c751e8b465ee728b)
Start importing Assets/Kit/Enviroment/Eviroment hexa/KayKit_Medieval_Hexagon_Pack_1.0_FREE/Assets/tiles/coast/hex_coast_E.fbx using Guid(6dd62c1e56cb9b74eb56cae27a844a17) Importer(815301076,1909f56bfc062723c751e8b465ee728b) (PreviewImporter) -> (artifact id: '300f7cba0d6c8524f6a0dc2c09fd749f') in 0.1857072 seconds
Number of updated asset objects reloaded before import = 0Number of asset objects unloaded after import = 9

========================================================================
Received Import Request.
  Time since last request: 0.502459 seconds.
  path: Assets/Kit/Enviroment/Eviroment hexa/KayKit_Medieval_Hexagon_Pack_1.0_FREE/Assets/tiles/rivers/hex_river_crossing_A.fbx
  artifactKey: Guid(75cd370c407906745ae1af8233017f51) Importer(815301076,1909f56bfc062723c751e8b465ee728b)
Start importing Assets/Kit/Enviroment/Eviroment hexa/KayKit_Medieval_Hexagon_Pack_1.0_FREE/Assets/tiles/rivers/hex_river_crossing_A.fbx using Guid(75cd370c407906745ae1af8233017f51) Importer(815301076,1909f56bfc062723c751e8b465ee728b) (PreviewImporter) -> (artifact id: '6b211352a2653eb31ca8bc4eedad9ca8') in 0.0640162 seconds
Number of updated asset objects reloaded before import = 0Number of asset objects unloaded after import = 9

========================================================================
Received Import Request.
  Time since last request: 0.000025 seconds.
  path: Assets/Kit/Enviroment/Eviroment hexa/KayKit_Medieval_Hexagon_Pack_1.0_FREE/Assets/tiles/rivers/hex_river_J.fbx
  artifactKey: Guid(41e786a2ccfb13548ae52b959d6ff0d1) Importer(815301076,1909f56bfc062723c751e8b465ee728b)
Start importing Assets/Kit/Enviroment/Eviroment hexa/KayKit_Medieval_Hexagon_Pack_1.0_FREE/Assets/tiles/rivers/hex_river_J.fbx using Guid(41e786a2ccfb13548ae52b959d6ff0d1) Importer(815301076,1909f56bfc062723c751e8b465ee728b) (PreviewImporter) -> (artifact id: 'cd8891d4d40b61169d5cbce7843e0a8a') in 0.0987288 seconds
Number of updated asset objects reloaded before import = 0Number of asset objects unloaded after import = 9

========================================================================
Received Import Request.
  Time since last request: 0.000057 seconds.
  path: Assets/Kit/Enviroment/Eviroment hexa/KayKit_Medieval_Hexagon_Pack_1.0_FREE/Assets/tiles/rivers/hex_river_G.fbx
  artifactKey: Guid(39ec51788c812f74bb4ce6ccf5ee4aa7) Importer(815301076,1909f56bfc062723c751e8b465ee728b)
Start importing Assets/Kit/Enviroment/Eviroment hexa/KayKit_Medieval_Hexagon_Pack_1.0_FREE/Assets/tiles/rivers/hex_river_G.fbx using Guid(39ec51788c812f74bb4ce6ccf5ee4aa7) Importer(815301076,1909f56bfc062723c751e8b465ee728b) (PreviewImporter) -> (artifact id: '8db9c283715a99adcff52d5fc4aef559') in 0.1328492 seconds
Number of updated asset objects reloaded before import = 0Number of asset objects unloaded after import = 9

========================================================================
Received Import Request.
  Time since last request: 0.440076 seconds.
  path: Assets/Kit/Enviroment/Eviroment hexa/KayKit_Medieval_Hexagon_Pack_1.0_FREE/Assets/tiles/roads/hex_road_C.fbx
  artifactKey: Guid(2e06fd0f90313ae41961b840da4f8c2c) Importer(815301076,1909f56bfc062723c751e8b465ee728b)
Start importing Assets/Kit/Enviroment/Eviroment hexa/KayKit_Medieval_Hexagon_Pack_1.0_FREE/Assets/tiles/roads/hex_road_C.fbx using Guid(2e06fd0f90313ae41961b840da4f8c2c) Importer(815301076,1909f56bfc062723c751e8b465ee728b) (PreviewImporter) -> (artifact id: '2635c1d597f47ad4b0429f9cd1f923a0') in 0.0574938 seconds
Number of updated asset objects reloaded before import = 0Number of asset objects unloaded after import = 9

========================================================================
Received Import Request.
  Time since last request: 0.000026 seconds.
  path: Assets/Kit/Enviroment/Eviroment hexa/KayKit_Medieval_Hexagon_Pack_1.0_FREE/Assets/tiles/roads/hex_road_D.fbx
  artifactKey: Guid(8a1dfda765fbea74985d256abba56c66) Importer(815301076,1909f56bfc062723c751e8b465ee728b)
Start importing Assets/Kit/Enviroment/Eviroment hexa/KayKit_Medieval_Hexagon_Pack_1.0_FREE/Assets/tiles/roads/hex_road_D.fbx using Guid(8a1dfda765fbea74985d256abba56c66) Importer(815301076,1909f56bfc062723c751e8b465ee728b) (PreviewImporter) -> (artifact id: '818e897c9f8dfe4fd15e83cbd5febcbb') in 0.2430704 seconds
Number of updated asset objects reloaded before import = 0Number of asset objects unloaded after import = 9

========================================================================
Received Import Request.
  Time since last request: 0.000037 seconds.
  path: Assets/Kit/Enviroment/Eviroment hexa/KayKit_Medieval_Hexagon_Pack_1.0_FREE/Assets/tiles/roads/hex_road_G.fbx
  artifactKey: Guid(530ff21b041252c488ef23d8a6392ec2) Importer(815301076,1909f56bfc062723c751e8b465ee728b)
Start importing Assets/Kit/Enviroment/Eviroment hexa/KayKit_Medieval_Hexagon_Pack_1.0_FREE/Assets/tiles/roads/hex_road_G.fbx using Guid(530ff21b041252c488ef23d8a6392ec2) Importer(815301076,1909f56bfc062723c751e8b465ee728b) (PreviewImporter) -> (artifact id: 'b71572f4e80f986328ff81ee24f42b1f') in 0.1417345 seconds
Number of updated asset objects reloaded before import = 0Number of asset objects unloaded after import = 9

========================================================================
Received Import Request.
  Time since last request: 1.782809 seconds.
  path: Assets/Kit/Enviroment/Eviroment hexa/KayKit_Medieval_Hexagon_Pack_1.0_FREE/Assets/tiles/rivers/waterless/hex_river_crossing_A_waterless.fbx
  artifactKey: Guid(9fecddba4ecd90a44ac0acb0b52d5d0b) Importer(815301076,1909f56bfc062723c751e8b465ee728b)
Start importing Assets/Kit/Enviroment/Eviroment hexa/KayKit_Medieval_Hexagon_Pack_1.0_FREE/Assets/tiles/rivers/waterless/hex_river_crossing_A_waterless.fbx using Guid(9fecddba4ecd90a44ac0acb0b52d5d0b) Importer(815301076,1909f56bfc062723c751e8b465ee728b) (PreviewImporter) -> (artifact id: '6b3559e6695cd839454bef87f169e3a1') in 0.1944433 seconds
Number of updated asset objects reloaded before import = 0Number of asset objects unloaded after import = 9

========================================================================
Received Import Request.
  Time since last request: 0.000038 seconds.
  path: Assets/Kit/Enviroment/Eviroment hexa/KayKit_Medieval_Hexagon_Pack_1.0_FREE/Assets/tiles/rivers/waterless/hex_river_H_waterless.fbx
  artifactKey: Guid(919d974321ecbec4888725d6c6d53168) Importer(815301076,1909f56bfc062723c751e8b465ee728b)
Start importing Assets/Kit/Enviroment/Eviroment hexa/KayKit_Medieval_Hexagon_Pack_1.0_FREE/Assets/tiles/rivers/waterless/hex_river_H_waterless.fbx using Guid(919d974321ecbec4888725d6c6d53168) Importer(815301076,1909f56bfc062723c751e8b465ee728b) (PreviewImporter) -> (artifact id: '10a61a9076dd460c869a3a2b6f91699b') in 0.1417481 seconds
Number of updated asset objects reloaded before import = 0Number of asset objects unloaded after import = 9

Editor requested this worker to shutdown with reason: Scaling down because of idle timeout
AssetImportWorker is now disconnected from the server
Process exiting
Exiting without the bug reporter. Application will terminate with return code 0