Using pre-set license
Built from '6000.0/staging' branch; Version is '6000.0.24f1 (11fa355cd605) revision 1178165'; Using compiler version '193933523'; Build Type 'Release'
OS: 'Windows 11  (10.0.26200) 64bit Core' Language: 'es' Physical Memory: 15917 MB
BatchMode: 1, IsHumanControllingUs: 0, StartBugReporterOnCrash: 0, Is64bit: 1, IsPro: 1

COMMAND LINE ARGUMENTS:
C:\Program Files\Unity 6000.0.24f1\Editor\Unity.exe
-adb2
-batchMode
-noUpm
-name
AssetImportWorker51
-projectPath
C:/Users/Diego/Desktop/Diego/Github/CreadorDeObjetos/My Creator Game
-logFile
Logs/AssetImportWorker51.log
-srvPort
58382
-job-worker-count
10
-background-job-worker-count
8
-asset-garbage-collectors
1
Successfully changed project path to: C:/Users/Diego/Desktop/Diego/Github/CreadorDeObjetos/My Creator Game
C:/Users/Diego/Desktop/Diego/Github/CreadorDeObjetos/My Creator Game
[UnityMemory] Configuration Parameters - Can be set up in boot.config
    "memorysetup-bucket-allocator-granularity=16"
    "memorysetup-bucket-allocator-bucket-count=8"
    "memorysetup-bucket-allocator-block-size=33554432"
    "memorysetup-bucket-allocator-block-count=8"
    "memorysetup-main-allocator-block-size=16777216"
    "memorysetup-thread-allocator-block-size=16777216"
    "memorysetup-gfx-main-allocator-block-size=16777216"
    "memorysetup-gfx-thread-allocator-block-size=16777216"
    "memorysetup-cache-allocator-block-size=4194304"
    "memorysetup-typetree-allocator-block-size=2097152"
    "memorysetup-profiler-bucket-allocator-granularity=16"
    "memorysetup-profiler-bucket-allocator-bucket-count=8"
    "memorysetup-profiler-bucket-allocator-block-size=33554432"
    "memorysetup-profiler-bucket-allocator-block-count=8"
    "memorysetup-profiler-allocator-block-size=16777216"
    "memorysetup-profiler-editor-allocator-block-size=1048576"
    "memorysetup-temp-allocator-size-main=16777216"
    "memorysetup-job-temp-allocator-block-size=2097152"
    "memorysetup-job-temp-allocator-block-size-background=1048576"
    "memorysetup-job-temp-allocator-reduction-small-platforms=262144"
    "memorysetup-allocator-temp-initial-block-size-main=262144"
    "memorysetup-allocator-temp-initial-block-size-worker=262144"
    "memorysetup-temp-allocator-size-background-worker=32768"
    "memorysetup-temp-allocator-size-job-worker=262144"
    "memorysetup-temp-allocator-size-preload-manager=33554432"
    "memorysetup-temp-allocator-size-nav-mesh-worker=65536"
    "memorysetup-temp-allocator-size-audio-worker=65536"
    "memorysetup-temp-allocator-size-cloud-worker=32768"
    "memorysetup-temp-allocator-size-gi-baking-worker=262144"
    "memorysetup-temp-allocator-size-gi-baking-worker=262144"
    "memorysetup-temp-allocator-size-gi-baking-worker=262144"
    "memorysetup-temp-allocator-size-gi-baking-worker=262144"
    "memorysetup-temp-allocator-size-gi-baking-worker=262144"
    "memorysetup-temp-allocator-size-gfx=262144"
Player connection [25132]  Target information:

Player connection [25132]  * "[IP] 192.168.1.54 [Port] 0 [Flags] 2 [Guid] 2065125363 [EditorId] 2065125363 [Version] 1048832 [Id] WindowsEditor(7,Asus-Zenbook-14) [Debug] 1 [PackageName] WindowsEditor [ProjectName] Editor" 

Player connection [25132] Host joined multi-casting on [225.0.0.222:54997]...
Player connection [25132] Host joined alternative multi-casting on [225.0.0.222:34997]...
JobSystem: Creating JobQueue using job-worker-count value 10
[Physics::Module] Initialized fallback backend.
[Physics::Module] Id: 0xdecafbad
Library Redirect Path: Library/
[Physics::Module] Selected backend.
[Physics::Module] Name: PhysX
[Physics::Module] Id: 0xf2b8ea05
[Physics::Module] SDK Version: 4.1.2
[Physics::Module] Integration Version: 1.0.0
[Physics::Module] Threading Mode: Multi-Threaded
Refreshing native plugins compatible for Editor in 2.62 ms, found 3 plugins.
Preloading 0 native plugins for Editor in 0.00 ms.
Initialize engine version: 6000.0.24f1 (11fa355cd605)
[Subsystems] Discovering subsystems at path C:/Program Files/Unity 6000.0.24f1/Editor/Data/Resources/UnitySubsystems
[Subsystems] Discovering subsystems at path C:/Users/Diego/Desktop/Diego/Github/CreadorDeObjetos/My Creator Game/Assets
GfxDevice: creating device client; kGfxThreadingModeNonThreaded
Direct3D:
    Version:  Direct3D 11.0 [level 11.1]
    Renderer: Intel(R) Arc(TM) Graphics (ID=0x7d55)
    Vendor:   Intel
    VRAM:     9073 MB
    Driver:   32.0.101.6314
Initialize mono
Mono path[0] = 'C:/Program Files/Unity 6000.0.24f1/Editor/Data/Managed'
Mono path[1] = 'C:/Program Files/Unity 6000.0.24f1/Editor/Data/MonoBleedingEdge/lib/mono/unityjit-win32'
Mono config path = 'C:/Program Files/Unity 6000.0.24f1/Editor/Data/MonoBleedingEdge/etc'
Using monoOptions --debugger-agent=transport=dt_socket,embedding=1,server=y,suspend=n,address=127.0.0.1:56556
Begin MonoManager ReloadAssembly
Registering precompiled unity dll's ...
Register platform support module: C:/Program Files/Unity 6000.0.24f1/Editor/Data/PlaybackEngines/WindowsStandaloneSupport/UnityEditor.WindowsStandalone.Extensions.dll
Registered in 0.003101 seconds.
- Loaded All Assemblies, in  0.430 seconds
Native extension for WindowsStandalone target not found
Mono: successfully reloaded assembly
- Finished resetting the current domain, in  0.372 seconds
Domain Reload Profiling: 800ms
	BeginReloadAssembly (185ms)
		ExecutionOrderSort (0ms)
		DisableScriptedObjects (0ms)
		BackupInstance (0ms)
		ReleaseScriptingObjects (0ms)
		CreateAndSetChildDomain (1ms)
	RebuildCommonClasses (49ms)
	RebuildNativeTypeToScriptingClass (16ms)
	initialDomainReloadingComplete (54ms)
	LoadAllAssembliesAndSetupDomain (124ms)
		LoadAssemblies (177ms)
		RebuildTransferFunctionScriptingTraits (0ms)
		AnalyzeDomain (121ms)
			TypeCache.Refresh (120ms)
				TypeCache.ScanAssembly (109ms)
			BuildScriptInfoCaches (0ms)
			ResolveRequiredComponents (0ms)
	FinalizeReload (372ms)
		ReleaseScriptCaches (0ms)
		RebuildScriptCaches (0ms)
		SetupLoadedEditorAssemblies (332ms)
			LogAssemblyErrors (0ms)
			InitializePlatformSupportModulesInManaged (29ms)
			SetLoadedEditorAssemblies (4ms)
			BeforeProcessingInitializeOnLoad (7ms)
			ProcessInitializeOnLoadAttributes (233ms)
			ProcessInitializeOnLoadMethodAttributes (55ms)
			AfterProcessingInitializeOnLoad (3ms)
			EditorAssembliesLoaded (0ms)
		ExecutionOrderSort2 (0ms)
		AwakeInstancesAfterBackupRestoration (0ms)
========================================================================
Worker process is ready to serve import requests
Import Worker Mode flag is 0x00
Begin MonoManager ReloadAssembly
- Loaded All Assemblies, in  0.963 seconds
Refreshing native plugins compatible for Editor in 0.96 ms, found 3 plugins.
Native extension for WindowsStandalone target not found
Missing types referenced from component UniversalRenderPipelineGlobalSettings on game object UniversalRenderPipelineGlobalSettings:
	UnityEngine.Rendering.Universal.UniversalRenderPipelineEditorAssets, Unity.RenderPipelines.Universal.Runtime (1 object)
Mono: successfully reloaded assembly
- Finished resetting the current domain, in  0.883 seconds
Domain Reload Profiling: 1841ms
	BeginReloadAssembly (387ms)
		ExecutionOrderSort (0ms)
		DisableScriptedObjects (5ms)
		BackupInstance (0ms)
		ReleaseScriptingObjects (0ms)
		CreateAndSetChildDomain (29ms)
	RebuildCommonClasses (36ms)
	RebuildNativeTypeToScriptingClass (12ms)
	initialDomainReloadingComplete (42ms)
	LoadAllAssembliesAndSetupDomain (480ms)
		LoadAssemblies (350ms)
		RebuildTransferFunctionScriptingTraits (0ms)
		AnalyzeDomain (227ms)
			TypeCache.Refresh (149ms)
				TypeCache.ScanAssembly (136ms)
			BuildScriptInfoCaches (64ms)
			ResolveRequiredComponents (9ms)
	FinalizeReload (883ms)
		ReleaseScriptCaches (0ms)
		RebuildScriptCaches (0ms)
		SetupLoadedEditorAssemblies (646ms)
			LogAssemblyErrors (0ms)
			InitializePlatformSupportModulesInManaged (2ms)
			SetLoadedEditorAssemblies (4ms)
			BeforeProcessingInitializeOnLoad (79ms)
			ProcessInitializeOnLoadAttributes (451ms)
			ProcessInitializeOnLoadMethodAttributes (100ms)
			AfterProcessingInitializeOnLoad (9ms)
			EditorAssembliesLoaded (0ms)
		ExecutionOrderSort2 (0ms)
		AwakeInstancesAfterBackupRestoration (7ms)
Launched and connected shader compiler UnityShaderCompiler.exe after 0.01 seconds
Refreshing native plugins compatible for Editor in 1.13 ms, found 3 plugins.
Preloading 0 native plugins for Editor in 0.00 ms.
Unloading 212 Unused Serialized files (Serialized files now loaded: 0)
Unloading 6089 unused Assets / (3.9 MB). Loaded Objects now: 6874.
Memory consumption went from 202.3 MB to 198.4 MB.
Total: 8.887200 ms (FindLiveObjects: 1.825800 ms CreateObjectMapping: 0.311800 ms MarkObjects: 4.778600 ms  DeleteObjects: 1.970000 ms)

========================================================================
Received Import Request.
  Time since last request: 61147.180170 seconds.
  path: Assets/Kit/DungeonKit/fantasy town/Models_int/FBX format/wall-wood-block.fbx
  artifactKey: Guid(fd27d9a1b86d0c54bafad42b16030aa8) Importer(815301076,1909f56bfc062723c751e8b465ee728b)
Start importing Assets/Kit/DungeonKit/fantasy town/Models_int/FBX format/wall-wood-block.fbx using Guid(fd27d9a1b86d0c54bafad42b16030aa8) Importer(815301076,1909f56bfc062723c751e8b465ee728b) (PreviewImporter) -> (artifact id: '48f96937f45d490a8938e30e0862e3b5') in 0.5580896 seconds
Number of updated asset objects reloaded before import = 0Number of asset objects unloaded after import = 9

========================================================================
Received Import Request.
  Time since last request: 0.664547 seconds.
  path: Assets/Kit/DungeonKit/fantasy town/Models_int/FBX format/wall-wood-broken.fbx
  artifactKey: Guid(34de38902c8195f4197df5a533611132) Importer(815301076,1909f56bfc062723c751e8b465ee728b)
Start importing Assets/Kit/DungeonKit/fantasy town/Models_int/FBX format/wall-wood-broken.fbx using Guid(34de38902c8195f4197df5a533611132) Importer(815301076,1909f56bfc062723c751e8b465ee728b) (PreviewImporter) -> (artifact id: '816c1d7f7aef301a3cf2bac31e220d1a') in 0.048173 seconds
Number of updated asset objects reloaded before import = 0Number of asset objects unloaded after import = 9

========================================================================
Received Import Request.
  Time since last request: 0.000032 seconds.
  path: Assets/Kit/DungeonKit/fantasy town/Models_int/FBX format/wall-wood-curved.fbx
  artifactKey: Guid(3dfc87305a20d8647994888d140e365f) Importer(815301076,1909f56bfc062723c751e8b465ee728b)
Start importing Assets/Kit/DungeonKit/fantasy town/Models_int/FBX format/wall-wood-curved.fbx using Guid(3dfc87305a20d8647994888d140e365f) Importer(815301076,1909f56bfc062723c751e8b465ee728b) (PreviewImporter) -> (artifact id: '12f5c2281a075dbd059b212ea2d7d716') in 0.0495738 seconds
Number of updated asset objects reloaded before import = 0Number of asset objects unloaded after import = 9

========================================================================
Received Import Request.
  Time since last request: 0.000038 seconds.
  path: Assets/Kit/DungeonKit/fantasy town/Models_int/FBX format/wall-wood-detail-horizontal.fbx
  artifactKey: Guid(f7537abb34c9bb64c9819efbed4ea32e) Importer(815301076,1909f56bfc062723c751e8b465ee728b)
Start importing Assets/Kit/DungeonKit/fantasy town/Models_int/FBX format/wall-wood-detail-horizontal.fbx using Guid(f7537abb34c9bb64c9819efbed4ea32e) Importer(815301076,1909f56bfc062723c751e8b465ee728b) (PreviewImporter) -> (artifact id: '42eb0423f068a897d9198ce38510ff3f') in 0.0482592 seconds
Number of updated asset objects reloaded before import = 0Number of asset objects unloaded after import = 9

========================================================================
Received Import Request.
  Time since last request: 0.000044 seconds.
  path: Assets/Kit/DungeonKit/fantasy town/Models_int/FBX format/windmill.fbx
  artifactKey: Guid(51473217f88664d4ab3cc8d990415198) Importer(815301076,1909f56bfc062723c751e8b465ee728b)
Start importing Assets/Kit/DungeonKit/fantasy town/Models_int/FBX format/windmill.fbx using Guid(51473217f88664d4ab3cc8d990415198) Importer(815301076,1909f56bfc062723c751e8b465ee728b) (PreviewImporter) -> (artifact id: '6f725d3704a9f2f3e047469c22d92b94') in 0.0401807 seconds
Number of updated asset objects reloaded before import = 0Number of asset objects unloaded after import = 9

========================================================================
Received Import Request.
  Time since last request: 0.000027 seconds.
  path: Assets/Kit/DungeonKit/fantasy town/Models_int/FBX format/wall-wood-door.fbx
  artifactKey: Guid(47bb8524208754e40818e90dbf30f371) Importer(815301076,1909f56bfc062723c751e8b465ee728b)
Start importing Assets/Kit/DungeonKit/fantasy town/Models_int/FBX format/wall-wood-door.fbx using Guid(47bb8524208754e40818e90dbf30f371) Importer(815301076,1909f56bfc062723c751e8b465ee728b) (PreviewImporter) -> (artifact id: 'becf254239102a51d6ee5183affabe81') in 0.0699311 seconds
Number of updated asset objects reloaded before import = 0Number of asset objects unloaded after import = 14

========================================================================
Received Import Request.
  Time since last request: 0.000044 seconds.
  path: Assets/Kit/DungeonKit/fantasy town/Models_int/FBX format/wall-wood-diagonal.fbx
  artifactKey: Guid(04a0be4f9d5f3d94a890a7e0c864cb18) Importer(815301076,1909f56bfc062723c751e8b465ee728b)
Start importing Assets/Kit/DungeonKit/fantasy town/Models_int/FBX format/wall-wood-diagonal.fbx using Guid(04a0be4f9d5f3d94a890a7e0c864cb18) Importer(815301076,1909f56bfc062723c751e8b465ee728b) (PreviewImporter) -> (artifact id: 'c32a291a17b5f9a55d18808db996ff7d') in 0.0455774 seconds
Number of updated asset objects reloaded before import = 0Number of asset objects unloaded after import = 9

========================================================================
Received Import Request.
  Time since last request: 0.000036 seconds.
  path: Assets/Kit/DungeonKit/fantasy town/Models_int/FBX format/wall-wood-window-shutters.fbx
  artifactKey: Guid(5d7900a21a31e234d9f0b2b0fd924631) Importer(815301076,1909f56bfc062723c751e8b465ee728b)
Start importing Assets/Kit/DungeonKit/fantasy town/Models_int/FBX format/wall-wood-window-shutters.fbx using Guid(5d7900a21a31e234d9f0b2b0fd924631) Importer(815301076,1909f56bfc062723c751e8b465ee728b) (PreviewImporter) -> (artifact id: '4e78ee798cd72f82ca200bdff5f861e3') in 0.0489735 seconds
Number of updated asset objects reloaded before import = 0Number of asset objects unloaded after import = 9

========================================================================
Received Import Request.
  Time since last request: 0.000046 seconds.
  path: Assets/Kit/DungeonKit/fantasy town/Models_int/FBX format/watermill-wide.fbx
  artifactKey: Guid(a2c9be5a4c5350f42ad33258d91d116a) Importer(815301076,1909f56bfc062723c751e8b465ee728b)
Start importing Assets/Kit/DungeonKit/fantasy town/Models_int/FBX format/watermill-wide.fbx using Guid(a2c9be5a4c5350f42ad33258d91d116a) Importer(815301076,1909f56bfc062723c751e8b465ee728b) (PreviewImporter) -> (artifact id: '2009615da82cee2f03dbe0baf4c9acdb') in 0.0488374 seconds
Number of updated asset objects reloaded before import = 0Number of asset objects unloaded after import = 9

========================================================================
Received Import Request.
  Time since last request: 0.000028 seconds.
  path: Assets/Kit/DungeonKit/fantasy town/Models_int/FBX format/wall-wood-window-stone.fbx
  artifactKey: Guid(274e4d42d9e33dc48b9e3d19e94ecc84) Importer(815301076,1909f56bfc062723c751e8b465ee728b)
Start importing Assets/Kit/DungeonKit/fantasy town/Models_int/FBX format/wall-wood-window-stone.fbx using Guid(274e4d42d9e33dc48b9e3d19e94ecc84) Importer(815301076,1909f56bfc062723c751e8b465ee728b) (PreviewImporter) -> (artifact id: 'c18a9d7fd3069eb0aa378d40c45ebc2a') in 0.0447825 seconds
Number of updated asset objects reloaded before import = 0Number of asset objects unloaded after import = 9

========================================================================
Received Import Request.
  Time since last request: 0.000028 seconds.
  path: Assets/Kit/DungeonKit/fantasy town/Models_int/FBX format/wall-wood-doorway-square-wide-curved.fbx
  artifactKey: Guid(77b85564782f3cb4c81a60238cb823e4) Importer(815301076,1909f56bfc062723c751e8b465ee728b)
Start importing Assets/Kit/DungeonKit/fantasy town/Models_int/FBX format/wall-wood-doorway-square-wide-curved.fbx using Guid(77b85564782f3cb4c81a60238cb823e4) Importer(815301076,1909f56bfc062723c751e8b465ee728b) (PreviewImporter) -> (artifact id: '5a2db65a7590f84bc74efd84be14197b') in 0.0458171 seconds
Number of updated asset objects reloaded before import = 0Number of asset objects unloaded after import = 9

========================================================================
Received Import Request.
  Time since last request: 0.000034 seconds.
  path: Assets/Kit/DungeonKit/fantasy town/Models_int/FBX format/wall-wood-doorway-round.fbx
  artifactKey: Guid(7c8a4e9552f10014fb3e8d33cda6cb64) Importer(815301076,1909f56bfc062723c751e8b465ee728b)
Start importing Assets/Kit/DungeonKit/fantasy town/Models_int/FBX format/wall-wood-doorway-round.fbx using Guid(7c8a4e9552f10014fb3e8d33cda6cb64) Importer(815301076,1909f56bfc062723c751e8b465ee728b) (PreviewImporter) -> (artifact id: '74ad49ffe3d6ea540bbcb9fc4420fa04') in 0.0544232 seconds
Number of updated asset objects reloaded before import = 0Number of asset objects unloaded after import = 9

========================================================================
Received Import Request.
  Time since last request: 0.000052 seconds.
  path: Assets/Kit/DungeonKit/fantasy town/Models_int/FBX format/wheel.fbx
  artifactKey: Guid(39835f2bc583173409799b1633a1bece) Importer(815301076,1909f56bfc062723c751e8b465ee728b)
Start importing Assets/Kit/DungeonKit/fantasy town/Models_int/FBX format/wheel.fbx using Guid(39835f2bc583173409799b1633a1bece) Importer(815301076,1909f56bfc062723c751e8b465ee728b) (PreviewImporter) -> (artifact id: '32c59d83174936b1f78e9c736ba1202a') in 0.047477 seconds
Number of updated asset objects reloaded before import = 0Number of asset objects unloaded after import = 9

========================================================================
Received Import Request.
  Time since last request: 0.000036 seconds.
  path: Assets/Kit/DungeonKit/fantasy town/Models_int/FBX format/wall-wood-doorway-base.fbx
  artifactKey: Guid(789b127bd8712634d8f995221e0f7887) Importer(815301076,1909f56bfc062723c751e8b465ee728b)
Start importing Assets/Kit/DungeonKit/fantasy town/Models_int/FBX format/wall-wood-doorway-base.fbx using Guid(789b127bd8712634d8f995221e0f7887) Importer(815301076,1909f56bfc062723c751e8b465ee728b) (PreviewImporter) -> (artifact id: '319b33212a7f9b53d3ea3d84ee1671a7') in 0.0413096 seconds
Number of updated asset objects reloaded before import = 0Number of asset objects unloaded after import = 9

========================================================================
Received Import Request.
  Time since last request: 0.000038 seconds.
  path: Assets/Kit/DungeonKit/fantasy town/Models_int/FBX format/wall-wood-corner-edge.fbx
  artifactKey: Guid(a8855c358034a824cb7b1cbc0f16388f) Importer(815301076,1909f56bfc062723c751e8b465ee728b)
Start importing Assets/Kit/DungeonKit/fantasy town/Models_int/FBX format/wall-wood-corner-edge.fbx using Guid(a8855c358034a824cb7b1cbc0f16388f) Importer(815301076,1909f56bfc062723c751e8b465ee728b) (PreviewImporter) -> (artifact id: 'c9d80124415af1144c5dd68f14a68071') in 0.0481588 seconds
Number of updated asset objects reloaded before import = 0Number of asset objects unloaded after import = 9

========================================================================
Received Import Request.
  Time since last request: 0.000032 seconds.
  path: Assets/Kit/DungeonKit/fantasy town/Models_int/FBX format/wall-wood-slope.fbx
  artifactKey: Guid(ef637d6d7db9b994795543403cea87a7) Importer(815301076,1909f56bfc062723c751e8b465ee728b)
Start importing Assets/Kit/DungeonKit/fantasy town/Models_int/FBX format/wall-wood-slope.fbx using Guid(ef637d6d7db9b994795543403cea87a7) Importer(815301076,1909f56bfc062723c751e8b465ee728b) (PreviewImporter) -> (artifact id: '98a6193f87b43285e3e6f08010742946') in 0.0485801 seconds
Number of updated asset objects reloaded before import = 0Number of asset objects unloaded after import = 9

Editor requested this worker to shutdown with reason: Scaling down because of idle timeout
AssetImportWorker is now disconnected from the server
Process exiting
Exiting without the bug reporter. Application will terminate with return code 0