Using pre-set license
Built from '6000.0/staging' branch; Version is '6000.0.24f1 (11fa355cd605) revision 1178165'; Using compiler version '193933523'; Build Type 'Release'
OS: 'Windows 11  (10.0.26200) 64bit Core' Language: 'es' Physical Memory: 15917 MB
BatchMode: 1, IsHumanControllingUs: 0, StartBugReporterOnCrash: 0, Is64bit: 1, IsPro: 1

COMMAND LINE ARGUMENTS:
C:\Program Files\Unity 6000.0.24f1\Editor\Unity.exe
-adb2
-batchMode
-noUpm
-name
AssetImportWorker25
-projectPath
C:/Users/Diego/Desktop/Diego/Github/CreadorDeObjetos/My Creator Game
-logFile
Logs/AssetImportWorker25.log
-srvPort
58382
-job-worker-count
10
-background-job-worker-count
8
-asset-garbage-collectors
1
Successfully changed project path to: C:/Users/Diego/Desktop/Diego/Github/CreadorDeObjetos/My Creator Game
C:/Users/Diego/Desktop/Diego/Github/CreadorDeObjetos/My Creator Game
[UnityMemory] Configuration Parameters - Can be set up in boot.config
    "memorysetup-bucket-allocator-granularity=16"
    "memorysetup-bucket-allocator-bucket-count=8"
    "memorysetup-bucket-allocator-block-size=33554432"
    "memorysetup-bucket-allocator-block-count=8"
    "memorysetup-main-allocator-block-size=16777216"
    "memorysetup-thread-allocator-block-size=16777216"
    "memorysetup-gfx-main-allocator-block-size=16777216"
    "memorysetup-gfx-thread-allocator-block-size=16777216"
    "memorysetup-cache-allocator-block-size=4194304"
    "memorysetup-typetree-allocator-block-size=2097152"
    "memorysetup-profiler-bucket-allocator-granularity=16"
    "memorysetup-profiler-bucket-allocator-bucket-count=8"
    "memorysetup-profiler-bucket-allocator-block-size=33554432"
    "memorysetup-profiler-bucket-allocator-block-count=8"
    "memorysetup-profiler-allocator-block-size=16777216"
    "memorysetup-profiler-editor-allocator-block-size=1048576"
    "memorysetup-temp-allocator-size-main=16777216"
    "memorysetup-job-temp-allocator-block-size=2097152"
    "memorysetup-job-temp-allocator-block-size-background=1048576"
    "memorysetup-job-temp-allocator-reduction-small-platforms=262144"
    "memorysetup-allocator-temp-initial-block-size-main=262144"
    "memorysetup-allocator-temp-initial-block-size-worker=262144"
    "memorysetup-temp-allocator-size-background-worker=32768"
    "memorysetup-temp-allocator-size-job-worker=262144"
    "memorysetup-temp-allocator-size-preload-manager=33554432"
    "memorysetup-temp-allocator-size-nav-mesh-worker=65536"
    "memorysetup-temp-allocator-size-audio-worker=65536"
    "memorysetup-temp-allocator-size-cloud-worker=32768"
    "memorysetup-temp-allocator-size-gi-baking-worker=262144"
    "memorysetup-temp-allocator-size-gi-baking-worker=262144"
    "memorysetup-temp-allocator-size-gi-baking-worker=262144"
    "memorysetup-temp-allocator-size-gi-baking-worker=262144"
    "memorysetup-temp-allocator-size-gi-baking-worker=262144"
    "memorysetup-temp-allocator-size-gfx=262144"
Player connection [15848]  Target information:

Player connection [15848]  * "[IP] 192.168.1.54 [Port] 0 [Flags] 2 [Guid] 2943025852 [EditorId] 2943025852 [Version] 1048832 [Id] WindowsEditor(7,Asus-Zenbook-14) [Debug] 1 [PackageName] WindowsEditor [ProjectName] Editor" 

Player connection [15848] Host joined multi-casting on [225.0.0.222:54997]...
Player connection [15848] Host joined alternative multi-casting on [225.0.0.222:34997]...
JobSystem: Creating JobQueue using job-worker-count value 10
[Physics::Module] Initialized fallback backend.
[Physics::Module] Id: 0xdecafbad
Library Redirect Path: Library/
[Physics::Module] Selected backend.
[Physics::Module] Name: PhysX
[Physics::Module] Id: 0xf2b8ea05
[Physics::Module] SDK Version: 4.1.2
[Physics::Module] Integration Version: 1.0.0
[Physics::Module] Threading Mode: Multi-Threaded
Refreshing native plugins compatible for Editor in 3.70 ms, found 3 plugins.
Preloading 0 native plugins for Editor in 0.00 ms.
Initialize engine version: 6000.0.24f1 (11fa355cd605)
[Subsystems] Discovering subsystems at path C:/Program Files/Unity 6000.0.24f1/Editor/Data/Resources/UnitySubsystems
[Subsystems] Discovering subsystems at path C:/Users/Diego/Desktop/Diego/Github/CreadorDeObjetos/My Creator Game/Assets
GfxDevice: creating device client; kGfxThreadingModeNonThreaded
Direct3D:
    Version:  Direct3D 11.0 [level 11.1]
    Renderer: Intel(R) Arc(TM) Graphics (ID=0x7d55)
    Vendor:   Intel
    VRAM:     9073 MB
    Driver:   32.0.101.6314
Initialize mono
Mono path[0] = 'C:/Program Files/Unity 6000.0.24f1/Editor/Data/Managed'
Mono path[1] = 'C:/Program Files/Unity 6000.0.24f1/Editor/Data/MonoBleedingEdge/lib/mono/unityjit-win32'
Mono config path = 'C:/Program Files/Unity 6000.0.24f1/Editor/Data/MonoBleedingEdge/etc'
Using monoOptions --debugger-agent=transport=dt_socket,embedding=1,server=y,suspend=n,address=127.0.0.1:56260
Begin MonoManager ReloadAssembly
Registering precompiled unity dll's ...
Register platform support module: C:/Program Files/Unity 6000.0.24f1/Editor/Data/PlaybackEngines/WindowsStandaloneSupport/UnityEditor.WindowsStandalone.Extensions.dll
Registered in 0.011031 seconds.
- Loaded All Assemblies, in  0.944 seconds
Native extension for WindowsStandalone target not found
Mono: successfully reloaded assembly
- Finished resetting the current domain, in  0.577 seconds
Domain Reload Profiling: 1509ms
	BeginReloadAssembly (338ms)
		ExecutionOrderSort (0ms)
		DisableScriptedObjects (0ms)
		BackupInstance (0ms)
		ReleaseScriptingObjects (0ms)
		CreateAndSetChildDomain (1ms)
	RebuildCommonClasses (93ms)
	RebuildNativeTypeToScriptingClass (37ms)
	initialDomainReloadingComplete (151ms)
	LoadAllAssembliesAndSetupDomain (312ms)
		LoadAssemblies (329ms)
		RebuildTransferFunctionScriptingTraits (0ms)
		AnalyzeDomain (304ms)
			TypeCache.Refresh (302ms)
				TypeCache.ScanAssembly (279ms)
			BuildScriptInfoCaches (0ms)
			ResolveRequiredComponents (1ms)
	FinalizeReload (577ms)
		ReleaseScriptCaches (0ms)
		RebuildScriptCaches (0ms)
		SetupLoadedEditorAssemblies (502ms)
			LogAssemblyErrors (0ms)
			InitializePlatformSupportModulesInManaged (50ms)
			SetLoadedEditorAssemblies (8ms)
			BeforeProcessingInitializeOnLoad (11ms)
			ProcessInitializeOnLoadAttributes (329ms)
			ProcessInitializeOnLoadMethodAttributes (100ms)
			AfterProcessingInitializeOnLoad (4ms)
			EditorAssembliesLoaded (0ms)
		ExecutionOrderSort2 (0ms)
		AwakeInstancesAfterBackupRestoration (0ms)
========================================================================
Worker process is ready to serve import requests
Import Worker Mode flag is 0x00
Begin MonoManager ReloadAssembly
- Loaded All Assemblies, in  1.437 seconds
Refreshing native plugins compatible for Editor in 1.45 ms, found 3 plugins.
Native extension for WindowsStandalone target not found
Missing types referenced from component UniversalRenderPipelineGlobalSettings on game object UniversalRenderPipelineGlobalSettings:
	UnityEngine.Rendering.Universal.UniversalRenderPipelineEditorAssets, Unity.RenderPipelines.Universal.Runtime (1 object)
Mono: successfully reloaded assembly
- Finished resetting the current domain, in  1.964 seconds
Domain Reload Profiling: 3392ms
	BeginReloadAssembly (569ms)
		ExecutionOrderSort (0ms)
		DisableScriptedObjects (8ms)
		BackupInstance (0ms)
		ReleaseScriptingObjects (0ms)
		CreateAndSetChildDomain (37ms)
	RebuildCommonClasses (46ms)
	RebuildNativeTypeToScriptingClass (14ms)
	initialDomainReloadingComplete (68ms)
	LoadAllAssembliesAndSetupDomain (730ms)
		LoadAssemblies (529ms)
		RebuildTransferFunctionScriptingTraits (0ms)
		AnalyzeDomain (335ms)
			TypeCache.Refresh (217ms)
				TypeCache.ScanAssembly (199ms)
			BuildScriptInfoCaches (94ms)
			ResolveRequiredComponents (18ms)
	FinalizeReload (1965ms)
		ReleaseScriptCaches (0ms)
		RebuildScriptCaches (0ms)
		SetupLoadedEditorAssemblies (1514ms)
			LogAssemblyErrors (0ms)
			InitializePlatformSupportModulesInManaged (17ms)
			SetLoadedEditorAssemblies (21ms)
			BeforeProcessingInitializeOnLoad (298ms)
			ProcessInitializeOnLoadAttributes (988ms)
			ProcessInitializeOnLoadMethodAttributes (179ms)
			AfterProcessingInitializeOnLoad (11ms)
			EditorAssembliesLoaded (0ms)
		ExecutionOrderSort2 (0ms)
		AwakeInstancesAfterBackupRestoration (8ms)
Launched and connected shader compiler UnityShaderCompiler.exe after 0.02 seconds
Refreshing native plugins compatible for Editor in 3.00 ms, found 3 plugins.
Preloading 0 native plugins for Editor in 0.00 ms.
Unloading 212 Unused Serialized files (Serialized files now loaded: 0)
Unloading 6089 unused Assets / (3.6 MB). Loaded Objects now: 6874.
Memory consumption went from 204.5 MB to 200.9 MB.
Total: 12.322700 ms (FindLiveObjects: 0.793300 ms CreateObjectMapping: 0.482500 ms MarkObjects: 8.426700 ms  DeleteObjects: 2.617800 ms)

========================================================================
Received Import Request.
  Time since last request: 29284.094764 seconds.
  path: Assets/Kit/Enviroment/enviroment tower defense/Models/FBX format/detail-crystal-large.fbx
  artifactKey: Guid(4f04cb21c2d6a88488e85aead0c37ae9) Importer(815301076,1909f56bfc062723c751e8b465ee728b)
Start importing Assets/Kit/Enviroment/enviroment tower defense/Models/FBX format/detail-crystal-large.fbx using Guid(4f04cb21c2d6a88488e85aead0c37ae9) Importer(815301076,1909f56bfc062723c751e8b465ee728b) (PreviewImporter) -> (artifact id: '26ef980f0165cd9ec44528f78098e9e8') in 1.1192384 seconds
Number of updated asset objects reloaded before import = 0Number of asset objects unloaded after import = 9

========================================================================
Received Import Request.
  Time since last request: 0.000049 seconds.
  path: Assets/Kit/Enviroment/enviroment tower defense/Models/FBX format/enemy-ufo-b.fbx
  artifactKey: Guid(ddb86d47e86e2e141b5930d3bc93f833) Importer(815301076,1909f56bfc062723c751e8b465ee728b)
Start importing Assets/Kit/Enviroment/enviroment tower defense/Models/FBX format/enemy-ufo-b.fbx using Guid(ddb86d47e86e2e141b5930d3bc93f833) Importer(815301076,1909f56bfc062723c751e8b465ee728b) (PreviewImporter) -> (artifact id: '6dc9d3bfd413e21f3854ca28439f3cf2') in 0.0768067 seconds
Number of updated asset objects reloaded before import = 0Number of asset objects unloaded after import = 9

========================================================================
Received Import Request.
  Time since last request: 0.000061 seconds.
  path: Assets/Kit/Enviroment/enviroment tower defense/Models/FBX format/detail-rocks-large.fbx
  artifactKey: Guid(adf6635d03aea0c43920d6a12364114a) Importer(815301076,1909f56bfc062723c751e8b465ee728b)
Start importing Assets/Kit/Enviroment/enviroment tower defense/Models/FBX format/detail-rocks-large.fbx using Guid(adf6635d03aea0c43920d6a12364114a) Importer(815301076,1909f56bfc062723c751e8b465ee728b) (PreviewImporter) -> (artifact id: 'a10c4aaf10e66a864448eae6c78fe31f') in 0.1353375 seconds
Number of updated asset objects reloaded before import = 0Number of asset objects unloaded after import = 9

========================================================================
Received Import Request.
  Time since last request: 0.000030 seconds.
  path: Assets/Kit/Enviroment/enviroment tower defense/Models/FBX format/snow-tile-corner-round.fbx
  artifactKey: Guid(238b90950fe39d147bfb3b00d357eb4f) Importer(815301076,1909f56bfc062723c751e8b465ee728b)
Start importing Assets/Kit/Enviroment/enviroment tower defense/Models/FBX format/snow-tile-corner-round.fbx using Guid(238b90950fe39d147bfb3b00d357eb4f) Importer(815301076,1909f56bfc062723c751e8b465ee728b) (PreviewImporter) -> (artifact id: '7730fd3cba62a805aa95c0032c917ae5') in 0.2243576 seconds
Number of updated asset objects reloaded before import = 0Number of asset objects unloaded after import = 9

========================================================================
Received Import Request.
  Time since last request: 31.353433 seconds.
  path: Assets/Kit/Enviroment/enviroment tower defense/Models/FBX format/detail-crystal-large.fbx
  artifactKey: Guid(4f04cb21c2d6a88488e85aead0c37ae9) Importer(815301076,1909f56bfc062723c751e8b465ee728b)
Start importing Assets/Kit/Enviroment/enviroment tower defense/Models/FBX format/detail-crystal-large.fbx using Guid(4f04cb21c2d6a88488e85aead0c37ae9) Importer(815301076,1909f56bfc062723c751e8b465ee728b) (PreviewImporter) -> (artifact id: '6f662f5a9e425b84ad5a37caef1a4adf') in 0.0537737 seconds
Number of updated asset objects reloaded before import = 0Number of asset objects unloaded after import = 9

========================================================================
Received Import Request.
  Time since last request: 0.000037 seconds.
  path: Assets/Kit/Enviroment/enviroment tower defense/Models/FBX format/snow-tile-corner-inner.fbx
  artifactKey: Guid(1fb21a2bd26625c46ad3a9abb2b61603) Importer(815301076,1909f56bfc062723c751e8b465ee728b)
Start importing Assets/Kit/Enviroment/enviroment tower defense/Models/FBX format/snow-tile-corner-inner.fbx using Guid(1fb21a2bd26625c46ad3a9abb2b61603) Importer(815301076,1909f56bfc062723c751e8b465ee728b) (PreviewImporter) -> (artifact id: 'a1cd7e78eab1f8d60a55f135870601da') in 0.1954699 seconds
Number of updated asset objects reloaded before import = 0Number of asset objects unloaded after import = 9

========================================================================
Received Import Request.
  Time since last request: 0.000053 seconds.
  path: Assets/Kit/Enviroment/enviroment tower defense/Models/FBX format/enemy-ufo-a.fbx
  artifactKey: Guid(ef55397d7fcff4847ae68d65ace53af3) Importer(815301076,1909f56bfc062723c751e8b465ee728b)
Start importing Assets/Kit/Enviroment/enviroment tower defense/Models/FBX format/enemy-ufo-a.fbx using Guid(ef55397d7fcff4847ae68d65ace53af3) Importer(815301076,1909f56bfc062723c751e8b465ee728b) (PreviewImporter) -> (artifact id: '6232374e1986cb45288b9bc27b687126') in 0.1169103 seconds
Number of updated asset objects reloaded before import = 0Number of asset objects unloaded after import = 9

========================================================================
Received Import Request.
  Time since last request: 0.000031 seconds.
  path: Assets/Kit/Enviroment/enviroment tower defense/Models/FBX format/snow-detail-dirt.fbx
  artifactKey: Guid(5c47bae09cd219d4c8c13d22a26d1286) Importer(815301076,1909f56bfc062723c751e8b465ee728b)
Start importing Assets/Kit/Enviroment/enviroment tower defense/Models/FBX format/snow-detail-dirt.fbx using Guid(5c47bae09cd219d4c8c13d22a26d1286) Importer(815301076,1909f56bfc062723c751e8b465ee728b) (PreviewImporter) -> (artifact id: '190e401d1615a76a94723bb9416f730d') in 0.0563971 seconds
Number of updated asset objects reloaded before import = 0Number of asset objects unloaded after import = 9

========================================================================
Received Import Request.
  Time since last request: 0.000031 seconds.
  path: Assets/Kit/Enviroment/enviroment tower defense/Models/FBX format/detail-tree-large.fbx
  artifactKey: Guid(3e8cd9d4ff2859b47905ede42e7fac88) Importer(815301076,1909f56bfc062723c751e8b465ee728b)
Start importing Assets/Kit/Enviroment/enviroment tower defense/Models/FBX format/detail-tree-large.fbx using Guid(3e8cd9d4ff2859b47905ede42e7fac88) Importer(815301076,1909f56bfc062723c751e8b465ee728b) (PreviewImporter) -> (artifact id: 'e58b263c2cac8c095795049ea3a1fa4a') in 0.1789864 seconds
Number of updated asset objects reloaded before import = 0Number of asset objects unloaded after import = 9

========================================================================
Received Import Request.
  Time since last request: 0.000042 seconds.
  path: Assets/Kit/Enviroment/enviroment tower defense/Models/FBX format/snow-tile-crystal.fbx
  artifactKey: Guid(a63cc20a96c551a43b89a81f7f2f5c2d) Importer(815301076,1909f56bfc062723c751e8b465ee728b)
Start importing Assets/Kit/Enviroment/enviroment tower defense/Models/FBX format/snow-tile-crystal.fbx using Guid(a63cc20a96c551a43b89a81f7f2f5c2d) Importer(815301076,1909f56bfc062723c751e8b465ee728b) (PreviewImporter) -> (artifact id: 'c3b6ebbeb30cfa5f6483e04b41d19f3b') in 0.1261712 seconds
Number of updated asset objects reloaded before import = 0Number of asset objects unloaded after import = 9

========================================================================
Received Import Request.
  Time since last request: 0.000040 seconds.
  path: Assets/Kit/Enviroment/enviroment tower defense/Models/FBX format/enemy-ufo-c-weapon.fbx
  artifactKey: Guid(8360910f442cacc429597fb0540f4086) Importer(815301076,1909f56bfc062723c751e8b465ee728b)
Start importing Assets/Kit/Enviroment/enviroment tower defense/Models/FBX format/enemy-ufo-c-weapon.fbx using Guid(8360910f442cacc429597fb0540f4086) Importer(815301076,1909f56bfc062723c751e8b465ee728b) (PreviewImporter) -> (artifact id: '95dcd694f3cc3f7de83cfa8f087a85c0') in 0.1882714 seconds
Number of updated asset objects reloaded before import = 0Number of asset objects unloaded after import = 14

========================================================================
Received Import Request.
  Time since last request: 0.000041 seconds.
  path: Assets/Kit/Enviroment/enviroment tower defense/Models/FBX format/snow-detail-rocks-large.fbx
  artifactKey: Guid(728e9103f4735ac45a332684a699ec23) Importer(815301076,1909f56bfc062723c751e8b465ee728b)
Start importing Assets/Kit/Enviroment/enviroment tower defense/Models/FBX format/snow-detail-rocks-large.fbx using Guid(728e9103f4735ac45a332684a699ec23) Importer(815301076,1909f56bfc062723c751e8b465ee728b) (PreviewImporter) -> (artifact id: '2b134a748e6667be8c29c0140cfd9c1b') in 0.2595899 seconds
Number of updated asset objects reloaded before import = 0Number of asset objects unloaded after import = 9

========================================================================
Received Import Request.
  Time since last request: 16.258950 seconds.
  path: Assets/Kit/Enviroment/enviroment tower defense/Models/FBX format/snow-tile-end.fbx
  artifactKey: Guid(4f758bb1fbee40b4a9575c663cb18df5) Importer(815301076,1909f56bfc062723c751e8b465ee728b)
Start importing Assets/Kit/Enviroment/enviroment tower defense/Models/FBX format/snow-tile-end.fbx using Guid(4f758bb1fbee40b4a9575c663cb18df5) Importer(815301076,1909f56bfc062723c751e8b465ee728b) (PreviewImporter) -> (artifact id: 'a08c841f8a0bc230a0001442b0547f35') in 0.1349703 seconds
Number of updated asset objects reloaded before import = 0Number of asset objects unloaded after import = 9

========================================================================
Received Import Request.
  Time since last request: 0.000051 seconds.
  path: Assets/Kit/Enviroment/enviroment tower defense/Models/FBX format/snow-tile-river-slope.fbx
  artifactKey: Guid(7d38c4fa954118542ab2d8f13525861e) Importer(815301076,1909f56bfc062723c751e8b465ee728b)
Start importing Assets/Kit/Enviroment/enviroment tower defense/Models/FBX format/snow-tile-river-slope.fbx using Guid(7d38c4fa954118542ab2d8f13525861e) Importer(815301076,1909f56bfc062723c751e8b465ee728b) (PreviewImporter) -> (artifact id: '72ed82db733508b9b4231d0f4a12ff2b') in 0.1065607 seconds
Number of updated asset objects reloaded before import = 0Number of asset objects unloaded after import = 9

========================================================================
Received Import Request.
  Time since last request: 0.000036 seconds.
  path: Assets/Kit/Enviroment/enviroment tower defense/Models/FBX format/snow-tile-river-straight.fbx
  artifactKey: Guid(ea054be64c5426747996d2a201c12e16) Importer(815301076,1909f56bfc062723c751e8b465ee728b)
Start importing Assets/Kit/Enviroment/enviroment tower defense/Models/FBX format/snow-tile-river-straight.fbx using Guid(ea054be64c5426747996d2a201c12e16) Importer(815301076,1909f56bfc062723c751e8b465ee728b) (PreviewImporter) -> (artifact id: 'ecfcd0ac35bc2b504bebb0ac77be0a07') in 0.0680297 seconds
Number of updated asset objects reloaded before import = 0Number of asset objects unloaded after import = 9

========================================================================
Received Import Request.
  Time since last request: 0.000055 seconds.
  path: Assets/Kit/Enviroment/enviroment tower defense/Models/FBX format/snow-tile-wide-corner.fbx
  artifactKey: Guid(8398296a746760044ab06c010785a34f) Importer(815301076,1909f56bfc062723c751e8b465ee728b)
Start importing Assets/Kit/Enviroment/enviroment tower defense/Models/FBX format/snow-tile-wide-corner.fbx using Guid(8398296a746760044ab06c010785a34f) Importer(815301076,1909f56bfc062723c751e8b465ee728b) (PreviewImporter) -> (artifact id: '594b95219a6882d9d243f926f125ece8') in 0.0844467 seconds
Number of updated asset objects reloaded before import = 0Number of asset objects unloaded after import = 9

========================================================================
Received Import Request.
  Time since last request: 0.000036 seconds.
  path: Assets/Kit/Enviroment/enviroment tower defense/Models/FBX format/snow-tile-straight-slope-large.fbx
  artifactKey: Guid(8a481748110c57b4d8e88f1261c1037f) Importer(815301076,1909f56bfc062723c751e8b465ee728b)
Start importing Assets/Kit/Enviroment/enviroment tower defense/Models/FBX format/snow-tile-straight-slope-large.fbx using Guid(8a481748110c57b4d8e88f1261c1037f) Importer(815301076,1909f56bfc062723c751e8b465ee728b) (PreviewImporter) -> (artifact id: '49ba0beaa84766c4d95cd2d1aaf1a6f9') in 0.0768018 seconds
Number of updated asset objects reloaded before import = 0Number of asset objects unloaded after import = 9

========================================================================
Received Import Request.
  Time since last request: 0.000039 seconds.
  path: Assets/Kit/Enviroment/enviroment tower defense/Models/FBX format/tile-corner-outer.fbx
  artifactKey: Guid(a3885b7ce9ef73d43b606a6b8642f04f) Importer(815301076,1909f56bfc062723c751e8b465ee728b)
Start importing Assets/Kit/Enviroment/enviroment tower defense/Models/FBX format/tile-corner-outer.fbx using Guid(a3885b7ce9ef73d43b606a6b8642f04f) Importer(815301076,1909f56bfc062723c751e8b465ee728b) (PreviewImporter) -> (artifact id: '61cf0ee15de7af186078e53b082e9ec5') in 0.0932513 seconds
Number of updated asset objects reloaded before import = 0Number of asset objects unloaded after import = 9

========================================================================
Received Import Request.
  Time since last request: 0.000066 seconds.
  path: Assets/Kit/Enviroment/enviroment tower defense/Models/FBX format/tile-spawn.fbx
  artifactKey: Guid(abf92f324ade28148a35c1d52805bb1f) Importer(815301076,1909f56bfc062723c751e8b465ee728b)
Start importing Assets/Kit/Enviroment/enviroment tower defense/Models/FBX format/tile-spawn.fbx using Guid(abf92f324ade28148a35c1d52805bb1f) Importer(815301076,1909f56bfc062723c751e8b465ee728b) (PreviewImporter) -> (artifact id: 'cc4006835b749fc71e7bf54883ddcf9f') in 0.1664991 seconds
Number of updated asset objects reloaded before import = 0Number of asset objects unloaded after import = 9

========================================================================
Received Import Request.
  Time since last request: 0.000039 seconds.
  path: Assets/Kit/Enviroment/enviroment tower defense/Models/FBX format/tile-wide-straight.fbx
  artifactKey: Guid(8cad671d40f33d14fa9ec5e85993ef39) Importer(815301076,1909f56bfc062723c751e8b465ee728b)
Start importing Assets/Kit/Enviroment/enviroment tower defense/Models/FBX format/tile-wide-straight.fbx using Guid(8cad671d40f33d14fa9ec5e85993ef39) Importer(815301076,1909f56bfc062723c751e8b465ee728b) (PreviewImporter) -> (artifact id: '35099f7986354a6d0675125561f17f11') in 0.1020771 seconds
Number of updated asset objects reloaded before import = 0Number of asset objects unloaded after import = 9

========================================================================
Received Import Request.
  Time since last request: 0.000058 seconds.
  path: Assets/Kit/Enviroment/enviroment tower defense/Models/FBX format/tower-square-bottom-a.fbx
  artifactKey: Guid(99c42a996bfc53747895410e83a7e711) Importer(815301076,1909f56bfc062723c751e8b465ee728b)
Start importing Assets/Kit/Enviroment/enviroment tower defense/Models/FBX format/tower-square-bottom-a.fbx using Guid(99c42a996bfc53747895410e83a7e711) Importer(815301076,1909f56bfc062723c751e8b465ee728b) (PreviewImporter) -> (artifact id: 'a0f3d6a5df4fd68e6e3c32b6dc9363cb') in 0.0727785 seconds
Number of updated asset objects reloaded before import = 0Number of asset objects unloaded after import = 9

========================================================================
Received Import Request.
  Time since last request: 0.000032 seconds.
  path: Assets/Kit/Enviroment/enviroment tower defense/Models/FBX format/tower-round-base.fbx
  artifactKey: Guid(085642fab2e822349a170c032713167d) Importer(815301076,1909f56bfc062723c751e8b465ee728b)
Start importing Assets/Kit/Enviroment/enviroment tower defense/Models/FBX format/tower-round-base.fbx using Guid(085642fab2e822349a170c032713167d) Importer(815301076,1909f56bfc062723c751e8b465ee728b) (PreviewImporter) -> (artifact id: '7ae89a24a3653b9aea708d7f2ee29948') in 0.0934638 seconds
Number of updated asset objects reloaded before import = 0Number of asset objects unloaded after import = 9

========================================================================
Received Import Request.
  Time since last request: 0.000056 seconds.
  path: Assets/Kit/Enviroment/enviroment tower defense/Models/FBX format/wood-structure-part.fbx
  artifactKey: Guid(0204af35689d7d84fa67d483cf0486c0) Importer(815301076,1909f56bfc062723c751e8b465ee728b)
Start importing Assets/Kit/Enviroment/enviroment tower defense/Models/FBX format/wood-structure-part.fbx using Guid(0204af35689d7d84fa67d483cf0486c0) Importer(815301076,1909f56bfc062723c751e8b465ee728b) (PreviewImporter) -> (artifact id: '29006d89d6b4ce4c2d4af6fb83c257d2') in 0.141752 seconds
Number of updated asset objects reloaded before import = 0Number of asset objects unloaded after import = 9

========================================================================
Received Import Request.
  Time since last request: 0.000063 seconds.
  path: Assets/Kit/Enviroment/enviroment tower defense/Models/FBX format/tower-square-build-e.fbx
  artifactKey: Guid(1dedcc7f845439e43861fc22509f8ec9) Importer(815301076,1909f56bfc062723c751e8b465ee728b)
Start importing Assets/Kit/Enviroment/enviroment tower defense/Models/FBX format/tower-square-build-e.fbx using Guid(1dedcc7f845439e43861fc22509f8ec9) Importer(815301076,1909f56bfc062723c751e8b465ee728b) (PreviewImporter) -> (artifact id: '1b9f31fb92f152bfb60ee53fe884e32f') in 0.0711469 seconds
Number of updated asset objects reloaded before import = 0Number of asset objects unloaded after import = 9

========================================================================
Received Import Request.
  Time since last request: 0.000030 seconds.
  path: Assets/Kit/Enviroment/enviroment tower defense/Models/FBX format/wood-structure-high-part.fbx
  artifactKey: Guid(a5ddb94f5f9435543bce3e5f6385fa83) Importer(815301076,1909f56bfc062723c751e8b465ee728b)
Start importing Assets/Kit/Enviroment/enviroment tower defense/Models/FBX format/wood-structure-high-part.fbx using Guid(a5ddb94f5f9435543bce3e5f6385fa83) Importer(815301076,1909f56bfc062723c751e8b465ee728b) (PreviewImporter) -> (artifact id: '77485296d6f76ec0d70a911f09909e7b') in 0.1993893 seconds
Number of updated asset objects reloaded before import = 0Number of asset objects unloaded after import = 9

========================================================================
Received Import Request.
  Time since last request: 0.000040 seconds.
  path: Assets/Kit/Enviroment/enviroment tower defense/Models/FBX format/tile.fbx
  artifactKey: Guid(4e98ad9ba4d68af44be3ad6db94f3fc2) Importer(815301076,1909f56bfc062723c751e8b465ee728b)
Start importing Assets/Kit/Enviroment/enviroment tower defense/Models/FBX format/tile.fbx using Guid(4e98ad9ba4d68af44be3ad6db94f3fc2) Importer(815301076,1909f56bfc062723c751e8b465ee728b) (PreviewImporter) -> (artifact id: 'b20b01dea7d0c43d0be6171c2149be2e') in 0.0787904 seconds
Number of updated asset objects reloaded before import = 0Number of asset objects unloaded after import = 9

========================================================================
Received Import Request.
  Time since last request: 0.000053 seconds.
  path: Assets/Kit/Enviroment/enviroment tower defense/Models/FBX format/tower-round-build-f.fbx
  artifactKey: Guid(811cfbef3741aa34ab55342c8eae1cce) Importer(815301076,1909f56bfc062723c751e8b465ee728b)
Start importing Assets/Kit/Enviroment/enviroment tower defense/Models/FBX format/tower-round-build-f.fbx using Guid(811cfbef3741aa34ab55342c8eae1cce) Importer(815301076,1909f56bfc062723c751e8b465ee728b) (PreviewImporter) -> (artifact id: '80a6ff1e696690b60d81ceac64092077') in 0.1416302 seconds
Number of updated asset objects reloaded before import = 0Number of asset objects unloaded after import = 9

========================================================================
Received Import Request.
  Time since last request: 0.000034 seconds.
  path: Assets/Kit/Enviroment/enviroment tower defense/Models/FBX format/tile-tree-double.fbx
  artifactKey: Guid(c32862b65cc38244092f0a9b4c4f7cc8) Importer(815301076,1909f56bfc062723c751e8b465ee728b)
Start importing Assets/Kit/Enviroment/enviroment tower defense/Models/FBX format/tile-tree-double.fbx using Guid(c32862b65cc38244092f0a9b4c4f7cc8) Importer(815301076,1909f56bfc062723c751e8b465ee728b) (PreviewImporter) -> (artifact id: 'b095347942f695ccf8565af49c39c2d8') in 0.0857183 seconds
Number of updated asset objects reloaded before import = 0Number of asset objects unloaded after import = 9

========================================================================
Received Import Request.
  Time since last request: 0.000039 seconds.
  path: Assets/Kit/Enviroment/enviroment tower defense/Models/FBX format/tile-river-waterfall.fbx
  artifactKey: Guid(6a581fd38c1a91b4184193acbfe93283) Importer(815301076,1909f56bfc062723c751e8b465ee728b)
Start importing Assets/Kit/Enviroment/enviroment tower defense/Models/FBX format/tile-river-waterfall.fbx using Guid(6a581fd38c1a91b4184193acbfe93283) Importer(815301076,1909f56bfc062723c751e8b465ee728b) (PreviewImporter) -> (artifact id: '6d233fd1bc79581a9d1e296c358de875') in 0.153414 seconds
Number of updated asset objects reloaded before import = 0Number of asset objects unloaded after import = 9

========================================================================
Received Import Request.
  Time since last request: 0.000046 seconds.
  path: Assets/Kit/Enviroment/enviroment tower defense/Models/FBX format/tile-river-corner.fbx
  artifactKey: Guid(6906d3c15b1ef3047857d42e74689f26) Importer(815301076,1909f56bfc062723c751e8b465ee728b)
Start importing Assets/Kit/Enviroment/enviroment tower defense/Models/FBX format/tile-river-corner.fbx using Guid(6906d3c15b1ef3047857d42e74689f26) Importer(815301076,1909f56bfc062723c751e8b465ee728b) (PreviewImporter) -> (artifact id: '3f0016e542ca78dcb42b625f6ea36480') in 0.1734685 seconds
Number of updated asset objects reloaded before import = 0Number of asset objects unloaded after import = 9

========================================================================
Received Import Request.
  Time since last request: 0.000042 seconds.
  path: Assets/Kit/Enviroment/enviroment tower defense/Models/FBX format/tower-square-top-b.fbx
  artifactKey: Guid(b94ba1a0fb787f74987b78e366193e29) Importer(815301076,1909f56bfc062723c751e8b465ee728b)
Start importing Assets/Kit/Enviroment/enviroment tower defense/Models/FBX format/tower-square-top-b.fbx using Guid(b94ba1a0fb787f74987b78e366193e29) Importer(815301076,1909f56bfc062723c751e8b465ee728b) (PreviewImporter) -> (artifact id: '7372f7f6888de8db7d61ca1a109521a1') in 0.0811534 seconds
Number of updated asset objects reloaded before import = 0Number of asset objects unloaded after import = 9

========================================================================
Received Import Request.
  Time since last request: 0.000067 seconds.
  path: Assets/Kit/Enviroment/enviroment tower defense/Models/FBX format/weapon-ammo-bullet.fbx
  artifactKey: Guid(3f87962a82bed15409af6858fd146e0c) Importer(815301076,1909f56bfc062723c751e8b465ee728b)
Start importing Assets/Kit/Enviroment/enviroment tower defense/Models/FBX format/weapon-ammo-bullet.fbx using Guid(3f87962a82bed15409af6858fd146e0c) Importer(815301076,1909f56bfc062723c751e8b465ee728b) (PreviewImporter) -> (artifact id: '8af24b82e5619528aa4469f635d51eab') in 0.1953952 seconds
Number of updated asset objects reloaded before import = 0Number of asset objects unloaded after import = 9

========================================================================
Received Import Request.
  Time since last request: 0.000045 seconds.
  path: Assets/Kit/Enviroment/enviroment tower defense/Models/FBX format/weapon-catapult.fbx
  artifactKey: Guid(e2c71f233b6f1354985d40cf93ef4b32) Importer(815301076,1909f56bfc062723c751e8b465ee728b)
Start importing Assets/Kit/Enviroment/enviroment tower defense/Models/FBX format/weapon-catapult.fbx using Guid(e2c71f233b6f1354985d40cf93ef4b32) Importer(815301076,1909f56bfc062723c751e8b465ee728b) (PreviewImporter) -> (artifact id: '85bb56b1a9bf9935f47115b0f99ab1d8') in 0.3760832 seconds
Number of updated asset objects reloaded before import = 0Number of asset objects unloaded after import = 14

========================================================================
Received Import Request.
  Time since last request: 0.000049 seconds.
  path: Assets/Kit/Enviroment/enviroment tower defense/Models/FBX format/tile-corner-inner.fbx
  artifactKey: Guid(6a03a5281a87be647ad6063a75ab3acb) Importer(815301076,1909f56bfc062723c751e8b465ee728b)
Start importing Assets/Kit/Enviroment/enviroment tower defense/Models/FBX format/tile-corner-inner.fbx using Guid(6a03a5281a87be647ad6063a75ab3acb) Importer(815301076,1909f56bfc062723c751e8b465ee728b) (PreviewImporter) -> (artifact id: '733738156cc06c51434ed71456469479') in 0.1483288 seconds
Number of updated asset objects reloaded before import = 0Number of asset objects unloaded after import = 9

========================================================================
Received Import Request.
  Time since last request: 0.000032 seconds.
  path: Assets/Kit/Enviroment/enviroment tower defense/Models/FBX format/snow-tile-spawn-end.fbx
  artifactKey: Guid(ba6049fe27f98fb45b781d3bf075d32c) Importer(815301076,1909f56bfc062723c751e8b465ee728b)
Start importing Assets/Kit/Enviroment/enviroment tower defense/Models/FBX format/snow-tile-spawn-end.fbx using Guid(ba6049fe27f98fb45b781d3bf075d32c) Importer(815301076,1909f56bfc062723c751e8b465ee728b) (PreviewImporter) -> (artifact id: '7994f305599c86db289ab6e52b1f6aca') in 0.0729487 seconds
Number of updated asset objects reloaded before import = 0Number of asset objects unloaded after import = 9

========================================================================
Received Import Request.
  Time since last request: 0.000073 seconds.
  path: Assets/Kit/Enviroment/enviroment tower defense/Models/FBX format/tile-straight-slope.fbx
  artifactKey: Guid(22fe290099a548441ba8f9b410e1d4f2) Importer(815301076,1909f56bfc062723c751e8b465ee728b)
Start importing Assets/Kit/Enviroment/enviroment tower defense/Models/FBX format/tile-straight-slope.fbx using Guid(22fe290099a548441ba8f9b410e1d4f2) Importer(815301076,1909f56bfc062723c751e8b465ee728b) (PreviewImporter) -> (artifact id: 'a923ae8a4728c9ae72ecea3f1ed1094f') in 0.1111602 seconds
Number of updated asset objects reloaded before import = 0Number of asset objects unloaded after import = 9

========================================================================
Received Import Request.
  Time since last request: 0.000046 seconds.
  path: Assets/Kit/Enviroment/enviroment tower defense/Models/FBX format/snow-tile-transition.fbx
  artifactKey: Guid(bcfc94288b459874eab11a1a207bf318) Importer(815301076,1909f56bfc062723c751e8b465ee728b)
Start importing Assets/Kit/Enviroment/enviroment tower defense/Models/FBX format/snow-tile-transition.fbx using Guid(bcfc94288b459874eab11a1a207bf318) Importer(815301076,1909f56bfc062723c751e8b465ee728b) (PreviewImporter) -> (artifact id: '6cac77b01bee6dea0f82cd86c70ef463') in 0.2657679 seconds
Number of updated asset objects reloaded before import = 0Number of asset objects unloaded after import = 9

========================================================================
Received Import Request.
  Time since last request: 0.000036 seconds.
  path: Assets/Kit/Enviroment/enviroment tower defense/Models/FBX format/snow-tile-wide-straight.fbx
  artifactKey: Guid(d5d4d9a25432e424db75041dd341aefb) Importer(815301076,1909f56bfc062723c751e8b465ee728b)
Start importing Assets/Kit/Enviroment/enviroment tower defense/Models/FBX format/snow-tile-wide-straight.fbx using Guid(d5d4d9a25432e424db75041dd341aefb) Importer(815301076,1909f56bfc062723c751e8b465ee728b) (PreviewImporter) -> (artifact id: '49cd1359006a5709533366302c287451') in 0.3142793 seconds
Number of updated asset objects reloaded before import = 0Number of asset objects unloaded after import = 9

Editor requested this worker to shutdown with reason: Scaling down because of idle timeout
AssetImportWorker is now disconnected from the server
Process exiting
Exiting without the bug reporter. Application will terminate with return code 0