Using pre-set license
Built from '6000.0/staging' branch; Version is '6000.0.24f1 (11fa355cd605) revision 1178165'; Using compiler version '193933523'; Build Type 'Release'
OS: 'Windows 11  (10.0.26200) 64bit Core' Language: 'es' Physical Memory: 15917 MB
BatchMode: 1, IsHumanControllingUs: 0, StartBugReporterOnCrash: 0, Is64bit: 1, IsPro: 1

COMMAND LINE ARGUMENTS:
C:\Program Files\Unity 6000.0.24f1\Editor\Unity.exe
-adb2
-batchMode
-noUpm
-name
AssetImportWorker36
-projectPath
C:/Users/Diego/Desktop/Diego/Github/CreadorDeObjetos/My Creator Game
-logFile
Logs/AssetImportWorker36.log
-srvPort
58382
-job-worker-count
10
-background-job-worker-count
8
-asset-garbage-collectors
1
Successfully changed project path to: C:/Users/Diego/Desktop/Diego/Github/CreadorDeObjetos/My Creator Game
C:/Users/Diego/Desktop/Diego/Github/CreadorDeObjetos/My Creator Game
[UnityMemory] Configuration Parameters - Can be set up in boot.config
    "memorysetup-bucket-allocator-granularity=16"
    "memorysetup-bucket-allocator-bucket-count=8"
    "memorysetup-bucket-allocator-block-size=33554432"
    "memorysetup-bucket-allocator-block-count=8"
    "memorysetup-main-allocator-block-size=16777216"
    "memorysetup-thread-allocator-block-size=16777216"
    "memorysetup-gfx-main-allocator-block-size=16777216"
    "memorysetup-gfx-thread-allocator-block-size=16777216"
    "memorysetup-cache-allocator-block-size=4194304"
    "memorysetup-typetree-allocator-block-size=2097152"
    "memorysetup-profiler-bucket-allocator-granularity=16"
    "memorysetup-profiler-bucket-allocator-bucket-count=8"
    "memorysetup-profiler-bucket-allocator-block-size=33554432"
    "memorysetup-profiler-bucket-allocator-block-count=8"
    "memorysetup-profiler-allocator-block-size=16777216"
    "memorysetup-profiler-editor-allocator-block-size=1048576"
    "memorysetup-temp-allocator-size-main=16777216"
    "memorysetup-job-temp-allocator-block-size=2097152"
    "memorysetup-job-temp-allocator-block-size-background=1048576"
    "memorysetup-job-temp-allocator-reduction-small-platforms=262144"
    "memorysetup-allocator-temp-initial-block-size-main=262144"
    "memorysetup-allocator-temp-initial-block-size-worker=262144"
    "memorysetup-temp-allocator-size-background-worker=32768"
    "memorysetup-temp-allocator-size-job-worker=262144"
    "memorysetup-temp-allocator-size-preload-manager=33554432"
    "memorysetup-temp-allocator-size-nav-mesh-worker=65536"
    "memorysetup-temp-allocator-size-audio-worker=65536"
    "memorysetup-temp-allocator-size-cloud-worker=32768"
    "memorysetup-temp-allocator-size-gi-baking-worker=262144"
    "memorysetup-temp-allocator-size-gi-baking-worker=262144"
    "memorysetup-temp-allocator-size-gi-baking-worker=262144"
    "memorysetup-temp-allocator-size-gi-baking-worker=262144"
    "memorysetup-temp-allocator-size-gi-baking-worker=262144"
    "memorysetup-temp-allocator-size-gfx=262144"
Player connection [30584]  Target information:

Player connection [30584]  * "[IP] 192.168.1.54 [Port] 0 [Flags] 2 [Guid] 809636775 [EditorId] 809636775 [Version] 1048832 [Id] WindowsEditor(7,Asus-Zenbook-14) [Debug] 1 [PackageName] WindowsEditor [ProjectName] Editor" 

Player connection [30584] Host joined multi-casting on [225.0.0.222:54997]...
Player connection [30584] Host joined alternative multi-casting on [225.0.0.222:34997]...
JobSystem: Creating JobQueue using job-worker-count value 10
[Physics::Module] Initialized fallback backend.
[Physics::Module] Id: 0xdecafbad
Library Redirect Path: Library/
[Physics::Module] Selected backend.
[Physics::Module] Name: PhysX
[Physics::Module] Id: 0xf2b8ea05
[Physics::Module] SDK Version: 4.1.2
[Physics::Module] Integration Version: 1.0.0
[Physics::Module] Threading Mode: Multi-Threaded
Refreshing native plugins compatible for Editor in 186.32 ms, found 3 plugins.
Preloading 0 native plugins for Editor in 0.00 ms.
Initialize engine version: 6000.0.24f1 (11fa355cd605)
[Subsystems] Discovering subsystems at path C:/Program Files/Unity 6000.0.24f1/Editor/Data/Resources/UnitySubsystems
[Subsystems] Discovering subsystems at path C:/Users/Diego/Desktop/Diego/Github/CreadorDeObjetos/My Creator Game/Assets
GfxDevice: creating device client; kGfxThreadingModeNonThreaded
Direct3D:
    Version:  Direct3D 11.0 [level 11.1]
    Renderer: Intel(R) Arc(TM) Graphics (ID=0x7d55)
    Vendor:   Intel
    VRAM:     9073 MB
    Driver:   32.0.101.6314
Initialize mono
Mono path[0] = 'C:/Program Files/Unity 6000.0.24f1/Editor/Data/Managed'
Mono path[1] = 'C:/Program Files/Unity 6000.0.24f1/Editor/Data/MonoBleedingEdge/lib/mono/unityjit-win32'
Mono config path = 'C:/Program Files/Unity 6000.0.24f1/Editor/Data/MonoBleedingEdge/etc'
Using monoOptions --debugger-agent=transport=dt_socket,embedding=1,server=y,suspend=n,address=127.0.0.1:56288
Begin MonoManager ReloadAssembly
Registering precompiled unity dll's ...
Register platform support module: C:/Program Files/Unity 6000.0.24f1/Editor/Data/PlaybackEngines/WindowsStandaloneSupport/UnityEditor.WindowsStandalone.Extensions.dll
Registered in 0.120571 seconds.
- Loaded All Assemblies, in  8.424 seconds
Native extension for WindowsStandalone target not found
Mono: successfully reloaded assembly
- Finished resetting the current domain, in  0.475 seconds
Domain Reload Profiling: 8895ms
	BeginReloadAssembly (7646ms)
		ExecutionOrderSort (0ms)
		DisableScriptedObjects (0ms)
		BackupInstance (0ms)
		ReleaseScriptingObjects (0ms)
		CreateAndSetChildDomain (1ms)
	RebuildCommonClasses (234ms)
	RebuildNativeTypeToScriptingClass (16ms)
	initialDomainReloadingComplete (182ms)
	LoadAllAssembliesAndSetupDomain (342ms)
		LoadAssemblies (7642ms)
		RebuildTransferFunctionScriptingTraits (0ms)
		AnalyzeDomain (339ms)
			TypeCache.Refresh (337ms)
				TypeCache.ScanAssembly (321ms)
			BuildScriptInfoCaches (0ms)
			ResolveRequiredComponents (1ms)
	FinalizeReload (475ms)
		ReleaseScriptCaches (0ms)
		RebuildScriptCaches (0ms)
		SetupLoadedEditorAssemblies (422ms)
			LogAssemblyErrors (0ms)
			InitializePlatformSupportModulesInManaged (29ms)
			SetLoadedEditorAssemblies (4ms)
			BeforeProcessingInitializeOnLoad (7ms)
			ProcessInitializeOnLoadAttributes (262ms)
			ProcessInitializeOnLoadMethodAttributes (115ms)
			AfterProcessingInitializeOnLoad (4ms)
			EditorAssembliesLoaded (0ms)
		ExecutionOrderSort2 (0ms)
		AwakeInstancesAfterBackupRestoration (0ms)
========================================================================
Worker process is ready to serve import requests
Import Worker Mode flag is 0x00
Begin MonoManager ReloadAssembly
- Loaded All Assemblies, in  9.517 seconds
Refreshing native plugins compatible for Editor in 1.20 ms, found 3 plugins.
Native extension for WindowsStandalone target not found
Missing types referenced from component UniversalRenderPipelineGlobalSettings on game object UniversalRenderPipelineGlobalSettings:
	UnityEngine.Rendering.Universal.UniversalRenderPipelineEditorAssets, Unity.RenderPipelines.Universal.Runtime (1 object)
Mono: successfully reloaded assembly
- Finished resetting the current domain, in  1.639 seconds
Domain Reload Profiling: 11147ms
	BeginReloadAssembly (1799ms)
		ExecutionOrderSort (0ms)
		DisableScriptedObjects (7ms)
		BackupInstance (0ms)
		ReleaseScriptingObjects (0ms)
		CreateAndSetChildDomain (30ms)
	RebuildCommonClasses (39ms)
	RebuildNativeTypeToScriptingClass (13ms)
	initialDomainReloadingComplete (52ms)
	LoadAllAssembliesAndSetupDomain (7606ms)
		LoadAssemblies (7238ms)
		RebuildTransferFunctionScriptingTraits (0ms)
		AnalyzeDomain (484ms)
			TypeCache.Refresh (396ms)
				TypeCache.ScanAssembly (380ms)
			BuildScriptInfoCaches (73ms)
			ResolveRequiredComponents (11ms)
	FinalizeReload (1639ms)
		ReleaseScriptCaches (0ms)
		RebuildScriptCaches (0ms)
		SetupLoadedEditorAssemblies (881ms)
			LogAssemblyErrors (0ms)
			InitializePlatformSupportModulesInManaged (3ms)
			SetLoadedEditorAssemblies (4ms)
			BeforeProcessingInitializeOnLoad (87ms)
			ProcessInitializeOnLoadAttributes (628ms)
			ProcessInitializeOnLoadMethodAttributes (146ms)
			AfterProcessingInitializeOnLoad (13ms)
			EditorAssembliesLoaded (0ms)
		ExecutionOrderSort2 (0ms)
		AwakeInstancesAfterBackupRestoration (9ms)
Launched and connected shader compiler UnityShaderCompiler.exe after 0.02 seconds
Refreshing native plugins compatible for Editor in 1.54 ms, found 3 plugins.
Preloading 0 native plugins for Editor in 0.00 ms.
Unloading 212 Unused Serialized files (Serialized files now loaded: 0)
Unloading 6089 unused Assets / (4.2 MB). Loaded Objects now: 6874.
Memory consumption went from 208.5 MB to 204.3 MB.
Total: 8.445800 ms (FindLiveObjects: 0.617700 ms CreateObjectMapping: 0.356400 ms MarkObjects: 5.392800 ms  DeleteObjects: 2.077800 ms)

========================================================================
Received Import Request.
  Time since last request: 51583.686305 seconds.
  path: Assets/Kit/DungeonKit/fantasy town/Models_ext/Textures
  artifactKey: Guid(eff74bfd7a992d44e81785010f084a5c) Importer(815301076,1909f56bfc062723c751e8b465ee728b)
Start importing Assets/Kit/DungeonKit/fantasy town/Models_ext/Textures using Guid(eff74bfd7a992d44e81785010f084a5c) Importer(815301076,1909f56bfc062723c751e8b465ee728b) (PreviewImporter) -> (artifact id: '2e6d539f63afa827b7003a9d1bdc4bf6') in 0.0084764 seconds
Number of updated asset objects reloaded before import = 0Number of asset objects unloaded after import = 0

========================================================================
Received Import Request.
  Time since last request: 4.533580 seconds.
  path: Assets/Kit/DungeonKit/fantasy town/Models_ext/fantasyKit_ext/fence.fbx
  artifactKey: Guid(252041478f3e31f4a82cfed84a62d73b) Importer(815301076,1909f56bfc062723c751e8b465ee728b)
Start importing Assets/Kit/DungeonKit/fantasy town/Models_ext/fantasyKit_ext/fence.fbx using Guid(252041478f3e31f4a82cfed84a62d73b) Importer(815301076,1909f56bfc062723c751e8b465ee728b) (PreviewImporter) -> (artifact id: '200c63b4efa49e42fbf5f9265993f5a2') in 0.5886386 seconds
Number of updated asset objects reloaded before import = 0Number of asset objects unloaded after import = 9

========================================================================
Received Import Request.
  Time since last request: 0.000036 seconds.
  path: Assets/Kit/DungeonKit/fantasy town/Models_ext/fantasyKit_ext/iron-fence.fbx
  artifactKey: Guid(002b6f0808633654aaed3710a59f75c6) Importer(815301076,1909f56bfc062723c751e8b465ee728b)
Start importing Assets/Kit/DungeonKit/fantasy town/Models_ext/fantasyKit_ext/iron-fence.fbx using Guid(002b6f0808633654aaed3710a59f75c6) Importer(815301076,1909f56bfc062723c751e8b465ee728b) (PreviewImporter) -> (artifact id: 'baf2a47325364248c32109507e6f77aa') in 0.039894 seconds
Number of updated asset objects reloaded before import = 0Number of asset objects unloaded after import = 9

========================================================================
Received Import Request.
  Time since last request: 0.000084 seconds.
  path: Assets/Kit/DungeonKit/fantasy town/Models_ext/fantasyKit_ext/gravestone-decorative.fbx
  artifactKey: Guid(87a9539cf784029479cbcdd43e5e6be4) Importer(815301076,1909f56bfc062723c751e8b465ee728b)
Start importing Assets/Kit/DungeonKit/fantasy town/Models_ext/fantasyKit_ext/gravestone-decorative.fbx using Guid(87a9539cf784029479cbcdd43e5e6be4) Importer(815301076,1909f56bfc062723c751e8b465ee728b) (PreviewImporter) -> (artifact id: 'c1e5fcd4dfa5c52cb347f73bf6e4d000') in 0.0466516 seconds
Number of updated asset objects reloaded before import = 0Number of asset objects unloaded after import = 9

========================================================================
Received Import Request.
  Time since last request: 0.000036 seconds.
  path: Assets/Kit/DungeonKit/fantasy town/Models_ext/fantasyKit_ext/lightpost-double.fbx
  artifactKey: Guid(9dbb628924cddbe479388106896b9a37) Importer(815301076,1909f56bfc062723c751e8b465ee728b)
Start importing Assets/Kit/DungeonKit/fantasy town/Models_ext/fantasyKit_ext/lightpost-double.fbx using Guid(9dbb628924cddbe479388106896b9a37) Importer(815301076,1909f56bfc062723c751e8b465ee728b) (PreviewImporter) -> (artifact id: '35eef195a60fa304c181c1ef55ffd9df') in 0.0423641 seconds
Number of updated asset objects reloaded before import = 0Number of asset objects unloaded after import = 9

========================================================================
Received Import Request.
  Time since last request: 0.000029 seconds.
  path: Assets/Kit/DungeonKit/fantasy town/Models_ext/fantasyKit_ext/iron-fence-bar.fbx
  artifactKey: Guid(1aaf745490145ee4bbe5670eef0692cf) Importer(815301076,1909f56bfc062723c751e8b465ee728b)
Start importing Assets/Kit/DungeonKit/fantasy town/Models_ext/fantasyKit_ext/iron-fence-bar.fbx using Guid(1aaf745490145ee4bbe5670eef0692cf) Importer(815301076,1909f56bfc062723c751e8b465ee728b) (PreviewImporter) -> (artifact id: '0f5e33fa48d5afacb07c68a836710c8c') in 0.0430874 seconds
Number of updated asset objects reloaded before import = 0Number of asset objects unloaded after import = 9

========================================================================
Received Import Request.
  Time since last request: 0.000048 seconds.
  path: Assets/Kit/DungeonKit/fantasy town/Models_ext/fantasyKit_ext/pillar-small.fbx
  artifactKey: Guid(58a68cba3ff76e24cb876651abb3acd6) Importer(815301076,1909f56bfc062723c751e8b465ee728b)
Start importing Assets/Kit/DungeonKit/fantasy town/Models_ext/fantasyKit_ext/pillar-small.fbx using Guid(58a68cba3ff76e24cb876651abb3acd6) Importer(815301076,1909f56bfc062723c751e8b465ee728b) (PreviewImporter) -> (artifact id: 'b9c9554201a94a4b706a24e6cc5a5a11') in 0.0419853 seconds
Number of updated asset objects reloaded before import = 0Number of asset objects unloaded after import = 9

========================================================================
Received Import Request.
  Time since last request: 0.000046 seconds.
  path: Assets/Kit/DungeonKit/fantasy town/Models_ext/fantasyKit_ext/pumpkin-carved.fbx
  artifactKey: Guid(560440dfb881d1c468347e3d21661542) Importer(815301076,1909f56bfc062723c751e8b465ee728b)
Start importing Assets/Kit/DungeonKit/fantasy town/Models_ext/fantasyKit_ext/pumpkin-carved.fbx using Guid(560440dfb881d1c468347e3d21661542) Importer(815301076,1909f56bfc062723c751e8b465ee728b) (PreviewImporter) -> (artifact id: 'fecbfe4e8c954fe50e62b2ccaf06dfe1') in 0.041192 seconds
Number of updated asset objects reloaded before import = 0Number of asset objects unloaded after import = 9

========================================================================
Received Import Request.
  Time since last request: 0.000040 seconds.
  path: Assets/Kit/DungeonKit/fantasy town/Models_ext/fantasyKit_ext/pumpkin-tall.fbx
  artifactKey: Guid(1dbd36e247fcf6c4a8f332a1fc798876) Importer(815301076,1909f56bfc062723c751e8b465ee728b)
Start importing Assets/Kit/DungeonKit/fantasy town/Models_ext/fantasyKit_ext/pumpkin-tall.fbx using Guid(1dbd36e247fcf6c4a8f332a1fc798876) Importer(815301076,1909f56bfc062723c751e8b465ee728b) (PreviewImporter) -> (artifact id: 'b2a857f7cc98384fe56a58b69e5104ac') in 0.0447845 seconds
Number of updated asset objects reloaded before import = 0Number of asset objects unloaded after import = 9

========================================================================
Received Import Request.
  Time since last request: 0.000034 seconds.
  path: Assets/Kit/DungeonKit/fantasy town/Models_ext/fantasyKit_ext/hay-bale-bundled.fbx
  artifactKey: Guid(789ec722f912c8f4794703ca783fb49a) Importer(815301076,1909f56bfc062723c751e8b465ee728b)
Start importing Assets/Kit/DungeonKit/fantasy town/Models_ext/fantasyKit_ext/hay-bale-bundled.fbx using Guid(789ec722f912c8f4794703ca783fb49a) Importer(815301076,1909f56bfc062723c751e8b465ee728b) (PreviewImporter) -> (artifact id: '275464e7c613acff075aa3026f9fc564') in 0.0432803 seconds
Number of updated asset objects reloaded before import = 0Number of asset objects unloaded after import = 9

========================================================================
Received Import Request.
  Time since last request: 0.000051 seconds.
  path: Assets/Kit/DungeonKit/fantasy town/Models_ext/fantasyKit_ext/pillar-square.fbx
  artifactKey: Guid(23f22fdf7a2083141b36766a50663bd6) Importer(815301076,1909f56bfc062723c751e8b465ee728b)
Start importing Assets/Kit/DungeonKit/fantasy town/Models_ext/fantasyKit_ext/pillar-square.fbx using Guid(23f22fdf7a2083141b36766a50663bd6) Importer(815301076,1909f56bfc062723c751e8b465ee728b) (PreviewImporter) -> (artifact id: '73f8fa54ab3d248cf8bd35df5130f3a4') in 0.0405968 seconds
Number of updated asset objects reloaded before import = 0Number of asset objects unloaded after import = 9

========================================================================
Received Import Request.
  Time since last request: 0.000039 seconds.
  path: Assets/Kit/DungeonKit/fantasy town/Models_ext/fantasyKit_ext/pine.fbx
  artifactKey: Guid(82717b963fc13204b9e226abefdb1cfe) Importer(815301076,1909f56bfc062723c751e8b465ee728b)
Start importing Assets/Kit/DungeonKit/fantasy town/Models_ext/fantasyKit_ext/pine.fbx using Guid(82717b963fc13204b9e226abefdb1cfe) Importer(815301076,1909f56bfc062723c751e8b465ee728b) (PreviewImporter) -> (artifact id: '492e5ea0397c6f180480375182dd88b0') in 0.0445918 seconds
Number of updated asset objects reloaded before import = 0Number of asset objects unloaded after import = 9

========================================================================
Received Import Request.
  Time since last request: 0.000026 seconds.
  path: Assets/Kit/DungeonKit/fantasy town/Models_ext/fantasyKit_ext/lightpost-single.fbx
  artifactKey: Guid(e0cb7d808d90fd54084b32e221c61e36) Importer(815301076,1909f56bfc062723c751e8b465ee728b)
Start importing Assets/Kit/DungeonKit/fantasy town/Models_ext/fantasyKit_ext/lightpost-single.fbx using Guid(e0cb7d808d90fd54084b32e221c61e36) Importer(815301076,1909f56bfc062723c751e8b465ee728b) (PreviewImporter) -> (artifact id: '19e341ab50d3614dc866bbe68605c926') in 0.0416384 seconds
Number of updated asset objects reloaded before import = 0Number of asset objects unloaded after import = 9

========================================================================
Received Import Request.
  Time since last request: 0.000043 seconds.
  path: Assets/Kit/DungeonKit/fantasy town/Models_ext/fantasyKit_ext/gravestone-wide.fbx
  artifactKey: Guid(b3450e3d7ef2f524a81f9cab804b6bdc) Importer(815301076,1909f56bfc062723c751e8b465ee728b)
Start importing Assets/Kit/DungeonKit/fantasy town/Models_ext/fantasyKit_ext/gravestone-wide.fbx using Guid(b3450e3d7ef2f524a81f9cab804b6bdc) Importer(815301076,1909f56bfc062723c751e8b465ee728b) (PreviewImporter) -> (artifact id: '96b9ef53539f6fca0826d3403b5d03c7') in 0.0423644 seconds
Number of updated asset objects reloaded before import = 0Number of asset objects unloaded after import = 9

========================================================================
Received Import Request.
  Time since last request: 0.000044 seconds.
  path: Assets/Kit/DungeonKit/fantasy town/Models_ext/fantasyKit_ext/pine-fall.fbx
  artifactKey: Guid(6aaae8244673c16489ce9bab03a7c3e8) Importer(815301076,1909f56bfc062723c751e8b465ee728b)
Start importing Assets/Kit/DungeonKit/fantasy town/Models_ext/fantasyKit_ext/pine-fall.fbx using Guid(6aaae8244673c16489ce9bab03a7c3e8) Importer(815301076,1909f56bfc062723c751e8b465ee728b) (PreviewImporter) -> (artifact id: 'b838a293fd40d936010f0e542f32d9d2') in 0.037172 seconds
Number of updated asset objects reloaded before import = 0Number of asset objects unloaded after import = 9

========================================================================
Received Import Request.
  Time since last request: 0.000044 seconds.
  path: Assets/Kit/DungeonKit/fantasy town/Models_ext/fantasyKit_ext/iron-fence-damaged.fbx
  artifactKey: Guid(620a7c28275e36f4cb33869b4fe28bc8) Importer(815301076,1909f56bfc062723c751e8b465ee728b)
Start importing Assets/Kit/DungeonKit/fantasy town/Models_ext/fantasyKit_ext/iron-fence-damaged.fbx using Guid(620a7c28275e36f4cb33869b4fe28bc8) Importer(815301076,1909f56bfc062723c751e8b465ee728b) (PreviewImporter) -> (artifact id: 'f1b5a2130f12f6a361bb939d459dc97f') in 0.0413429 seconds
Number of updated asset objects reloaded before import = 0Number of asset objects unloaded after import = 9

========================================================================
Received Import Request.
  Time since last request: 0.000043 seconds.
  path: Assets/Kit/DungeonKit/fantasy town/Models_ext/fantasyKit_ext/gravestone-round.fbx
  artifactKey: Guid(7deabfccc33cf034cb23af67f3143fe0) Importer(815301076,1909f56bfc062723c751e8b465ee728b)
Start importing Assets/Kit/DungeonKit/fantasy town/Models_ext/fantasyKit_ext/gravestone-round.fbx using Guid(7deabfccc33cf034cb23af67f3143fe0) Importer(815301076,1909f56bfc062723c751e8b465ee728b) (PreviewImporter) -> (artifact id: 'e26a8942f7fae0dbe8c54658fa29c030') in 0.0438351 seconds
Number of updated asset objects reloaded before import = 0Number of asset objects unloaded after import = 9

========================================================================
Received Import Request.
  Time since last request: 0.000032 seconds.
  path: Assets/Kit/DungeonKit/fantasy town/Models_ext/fantasyKit_ext/gravestone-roof.fbx
  artifactKey: Guid(edd1557d730881a4c8207dc8dd05f484) Importer(815301076,1909f56bfc062723c751e8b465ee728b)
Start importing Assets/Kit/DungeonKit/fantasy town/Models_ext/fantasyKit_ext/gravestone-roof.fbx using Guid(edd1557d730881a4c8207dc8dd05f484) Importer(815301076,1909f56bfc062723c751e8b465ee728b) (PreviewImporter) -> (artifact id: '7367940aeff6a79b28f32f00552f4e19') in 0.039392 seconds
Number of updated asset objects reloaded before import = 0Number of asset objects unloaded after import = 9

========================================================================
Received Import Request.
  Time since last request: 0.000051 seconds.
  path: Assets/Kit/DungeonKit/fantasy town/Models_ext/fantasyKit_ext/fence-gate.fbx
  artifactKey: Guid(799e1f20fc4f7894b94bfb0dfa734af0) Importer(815301076,1909f56bfc062723c751e8b465ee728b)
Start importing Assets/Kit/DungeonKit/fantasy town/Models_ext/fantasyKit_ext/fence-gate.fbx using Guid(799e1f20fc4f7894b94bfb0dfa734af0) Importer(815301076,1909f56bfc062723c751e8b465ee728b) (PreviewImporter) -> (artifact id: '19010b346c071caf8a11abf24b9d74b8') in 0.0448619 seconds
Number of updated asset objects reloaded before import = 0Number of asset objects unloaded after import = 9

========================================================================
Received Import Request.
  Time since last request: 0.000042 seconds.
  path: Assets/Kit/DungeonKit/fantasy town/Models_ext/fantasyKit_ext/gravestone-debris.fbx
  artifactKey: Guid(18da2a5b641fb534389ce62627726c8e) Importer(815301076,1909f56bfc062723c751e8b465ee728b)
Start importing Assets/Kit/DungeonKit/fantasy town/Models_ext/fantasyKit_ext/gravestone-debris.fbx using Guid(18da2a5b641fb534389ce62627726c8e) Importer(815301076,1909f56bfc062723c751e8b465ee728b) (PreviewImporter) -> (artifact id: '74c4ee3641678030ad20cfcf5de0b7eb') in 0.0432677 seconds
Number of updated asset objects reloaded before import = 0Number of asset objects unloaded after import = 9

========================================================================
Received Import Request.
  Time since last request: 0.000027 seconds.
  path: Assets/Kit/DungeonKit/fantasy town/Models_ext/fantasyKit_ext/fire-basket.fbx
  artifactKey: Guid(72982752845ad5641ab18e4c1b4167f8) Importer(815301076,1909f56bfc062723c751e8b465ee728b)
Start importing Assets/Kit/DungeonKit/fantasy town/Models_ext/fantasyKit_ext/fire-basket.fbx using Guid(72982752845ad5641ab18e4c1b4167f8) Importer(815301076,1909f56bfc062723c751e8b465ee728b) (PreviewImporter) -> (artifact id: '910e795c86f46df6de17672573543b03') in 0.0431317 seconds
Number of updated asset objects reloaded before import = 0Number of asset objects unloaded after import = 9

========================================================================
Received Import Request.
  Time since last request: 0.000026 seconds.
  path: Assets/Kit/DungeonKit/fantasy town/Models_ext/fantasyKit_ext/pumpkin-tall-carved.fbx
  artifactKey: Guid(7b363010665da704ab7e456eabe42f8f) Importer(815301076,1909f56bfc062723c751e8b465ee728b)
Start importing Assets/Kit/DungeonKit/fantasy town/Models_ext/fantasyKit_ext/pumpkin-tall-carved.fbx using Guid(7b363010665da704ab7e456eabe42f8f) Importer(815301076,1909f56bfc062723c751e8b465ee728b) (PreviewImporter) -> (artifact id: '826033e6f7410bcb1830aeb1795f18f8') in 0.0359576 seconds
Number of updated asset objects reloaded before import = 0Number of asset objects unloaded after import = 9

========================================================================
Received Import Request.
  Time since last request: 0.000029 seconds.
  path: Assets/Kit/DungeonKit/fantasy town/Models_ext/fantasyKit_ext/road.fbx
  artifactKey: Guid(57c30b7b0baad734ebd5124e4c1466dc) Importer(815301076,1909f56bfc062723c751e8b465ee728b)
Start importing Assets/Kit/DungeonKit/fantasy town/Models_ext/fantasyKit_ext/road.fbx using Guid(57c30b7b0baad734ebd5124e4c1466dc) Importer(815301076,1909f56bfc062723c751e8b465ee728b) (PreviewImporter) -> (artifact id: 'b5fa4d4d4172eac0c77694c18dbc6cc1') in 0.0365364 seconds
Number of updated asset objects reloaded before import = 0Number of asset objects unloaded after import = 9

========================================================================
Received Import Request.
  Time since last request: 0.000032 seconds.
  path: Assets/Kit/DungeonKit/fantasy town/Models_ext/fantasyKit_ext/trunk-long.fbx
  artifactKey: Guid(0e7100f98dec78948846aa386d4dd382) Importer(815301076,1909f56bfc062723c751e8b465ee728b)
Start importing Assets/Kit/DungeonKit/fantasy town/Models_ext/fantasyKit_ext/trunk-long.fbx using Guid(0e7100f98dec78948846aa386d4dd382) Importer(815301076,1909f56bfc062723c751e8b465ee728b) (PreviewImporter) -> (artifact id: '3bb1715a04ec4d4305ef5559a919f146') in 0.0483066 seconds
Number of updated asset objects reloaded before import = 0Number of asset objects unloaded after import = 9

========================================================================
Received Import Request.
  Time since last request: 0.000026 seconds.
  path: Assets/Kit/DungeonKit/fantasy town/Models_ext/fantasyKit_ext/stone-wall-column.fbx
  artifactKey: Guid(58dc369289ae0af449f4e5c28bf39ff6) Importer(815301076,1909f56bfc062723c751e8b465ee728b)
Start importing Assets/Kit/DungeonKit/fantasy town/Models_ext/fantasyKit_ext/stone-wall-column.fbx using Guid(58dc369289ae0af449f4e5c28bf39ff6) Importer(815301076,1909f56bfc062723c751e8b465ee728b) (PreviewImporter) -> (artifact id: '92c8e7441ba8eaf409fb5e394c20b25e') in 0.0447368 seconds
Number of updated asset objects reloaded before import = 0Number of asset objects unloaded after import = 9

========================================================================
Received Import Request.
  Time since last request: 0.000029 seconds.
  path: Assets/Kit/DungeonKit/fantasy town/Models_ext/fantasyKit_ext/rocks.fbx
  artifactKey: Guid(6916401790eb3384a8b908130fee0b76) Importer(815301076,1909f56bfc062723c751e8b465ee728b)
Start importing Assets/Kit/DungeonKit/fantasy town/Models_ext/fantasyKit_ext/rocks.fbx using Guid(6916401790eb3384a8b908130fee0b76) Importer(815301076,1909f56bfc062723c751e8b465ee728b) (PreviewImporter) -> (artifact id: 'f3769f26e575b250de4ba1a4e9ef75c2') in 0.0421036 seconds
Number of updated asset objects reloaded before import = 0Number of asset objects unloaded after import = 9

========================================================================
Received Import Request.
  Time since last request: 0.000051 seconds.
  path: Assets/Kit/DungeonKit/fantasy town/Models_ext/fantasyKit_ext/rocks-tall.fbx
  artifactKey: Guid(c9a9f42d1949a264ab114964af7fa3dd) Importer(815301076,1909f56bfc062723c751e8b465ee728b)
Start importing Assets/Kit/DungeonKit/fantasy town/Models_ext/fantasyKit_ext/rocks-tall.fbx using Guid(c9a9f42d1949a264ab114964af7fa3dd) Importer(815301076,1909f56bfc062723c751e8b465ee728b) (PreviewImporter) -> (artifact id: '297296bff60e953125e90e13ff50ba6e') in 0.046031 seconds
Number of updated asset objects reloaded before import = 0Number of asset objects unloaded after import = 9

========================================================================
Received Import Request.
  Time since last request: 0.000054 seconds.
  path: Assets/Kit/DungeonKit/fantasy town/Models_ext/fantasyKit_ext/trunk.fbx
  artifactKey: Guid(91a9164747414cb489a8bd21c59f4c7e) Importer(815301076,1909f56bfc062723c751e8b465ee728b)
Start importing Assets/Kit/DungeonKit/fantasy town/Models_ext/fantasyKit_ext/trunk.fbx using Guid(91a9164747414cb489a8bd21c59f4c7e) Importer(815301076,1909f56bfc062723c751e8b465ee728b) (PreviewImporter) -> (artifact id: '4888acf8aee3de1b85ab137494b86284') in 0.0596313 seconds
Number of updated asset objects reloaded before import = 0Number of asset objects unloaded after import = 9

========================================================================
Received Import Request.
  Time since last request: 56.047393 seconds.
  path: Assets/Kit/DungeonKit/fantasy town/Models_ext/fantasyKit_ext/altar-stone.fbx
  artifactKey: Guid(46339c9020c7b0f43b87b9c368c578ad) Importer(815301076,1909f56bfc062723c751e8b465ee728b)
Start importing Assets/Kit/DungeonKit/fantasy town/Models_ext/fantasyKit_ext/altar-stone.fbx using Guid(46339c9020c7b0f43b87b9c368c578ad) Importer(815301076,1909f56bfc062723c751e8b465ee728b) (PreviewImporter) -> (artifact id: 'ab408533a29e95f5af2015a7a3cc85ae') in 0.0592609 seconds
Number of updated asset objects reloaded before import = 0Number of asset objects unloaded after import = 9

========================================================================
Received Import Request.
  Time since last request: 0.000034 seconds.
  path: Assets/Kit/DungeonKit/fantasy town/Models_ext/fantasyKit_ext/brick-wall-end.fbx
  artifactKey: Guid(d5574a8221a032444b0df08952a4540a) Importer(815301076,1909f56bfc062723c751e8b465ee728b)
Start importing Assets/Kit/DungeonKit/fantasy town/Models_ext/fantasyKit_ext/brick-wall-end.fbx using Guid(d5574a8221a032444b0df08952a4540a) Importer(815301076,1909f56bfc062723c751e8b465ee728b) (PreviewImporter) -> (artifact id: '9ffa391ffaee4fcfb0e6dd718268ae04') in 0.0625681 seconds
Number of updated asset objects reloaded before import = 0Number of asset objects unloaded after import = 9

========================================================================
Received Import Request.
  Time since last request: 0.000038 seconds.
  path: Assets/Kit/DungeonKit/fantasy town/Models_ext/fantasyKit_ext/crypt-a.fbx
  artifactKey: Guid(fbb0775c9ad464b4ab5d480689abed90) Importer(815301076,1909f56bfc062723c751e8b465ee728b)
Start importing Assets/Kit/DungeonKit/fantasy town/Models_ext/fantasyKit_ext/crypt-a.fbx using Guid(fbb0775c9ad464b4ab5d480689abed90) Importer(815301076,1909f56bfc062723c751e8b465ee728b) (PreviewImporter) -> (artifact id: 'deafded934b1446fb23ef72e6667eba4') in 0.0592369 seconds
Number of updated asset objects reloaded before import = 0Number of asset objects unloaded after import = 9

========================================================================
Received Import Request.
  Time since last request: 0.000047 seconds.
  path: Assets/Kit/DungeonKit/fantasy town/Models_ext/fantasyKit_ext/fence.fbx
  artifactKey: Guid(252041478f3e31f4a82cfed84a62d73b) Importer(815301076,1909f56bfc062723c751e8b465ee728b)
Start importing Assets/Kit/DungeonKit/fantasy town/Models_ext/fantasyKit_ext/fence.fbx using Guid(252041478f3e31f4a82cfed84a62d73b) Importer(815301076,1909f56bfc062723c751e8b465ee728b) (PreviewImporter) -> (artifact id: '34ee15b92f4a85164f9ebc03b4860274') in 0.0547747 seconds
Number of updated asset objects reloaded before import = 0Number of asset objects unloaded after import = 9

========================================================================
Received Import Request.
  Time since last request: 0.000031 seconds.
  path: Assets/Kit/DungeonKit/fantasy town/Models_ext/fantasyKit_ext/brick-wall-curve-small.fbx
  artifactKey: Guid(ee9eeb054024401469e172d240129d28) Importer(815301076,1909f56bfc062723c751e8b465ee728b)
Start importing Assets/Kit/DungeonKit/fantasy town/Models_ext/fantasyKit_ext/brick-wall-curve-small.fbx using Guid(ee9eeb054024401469e172d240129d28) Importer(815301076,1909f56bfc062723c751e8b465ee728b) (PreviewImporter) -> (artifact id: 'dae0c9de5d4c40ffa18d855fce90c406') in 0.0492133 seconds
Number of updated asset objects reloaded before import = 0Number of asset objects unloaded after import = 9

========================================================================
Received Import Request.
  Time since last request: 0.000036 seconds.
  path: Assets/Kit/DungeonKit/fantasy town/Models_ext/fantasyKit_ext/candle-multiple.fbx
  artifactKey: Guid(ba68eada700b994428c8fb0a468d7c79) Importer(815301076,1909f56bfc062723c751e8b465ee728b)
Start importing Assets/Kit/DungeonKit/fantasy town/Models_ext/fantasyKit_ext/candle-multiple.fbx using Guid(ba68eada700b994428c8fb0a468d7c79) Importer(815301076,1909f56bfc062723c751e8b465ee728b) (PreviewImporter) -> (artifact id: '9417ba747c4223d0726d86bec74e0906') in 0.0510842 seconds
Number of updated asset objects reloaded before import = 0Number of asset objects unloaded after import = 9

========================================================================
Received Import Request.
  Time since last request: 0.000051 seconds.
  path: Assets/Kit/DungeonKit/fantasy town/Models_ext/fantasyKit_ext/detail-plate.fbx
  artifactKey: Guid(6d4931f21df16e64c9113c4e1be02e2a) Importer(815301076,1909f56bfc062723c751e8b465ee728b)
Start importing Assets/Kit/DungeonKit/fantasy town/Models_ext/fantasyKit_ext/detail-plate.fbx using Guid(6d4931f21df16e64c9113c4e1be02e2a) Importer(815301076,1909f56bfc062723c751e8b465ee728b) (PreviewImporter) -> (artifact id: '9c19fb5bdd8d742a03128de6ba72f832') in 0.0814686 seconds
Number of updated asset objects reloaded before import = 0Number of asset objects unloaded after import = 9

========================================================================
Received Import Request.
  Time since last request: 0.000037 seconds.
  path: Assets/Kit/DungeonKit/fantasy town/Models_ext/fantasyKit_ext/character-keeper.fbx
  artifactKey: Guid(05e1b4da1c85c7b4e859808725d320f6) Importer(815301076,1909f56bfc062723c751e8b465ee728b)
Start importing Assets/Kit/DungeonKit/fantasy town/Models_ext/fantasyKit_ext/character-keeper.fbx using Guid(05e1b4da1c85c7b4e859808725d320f6) Importer(815301076,1909f56bfc062723c751e8b465ee728b) (PreviewImporter) -> (artifact id: '6e8699f82a437776549822d86029c88b') in 0.3437767 seconds
Number of updated asset objects reloaded before import = 0Number of asset objects unloaded after import = 70

========================================================================
Received Import Request.
  Time since last request: 0.000058 seconds.
  path: Assets/Kit/DungeonKit/fantasy town/Models_ext/fantasyKit_ext/crypt-large.fbx
  artifactKey: Guid(b055709f73d7bc641b3534a4ca12d9bd) Importer(815301076,1909f56bfc062723c751e8b465ee728b)
Start importing Assets/Kit/DungeonKit/fantasy town/Models_ext/fantasyKit_ext/crypt-large.fbx using Guid(b055709f73d7bc641b3534a4ca12d9bd) Importer(815301076,1909f56bfc062723c751e8b465ee728b) (PreviewImporter) -> (artifact id: '65ebca8a7580fd1c32093043a51327bf') in 0.0674687 seconds
Number of updated asset objects reloaded before import = 0Number of asset objects unloaded after import = 9

========================================================================
Received Import Request.
  Time since last request: 0.000063 seconds.
  path: Assets/Kit/DungeonKit/fantasy town/Models_ext/fantasyKit_ext/gravestone-broken.fbx
  artifactKey: Guid(840057f92f53f2844bb466cd30d7aebe) Importer(815301076,1909f56bfc062723c751e8b465ee728b)
Start importing Assets/Kit/DungeonKit/fantasy town/Models_ext/fantasyKit_ext/gravestone-broken.fbx using Guid(840057f92f53f2844bb466cd30d7aebe) Importer(815301076,1909f56bfc062723c751e8b465ee728b) (PreviewImporter) -> (artifact id: '0fff81d3d6a50b5f9bc7ec8028c08979') in 0.1174923 seconds
Number of updated asset objects reloaded before import = 0Number of asset objects unloaded after import = 9

========================================================================
Received Import Request.
  Time since last request: 0.000034 seconds.
  path: Assets/Kit/DungeonKit/fantasy town/Models_ext/fantasyKit_ext/hay-bale.fbx
  artifactKey: Guid(82c9607cc1fbf6447b5ea629a1d304ba) Importer(815301076,1909f56bfc062723c751e8b465ee728b)
Start importing Assets/Kit/DungeonKit/fantasy town/Models_ext/fantasyKit_ext/hay-bale.fbx using Guid(82c9607cc1fbf6447b5ea629a1d304ba) Importer(815301076,1909f56bfc062723c751e8b465ee728b) (PreviewImporter) -> (artifact id: 'a156092da02f5c1c41ec02c012896158') in 0.0733432 seconds
Number of updated asset objects reloaded before import = 0Number of asset objects unloaded after import = 9

========================================================================
Received Import Request.
  Time since last request: 0.000038 seconds.
  path: Assets/Kit/DungeonKit/fantasy town/Models_ext/fantasyKit_ext/grave.fbx
  artifactKey: Guid(82b3210edfb1eca4d951e9e9764c5a9a) Importer(815301076,1909f56bfc062723c751e8b465ee728b)
Start importing Assets/Kit/DungeonKit/fantasy town/Models_ext/fantasyKit_ext/grave.fbx using Guid(82b3210edfb1eca4d951e9e9764c5a9a) Importer(815301076,1909f56bfc062723c751e8b465ee728b) (PreviewImporter) -> (artifact id: 'b050e882130e1f095be518c82bb92c9a') in 0.1779635 seconds
Number of updated asset objects reloaded before import = 0Number of asset objects unloaded after import = 9

========================================================================
Received Import Request.
  Time since last request: 0.000055 seconds.
  path: Assets/Kit/DungeonKit/fantasy town/Models_ext/fantasyKit_ext/lightpost-single.fbx
  artifactKey: Guid(e0cb7d808d90fd54084b32e221c61e36) Importer(815301076,1909f56bfc062723c751e8b465ee728b)
Start importing Assets/Kit/DungeonKit/fantasy town/Models_ext/fantasyKit_ext/lightpost-single.fbx using Guid(e0cb7d808d90fd54084b32e221c61e36) Importer(815301076,1909f56bfc062723c751e8b465ee728b) (PreviewImporter) -> (artifact id: 'ee54bbe01d15d26d7e05d386227a8072') in 0.1925174 seconds
Number of updated asset objects reloaded before import = 0Number of asset objects unloaded after import = 9

========================================================================
Received Import Request.
  Time since last request: 0.000040 seconds.
  path: Assets/Kit/DungeonKit/fantasy town/Models_ext/fantasyKit_ext/grave-border.fbx
  artifactKey: Guid(24d3feaf242b56d4cb541a0c7fa49199) Importer(815301076,1909f56bfc062723c751e8b465ee728b)
Start importing Assets/Kit/DungeonKit/fantasy town/Models_ext/fantasyKit_ext/grave-border.fbx using Guid(24d3feaf242b56d4cb541a0c7fa49199) Importer(815301076,1909f56bfc062723c751e8b465ee728b) (PreviewImporter) -> (artifact id: '1588e76c4ac7fbb1b334d402ad07ff23') in 0.2218784 seconds
Number of updated asset objects reloaded before import = 0Number of asset objects unloaded after import = 9

========================================================================
Received Import Request.
  Time since last request: 0.000111 seconds.
  path: Assets/Kit/DungeonKit/fantasy town/Models_ext/fantasyKit_ext/fence-gate.fbx
  artifactKey: Guid(799e1f20fc4f7894b94bfb0dfa734af0) Importer(815301076,1909f56bfc062723c751e8b465ee728b)
Start importing Assets/Kit/DungeonKit/fantasy town/Models_ext/fantasyKit_ext/fence-gate.fbx using Guid(799e1f20fc4f7894b94bfb0dfa734af0) Importer(815301076,1909f56bfc062723c751e8b465ee728b) (PreviewImporter) -> (artifact id: 'c909281e24d1482508fef3432c907d6e') in 0.1225303 seconds
Number of updated asset objects reloaded before import = 0Number of asset objects unloaded after import = 9

========================================================================
Received Import Request.
  Time since last request: 0.000030 seconds.
  path: Assets/Kit/DungeonKit/fantasy town/Models_ext/fantasyKit_ext/crypt-door.fbx
  artifactKey: Guid(7ba7646227c43da40b54e794b098337b) Importer(815301076,1909f56bfc062723c751e8b465ee728b)
Start importing Assets/Kit/DungeonKit/fantasy town/Models_ext/fantasyKit_ext/crypt-door.fbx using Guid(7ba7646227c43da40b54e794b098337b) Importer(815301076,1909f56bfc062723c751e8b465ee728b) (PreviewImporter) -> (artifact id: '17d9b48bdb2b30ffe73c9d69c7c59d17') in 0.2292072 seconds
Number of updated asset objects reloaded before import = 0Number of asset objects unloaded after import = 14

Editor requested this worker to shutdown with reason: Scaling down because of idle timeout
AssetImportWorker is now disconnected from the server
Process exiting
Exiting without the bug reporter. Application will terminate with return code 0