Using pre-set license
Built from '6000.0/staging' branch; Version is '6000.0.24f1 (11fa355cd605) revision 1178165'; Using compiler version '193933523'; Build Type 'Release'
OS: 'Windows 11  (10.0.26200) 64bit Core' Language: 'es' Physical Memory: 15917 MB
BatchMode: 1, IsHumanControllingUs: 0, StartBugReporterOnCrash: 0, Is64bit: 1, IsPro: 1

COMMAND LINE ARGUMENTS:
C:\Program Files\Unity 6000.0.24f1\Editor\Unity.exe
-adb2
-batchMode
-noUpm
-name
AssetImportWorker30
-projectPath
C:/Users/Diego/Desktop/Diego/Github/CreadorDeObjetos/My Creator Game
-logFile
Logs/AssetImportWorker30.log
-srvPort
58382
-job-worker-count
10
-background-job-worker-count
8
-asset-garbage-collectors
1
Successfully changed project path to: C:/Users/Diego/Desktop/Diego/Github/CreadorDeObjetos/My Creator Game
C:/Users/Diego/Desktop/Diego/Github/CreadorDeObjetos/My Creator Game
[UnityMemory] Configuration Parameters - Can be set up in boot.config
    "memorysetup-bucket-allocator-granularity=16"
    "memorysetup-bucket-allocator-bucket-count=8"
    "memorysetup-bucket-allocator-block-size=33554432"
    "memorysetup-bucket-allocator-block-count=8"
    "memorysetup-main-allocator-block-size=16777216"
    "memorysetup-thread-allocator-block-size=16777216"
    "memorysetup-gfx-main-allocator-block-size=16777216"
    "memorysetup-gfx-thread-allocator-block-size=16777216"
    "memorysetup-cache-allocator-block-size=4194304"
    "memorysetup-typetree-allocator-block-size=2097152"
    "memorysetup-profiler-bucket-allocator-granularity=16"
    "memorysetup-profiler-bucket-allocator-bucket-count=8"
    "memorysetup-profiler-bucket-allocator-block-size=33554432"
    "memorysetup-profiler-bucket-allocator-block-count=8"
    "memorysetup-profiler-allocator-block-size=16777216"
    "memorysetup-profiler-editor-allocator-block-size=1048576"
    "memorysetup-temp-allocator-size-main=16777216"
    "memorysetup-job-temp-allocator-block-size=2097152"
    "memorysetup-job-temp-allocator-block-size-background=1048576"
    "memorysetup-job-temp-allocator-reduction-small-platforms=262144"
    "memorysetup-allocator-temp-initial-block-size-main=262144"
    "memorysetup-allocator-temp-initial-block-size-worker=262144"
    "memorysetup-temp-allocator-size-background-worker=32768"
    "memorysetup-temp-allocator-size-job-worker=262144"
    "memorysetup-temp-allocator-size-preload-manager=33554432"
    "memorysetup-temp-allocator-size-nav-mesh-worker=65536"
    "memorysetup-temp-allocator-size-audio-worker=65536"
    "memorysetup-temp-allocator-size-cloud-worker=32768"
    "memorysetup-temp-allocator-size-gi-baking-worker=262144"
    "memorysetup-temp-allocator-size-gi-baking-worker=262144"
    "memorysetup-temp-allocator-size-gi-baking-worker=262144"
    "memorysetup-temp-allocator-size-gi-baking-worker=262144"
    "memorysetup-temp-allocator-size-gi-baking-worker=262144"
    "memorysetup-temp-allocator-size-gfx=262144"
Player connection [3800]  Target information:

Player connection [3800]  * "[IP] 192.168.1.54 [Port] 0 [Flags] 2 [Guid] 687365531 [EditorId] 687365531 [Version] 1048832 [Id] WindowsEditor(7,Asus-Zenbook-14) [Debug] 1 [PackageName] WindowsEditor [ProjectName] Editor" 

Player connection [3800] Host joined multi-casting on [225.0.0.222:54997]...
Player connection [3800] Host joined alternative multi-casting on [225.0.0.222:34997]...
JobSystem: Creating JobQueue using job-worker-count value 10
[Physics::Module] Initialized fallback backend.
[Physics::Module] Id: 0xdecafbad
Library Redirect Path: Library/
[Physics::Module] Selected backend.
[Physics::Module] Name: PhysX
[Physics::Module] Id: 0xf2b8ea05
[Physics::Module] SDK Version: 4.1.2
[Physics::Module] Integration Version: 1.0.0
[Physics::Module] Threading Mode: Multi-Threaded
Refreshing native plugins compatible for Editor in 3.66 ms, found 3 plugins.
Preloading 0 native plugins for Editor in 0.00 ms.
Initialize engine version: 6000.0.24f1 (11fa355cd605)
[Subsystems] Discovering subsystems at path C:/Program Files/Unity 6000.0.24f1/Editor/Data/Resources/UnitySubsystems
[Subsystems] Discovering subsystems at path C:/Users/Diego/Desktop/Diego/Github/CreadorDeObjetos/My Creator Game/Assets
GfxDevice: creating device client; kGfxThreadingModeNonThreaded
Direct3D:
    Version:  Direct3D 11.0 [level 11.1]
    Renderer: Intel(R) Arc(TM) Graphics (ID=0x7d55)
    Vendor:   Intel
    VRAM:     9073 MB
    Driver:   32.0.101.6314
Initialize mono
Mono path[0] = 'C:/Program Files/Unity 6000.0.24f1/Editor/Data/Managed'
Mono path[1] = 'C:/Program Files/Unity 6000.0.24f1/Editor/Data/MonoBleedingEdge/lib/mono/unityjit-win32'
Mono config path = 'C:/Program Files/Unity 6000.0.24f1/Editor/Data/MonoBleedingEdge/etc'
Using monoOptions --debugger-agent=transport=dt_socket,embedding=1,server=y,suspend=n,address=127.0.0.1:56356
Begin MonoManager ReloadAssembly
Registering precompiled unity dll's ...
Register platform support module: C:/Program Files/Unity 6000.0.24f1/Editor/Data/PlaybackEngines/WindowsStandaloneSupport/UnityEditor.WindowsStandalone.Extensions.dll
Registered in 0.008579 seconds.
- Loaded All Assemblies, in  1.104 seconds
Native extension for WindowsStandalone target not found
Mono: successfully reloaded assembly
- Finished resetting the current domain, in  0.559 seconds
Domain Reload Profiling: 1656ms
	BeginReloadAssembly (525ms)
		ExecutionOrderSort (0ms)
		DisableScriptedObjects (0ms)
		BackupInstance (0ms)
		ReleaseScriptingObjects (0ms)
		CreateAndSetChildDomain (2ms)
	RebuildCommonClasses (96ms)
	RebuildNativeTypeToScriptingClass (23ms)
	initialDomainReloadingComplete (111ms)
	LoadAllAssembliesAndSetupDomain (341ms)
		LoadAssemblies (508ms)
		RebuildTransferFunctionScriptingTraits (0ms)
		AnalyzeDomain (335ms)
			TypeCache.Refresh (332ms)
				TypeCache.ScanAssembly (305ms)
			BuildScriptInfoCaches (0ms)
			ResolveRequiredComponents (1ms)
	FinalizeReload (560ms)
		ReleaseScriptCaches (0ms)
		RebuildScriptCaches (0ms)
		SetupLoadedEditorAssemblies (483ms)
			LogAssemblyErrors (0ms)
			InitializePlatformSupportModulesInManaged (39ms)
			SetLoadedEditorAssemblies (7ms)
			BeforeProcessingInitializeOnLoad (9ms)
			ProcessInitializeOnLoadAttributes (294ms)
			ProcessInitializeOnLoadMethodAttributes (128ms)
			AfterProcessingInitializeOnLoad (6ms)
			EditorAssembliesLoaded (0ms)
		ExecutionOrderSort2 (0ms)
		AwakeInstancesAfterBackupRestoration (0ms)
========================================================================
Worker process is ready to serve import requests
Import Worker Mode flag is 0x00
Begin MonoManager ReloadAssembly
- Loaded All Assemblies, in  1.377 seconds
Refreshing native plugins compatible for Editor in 1.55 ms, found 3 plugins.
Native extension for WindowsStandalone target not found
Missing types referenced from component UniversalRenderPipelineGlobalSettings on game object UniversalRenderPipelineGlobalSettings:
	UnityEngine.Rendering.Universal.UniversalRenderPipelineEditorAssets, Unity.RenderPipelines.Universal.Runtime (1 object)
Mono: successfully reloaded assembly
- Finished resetting the current domain, in  1.206 seconds
Domain Reload Profiling: 2575ms
	BeginReloadAssembly (563ms)
		ExecutionOrderSort (0ms)
		DisableScriptedObjects (8ms)
		BackupInstance (0ms)
		ReleaseScriptingObjects (0ms)
		CreateAndSetChildDomain (39ms)
	RebuildCommonClasses (46ms)
	RebuildNativeTypeToScriptingClass (14ms)
	initialDomainReloadingComplete (53ms)
	LoadAllAssembliesAndSetupDomain (693ms)
		LoadAssemblies (494ms)
		RebuildTransferFunctionScriptingTraits (0ms)
		AnalyzeDomain (333ms)
			TypeCache.Refresh (221ms)
				TypeCache.ScanAssembly (206ms)
			BuildScriptInfoCaches (91ms)
			ResolveRequiredComponents (15ms)
	FinalizeReload (1206ms)
		ReleaseScriptCaches (0ms)
		RebuildScriptCaches (0ms)
		SetupLoadedEditorAssemblies (868ms)
			LogAssemblyErrors (0ms)
			InitializePlatformSupportModulesInManaged (3ms)
			SetLoadedEditorAssemblies (5ms)
			BeforeProcessingInitializeOnLoad (105ms)
			ProcessInitializeOnLoadAttributes (610ms)
			ProcessInitializeOnLoadMethodAttributes (132ms)
			AfterProcessingInitializeOnLoad (12ms)
			EditorAssembliesLoaded (0ms)
		ExecutionOrderSort2 (0ms)
		AwakeInstancesAfterBackupRestoration (8ms)
Launched and connected shader compiler UnityShaderCompiler.exe after 0.02 seconds
Refreshing native plugins compatible for Editor in 1.61 ms, found 3 plugins.
Preloading 0 native plugins for Editor in 0.00 ms.
Unloading 212 Unused Serialized files (Serialized files now loaded: 0)
Unloading 6089 unused Assets / (4.2 MB). Loaded Objects now: 6874.
Memory consumption went from 208.7 MB to 204.5 MB.
Total: 12.788600 ms (FindLiveObjects: 1.706200 ms CreateObjectMapping: 0.390000 ms MarkObjects: 8.092100 ms  DeleteObjects: 2.598500 ms)

========================================================================
Received Import Request.
  Time since last request: 40508.621773 seconds.
  path: Assets/Kit/DungeonKit/fantasy town/trees
  artifactKey: Guid(d94f6219024bf974cba9261a2bc8e542) Importer(815301076,1909f56bfc062723c751e8b465ee728b)
Start importing Assets/Kit/DungeonKit/fantasy town/trees using Guid(d94f6219024bf974cba9261a2bc8e542) Importer(815301076,1909f56bfc062723c751e8b465ee728b) (PreviewImporter) -> (artifact id: '12bcc5ba1a7daa6ee2cf9bca64260fa1') in 0.0084434 seconds
Number of updated asset objects reloaded before import = 0Number of asset objects unloaded after import = 0

========================================================================
Received Import Request.
  Time since last request: 18.069273 seconds.
  path: Assets/Kit/DungeonKit/fantasy town/ext
  artifactKey: Guid(93a385380f954c743a068ab51e00d6e2) Importer(815301076,1909f56bfc062723c751e8b465ee728b)
Start importing Assets/Kit/DungeonKit/fantasy town/ext using Guid(93a385380f954c743a068ab51e00d6e2) Importer(815301076,1909f56bfc062723c751e8b465ee728b) (PreviewImporter) -> (artifact id: '416aff1b68e25093bd716073a17da384') in 0.0005974 seconds
Number of updated asset objects reloaded before import = 0Number of asset objects unloaded after import = 0

========================================================================
Received Import Request.
  Time since last request: 5.839227 seconds.
  path: Assets/Kit/DungeonKit/fantasy town/Models_ext/fantasyKit_ext/altar-stone.fbx
  artifactKey: Guid(46339c9020c7b0f43b87b9c368c578ad) Importer(815301076,1909f56bfc062723c751e8b465ee728b)
Start importing Assets/Kit/DungeonKit/fantasy town/Models_ext/fantasyKit_ext/altar-stone.fbx using Guid(46339c9020c7b0f43b87b9c368c578ad) Importer(815301076,1909f56bfc062723c751e8b465ee728b) (PreviewImporter) -> (artifact id: '94935c4688a2d0400c6be0f1cc3ad251') in 1.4073014 seconds
Number of updated asset objects reloaded before import = 0Number of asset objects unloaded after import = 9

========================================================================
Received Import Request.
  Time since last request: 0.000070 seconds.
  path: Assets/Kit/DungeonKit/fantasy town/Models_ext/fantasyKit_ext/brick-wall.fbx
  artifactKey: Guid(c65e31b5c10413b4692b439e7fbd1124) Importer(815301076,1909f56bfc062723c751e8b465ee728b)
Start importing Assets/Kit/DungeonKit/fantasy town/Models_ext/fantasyKit_ext/brick-wall.fbx using Guid(c65e31b5c10413b4692b439e7fbd1124) Importer(815301076,1909f56bfc062723c751e8b465ee728b) (PreviewImporter) -> (artifact id: '6368a0e441fc6c45c49735836a4f5d88') in 0.0538088 seconds
Number of updated asset objects reloaded before import = 0Number of asset objects unloaded after import = 9

========================================================================
Received Import Request.
  Time since last request: 0.000069 seconds.
  path: Assets/Kit/DungeonKit/fantasy town/Models_ext/fantasyKit_ext/crypt-a.fbx
  artifactKey: Guid(fbb0775c9ad464b4ab5d480689abed90) Importer(815301076,1909f56bfc062723c751e8b465ee728b)
Start importing Assets/Kit/DungeonKit/fantasy town/Models_ext/fantasyKit_ext/crypt-a.fbx using Guid(fbb0775c9ad464b4ab5d480689abed90) Importer(815301076,1909f56bfc062723c751e8b465ee728b) (PreviewImporter) -> (artifact id: 'c09f50dc0bd79a7c40138d41615d820e') in 0.0592575 seconds
Number of updated asset objects reloaded before import = 0Number of asset objects unloaded after import = 9

========================================================================
Received Import Request.
  Time since last request: 0.000042 seconds.
  path: Assets/Kit/DungeonKit/fantasy town/Models_ext/fantasyKit_ext/detail-chalice.fbx
  artifactKey: Guid(f13b5dfd912fbbd4da7ac0a7cf93675d) Importer(815301076,1909f56bfc062723c751e8b465ee728b)
Start importing Assets/Kit/DungeonKit/fantasy town/Models_ext/fantasyKit_ext/detail-chalice.fbx using Guid(f13b5dfd912fbbd4da7ac0a7cf93675d) Importer(815301076,1909f56bfc062723c751e8b465ee728b) (PreviewImporter) -> (artifact id: 'd89e8e64f336b681bab53dae794b67c2') in 0.0707665 seconds
Number of updated asset objects reloaded before import = 0Number of asset objects unloaded after import = 9

========================================================================
Received Import Request.
  Time since last request: 0.000039 seconds.
  path: Assets/Kit/DungeonKit/fantasy town/Models_ext/fantasyKit_ext/brick-wall-curve-small.fbx
  artifactKey: Guid(ee9eeb054024401469e172d240129d28) Importer(815301076,1909f56bfc062723c751e8b465ee728b)
Start importing Assets/Kit/DungeonKit/fantasy town/Models_ext/fantasyKit_ext/brick-wall-curve-small.fbx using Guid(ee9eeb054024401469e172d240129d28) Importer(815301076,1909f56bfc062723c751e8b465ee728b) (PreviewImporter) -> (artifact id: '59a6c11583803cf9f30ff7b25b137bcb') in 0.0557384 seconds
Number of updated asset objects reloaded before import = 0Number of asset objects unloaded after import = 9

========================================================================
Received Import Request.
  Time since last request: 0.000054 seconds.
  path: Assets/Kit/DungeonKit/fantasy town/Models_ext/fantasyKit_ext/detail-bowl.fbx
  artifactKey: Guid(9ef7822100530ad45b1fe0aeabafaa90) Importer(815301076,1909f56bfc062723c751e8b465ee728b)
Start importing Assets/Kit/DungeonKit/fantasy town/Models_ext/fantasyKit_ext/detail-bowl.fbx using Guid(9ef7822100530ad45b1fe0aeabafaa90) Importer(815301076,1909f56bfc062723c751e8b465ee728b) (PreviewImporter) -> (artifact id: '72fe74afe5f6f343538d7b30110b7384') in 0.053146 seconds
Number of updated asset objects reloaded before import = 0Number of asset objects unloaded after import = 9

========================================================================
Received Import Request.
  Time since last request: 0.000039 seconds.
  path: Assets/Kit/DungeonKit/fantasy town/Models_ext/fantasyKit_ext/candle.fbx
  artifactKey: Guid(3823df8482ff8394b966ebaf6deefca6) Importer(815301076,1909f56bfc062723c751e8b465ee728b)
Start importing Assets/Kit/DungeonKit/fantasy town/Models_ext/fantasyKit_ext/candle.fbx using Guid(3823df8482ff8394b966ebaf6deefca6) Importer(815301076,1909f56bfc062723c751e8b465ee728b) (PreviewImporter) -> (artifact id: 'e23063f5af29ffb26fb30df609d640c4') in 0.0561117 seconds
Number of updated asset objects reloaded before import = 0Number of asset objects unloaded after import = 9

========================================================================
Received Import Request.
  Time since last request: 0.000044 seconds.
  path: Assets/Kit/DungeonKit/fantasy town/Models_ext/fantasyKit_ext/character-vampire.fbx
  artifactKey: Guid(750a864699f92f24aa86aca62050dda4) Importer(815301076,1909f56bfc062723c751e8b465ee728b)
Start importing Assets/Kit/DungeonKit/fantasy town/Models_ext/fantasyKit_ext/character-vampire.fbx using Guid(750a864699f92f24aa86aca62050dda4) Importer(815301076,1909f56bfc062723c751e8b465ee728b) (PreviewImporter) -> (artifact id: '885c99ff7194a2de33f5275b33316632') in 0.1220472 seconds
Number of updated asset objects reloaded before import = 0Number of asset objects unloaded after import = 70

========================================================================
Received Import Request.
  Time since last request: 0.000088 seconds.
  path: Assets/Kit/DungeonKit/fantasy town/Models_ext/fantasyKit_ext/border-pillar.fbx
  artifactKey: Guid(005904fa00dcf0f4c8eddae46e6e1075) Importer(815301076,1909f56bfc062723c751e8b465ee728b)
Start importing Assets/Kit/DungeonKit/fantasy town/Models_ext/fantasyKit_ext/border-pillar.fbx using Guid(005904fa00dcf0f4c8eddae46e6e1075) Importer(815301076,1909f56bfc062723c751e8b465ee728b) (PreviewImporter) -> (artifact id: 'b28cd9c27732b02a418dd76ad4c13e62') in 0.0736472 seconds
Number of updated asset objects reloaded before import = 0Number of asset objects unloaded after import = 9

========================================================================
Received Import Request.
  Time since last request: 0.000043 seconds.
  path: Assets/Kit/DungeonKit/fantasy town/Models_ext/fantasyKit_ext/crypt.fbx
  artifactKey: Guid(257c9474247e72c42a4c7a127c38478c) Importer(815301076,1909f56bfc062723c751e8b465ee728b)
Start importing Assets/Kit/DungeonKit/fantasy town/Models_ext/fantasyKit_ext/crypt.fbx using Guid(257c9474247e72c42a4c7a127c38478c) Importer(815301076,1909f56bfc062723c751e8b465ee728b) (PreviewImporter) -> (artifact id: '701f94569c72e8fb0e289ec02f38785b') in 0.0547926 seconds
Number of updated asset objects reloaded before import = 0Number of asset objects unloaded after import = 9

========================================================================
Received Import Request.
  Time since last request: 0.000039 seconds.
  path: Assets/Kit/DungeonKit/fantasy town/Models_ext/fantasyKit_ext/cross-wood.fbx
  artifactKey: Guid(5916c15c67374d9488551f4704ff1035) Importer(815301076,1909f56bfc062723c751e8b465ee728b)
Start importing Assets/Kit/DungeonKit/fantasy town/Models_ext/fantasyKit_ext/cross-wood.fbx using Guid(5916c15c67374d9488551f4704ff1035) Importer(815301076,1909f56bfc062723c751e8b465ee728b) (PreviewImporter) -> (artifact id: '692b9f9ac256cdac3f96177b4eb6964d') in 0.0444122 seconds
Number of updated asset objects reloaded before import = 0Number of asset objects unloaded after import = 9

========================================================================
Received Import Request.
  Time since last request: 0.000047 seconds.
  path: Assets/Kit/DungeonKit/fantasy town/Models_ext/fantasyKit_ext/crypt-large.fbx
  artifactKey: Guid(b055709f73d7bc641b3534a4ca12d9bd) Importer(815301076,1909f56bfc062723c751e8b465ee728b)
Start importing Assets/Kit/DungeonKit/fantasy town/Models_ext/fantasyKit_ext/crypt-large.fbx using Guid(b055709f73d7bc641b3534a4ca12d9bd) Importer(815301076,1909f56bfc062723c751e8b465ee728b) (PreviewImporter) -> (artifact id: '54f05bed342919f593f5ac35d2ac67a4') in 0.0544769 seconds
Number of updated asset objects reloaded before import = 0Number of asset objects unloaded after import = 9

========================================================================
Received Import Request.
  Time since last request: 0.000032 seconds.
  path: Assets/Kit/DungeonKit/fantasy town/Models_ext/fantasyKit_ext/brick-wall-curve.fbx
  artifactKey: Guid(35bbdd97768348f4889e51bb18655904) Importer(815301076,1909f56bfc062723c751e8b465ee728b)
Start importing Assets/Kit/DungeonKit/fantasy town/Models_ext/fantasyKit_ext/brick-wall-curve.fbx using Guid(35bbdd97768348f4889e51bb18655904) Importer(815301076,1909f56bfc062723c751e8b465ee728b) (PreviewImporter) -> (artifact id: 'cca33dd7c6f9200a03cf8edd3c09f495') in 0.047276 seconds
Number of updated asset objects reloaded before import = 0Number of asset objects unloaded after import = 9

========================================================================
Received Import Request.
  Time since last request: 0.000039 seconds.
  path: Assets/Kit/DungeonKit/fantasy town/Models_ext/fantasyKit_ext/debris-wood.fbx
  artifactKey: Guid(e9857575acdfbfd49b68ae9b0c69acbf) Importer(815301076,1909f56bfc062723c751e8b465ee728b)
Start importing Assets/Kit/DungeonKit/fantasy town/Models_ext/fantasyKit_ext/debris-wood.fbx using Guid(e9857575acdfbfd49b68ae9b0c69acbf) Importer(815301076,1909f56bfc062723c751e8b465ee728b) (PreviewImporter) -> (artifact id: 'bba8b69104be76d424d1ad6664ef916f') in 0.0501092 seconds
Number of updated asset objects reloaded before import = 0Number of asset objects unloaded after import = 9

========================================================================
Received Import Request.
  Time since last request: 0.000044 seconds.
  path: Assets/Kit/DungeonKit/fantasy town/Models_ext/fantasyKit_ext/crypt-small-roof.fbx
  artifactKey: Guid(856436c39f9bf1441907aa5062e45d38) Importer(815301076,1909f56bfc062723c751e8b465ee728b)
Start importing Assets/Kit/DungeonKit/fantasy town/Models_ext/fantasyKit_ext/crypt-small-roof.fbx using Guid(856436c39f9bf1441907aa5062e45d38) Importer(815301076,1909f56bfc062723c751e8b465ee728b) (PreviewImporter) -> (artifact id: 'dd711accdc91bf36b403fc68e8752753') in 0.0617584 seconds
Number of updated asset objects reloaded before import = 0Number of asset objects unloaded after import = 9

========================================================================
Received Import Request.
  Time since last request: 0.000049 seconds.
  path: Assets/Kit/DungeonKit/fantasy town/Models_ext/fantasyKit_ext/crypt-b.fbx
  artifactKey: Guid(fe7b2a8d30f066846883b36110b9f1c1) Importer(815301076,1909f56bfc062723c751e8b465ee728b)
Start importing Assets/Kit/DungeonKit/fantasy town/Models_ext/fantasyKit_ext/crypt-b.fbx using Guid(fe7b2a8d30f066846883b36110b9f1c1) Importer(815301076,1909f56bfc062723c751e8b465ee728b) (PreviewImporter) -> (artifact id: 'd1685cac4d2a475867b777e3ca54bda9') in 0.2088664 seconds
Number of updated asset objects reloaded before import = 0Number of asset objects unloaded after import = 9

========================================================================
Received Import Request.
  Time since last request: 0.000041 seconds.
  path: Assets/Kit/DungeonKit/fantasy town/Models_ext/fantasyKit_ext/crypt-large-door.fbx
  artifactKey: Guid(4ea3b0d7be8a50d4d83fd99257831883) Importer(815301076,1909f56bfc062723c751e8b465ee728b)
Start importing Assets/Kit/DungeonKit/fantasy town/Models_ext/fantasyKit_ext/crypt-large-door.fbx using Guid(4ea3b0d7be8a50d4d83fd99257831883) Importer(815301076,1909f56bfc062723c751e8b465ee728b) (PreviewImporter) -> (artifact id: '9204a2caa4fa609e1253015c521ac6f9') in 0.2262004 seconds
Number of updated asset objects reloaded before import = 0Number of asset objects unloaded after import = 14

========================================================================
Received Import Request.
  Time since last request: 0.000065 seconds.
  path: Assets/Kit/DungeonKit/fantasy town/Models_ext/fantasyKit_ext/character-skeleton.fbx
  artifactKey: Guid(2939bcfd3af555f4b90e18c0eacd06ab) Importer(815301076,1909f56bfc062723c751e8b465ee728b)
Start importing Assets/Kit/DungeonKit/fantasy town/Models_ext/fantasyKit_ext/character-skeleton.fbx using Guid(2939bcfd3af555f4b90e18c0eacd06ab) Importer(815301076,1909f56bfc062723c751e8b465ee728b) (PreviewImporter) -> (artifact id: '287ee05bc4fe11422e8d9a39374b3767') in 0.3148348 seconds
Number of updated asset objects reloaded before import = 0Number of asset objects unloaded after import = 70

========================================================================
Received Import Request.
  Time since last request: 18.245861 seconds.
  path: Assets/Kit/DungeonKit/fantasy town/Previews_ext/grave-border.png
  artifactKey: Guid(318997359fbcf8849b8eb08d000cf102) Importer(815301076,1909f56bfc062723c751e8b465ee728b)
Start importing Assets/Kit/DungeonKit/fantasy town/Previews_ext/grave-border.png using Guid(318997359fbcf8849b8eb08d000cf102) Importer(815301076,1909f56bfc062723c751e8b465ee728b) (PreviewImporter) -> (artifact id: 'c8e49889216ad9dd36577396a0e16855') in 0.0221947 seconds
Number of updated asset objects reloaded before import = 0Number of asset objects unloaded after import = 2

========================================================================
Received Import Request.
  Time since last request: 2.022343 seconds.
  path: Assets/Kit/DungeonKit/fantasy town/Previews_ext/gravestone-decorative.png
  artifactKey: Guid(8a7ee43a4c5e48946bb5a7e6f7152168) Importer(815301076,1909f56bfc062723c751e8b465ee728b)
Start importing Assets/Kit/DungeonKit/fantasy town/Previews_ext/gravestone-decorative.png using Guid(8a7ee43a4c5e48946bb5a7e6f7152168) Importer(815301076,1909f56bfc062723c751e8b465ee728b) (PreviewImporter) -> (artifact id: '3f735cc6cc9cc1417b60691a2f08d53d') in 0.0134457 seconds
Number of updated asset objects reloaded before import = 0Number of asset objects unloaded after import = 2

========================================================================
Received Import Request.
  Time since last request: 1.323461 seconds.
  path: Assets/Kit/DungeonKit/fantasy town/Previews_ext/iron-fence.png
  artifactKey: Guid(5523fedcd8e2abd4798134bbcefd8d26) Importer(815301076,1909f56bfc062723c751e8b465ee728b)
Start importing Assets/Kit/DungeonKit/fantasy town/Previews_ext/iron-fence.png using Guid(5523fedcd8e2abd4798134bbcefd8d26) Importer(815301076,1909f56bfc062723c751e8b465ee728b) (PreviewImporter) -> (artifact id: '39f3aaaa59463ac4587e7244c19f2051') in 0.0139953 seconds
Number of updated asset objects reloaded before import = 0Number of asset objects unloaded after import = 2

========================================================================
Received Import Request.
  Time since last request: 3.581141 seconds.
  path: Assets/Kit/DungeonKit/fantasy town/Previews_ext/iron-fence-curve.png
  artifactKey: Guid(eb8fc6413af2a5044821b0d9b8553e10) Importer(815301076,1909f56bfc062723c751e8b465ee728b)
Start importing Assets/Kit/DungeonKit/fantasy town/Previews_ext/iron-fence-curve.png using Guid(eb8fc6413af2a5044821b0d9b8553e10) Importer(815301076,1909f56bfc062723c751e8b465ee728b) (PreviewImporter) -> (artifact id: '366d876a1cc720b166734979d4cf5689') in 0.012866 seconds
Number of updated asset objects reloaded before import = 0Number of asset objects unloaded after import = 2

========================================================================
Received Import Request.
  Time since last request: 0.000026 seconds.
  path: Assets/Kit/DungeonKit/fantasy town/Previews_ext/lantern-glass.png
  artifactKey: Guid(715dc65822e35264c9e60a142666e9a0) Importer(815301076,1909f56bfc062723c751e8b465ee728b)
Start importing Assets/Kit/DungeonKit/fantasy town/Previews_ext/lantern-glass.png using Guid(715dc65822e35264c9e60a142666e9a0) Importer(815301076,1909f56bfc062723c751e8b465ee728b) (PreviewImporter) -> (artifact id: 'b6ba68f6d406115617b56227cca9cbee') in 0.0273124 seconds
Number of updated asset objects reloaded before import = 0Number of asset objects unloaded after import = 2

========================================================================
Received Import Request.
  Time since last request: 0.052037 seconds.
  path: Assets/Kit/DungeonKit/fantasy town/Previews_ext/lightpost-single.png
  artifactKey: Guid(8294cf74c180e8d469614983e8e9a107) Importer(815301076,1909f56bfc062723c751e8b465ee728b)
Start importing Assets/Kit/DungeonKit/fantasy town/Previews_ext/lightpost-single.png using Guid(8294cf74c180e8d469614983e8e9a107) Importer(815301076,1909f56bfc062723c751e8b465ee728b) (PreviewImporter) -> (artifact id: 'ca695cd653366033e020bb871b63736b') in 0.015262 seconds
Number of updated asset objects reloaded before import = 0Number of asset objects unloaded after import = 2

========================================================================
Received Import Request.
  Time since last request: 2.261157 seconds.
  path: Assets/Kit/DungeonKit/fantasy town/Previews_ext/pine-crooked.png
  artifactKey: Guid(85e43fe80c31f2d459b4296ef6f46f59) Importer(815301076,1909f56bfc062723c751e8b465ee728b)
Start importing Assets/Kit/DungeonKit/fantasy town/Previews_ext/pine-crooked.png using Guid(85e43fe80c31f2d459b4296ef6f46f59) Importer(815301076,1909f56bfc062723c751e8b465ee728b) (PreviewImporter) -> (artifact id: '78a3c8c89408a799cbc56ffcd83405c5') in 0.0126989 seconds
Number of updated asset objects reloaded before import = 0Number of asset objects unloaded after import = 2

========================================================================
Received Import Request.
  Time since last request: 0.004269 seconds.
  path: Assets/Kit/DungeonKit/fantasy town/Previews_ext/pumpkin-carved.png
  artifactKey: Guid(5d19f030da4525c48a49277e4e0aa500) Importer(815301076,1909f56bfc062723c751e8b465ee728b)
Start importing Assets/Kit/DungeonKit/fantasy town/Previews_ext/pumpkin-carved.png using Guid(5d19f030da4525c48a49277e4e0aa500) Importer(815301076,1909f56bfc062723c751e8b465ee728b) (PreviewImporter) -> (artifact id: '24fbbf7b22b7d1e048d169e78e7073f4') in 0.0137803 seconds
Number of updated asset objects reloaded before import = 0Number of asset objects unloaded after import = 2

========================================================================
Received Import Request.
  Time since last request: 0.000024 seconds.
  path: Assets/Kit/DungeonKit/fantasy town/Previews_ext/rocks.png
  artifactKey: Guid(dd444877c8b5b4c4b8541ed2fb74f775) Importer(815301076,1909f56bfc062723c751e8b465ee728b)
Start importing Assets/Kit/DungeonKit/fantasy town/Previews_ext/rocks.png using Guid(dd444877c8b5b4c4b8541ed2fb74f775) Importer(815301076,1909f56bfc062723c751e8b465ee728b) (PreviewImporter) -> (artifact id: '81282be0ac4d758e6d6c1d0d00152cf5') in 0.0122209 seconds
Number of updated asset objects reloaded before import = 0Number of asset objects unloaded after import = 2

========================================================================
Received Import Request.
  Time since last request: 0.000030 seconds.
  path: Assets/Kit/DungeonKit/fantasy town/Previews_ext/stone-wall-column.png
  artifactKey: Guid(0f31555715f9681478959b8d0387eb05) Importer(815301076,1909f56bfc062723c751e8b465ee728b)
Start importing Assets/Kit/DungeonKit/fantasy town/Previews_ext/stone-wall-column.png using Guid(0f31555715f9681478959b8d0387eb05) Importer(815301076,1909f56bfc062723c751e8b465ee728b) (PreviewImporter) -> (artifact id: '1ad90e9b867b2ec47a740e1f030ae3e7') in 0.0192744 seconds
Number of updated asset objects reloaded before import = 0Number of asset objects unloaded after import = 2

========================================================================
Received Import Request.
  Time since last request: 76.801488 seconds.
  path: Assets/Kit/DungeonKit/fantasy town/Previews_ext/trunk.png
  artifactKey: Guid(70bd6a439c981354f8b6343538d4f173) Importer(815301076,1909f56bfc062723c751e8b465ee728b)
Start importing Assets/Kit/DungeonKit/fantasy town/Previews_ext/trunk.png using Guid(70bd6a439c981354f8b6343538d4f173) Importer(815301076,1909f56bfc062723c751e8b465ee728b) (PreviewImporter) -> (artifact id: 'ff0a73c6ec82f2056b43480d59d19695') in 0.015233 seconds
Number of updated asset objects reloaded before import = 0Number of asset objects unloaded after import = 2

========================================================================
Received Import Request.
  Time since last request: 0.000030 seconds.
  path: Assets/Kit/DungeonKit/fantasy town/Previews_ext/urn-square.png
  artifactKey: Guid(42653a23754d04446a2e398ef60beb4b) Importer(815301076,1909f56bfc062723c751e8b465ee728b)
Start importing Assets/Kit/DungeonKit/fantasy town/Previews_ext/urn-square.png using Guid(42653a23754d04446a2e398ef60beb4b) Importer(815301076,1909f56bfc062723c751e8b465ee728b) (PreviewImporter) -> (artifact id: '6f36fae2a42c0d43db7bff328a11f436') in 0.0207402 seconds
Number of updated asset objects reloaded before import = 0Number of asset objects unloaded after import = 2

========================================================================
Received Import Request.
  Time since last request: 53.394383 seconds.
  path: Assets/Kit/DungeonKit/fantasy town/New Folder
  artifactKey: Guid(a92957a893b11614599ee3471e72a66c) Importer(815301076,1909f56bfc062723c751e8b465ee728b)
Start importing Assets/Kit/DungeonKit/fantasy town/New Folder using Guid(a92957a893b11614599ee3471e72a66c) Importer(815301076,1909f56bfc062723c751e8b465ee728b) (PreviewImporter) -> (artifact id: '822a5765df86111295cbc678a168c0ba') in 0.000678 seconds
Number of updated asset objects reloaded before import = 0Number of asset objects unloaded after import = 0

========================================================================
Received Import Request.
  Time since last request: 6.319995 seconds.
  path: Assets/Kit/DungeonKit/fantasy town/farola
  artifactKey: Guid(a92957a893b11614599ee3471e72a66c) Importer(815301076,1909f56bfc062723c751e8b465ee728b)
Start importing Assets/Kit/DungeonKit/fantasy town/farola using Guid(a92957a893b11614599ee3471e72a66c) Importer(815301076,1909f56bfc062723c751e8b465ee728b) (PreviewImporter) -> (artifact id: '2516a801a9d4a223735ecd1f38fd8493') in 0.0007386 seconds
Number of updated asset objects reloaded before import = 0Number of asset objects unloaded after import = 0

========================================================================
Received Import Request.
  Time since last request: 85.854157 seconds.
  path: Assets/Kit/DungeonKit/fantasy town/ext/banco
  artifactKey: Guid(04514c1b4caaaec408f24886528371f1) Importer(815301076,1909f56bfc062723c751e8b465ee728b)
Start importing Assets/Kit/DungeonKit/fantasy town/ext/banco using Guid(04514c1b4caaaec408f24886528371f1) Importer(815301076,1909f56bfc062723c751e8b465ee728b) (PreviewImporter) -> (artifact id: '0ccbec5c96853f1ca918d23145cbf825') in 0.0005625 seconds
Number of updated asset objects reloaded before import = 0Number of asset objects unloaded after import = 0

========================================================================
Received Import Request.
  Time since last request: 28.141544 seconds.
  path: Assets/Kit/DungeonKit/fantasy town/ext/wall
  artifactKey: Guid(c0d739e7733824d4a97f46e8ec6a8600) Importer(815301076,1909f56bfc062723c751e8b465ee728b)
Start importing Assets/Kit/DungeonKit/fantasy town/ext/wall using Guid(c0d739e7733824d4a97f46e8ec6a8600) Importer(815301076,1909f56bfc062723c751e8b465ee728b) (PreviewImporter) -> (artifact id: '3c042fd89d80c178e73aa36b9a6944e0') in 0.0006044 seconds
Number of updated asset objects reloaded before import = 0Number of asset objects unloaded after import = 0

========================================================================
Received Import Request.
  Time since last request: 8.191685 seconds.
  path: Assets/Kit/DungeonKit/fantasy town/ext/banco/preview
  artifactKey: Guid(c8df82116821eca47ba7716f02debab8) Importer(815301076,1909f56bfc062723c751e8b465ee728b)
Start importing Assets/Kit/DungeonKit/fantasy town/ext/banco/preview using Guid(c8df82116821eca47ba7716f02debab8) Importer(815301076,1909f56bfc062723c751e8b465ee728b) (PreviewImporter) -> (artifact id: '0b392fd8c64dd2e95896e77a6e539ab2') in 0.000579 seconds
Number of updated asset objects reloaded before import = 0Number of asset objects unloaded after import = 0

========================================================================
Received Import Request.
  Time since last request: 9.434519 seconds.
  path: Assets/Kit/DungeonKit/fantasy town/ext/farola/Preview
  artifactKey: Guid(e5876d30a509e354fb204c2e14a4dd0c) Importer(815301076,1909f56bfc062723c751e8b465ee728b)
Start importing Assets/Kit/DungeonKit/fantasy town/ext/farola/Preview using Guid(e5876d30a509e354fb204c2e14a4dd0c) Importer(815301076,1909f56bfc062723c751e8b465ee728b) (PreviewImporter) -> (artifact id: 'bc2a7d8acfff129fb5e8e4aabed0cbbe') in 0.0007968 seconds
Number of updated asset objects reloaded before import = 0Number of asset objects unloaded after import = 0

========================================================================
Received Import Request.
  Time since last request: 9.235027 seconds.
  path: Assets/Kit/DungeonKit/fantasy town/ext/trees/Preview
  artifactKey: Guid(cc32a3c6e8591a74fa3925c928c6943b) Importer(815301076,1909f56bfc062723c751e8b465ee728b)
Start importing Assets/Kit/DungeonKit/fantasy town/ext/trees/Preview using Guid(cc32a3c6e8591a74fa3925c928c6943b) Importer(815301076,1909f56bfc062723c751e8b465ee728b) (PreviewImporter) -> (artifact id: '409c65db309c36f4e68c4c8a94e2d01a') in 0.0007367 seconds
Number of updated asset objects reloaded before import = 0Number of asset objects unloaded after import = 0

========================================================================
Received Import Request.
  Time since last request: 86.638358 seconds.
  path: Assets/Kit/DungeonKit/fantasy town/Previews_ext/character
  artifactKey: Guid(16b8be5e1893ed64dac1f7e69e5d8a86) Importer(815301076,1909f56bfc062723c751e8b465ee728b)
Start importing Assets/Kit/DungeonKit/fantasy town/Previews_ext/character using Guid(16b8be5e1893ed64dac1f7e69e5d8a86) Importer(815301076,1909f56bfc062723c751e8b465ee728b) (PreviewImporter) -> (artifact id: 'f11e20d97cfda0abddb05078a44d2567') in 0.0006891 seconds
Number of updated asset objects reloaded before import = 0Number of asset objects unloaded after import = 0

========================================================================
Received Import Request.
  Time since last request: 16.187064 seconds.
  path: Assets/Kit/DungeonKit/fantasy town/Previews_ext/stone
  artifactKey: Guid(e07508b85f5c7914db48a09c25e50e9e) Importer(815301076,1909f56bfc062723c751e8b465ee728b)
Start importing Assets/Kit/DungeonKit/fantasy town/Previews_ext/stone using Guid(e07508b85f5c7914db48a09c25e50e9e) Importer(815301076,1909f56bfc062723c751e8b465ee728b) (PreviewImporter) -> (artifact id: '0ef5628e1a9f6387f6adc69659cac3c7') in 0.0006305 seconds
Number of updated asset objects reloaded before import = 0Number of asset objects unloaded after import = 0

========================================================================
Received Import Request.
  Time since last request: 6.884399 seconds.
  path: Assets/Kit/DungeonKit/fantasy town/Previews_ext/New Folder
  artifactKey: Guid(af4b95887d0c56844a5bcf1b96717090) Importer(815301076,1909f56bfc062723c751e8b465ee728b)
Start importing Assets/Kit/DungeonKit/fantasy town/Previews_ext/New Folder using Guid(af4b95887d0c56844a5bcf1b96717090) Importer(815301076,1909f56bfc062723c751e8b465ee728b) (PreviewImporter) -> (artifact id: '57653ebe700d47953dd3e392228d0982') in 0.0005548 seconds
Number of updated asset objects reloaded before import = 0Number of asset objects unloaded after import = 0

========================================================================
Received Import Request.
  Time since last request: 94.759293 seconds.
  path: Assets/Kit/DungeonKit/fantasy town/Previews_ext/wood_floor
  artifactKey: Guid(064d5df37c496974ab0806ed4f44a334) Importer(815301076,1909f56bfc062723c751e8b465ee728b)
Start importing Assets/Kit/DungeonKit/fantasy town/Previews_ext/wood_floor using Guid(064d5df37c496974ab0806ed4f44a334) Importer(815301076,1909f56bfc062723c751e8b465ee728b) (PreviewImporter) -> (artifact id: '00730b8a1e0c1bab1ff384e2129b11da') in 0.0006065 seconds
Number of updated asset objects reloaded before import = 0Number of asset objects unloaded after import = 0

========================================================================
Received Import Request.
  Time since last request: 24.558337 seconds.
  path: Assets/Kit/DungeonKit/fantasy town/Previews_ext/crypt
  artifactKey: Guid(3fa66f7977f0fa8408f15d8a5579d9ac) Importer(815301076,1909f56bfc062723c751e8b465ee728b)
Start importing Assets/Kit/DungeonKit/fantasy town/Previews_ext/crypt using Guid(3fa66f7977f0fa8408f15d8a5579d9ac) Importer(815301076,1909f56bfc062723c751e8b465ee728b) (PreviewImporter) -> (artifact id: 'aa1aa41a718f12fafa4a607acd5cf1c2') in 0.0005458 seconds
Number of updated asset objects reloaded before import = 0Number of asset objects unloaded after import = 0

========================================================================
Received Import Request.
  Time since last request: 81.806747 seconds.
  path: Assets/Kit/DungeonKit/fantasy town/Preview ext
  artifactKey: Guid(93a385380f954c743a068ab51e00d6e2) Importer(815301076,1909f56bfc062723c751e8b465ee728b)
Start importing Assets/Kit/DungeonKit/fantasy town/Preview ext using Guid(93a385380f954c743a068ab51e00d6e2) Importer(815301076,1909f56bfc062723c751e8b465ee728b) (PreviewImporter) -> (artifact id: '20950cff5b0da4f81a04a4ac2697008b') in 0.0006702 seconds
Number of updated asset objects reloaded before import = 0Number of asset objects unloaded after import = 0

========================================================================
Received Import Request.
  Time since last request: 37.545709 seconds.
  path: Assets/Kit/DungeonKit/fantasy town/Previews_ext (UnSelected)
  artifactKey: Guid(a62b7457defd98b4db8dae8c4d1de431) Importer(815301076,1909f56bfc062723c751e8b465ee728b)
Start importing Assets/Kit/DungeonKit/fantasy town/Previews_ext (UnSelected) using Guid(a62b7457defd98b4db8dae8c4d1de431) Importer(815301076,1909f56bfc062723c751e8b465ee728b) (PreviewImporter) -> (artifact id: '6007633eef7a1ad3ad1da59c5ef9d78f') in 0.000824 seconds
Number of updated asset objects reloaded before import = 0Number of asset objects unloaded after import = 0

========================================================================
Received Import Request.
  Time since last request: 9.680170 seconds.
  path: Assets/Kit/DungeonKit/fantasy town/Previews_int (UnSelected)
  artifactKey: Guid(b6f277b755bc7e94eaf65ab7fcf4fe69) Importer(815301076,1909f56bfc062723c751e8b465ee728b)
Start importing Assets/Kit/DungeonKit/fantasy town/Previews_int (UnSelected) using Guid(b6f277b755bc7e94eaf65ab7fcf4fe69) Importer(815301076,1909f56bfc062723c751e8b465ee728b) (PreviewImporter) -> (artifact id: 'e0cb10242037c45de9eeba9f3bd981a1') in 0.0006036 seconds
Number of updated asset objects reloaded before import = 0Number of asset objects unloaded after import = 0

========================================================================
Received Import Request.
  Time since last request: 11.893977 seconds.
  path: Assets/Kit/DungeonKit/fantasy town/Exterior
  artifactKey: Guid(41352c5795c46a949bbf819c29153157) Importer(815301076,1909f56bfc062723c751e8b465ee728b)
Start importing Assets/Kit/DungeonKit/fantasy town/Exterior using Guid(41352c5795c46a949bbf819c29153157) Importer(815301076,1909f56bfc062723c751e8b465ee728b) (PreviewImporter) -> (artifact id: '63c7e77c5a504113197d4cbf371fc40f') in 0.0006791 seconds
Number of updated asset objects reloaded before import = 0Number of asset objects unloaded after import = 0

========================================================================
Received Import Request.
  Time since last request: 21.817458 seconds.
  path: Assets/Kit/DungeonKit/fantasy town/Previews_int (UnSelected)/wall
  artifactKey: Guid(c004908fd7bf8834b98c0e91a15696f7) Importer(815301076,1909f56bfc062723c751e8b465ee728b)
Start importing Assets/Kit/DungeonKit/fantasy town/Previews_int (UnSelected)/wall using Guid(c004908fd7bf8834b98c0e91a15696f7) Importer(815301076,1909f56bfc062723c751e8b465ee728b) (PreviewImporter) -> (artifact id: '8f3c91b3ce0e3f26a12e9e137ac7c2d1') in 0.0005579 seconds
Number of updated asset objects reloaded before import = 0Number of asset objects unloaded after import = 0

========================================================================
Received Import Request.
  Time since last request: 23.262767 seconds.
  path: Assets/Kit/DungeonKit/fantasy town/Previews_int (UnSelected)/cart
  artifactKey: Guid(3d76e8ece4df18e4990695768a8439d4) Importer(815301076,1909f56bfc062723c751e8b465ee728b)
Start importing Assets/Kit/DungeonKit/fantasy town/Previews_int (UnSelected)/cart using Guid(3d76e8ece4df18e4990695768a8439d4) Importer(815301076,1909f56bfc062723c751e8b465ee728b) (PreviewImporter) -> (artifact id: '7f7cea3f203a4910f492f90e8cdd6cfa') in 0.0007623 seconds
Number of updated asset objects reloaded before import = 0Number of asset objects unloaded after import = 0

========================================================================
Received Import Request.
  Time since last request: 26.487165 seconds.
  path: Assets/Kit/DungeonKit/fantasy town/Previews_int (UnSelected)/stone
  artifactKey: Guid(550c51201b19cab4aa694d4ffac7f5f9) Importer(815301076,1909f56bfc062723c751e8b465ee728b)
Start importing Assets/Kit/DungeonKit/fantasy town/Previews_int (UnSelected)/stone using Guid(550c51201b19cab4aa694d4ffac7f5f9) Importer(815301076,1909f56bfc062723c751e8b465ee728b) (PreviewImporter) -> (artifact id: '2060bcebb49f6845557a5872e6b105f4') in 0.0005713 seconds
Number of updated asset objects reloaded before import = 0Number of asset objects unloaded after import = 0

========================================================================
Received Import Request.
  Time since last request: 126.958077 seconds.
  path: Assets/Kit/DungeonKit/fantasy town/Previews_int (UnSelected)/trees
  artifactKey: Guid(acf8273134c10f9498fe4329da814932) Importer(815301076,1909f56bfc062723c751e8b465ee728b)
Start importing Assets/Kit/DungeonKit/fantasy town/Previews_int (UnSelected)/trees using Guid(acf8273134c10f9498fe4329da814932) Importer(815301076,1909f56bfc062723c751e8b465ee728b) (PreviewImporter) -> (artifact id: '9c42b67df3653ceb51e72729154247ee') in 0.0005386 seconds
Number of updated asset objects reloaded before import = 0Number of asset objects unloaded after import = 0

========================================================================
Received Import Request.
  Time since last request: 7.759117 seconds.
  path: Assets/Kit/DungeonKit/fantasy town/Previews_int (UnSelected)/fountain
  artifactKey: Guid(ab46a24d8b17ea1478e8aa2817e976ef) Importer(815301076,1909f56bfc062723c751e8b465ee728b)
Start importing Assets/Kit/DungeonKit/fantasy town/Previews_int (UnSelected)/fountain using Guid(ab46a24d8b17ea1478e8aa2817e976ef) Importer(815301076,1909f56bfc062723c751e8b465ee728b) (PreviewImporter) -> (artifact id: '1d5998795ee200d369199ef69d4515ab') in 0.0006493 seconds
Number of updated asset objects reloaded before import = 0Number of asset objects unloaded after import = 0

========================================================================
Received Import Request.
  Time since last request: 285.972605 seconds.
  path: Assets/Kit/DungeonKit/fantasy town/Previews_int (UnSelected)/balcon
  artifactKey: Guid(fcc39421945034848a079a4ad74f3146) Importer(815301076,1909f56bfc062723c751e8b465ee728b)
Start importing Assets/Kit/DungeonKit/fantasy town/Previews_int (UnSelected)/balcon using Guid(fcc39421945034848a079a4ad74f3146) Importer(815301076,1909f56bfc062723c751e8b465ee728b) (PreviewImporter) -> (artifact id: '3940315bbac1e4586e81f3889aa4e169') in 0.0008043 seconds
Number of updated asset objects reloaded before import = 0Number of asset objects unloaded after import = 0

========================================================================
Received Import Request.
  Time since last request: 18.154194 seconds.
  path: Assets/Kit/DungeonKit/fantasy town/Previews_int (UnSelected)/banner
  artifactKey: Guid(2ef0a193182b9604cae145756a6bcada) Importer(815301076,1909f56bfc062723c751e8b465ee728b)
Start importing Assets/Kit/DungeonKit/fantasy town/Previews_int (UnSelected)/banner using Guid(2ef0a193182b9604cae145756a6bcada) Importer(815301076,1909f56bfc062723c751e8b465ee728b) (PreviewImporter) -> (artifact id: '73d302d2d28010fedac1dfc05db26279') in 0.0005567 seconds
Number of updated asset objects reloaded before import = 0Number of asset objects unloaded after import = 0

========================================================================
Received Import Request.
  Time since last request: 180.291314 seconds.
  path: Assets/Kit/DungeonKit/fantasy town/Previews_int (UnSelected)/techo_verde
  artifactKey: Guid(d2a24935a00c9a34992674bdb71e03b3) Importer(815301076,1909f56bfc062723c751e8b465ee728b)
Start importing Assets/Kit/DungeonKit/fantasy town/Previews_int (UnSelected)/techo_verde using Guid(d2a24935a00c9a34992674bdb71e03b3) Importer(815301076,1909f56bfc062723c751e8b465ee728b) (PreviewImporter) -> (artifact id: '418ded904a9b460e68779ddf7e1c29aa') in 0.0006975 seconds
Number of updated asset objects reloaded before import = 0Number of asset objects unloaded after import = 0

========================================================================
Received Import Request.
  Time since last request: 18.394641 seconds.
  path: Assets/Kit/DungeonKit/fantasy town/Previews_int (UnSelected)/techo_rojo
  artifactKey: Guid(76e3f243b32b350498dba057beaa606e) Importer(815301076,1909f56bfc062723c751e8b465ee728b)
Start importing Assets/Kit/DungeonKit/fantasy town/Previews_int (UnSelected)/techo_rojo using Guid(76e3f243b32b350498dba057beaa606e) Importer(815301076,1909f56bfc062723c751e8b465ee728b) (PreviewImporter) -> (artifact id: 'ddfa45867114d4febb1113bb292b3462') in 0.0006828 seconds
Number of updated asset objects reloaded before import = 0Number of asset objects unloaded after import = 0

========================================================================
Received Import Request.
  Time since last request: 31.021582 seconds.
  path: Assets/Kit/DungeonKit/fantasy town/Previews_int (UnSelected)/tiendas
  artifactKey: Guid(43dcc414d3bc2bc488f4f0335f537522) Importer(815301076,1909f56bfc062723c751e8b465ee728b)
Start importing Assets/Kit/DungeonKit/fantasy town/Previews_int (UnSelected)/tiendas using Guid(43dcc414d3bc2bc488f4f0335f537522) Importer(815301076,1909f56bfc062723c751e8b465ee728b) (PreviewImporter) -> (artifact id: '1af8999b1884c46aef09ace8bbf233a4') in 0.0007405 seconds
Number of updated asset objects reloaded before import = 0Number of asset objects unloaded after import = 0

========================================================================
Received Import Request.
  Time since last request: 179.687299 seconds.
  path: Assets/Kit/DungeonKit/fantasy town/Previews_int (UnSelected)/casa parteMedia
  artifactKey: Guid(b16e2896f1b79a34eb328188b10a0dc9) Importer(815301076,1909f56bfc062723c751e8b465ee728b)
Start importing Assets/Kit/DungeonKit/fantasy town/Previews_int (UnSelected)/casa parteMedia using Guid(b16e2896f1b79a34eb328188b10a0dc9) Importer(815301076,1909f56bfc062723c751e8b465ee728b) (PreviewImporter) -> (artifact id: 'c4ab7451116d332afc4e4afb0f7c8863') in 0.0006975 seconds
Number of updated asset objects reloaded before import = 0Number of asset objects unloaded after import = 0

========================================================================
Received Import Request.
  Time since last request: 98.536234 seconds.
  path: Assets/Kit/DungeonKit/fantasy town/Previews_int (UnSelected)/stairs
  artifactKey: Guid(8dd184a8429aba34897c5cd5e48d6e0a) Importer(815301076,1909f56bfc062723c751e8b465ee728b)
Start importing Assets/Kit/DungeonKit/fantasy town/Previews_int (UnSelected)/stairs using Guid(8dd184a8429aba34897c5cd5e48d6e0a) Importer(815301076,1909f56bfc062723c751e8b465ee728b) (PreviewImporter) -> (artifact id: '3f36a02d8415c7639740bfb3cc57e11f') in 0.0009288 seconds
Number of updated asset objects reloaded before import = 0Number of asset objects unloaded after import = 0

========================================================================
Received Import Request.
  Time since last request: 61.679803 seconds.
  path: Assets/Kit/DungeonKit/fantasy town/Previews_int (UnSelected)/planks
  artifactKey: Guid(e70f08e6f8341cb43b039b3e94effbc1) Importer(815301076,1909f56bfc062723c751e8b465ee728b)
Start importing Assets/Kit/DungeonKit/fantasy town/Previews_int (UnSelected)/planks using Guid(e70f08e6f8341cb43b039b3e94effbc1) Importer(815301076,1909f56bfc062723c751e8b465ee728b) (PreviewImporter) -> (artifact id: '672e707615fcf2abec95f0635c0c4faa') in 0.0006763 seconds
Number of updated asset objects reloaded before import = 0Number of asset objects unloaded after import = 0

========================================================================
Received Import Request.
  Time since last request: 45.333929 seconds.
  path: Assets/Kit/DungeonKit/fantasy town/Previews_int (UnSelected)/planks wood
  artifactKey: Guid(e70f08e6f8341cb43b039b3e94effbc1) Importer(815301076,1909f56bfc062723c751e8b465ee728b)
Start importing Assets/Kit/DungeonKit/fantasy town/Previews_int (UnSelected)/planks wood using Guid(e70f08e6f8341cb43b039b3e94effbc1) Importer(815301076,1909f56bfc062723c751e8b465ee728b) (PreviewImporter) -> (artifact id: '5ff79179fc8b58f249497aa2f9947818') in 0.0005846 seconds
Number of updated asset objects reloaded before import = 0Number of asset objects unloaded after import = 0

========================================================================
Received Import Request.
  Time since last request: 71.834120 seconds.
  path: Assets/Kit/DungeonKit/fantasy town/Previews_int (UnSelected)/_mill (ruedas)
  artifactKey: Guid(f626d5caa8da9e6448868183d60bcd23) Importer(815301076,1909f56bfc062723c751e8b465ee728b)
Start importing Assets/Kit/DungeonKit/fantasy town/Previews_int (UnSelected)/_mill (ruedas) using Guid(f626d5caa8da9e6448868183d60bcd23) Importer(815301076,1909f56bfc062723c751e8b465ee728b) (PreviewImporter) -> (artifact id: '8d7cd721f5bb0b8a6603c5996efcc5f0') in 0.0006955 seconds
Number of updated asset objects reloaded before import = 0Number of asset objects unloaded after import = 0

========================================================================
Received Import Request.
  Time since last request: 20.439615 seconds.
  path: Assets/Kit/DungeonKit/fantasy town/Interior
  artifactKey: Guid(6a431b57e5ead27419da691532036cfe) Importer(815301076,1909f56bfc062723c751e8b465ee728b)
Start importing Assets/Kit/DungeonKit/fantasy town/Interior using Guid(6a431b57e5ead27419da691532036cfe) Importer(815301076,1909f56bfc062723c751e8b465ee728b) (PreviewImporter) -> (artifact id: 'c5af9c7c232077a9d504ab51315bf8ef') in 0.000582 seconds
Number of updated asset objects reloaded before import = 0Number of asset objects unloaded after import = 0

========================================================================
Received Import Request.
  Time since last request: 77.708357 seconds.
  path: Assets/Kit/DungeonKit/fantasy town/Previews_int (UnSelected)/mesa
  artifactKey: Guid(e2099fe116fc5c44099db5ab2b8dad3a) Importer(815301076,1909f56bfc062723c751e8b465ee728b)
Start importing Assets/Kit/DungeonKit/fantasy town/Previews_int (UnSelected)/mesa using Guid(e2099fe116fc5c44099db5ab2b8dad3a) Importer(815301076,1909f56bfc062723c751e8b465ee728b) (PreviewImporter) -> (artifact id: '1097dfcd4efcf8041906243c3a9a0783') in 0.0008433 seconds
Number of updated asset objects reloaded before import = 0Number of asset objects unloaded after import = 0

========================================================================
Received Import Request.
  Time since last request: 105.439614 seconds.
  path: Assets/Kit/DungeonKit/fantasy town/Previews_int (UnSelected)/Chimenea
  artifactKey: Guid(980c483eaf25fa7478441d0360410be4) Importer(815301076,1909f56bfc062723c751e8b465ee728b)
Start importing Assets/Kit/DungeonKit/fantasy town/Previews_int (UnSelected)/Chimenea using Guid(980c483eaf25fa7478441d0360410be4) Importer(815301076,1909f56bfc062723c751e8b465ee728b) (PreviewImporter) -> (artifact id: '15260e80c08784a56afcb5899d1c98f2') in 0.0008877 seconds
Number of updated asset objects reloaded before import = 0Number of asset objects unloaded after import = 0

========================================================================
Received Import Request.
  Time since last request: 76.363403 seconds.
  path: Assets/Kit/DungeonKit/fantasy town/Previews_int (UnSelected)/house
  artifactKey: Guid(0288284d6098f6744bf3c0eb29c60cbc) Importer(815301076,1909f56bfc062723c751e8b465ee728b)
Start importing Assets/Kit/DungeonKit/fantasy town/Previews_int (UnSelected)/house using Guid(0288284d6098f6744bf3c0eb29c60cbc) Importer(815301076,1909f56bfc062723c751e8b465ee728b) (PreviewImporter) -> (artifact id: '08eaeffa766646863dd6466dc5e00957') in 0.0006821 seconds
Number of updated asset objects reloaded before import = 0Number of asset objects unloaded after import = 0

========================================================================
Received Import Request.
  Time since last request: 225.854261 seconds.
  path: Assets/Kit/DungeonKit/fantasy town/Previews_ext (UnSelected)/bale
  artifactKey: Guid(12f15d75ac9912548bdd8688da56fe20) Importer(815301076,1909f56bfc062723c751e8b465ee728b)
Start importing Assets/Kit/DungeonKit/fantasy town/Previews_ext (UnSelected)/bale using Guid(12f15d75ac9912548bdd8688da56fe20) Importer(815301076,1909f56bfc062723c751e8b465ee728b) (PreviewImporter) -> (artifact id: '1adb34a65c3c87fe86de0f12b819b57f') in 0.0007021 seconds
Number of updated asset objects reloaded before import = 0Number of asset objects unloaded after import = 0

========================================================================
Received Import Request.
  Time since last request: 8346.082355 seconds.
  path: Assets/Kit/DungeonKit/fantasy town/Previews_ext (UnSelected)/heno
  artifactKey: Guid(12f15d75ac9912548bdd8688da56fe20) Importer(815301076,1909f56bfc062723c751e8b465ee728b)
Start importing Assets/Kit/DungeonKit/fantasy town/Previews_ext (UnSelected)/heno using Guid(12f15d75ac9912548bdd8688da56fe20) Importer(815301076,1909f56bfc062723c751e8b465ee728b) (PreviewImporter) -> (artifact id: '799da363a72c5f68641aebac7e49018f') in 0.0008617 seconds
Number of updated asset objects reloaded before import = 0Number of asset objects unloaded after import = 0

========================================================================
Received Import Request.
  Time since last request: 60.316126 seconds.
  path: Assets/Kit/DungeonKit/fantasy town/Previews_ext (UnSelected)/detallitos
  artifactKey: Guid(06195f4ac906ba74eaa34da18bea2603) Importer(815301076,1909f56bfc062723c751e8b465ee728b)
Start importing Assets/Kit/DungeonKit/fantasy town/Previews_ext (UnSelected)/detallitos using Guid(06195f4ac906ba74eaa34da18bea2603) Importer(815301076,1909f56bfc062723c751e8b465ee728b) (PreviewImporter) -> (artifact id: 'fcdc67c0181f950b96af6ebde7f3db2b') in 0.0008051 seconds
Number of updated asset objects reloaded before import = 0Number of asset objects unloaded after import = 0

========================================================================
Received Import Request.
  Time since last request: 71.159325 seconds.
  path: Assets/Kit/DungeonKit/fantasy town/Models_int/FBX format
  artifactKey: Guid(d6779eb163fdd3444804da6faa3c2649) Importer(815301076,1909f56bfc062723c751e8b465ee728b)
Start importing Assets/Kit/DungeonKit/fantasy town/Models_int/FBX format using Guid(d6779eb163fdd3444804da6faa3c2649) Importer(815301076,1909f56bfc062723c751e8b465ee728b) (PreviewImporter) -> (artifact id: '2909e09951b999da780973a2986e9dd7') in 0.0007906 seconds
Number of updated asset objects reloaded before import = 0Number of asset objects unloaded after import = 0

========================================================================
Received Import Request.
  Time since last request: 0.933861 seconds.
  path: Assets/Kit/DungeonKit/fantasy town/Models_int/FBX format/balcony-wall.fbx
  artifactKey: Guid(9777a2e7cbb06ab478d1da2ceebf62b5) Importer(815301076,1909f56bfc062723c751e8b465ee728b)
Start importing Assets/Kit/DungeonKit/fantasy town/Models_int/FBX format/balcony-wall.fbx using Guid(9777a2e7cbb06ab478d1da2ceebf62b5) Importer(815301076,1909f56bfc062723c751e8b465ee728b) (PreviewImporter) -> (artifact id: '8d8f9b32d37d03408b447b966470f49c') in 0.1336157 seconds
Number of updated asset objects reloaded before import = 0Number of asset objects unloaded after import = 9

========================================================================
Received Import Request.
  Time since last request: 0.000048 seconds.
  path: Assets/Kit/DungeonKit/fantasy town/Models_int/FBX format/fountain-curved.fbx
  artifactKey: Guid(0d2f846cec338be468faedc1d16b1e7d) Importer(815301076,1909f56bfc062723c751e8b465ee728b)
Start importing Assets/Kit/DungeonKit/fantasy town/Models_int/FBX format/fountain-curved.fbx using Guid(0d2f846cec338be468faedc1d16b1e7d) Importer(815301076,1909f56bfc062723c751e8b465ee728b) (PreviewImporter) -> (artifact id: '07639ee325c0a8825717936b02e91a09') in 0.0986407 seconds
Number of updated asset objects reloaded before import = 0Number of asset objects unloaded after import = 15

========================================================================
Received Import Request.
  Time since last request: 0.000045 seconds.
  path: Assets/Kit/DungeonKit/fantasy town/Models_int/FBX format/hedge-large-curved.fbx
  artifactKey: Guid(b704ff6400dfba54cae41068eddc135e) Importer(815301076,1909f56bfc062723c751e8b465ee728b)
Start importing Assets/Kit/DungeonKit/fantasy town/Models_int/FBX format/hedge-large-curved.fbx using Guid(b704ff6400dfba54cae41068eddc135e) Importer(815301076,1909f56bfc062723c751e8b465ee728b) (PreviewImporter) -> (artifact id: 'df5de02013fd9eac5d25b86e6fbd3858') in 0.0425267 seconds
Number of updated asset objects reloaded before import = 0Number of asset objects unloaded after import = 9

========================================================================
Received Import Request.
  Time since last request: 0.000032 seconds.
  path: Assets/Kit/DungeonKit/fantasy town/Models_int/FBX format/fountain-edge.fbx
  artifactKey: Guid(f7b2d050c0de74642b67d7cf62cfbe07) Importer(815301076,1909f56bfc062723c751e8b465ee728b)
Start importing Assets/Kit/DungeonKit/fantasy town/Models_int/FBX format/fountain-edge.fbx using Guid(f7b2d050c0de74642b67d7cf62cfbe07) Importer(815301076,1909f56bfc062723c751e8b465ee728b) (PreviewImporter) -> (artifact id: '0f839af037ea6314ae99388fd66962d2') in 0.0773943 seconds
Number of updated asset objects reloaded before import = 0Number of asset objects unloaded after import = 15

========================================================================
Received Import Request.
  Time since last request: 0.000027 seconds.
  path: Assets/Kit/DungeonKit/fantasy town/Models_int/FBX format/fountain-corner-inner-square.fbx
  artifactKey: Guid(534d6eae362de644d935541c24f26bee) Importer(815301076,1909f56bfc062723c751e8b465ee728b)
Start importing Assets/Kit/DungeonKit/fantasy town/Models_int/FBX format/fountain-corner-inner-square.fbx using Guid(534d6eae362de644d935541c24f26bee) Importer(815301076,1909f56bfc062723c751e8b465ee728b) (PreviewImporter) -> (artifact id: '7d4deaf1daacf91291248eac5e6a9bd8') in 0.0829779 seconds
Number of updated asset objects reloaded before import = 0Number of asset objects unloaded after import = 15

========================================================================
Received Import Request.
  Time since last request: 0.000032 seconds.
  path: Assets/Kit/DungeonKit/fantasy town/Models_int/FBX format/fence-broken.fbx
  artifactKey: Guid(2dbe74e8b284cb84a9103fabe57cd1f2) Importer(815301076,1909f56bfc062723c751e8b465ee728b)
Start importing Assets/Kit/DungeonKit/fantasy town/Models_int/FBX format/fence-broken.fbx using Guid(2dbe74e8b284cb84a9103fabe57cd1f2) Importer(815301076,1909f56bfc062723c751e8b465ee728b) (PreviewImporter) -> (artifact id: '74069ab4c9ba445da786ebfb92888d9c') in 0.0494075 seconds
Number of updated asset objects reloaded before import = 0Number of asset objects unloaded after import = 9

========================================================================
Received Import Request.
  Time since last request: 0.000063 seconds.
  path: Assets/Kit/DungeonKit/fantasy town/Models_int/FBX format/cart-high.fbx
  artifactKey: Guid(2df3c280fa0fe1c48b9da4294a5b2643) Importer(815301076,1909f56bfc062723c751e8b465ee728b)
Start importing Assets/Kit/DungeonKit/fantasy town/Models_int/FBX format/cart-high.fbx using Guid(2df3c280fa0fe1c48b9da4294a5b2643) Importer(815301076,1909f56bfc062723c751e8b465ee728b) (PreviewImporter) -> (artifact id: 'fd92f6d702a480576bfad1ae566259aa') in 0.0857209 seconds
Number of updated asset objects reloaded before import = 0Number of asset objects unloaded after import = 19

========================================================================
Received Import Request.
  Time since last request: 0.000061 seconds.
  path: Assets/Kit/DungeonKit/fantasy town/Models_int/FBX format/pillar-wood.fbx
  artifactKey: Guid(4b96b9cbace3961499099b5b8fc7b70e) Importer(815301076,1909f56bfc062723c751e8b465ee728b)
Start importing Assets/Kit/DungeonKit/fantasy town/Models_int/FBX format/pillar-wood.fbx using Guid(4b96b9cbace3961499099b5b8fc7b70e) Importer(815301076,1909f56bfc062723c751e8b465ee728b) (PreviewImporter) -> (artifact id: '8df139eb0047da178f1836a6fa177437') in 0.0790483 seconds
Number of updated asset objects reloaded before import = 0Number of asset objects unloaded after import = 9

========================================================================
Received Import Request.
  Time since last request: 0.000043 seconds.
  path: Assets/Kit/DungeonKit/fantasy town/Models_int/FBX format/fountain-square-detail.fbx
  artifactKey: Guid(164cd099b8469ed478a530a2c6c14d6b) Importer(815301076,1909f56bfc062723c751e8b465ee728b)
Start importing Assets/Kit/DungeonKit/fantasy town/Models_int/FBX format/fountain-square-detail.fbx using Guid(164cd099b8469ed478a530a2c6c14d6b) Importer(815301076,1909f56bfc062723c751e8b465ee728b) (PreviewImporter) -> (artifact id: '1f43dabb79589e365115d5dd8fa5ff5a') in 0.0739557 seconds
Number of updated asset objects reloaded before import = 0Number of asset objects unloaded after import = 15

========================================================================
Received Import Request.
  Time since last request: 0.000051 seconds.
  path: Assets/Kit/DungeonKit/fantasy town/Models_int/FBX format/fountain-round-detail.fbx
  artifactKey: Guid(edfce58a36de947498a0bff991534d30) Importer(815301076,1909f56bfc062723c751e8b465ee728b)
Start importing Assets/Kit/DungeonKit/fantasy town/Models_int/FBX format/fountain-round-detail.fbx using Guid(edfce58a36de947498a0bff991534d30) Importer(815301076,1909f56bfc062723c751e8b465ee728b) (PreviewImporter) -> (artifact id: 'a907fdc870061c551089b4edee423f34') in 0.0837448 seconds
Number of updated asset objects reloaded before import = 0Number of asset objects unloaded after import = 15

========================================================================
Received Import Request.
  Time since last request: 0.000050 seconds.
  path: Assets/Kit/DungeonKit/fantasy town/Models_int/FBX format/fence-gate.fbx
  artifactKey: Guid(e1008407d0f4ddd448006b7856ec9caf) Importer(815301076,1909f56bfc062723c751e8b465ee728b)
Start importing Assets/Kit/DungeonKit/fantasy town/Models_int/FBX format/fence-gate.fbx using Guid(e1008407d0f4ddd448006b7856ec9caf) Importer(815301076,1909f56bfc062723c751e8b465ee728b) (PreviewImporter) -> (artifact id: '89b89d4cfcd2a31b5845df2398e0be60') in 0.093464 seconds
Number of updated asset objects reloaded before import = 0Number of asset objects unloaded after import = 14

========================================================================
Received Import Request.
  Time since last request: 0.000047 seconds.
  path: Assets/Kit/DungeonKit/fantasy town/Models_int/FBX format/chimney.fbx
  artifactKey: Guid(0e13538e7f8503849a3ec762b15d6112) Importer(815301076,1909f56bfc062723c751e8b465ee728b)
Start importing Assets/Kit/DungeonKit/fantasy town/Models_int/FBX format/chimney.fbx using Guid(0e13538e7f8503849a3ec762b15d6112) Importer(815301076,1909f56bfc062723c751e8b465ee728b) (PreviewImporter) -> (artifact id: '952650ef44d26b24c9e8bbffc8183d20') in 0.0552394 seconds
Number of updated asset objects reloaded before import = 0Number of asset objects unloaded after import = 9

========================================================================
Received Import Request.
  Time since last request: 0.000061 seconds.
  path: Assets/Kit/DungeonKit/fantasy town/Models_int/FBX format/fountain-square.fbx
  artifactKey: Guid(b2aa3772d93ec4749a7adfee434470b3) Importer(815301076,1909f56bfc062723c751e8b465ee728b)
Start importing Assets/Kit/DungeonKit/fantasy town/Models_int/FBX format/fountain-square.fbx using Guid(b2aa3772d93ec4749a7adfee434470b3) Importer(815301076,1909f56bfc062723c751e8b465ee728b) (PreviewImporter) -> (artifact id: 'fc4be9e1e4636473603800511d4c21dc') in 0.103167 seconds
Number of updated asset objects reloaded before import = 0Number of asset objects unloaded after import = 15

========================================================================
Received Import Request.
  Time since last request: 0.000042 seconds.
  path: Assets/Kit/DungeonKit/fantasy town/Models_int/FBX format/chimney-top.fbx
  artifactKey: Guid(3d31cda77a888d44bb29f49198f3931d) Importer(815301076,1909f56bfc062723c751e8b465ee728b)
Start importing Assets/Kit/DungeonKit/fantasy town/Models_int/FBX format/chimney-top.fbx using Guid(3d31cda77a888d44bb29f49198f3931d) Importer(815301076,1909f56bfc062723c751e8b465ee728b) (PreviewImporter) -> (artifact id: 'd3d06909325975c9449044d16ae82302') in 0.0579701 seconds
Number of updated asset objects reloaded before import = 0Number of asset objects unloaded after import = 9

========================================================================
Received Import Request.
  Time since last request: 0.000050 seconds.
  path: Assets/Kit/DungeonKit/fantasy town/Models_int/FBX format/fountain-center.fbx
  artifactKey: Guid(071a1756597e6754c8a283c291e09b18) Importer(815301076,1909f56bfc062723c751e8b465ee728b)
Start importing Assets/Kit/DungeonKit/fantasy town/Models_int/FBX format/fountain-center.fbx using Guid(071a1756597e6754c8a283c291e09b18) Importer(815301076,1909f56bfc062723c751e8b465ee728b) (PreviewImporter) -> (artifact id: 'd514e53df4dc9b84dae0f2d5b3642469') in 0.0745118 seconds
Number of updated asset objects reloaded before import = 0Number of asset objects unloaded after import = 15

========================================================================
Received Import Request.
  Time since last request: 0.000053 seconds.
  path: Assets/Kit/DungeonKit/fantasy town/Models_int/FBX format/hedge-curved.fbx
  artifactKey: Guid(e44b0cdd80659844093e3951a2de6054) Importer(815301076,1909f56bfc062723c751e8b465ee728b)
Start importing Assets/Kit/DungeonKit/fantasy town/Models_int/FBX format/hedge-curved.fbx using Guid(e44b0cdd80659844093e3951a2de6054) Importer(815301076,1909f56bfc062723c751e8b465ee728b) (PreviewImporter) -> (artifact id: '6ec9e0ece76f0e11fdec210402277950') in 0.0527756 seconds
Number of updated asset objects reloaded before import = 0Number of asset objects unloaded after import = 9

========================================================================
Received Import Request.
  Time since last request: 0.000036 seconds.
  path: Assets/Kit/DungeonKit/fantasy town/Models_int/FBX format/blade.fbx
  artifactKey: Guid(520138b17939e3145967bb14537a8f50) Importer(815301076,1909f56bfc062723c751e8b465ee728b)
Start importing Assets/Kit/DungeonKit/fantasy town/Models_int/FBX format/blade.fbx using Guid(520138b17939e3145967bb14537a8f50) Importer(815301076,1909f56bfc062723c751e8b465ee728b) (PreviewImporter) -> (artifact id: '6934be89e38ff5b0fc1b71cb09d9422e') in 0.0504541 seconds
Number of updated asset objects reloaded before import = 0Number of asset objects unloaded after import = 9

Editor requested this worker to shutdown with reason: Scaling down because of idle timeout
AssetImportWorker is now disconnected from the server
Process exiting
Exiting without the bug reporter. Application will terminate with return code 0