Using pre-set license
Built from '6000.0/staging' branch; Version is '6000.0.24f1 (11fa355cd605) revision 1178165'; Using compiler version '193933523'; Build Type 'Release'
OS: 'Windows 11  (10.0.26200) 64bit Core' Language: 'es' Physical Memory: 15917 MB
BatchMode: 1, IsHumanControllingUs: 0, StartBugReporterOnCrash: 0, Is64bit: 1, IsPro: 1

COMMAND LINE ARGUMENTS:
C:\Program Files\Unity 6000.0.24f1\Editor\Unity.exe
-adb2
-batchMode
-noUpm
-name
AssetImportWorker21
-projectPath
C:/Users/Diego/Desktop/Diego/Github/CreadorDeObjetos/My Creator Game
-logFile
Logs/AssetImportWorker21.log
-srvPort
58382
-job-worker-count
10
-background-job-worker-count
8
-asset-garbage-collectors
1
Successfully changed project path to: C:/Users/Diego/Desktop/Diego/Github/CreadorDeObjetos/My Creator Game
C:/Users/Diego/Desktop/Diego/Github/CreadorDeObjetos/My Creator Game
[UnityMemory] Configuration Parameters - Can be set up in boot.config
    "memorysetup-bucket-allocator-granularity=16"
    "memorysetup-bucket-allocator-bucket-count=8"
    "memorysetup-bucket-allocator-block-size=33554432"
    "memorysetup-bucket-allocator-block-count=8"
    "memorysetup-main-allocator-block-size=16777216"
    "memorysetup-thread-allocator-block-size=16777216"
    "memorysetup-gfx-main-allocator-block-size=16777216"
    "memorysetup-gfx-thread-allocator-block-size=16777216"
    "memorysetup-cache-allocator-block-size=4194304"
    "memorysetup-typetree-allocator-block-size=2097152"
    "memorysetup-profiler-bucket-allocator-granularity=16"
    "memorysetup-profiler-bucket-allocator-bucket-count=8"
    "memorysetup-profiler-bucket-allocator-block-size=33554432"
    "memorysetup-profiler-bucket-allocator-block-count=8"
    "memorysetup-profiler-allocator-block-size=16777216"
    "memorysetup-profiler-editor-allocator-block-size=1048576"
    "memorysetup-temp-allocator-size-main=16777216"
    "memorysetup-job-temp-allocator-block-size=2097152"
    "memorysetup-job-temp-allocator-block-size-background=1048576"
    "memorysetup-job-temp-allocator-reduction-small-platforms=262144"
    "memorysetup-allocator-temp-initial-block-size-main=262144"
    "memorysetup-allocator-temp-initial-block-size-worker=262144"
    "memorysetup-temp-allocator-size-background-worker=32768"
    "memorysetup-temp-allocator-size-job-worker=262144"
    "memorysetup-temp-allocator-size-preload-manager=33554432"
    "memorysetup-temp-allocator-size-nav-mesh-worker=65536"
    "memorysetup-temp-allocator-size-audio-worker=65536"
    "memorysetup-temp-allocator-size-cloud-worker=32768"
    "memorysetup-temp-allocator-size-gi-baking-worker=262144"
    "memorysetup-temp-allocator-size-gi-baking-worker=262144"
    "memorysetup-temp-allocator-size-gi-baking-worker=262144"
    "memorysetup-temp-allocator-size-gi-baking-worker=262144"
    "memorysetup-temp-allocator-size-gi-baking-worker=262144"
    "memorysetup-temp-allocator-size-gfx=262144"
Player connection [22152]  Target information:

Player connection [22152]  * "[IP] 192.168.1.54 [Port] 0 [Flags] 2 [Guid] 4241480739 [EditorId] 4241480739 [Version] 1048832 [Id] WindowsEditor(7,Asus-Zenbook-14) [Debug] 1 [PackageName] WindowsEditor [ProjectName] Editor" 

Player connection [22152] Host joined multi-casting on [225.0.0.222:54997]...
Player connection [22152] Host joined alternative multi-casting on [225.0.0.222:34997]...
JobSystem: Creating JobQueue using job-worker-count value 10
[Physics::Module] Initialized fallback backend.
[Physics::Module] Id: 0xdecafbad
Library Redirect Path: Library/
[Physics::Module] Selected backend.
[Physics::Module] Name: PhysX
[Physics::Module] Id: 0xf2b8ea05
[Physics::Module] SDK Version: 4.1.2
[Physics::Module] Integration Version: 1.0.0
[Physics::Module] Threading Mode: Multi-Threaded
Refreshing native plugins compatible for Editor in 4.12 ms, found 3 plugins.
Preloading 0 native plugins for Editor in 0.00 ms.
Initialize engine version: 6000.0.24f1 (11fa355cd605)
[Subsystems] Discovering subsystems at path C:/Program Files/Unity 6000.0.24f1/Editor/Data/Resources/UnitySubsystems
[Subsystems] Discovering subsystems at path C:/Users/Diego/Desktop/Diego/Github/CreadorDeObjetos/My Creator Game/Assets
GfxDevice: creating device client; kGfxThreadingModeNonThreaded
Direct3D:
    Version:  Direct3D 11.0 [level 11.1]
    Renderer: Intel(R) Arc(TM) Graphics (ID=0x7d55)
    Vendor:   Intel
    VRAM:     9073 MB
    Driver:   32.0.101.6314
Initialize mono
Mono path[0] = 'C:/Program Files/Unity 6000.0.24f1/Editor/Data/Managed'
Mono path[1] = 'C:/Program Files/Unity 6000.0.24f1/Editor/Data/MonoBleedingEdge/lib/mono/unityjit-win32'
Mono config path = 'C:/Program Files/Unity 6000.0.24f1/Editor/Data/MonoBleedingEdge/etc'
Using monoOptions --debugger-agent=transport=dt_socket,embedding=1,server=y,suspend=n,address=127.0.0.1:56016
Begin MonoManager ReloadAssembly
Registering precompiled unity dll's ...
Register platform support module: C:/Program Files/Unity 6000.0.24f1/Editor/Data/PlaybackEngines/WindowsStandaloneSupport/UnityEditor.WindowsStandalone.Extensions.dll
Registered in 0.009290 seconds.
- Loaded All Assemblies, in  1.027 seconds
Native extension for WindowsStandalone target not found
Mono: successfully reloaded assembly
- Finished resetting the current domain, in  0.626 seconds
Domain Reload Profiling: 1647ms
	BeginReloadAssembly (494ms)
		ExecutionOrderSort (0ms)
		DisableScriptedObjects (0ms)
		BackupInstance (0ms)
		ReleaseScriptingObjects (0ms)
		CreateAndSetChildDomain (3ms)
	RebuildCommonClasses (83ms)
	RebuildNativeTypeToScriptingClass (27ms)
	initialDomainReloadingComplete (114ms)
	LoadAllAssembliesAndSetupDomain (302ms)
		LoadAssemblies (472ms)
		RebuildTransferFunctionScriptingTraits (0ms)
		AnalyzeDomain (297ms)
			TypeCache.Refresh (295ms)
				TypeCache.ScanAssembly (269ms)
			BuildScriptInfoCaches (0ms)
			ResolveRequiredComponents (1ms)
	FinalizeReload (627ms)
		ReleaseScriptCaches (0ms)
		RebuildScriptCaches (0ms)
		SetupLoadedEditorAssemblies (539ms)
			LogAssemblyErrors (0ms)
			InitializePlatformSupportModulesInManaged (60ms)
			SetLoadedEditorAssemblies (12ms)
			BeforeProcessingInitializeOnLoad (13ms)
			ProcessInitializeOnLoadAttributes (360ms)
			ProcessInitializeOnLoadMethodAttributes (92ms)
			AfterProcessingInitializeOnLoad (3ms)
			EditorAssembliesLoaded (0ms)
		ExecutionOrderSort2 (0ms)
		AwakeInstancesAfterBackupRestoration (0ms)
========================================================================
Worker process is ready to serve import requests
Import Worker Mode flag is 0x00
Begin MonoManager ReloadAssembly
- Loaded All Assemblies, in  1.517 seconds
Refreshing native plugins compatible for Editor in 1.40 ms, found 3 plugins.
Native extension for WindowsStandalone target not found
Missing types referenced from component UniversalRenderPipelineGlobalSettings on game object UniversalRenderPipelineGlobalSettings:
	UnityEngine.Rendering.Universal.UniversalRenderPipelineEditorAssets, Unity.RenderPipelines.Universal.Runtime (1 object)
Mono: successfully reloaded assembly
- Finished resetting the current domain, in  1.302 seconds
Domain Reload Profiling: 2808ms
	BeginReloadAssembly (589ms)
		ExecutionOrderSort (0ms)
		DisableScriptedObjects (8ms)
		BackupInstance (0ms)
		ReleaseScriptingObjects (0ms)
		CreateAndSetChildDomain (38ms)
	RebuildCommonClasses (46ms)
	RebuildNativeTypeToScriptingClass (15ms)
	initialDomainReloadingComplete (58ms)
	LoadAllAssembliesAndSetupDomain (798ms)
		LoadAssemblies (581ms)
		RebuildTransferFunctionScriptingTraits (0ms)
		AnalyzeDomain (360ms)
			TypeCache.Refresh (228ms)
				TypeCache.ScanAssembly (210ms)
			BuildScriptInfoCaches (108ms)
			ResolveRequiredComponents (17ms)
	FinalizeReload (1303ms)
		ReleaseScriptCaches (0ms)
		RebuildScriptCaches (0ms)
		SetupLoadedEditorAssemblies (924ms)
			LogAssemblyErrors (0ms)
			InitializePlatformSupportModulesInManaged (4ms)
			SetLoadedEditorAssemblies (7ms)
			BeforeProcessingInitializeOnLoad (121ms)
			ProcessInitializeOnLoadAttributes (641ms)
			ProcessInitializeOnLoadMethodAttributes (139ms)
			AfterProcessingInitializeOnLoad (12ms)
			EditorAssembliesLoaded (0ms)
		ExecutionOrderSort2 (0ms)
		AwakeInstancesAfterBackupRestoration (8ms)
Launched and connected shader compiler UnityShaderCompiler.exe after 0.02 seconds
Refreshing native plugins compatible for Editor in 1.52 ms, found 3 plugins.
Preloading 0 native plugins for Editor in 0.00 ms.
Unloading 212 Unused Serialized files (Serialized files now loaded: 0)
Unloading 6089 unused Assets / (4.2 MB). Loaded Objects now: 6874.
Memory consumption went from 209.3 MB to 205.2 MB.
Total: 9.108500 ms (FindLiveObjects: 0.596600 ms CreateObjectMapping: 0.353700 ms MarkObjects: 5.889300 ms  DeleteObjects: 2.268000 ms)

========================================================================
Received Import Request.
  Time since last request: 27159.568515 seconds.
  path: Assets/Kit/Enviroment/Eviroment hexa/KayKit_Medieval_Hexagon_Pack_1.0_FREE/Assets/tiles/base/hex_grass_sloped_high.fbx
  artifactKey: Guid(af4ef8d029927e948b5ddb653c5e5286) Importer(815301076,1909f56bfc062723c751e8b465ee728b)
Start importing Assets/Kit/Enviroment/Eviroment hexa/KayKit_Medieval_Hexagon_Pack_1.0_FREE/Assets/tiles/base/hex_grass_sloped_high.fbx using Guid(af4ef8d029927e948b5ddb653c5e5286) Importer(815301076,1909f56bfc062723c751e8b465ee728b) (PreviewImporter) -> (artifact id: '251d33ae1b3a024ce6223fdc3218b146') in 0.8225455 seconds
Number of updated asset objects reloaded before import = 0Number of asset objects unloaded after import = 9

========================================================================
Received Import Request.
  Time since last request: 8.823221 seconds.
  path: Assets/Kit/Enviroment/Eviroment hexa/KayKit_Medieval_Hexagon_Pack_1.0_FREE/Assets/decoration/props/bucket_empty.fbx
  artifactKey: Guid(5f840b3875c566c41acdfc1340f4cd02) Importer(815301076,1909f56bfc062723c751e8b465ee728b)
Start importing Assets/Kit/Enviroment/Eviroment hexa/KayKit_Medieval_Hexagon_Pack_1.0_FREE/Assets/decoration/props/bucket_empty.fbx using Guid(5f840b3875c566c41acdfc1340f4cd02) Importer(815301076,1909f56bfc062723c751e8b465ee728b) (PreviewImporter) -> (artifact id: '75c648f379a5abbe904ae6d0ba20b048') in 0.1368124 seconds
Number of updated asset objects reloaded before import = 0Number of asset objects unloaded after import = 9

========================================================================
Received Import Request.
  Time since last request: 0.000055 seconds.
  path: Assets/Kit/Enviroment/Eviroment hexa/KayKit_Medieval_Hexagon_Pack_1.0_FREE/Assets/decoration/props/weaponrack.fbx
  artifactKey: Guid(fce3ca18352c9f04682b08b947541a17) Importer(815301076,1909f56bfc062723c751e8b465ee728b)
Start importing Assets/Kit/Enviroment/Eviroment hexa/KayKit_Medieval_Hexagon_Pack_1.0_FREE/Assets/decoration/props/weaponrack.fbx using Guid(fce3ca18352c9f04682b08b947541a17) Importer(815301076,1909f56bfc062723c751e8b465ee728b) (PreviewImporter) -> (artifact id: '176676b21f6a7825d8ca8447f5ceece1') in 0.0600919 seconds
Number of updated asset objects reloaded before import = 0Number of asset objects unloaded after import = 9

========================================================================
Received Import Request.
  Time since last request: 0.000048 seconds.
  path: Assets/Kit/Enviroment/Eviroment hexa/KayKit_Medieval_Hexagon_Pack_1.0_FREE/Assets/decoration/props/crate_long_C.fbx
  artifactKey: Guid(fe45e0cae5b989a48b2d890bfdfe5c8c) Importer(815301076,1909f56bfc062723c751e8b465ee728b)
Start importing Assets/Kit/Enviroment/Eviroment hexa/KayKit_Medieval_Hexagon_Pack_1.0_FREE/Assets/decoration/props/crate_long_C.fbx using Guid(fe45e0cae5b989a48b2d890bfdfe5c8c) Importer(815301076,1909f56bfc062723c751e8b465ee728b) (PreviewImporter) -> (artifact id: '9534bbee9f5b328f21e2f60588a4ea98') in 0.0533799 seconds
Number of updated asset objects reloaded before import = 0Number of asset objects unloaded after import = 9

========================================================================
Received Import Request.
  Time since last request: 0.000029 seconds.
  path: Assets/Kit/Enviroment/Eviroment hexa/KayKit_Medieval_Hexagon_Pack_1.0_FREE/Assets/decoration/props/resource_lumber.fbx
  artifactKey: Guid(9b03e8be8ba915245a340a3641367aaa) Importer(815301076,1909f56bfc062723c751e8b465ee728b)
Start importing Assets/Kit/Enviroment/Eviroment hexa/KayKit_Medieval_Hexagon_Pack_1.0_FREE/Assets/decoration/props/resource_lumber.fbx using Guid(9b03e8be8ba915245a340a3641367aaa) Importer(815301076,1909f56bfc062723c751e8b465ee728b) (PreviewImporter) -> (artifact id: '004378e7ce596323d2c5932daf38b2ca') in 0.0667928 seconds
Number of updated asset objects reloaded before import = 0Number of asset objects unloaded after import = 9

========================================================================
Received Import Request.
  Time since last request: 0.000033 seconds.
  path: Assets/Kit/Enviroment/Eviroment hexa/KayKit_Medieval_Hexagon_Pack_1.0_FREE/Assets/decoration/props/flag_yellow.fbx
  artifactKey: Guid(2e744b03409d23642869d1fc44ea4903) Importer(815301076,1909f56bfc062723c751e8b465ee728b)
Start importing Assets/Kit/Enviroment/Eviroment hexa/KayKit_Medieval_Hexagon_Pack_1.0_FREE/Assets/decoration/props/flag_yellow.fbx using Guid(2e744b03409d23642869d1fc44ea4903) Importer(815301076,1909f56bfc062723c751e8b465ee728b) (PreviewImporter) -> (artifact id: '2616c824d57b78d0898b554a8c56e67e') in 0.0399057 seconds
Number of updated asset objects reloaded before import = 0Number of asset objects unloaded after import = 9

========================================================================
Received Import Request.
  Time since last request: 5.178649 seconds.
  path: Assets/Kit/Enviroment/Eviroment hexa/KayKit_Medieval_Hexagon_Pack_1.0_FREE/Assets/tiles/coast/hex_coast_C.fbx
  artifactKey: Guid(7605412a6b359294599f9db3743c4d62) Importer(815301076,1909f56bfc062723c751e8b465ee728b)
Start importing Assets/Kit/Enviroment/Eviroment hexa/KayKit_Medieval_Hexagon_Pack_1.0_FREE/Assets/tiles/coast/hex_coast_C.fbx using Guid(7605412a6b359294599f9db3743c4d62) Importer(815301076,1909f56bfc062723c751e8b465ee728b) (PreviewImporter) -> (artifact id: 'f65e40bcfb2907c9c6b1d80aa2a1f243') in 0.1957336 seconds
Number of updated asset objects reloaded before import = 0Number of asset objects unloaded after import = 9

========================================================================
Received Import Request.
  Time since last request: 0.494594 seconds.
  path: Assets/Kit/Enviroment/Eviroment hexa/KayKit_Medieval_Hexagon_Pack_1.0_FREE/Assets/tiles/rivers/hex_river_B.fbx
  artifactKey: Guid(7708b45cc2e70004e91520bc2ef48739) Importer(815301076,1909f56bfc062723c751e8b465ee728b)
Start importing Assets/Kit/Enviroment/Eviroment hexa/KayKit_Medieval_Hexagon_Pack_1.0_FREE/Assets/tiles/rivers/hex_river_B.fbx using Guid(7708b45cc2e70004e91520bc2ef48739) Importer(815301076,1909f56bfc062723c751e8b465ee728b) (PreviewImporter) -> (artifact id: '0b19f6fe45fbe8e51624dc4ab7e32615') in 0.1587913 seconds
Number of updated asset objects reloaded before import = 0Number of asset objects unloaded after import = 9

========================================================================
Received Import Request.
  Time since last request: 0.000145 seconds.
  path: Assets/Kit/Enviroment/Eviroment hexa/KayKit_Medieval_Hexagon_Pack_1.0_FREE/Assets/tiles/rivers/hex_river_crossing_B.fbx
  artifactKey: Guid(ef2dca2bf42cfc24199be0be579758ee) Importer(815301076,1909f56bfc062723c751e8b465ee728b)
Start importing Assets/Kit/Enviroment/Eviroment hexa/KayKit_Medieval_Hexagon_Pack_1.0_FREE/Assets/tiles/rivers/hex_river_crossing_B.fbx using Guid(ef2dca2bf42cfc24199be0be579758ee) Importer(815301076,1909f56bfc062723c751e8b465ee728b) (PreviewImporter) -> (artifact id: '582726bc85c6a3f930476ab2ef328fa9') in 0.1166199 seconds
Number of updated asset objects reloaded before import = 0Number of asset objects unloaded after import = 9

========================================================================
Received Import Request.
  Time since last request: 0.000042 seconds.
  path: Assets/Kit/Enviroment/Eviroment hexa/KayKit_Medieval_Hexagon_Pack_1.0_FREE/Assets/tiles/rivers/hex_river_D.fbx
  artifactKey: Guid(f2a846c647cbda44aa0d4fa57e77a4b4) Importer(815301076,1909f56bfc062723c751e8b465ee728b)
Start importing Assets/Kit/Enviroment/Eviroment hexa/KayKit_Medieval_Hexagon_Pack_1.0_FREE/Assets/tiles/rivers/hex_river_D.fbx using Guid(f2a846c647cbda44aa0d4fa57e77a4b4) Importer(815301076,1909f56bfc062723c751e8b465ee728b) (PreviewImporter) -> (artifact id: 'a501fc244b7af8f7ae6d1bd7a0d14c38') in 0.0611254 seconds
Number of updated asset objects reloaded before import = 0Number of asset objects unloaded after import = 9

========================================================================
Received Import Request.
  Time since last request: 0.390597 seconds.
  path: Assets/Kit/Enviroment/Eviroment hexa/KayKit_Medieval_Hexagon_Pack_1.0_FREE/Assets/tiles/roads/hex_road_A_sloped_low.fbx
  artifactKey: Guid(49a4ad8b195272b48a583fe61f3cdf7b) Importer(815301076,1909f56bfc062723c751e8b465ee728b)
Start importing Assets/Kit/Enviroment/Eviroment hexa/KayKit_Medieval_Hexagon_Pack_1.0_FREE/Assets/tiles/roads/hex_road_A_sloped_low.fbx using Guid(49a4ad8b195272b48a583fe61f3cdf7b) Importer(815301076,1909f56bfc062723c751e8b465ee728b) (PreviewImporter) -> (artifact id: '21d781add8022ba5bf3644d79f9b43f8') in 0.2862631 seconds
Number of updated asset objects reloaded before import = 0Number of asset objects unloaded after import = 9

========================================================================
Received Import Request.
  Time since last request: 0.000037 seconds.
  path: Assets/Kit/Enviroment/Eviroment hexa/KayKit_Medieval_Hexagon_Pack_1.0_FREE/Assets/tiles/roads/hexagons_medieval.png
  artifactKey: Guid(22b1db8cddac11a47b228c52ff995a3d) Importer(815301076,1909f56bfc062723c751e8b465ee728b)
Start importing Assets/Kit/Enviroment/Eviroment hexa/KayKit_Medieval_Hexagon_Pack_1.0_FREE/Assets/tiles/roads/hexagons_medieval.png using Guid(22b1db8cddac11a47b228c52ff995a3d) Importer(815301076,1909f56bfc062723c751e8b465ee728b) (PreviewImporter) -> (artifact id: '293b3af3e6f69d1019116abbef768f56') in 0.0294365 seconds
Number of updated asset objects reloaded before import = 0Number of asset objects unloaded after import = 2

========================================================================
Received Import Request.
  Time since last request: 0.000059 seconds.
  path: Assets/Kit/Enviroment/Eviroment hexa/KayKit_Medieval_Hexagon_Pack_1.0_FREE/Assets/tiles/roads/hex_road_J.fbx
  artifactKey: Guid(7c01f868ed66b64478053a0949ddfafb) Importer(815301076,1909f56bfc062723c751e8b465ee728b)
Start importing Assets/Kit/Enviroment/Eviroment hexa/KayKit_Medieval_Hexagon_Pack_1.0_FREE/Assets/tiles/roads/hex_road_J.fbx using Guid(7c01f868ed66b64478053a0949ddfafb) Importer(815301076,1909f56bfc062723c751e8b465ee728b) (PreviewImporter) -> (artifact id: '837dcd243675c0da4cdf290f230a7446') in 0.1102446 seconds
Number of updated asset objects reloaded before import = 0Number of asset objects unloaded after import = 9

========================================================================
Received Import Request.
  Time since last request: 1.795293 seconds.
  path: Assets/Kit/Enviroment/Eviroment hexa/KayKit_Medieval_Hexagon_Pack_1.0_FREE/Assets/tiles/rivers/waterless/hex_river_B_waterless.fbx
  artifactKey: Guid(873f4cd2c90414043ba503fc157209d0) Importer(815301076,1909f56bfc062723c751e8b465ee728b)
Start importing Assets/Kit/Enviroment/Eviroment hexa/KayKit_Medieval_Hexagon_Pack_1.0_FREE/Assets/tiles/rivers/waterless/hex_river_B_waterless.fbx using Guid(873f4cd2c90414043ba503fc157209d0) Importer(815301076,1909f56bfc062723c751e8b465ee728b) (PreviewImporter) -> (artifact id: '4df665e266e9d0bbc9359b05ec72bf6f') in 0.1884691 seconds
Number of updated asset objects reloaded before import = 0Number of asset objects unloaded after import = 9

========================================================================
Received Import Request.
  Time since last request: 0.000038 seconds.
  path: Assets/Kit/Enviroment/Eviroment hexa/KayKit_Medieval_Hexagon_Pack_1.0_FREE/Assets/tiles/rivers/waterless/hex_river_crossing_B_waterless.fbx
  artifactKey: Guid(88daefd4d2055f248b4d411eb16b850e) Importer(815301076,1909f56bfc062723c751e8b465ee728b)
Start importing Assets/Kit/Enviroment/Eviroment hexa/KayKit_Medieval_Hexagon_Pack_1.0_FREE/Assets/tiles/rivers/waterless/hex_river_crossing_B_waterless.fbx using Guid(88daefd4d2055f248b4d411eb16b850e) Importer(815301076,1909f56bfc062723c751e8b465ee728b) (PreviewImporter) -> (artifact id: '296a729fdd26e30acc044f446df918b4') in 0.0695798 seconds
Number of updated asset objects reloaded before import = 0Number of asset objects unloaded after import = 9

========================================================================
Received Import Request.
  Time since last request: 0.000052 seconds.
  path: Assets/Kit/Enviroment/Eviroment hexa/KayKit_Medieval_Hexagon_Pack_1.0_FREE/Assets/tiles/rivers/waterless/hex_river_J_waterless.fbx
  artifactKey: Guid(b481c01ec4789524bafe941338cac586) Importer(815301076,1909f56bfc062723c751e8b465ee728b)
Start importing Assets/Kit/Enviroment/Eviroment hexa/KayKit_Medieval_Hexagon_Pack_1.0_FREE/Assets/tiles/rivers/waterless/hex_river_J_waterless.fbx using Guid(b481c01ec4789524bafe941338cac586) Importer(815301076,1909f56bfc062723c751e8b465ee728b) (PreviewImporter) -> (artifact id: 'f94c4b1b49843e98df4d93f1b465cee2') in 0.0956788 seconds
Number of updated asset objects reloaded before import = 0Number of asset objects unloaded after import = 9

Editor requested this worker to shutdown with reason: Scaling down because of idle timeout
AssetImportWorker is now disconnected from the server
Process exiting
Exiting without the bug reporter. Application will terminate with return code 0