Using pre-set license
Built from '6000.0/staging' branch; Version is '6000.0.24f1 (11fa355cd605) revision 1178165'; Using compiler version '193933523'; Build Type 'Release'
OS: 'Windows 11  (10.0.26200) 64bit Core' Language: 'es' Physical Memory: 15917 MB
BatchMode: 1, IsHumanControllingUs: 0, StartBugReporterOnCrash: 0, Is64bit: 1, IsPro: 1

COMMAND LINE ARGUMENTS:
C:\Program Files\Unity 6000.0.24f1\Editor\Unity.exe
-adb2
-batchMode
-noUpm
-name
AssetImportWorker41
-projectPath
C:/Users/Diego/Desktop/Diego/Github/CreadorDeObjetos/My Creator Game
-logFile
Logs/AssetImportWorker41.log
-srvPort
58382
-job-worker-count
10
-background-job-worker-count
8
-asset-garbage-collectors
1
Successfully changed project path to: C:/Users/Diego/Desktop/Diego/Github/CreadorDeObjetos/My Creator Game
C:/Users/Diego/Desktop/Diego/Github/CreadorDeObjetos/My Creator Game
[UnityMemory] Configuration Parameters - Can be set up in boot.config
    "memorysetup-bucket-allocator-granularity=16"
    "memorysetup-bucket-allocator-bucket-count=8"
    "memorysetup-bucket-allocator-block-size=33554432"
    "memorysetup-bucket-allocator-block-count=8"
    "memorysetup-main-allocator-block-size=16777216"
    "memorysetup-thread-allocator-block-size=16777216"
    "memorysetup-gfx-main-allocator-block-size=16777216"
    "memorysetup-gfx-thread-allocator-block-size=16777216"
    "memorysetup-cache-allocator-block-size=4194304"
    "memorysetup-typetree-allocator-block-size=2097152"
    "memorysetup-profiler-bucket-allocator-granularity=16"
    "memorysetup-profiler-bucket-allocator-bucket-count=8"
    "memorysetup-profiler-bucket-allocator-block-size=33554432"
    "memorysetup-profiler-bucket-allocator-block-count=8"
    "memorysetup-profiler-allocator-block-size=16777216"
    "memorysetup-profiler-editor-allocator-block-size=1048576"
    "memorysetup-temp-allocator-size-main=16777216"
    "memorysetup-job-temp-allocator-block-size=2097152"
    "memorysetup-job-temp-allocator-block-size-background=1048576"
    "memorysetup-job-temp-allocator-reduction-small-platforms=262144"
    "memorysetup-allocator-temp-initial-block-size-main=262144"
    "memorysetup-allocator-temp-initial-block-size-worker=262144"
    "memorysetup-temp-allocator-size-background-worker=32768"
    "memorysetup-temp-allocator-size-job-worker=262144"
    "memorysetup-temp-allocator-size-preload-manager=33554432"
    "memorysetup-temp-allocator-size-nav-mesh-worker=65536"
    "memorysetup-temp-allocator-size-audio-worker=65536"
    "memorysetup-temp-allocator-size-cloud-worker=32768"
    "memorysetup-temp-allocator-size-gi-baking-worker=262144"
    "memorysetup-temp-allocator-size-gi-baking-worker=262144"
    "memorysetup-temp-allocator-size-gi-baking-worker=262144"
    "memorysetup-temp-allocator-size-gi-baking-worker=262144"
    "memorysetup-temp-allocator-size-gi-baking-worker=262144"
    "memorysetup-temp-allocator-size-gfx=262144"
Player connection [16772]  Target information:

Player connection [16772]  * "[IP] 192.168.1.54 [Port] 0 [Flags] 2 [Guid] 193838404 [EditorId] 193838404 [Version] 1048832 [Id] WindowsEditor(7,Asus-Zenbook-14) [Debug] 1 [PackageName] WindowsEditor [ProjectName] Editor" 

Player connection [16772] Host joined multi-casting on [225.0.0.222:54997]...
Player connection [16772] Host joined alternative multi-casting on [225.0.0.222:34997]...
JobSystem: Creating JobQueue using job-worker-count value 10
[Physics::Module] Initialized fallback backend.
[Physics::Module] Id: 0xdecafbad
Library Redirect Path: Library/
[Physics::Module] Selected backend.
[Physics::Module] Name: PhysX
[Physics::Module] Id: 0xf2b8ea05
[Physics::Module] SDK Version: 4.1.2
[Physics::Module] Integration Version: 1.0.0
[Physics::Module] Threading Mode: Multi-Threaded
Refreshing native plugins compatible for Editor in 1.77 ms, found 3 plugins.
Preloading 0 native plugins for Editor in 0.00 ms.
Initialize engine version: 6000.0.24f1 (11fa355cd605)
[Subsystems] Discovering subsystems at path C:/Program Files/Unity 6000.0.24f1/Editor/Data/Resources/UnitySubsystems
[Subsystems] Discovering subsystems at path C:/Users/Diego/Desktop/Diego/Github/CreadorDeObjetos/My Creator Game/Assets
GfxDevice: creating device client; kGfxThreadingModeNonThreaded
Direct3D:
    Version:  Direct3D 11.0 [level 11.1]
    Renderer: Intel(R) Arc(TM) Graphics (ID=0x7d55)
    Vendor:   Intel
    VRAM:     9073 MB
    Driver:   32.0.101.6314
Initialize mono
Mono path[0] = 'C:/Program Files/Unity 6000.0.24f1/Editor/Data/Managed'
Mono path[1] = 'C:/Program Files/Unity 6000.0.24f1/Editor/Data/MonoBleedingEdge/lib/mono/unityjit-win32'
Mono config path = 'C:/Program Files/Unity 6000.0.24f1/Editor/Data/MonoBleedingEdge/etc'
Using monoOptions --debugger-agent=transport=dt_socket,embedding=1,server=y,suspend=n,address=127.0.0.1:56356
Begin MonoManager ReloadAssembly
Registering precompiled unity dll's ...
Register platform support module: C:/Program Files/Unity 6000.0.24f1/Editor/Data/PlaybackEngines/WindowsStandaloneSupport/UnityEditor.WindowsStandalone.Extensions.dll
Registered in 0.003317 seconds.
- Loaded All Assemblies, in  0.459 seconds
Native extension for WindowsStandalone target not found
Mono: successfully reloaded assembly
- Finished resetting the current domain, in  0.483 seconds
Domain Reload Profiling: 939ms
	BeginReloadAssembly (154ms)
		ExecutionOrderSort (0ms)
		DisableScriptedObjects (0ms)
		BackupInstance (0ms)
		ReleaseScriptingObjects (0ms)
		CreateAndSetChildDomain (1ms)
	RebuildCommonClasses (47ms)
	RebuildNativeTypeToScriptingClass (12ms)
	initialDomainReloadingComplete (62ms)
	LoadAllAssembliesAndSetupDomain (179ms)
		LoadAssemblies (151ms)
		RebuildTransferFunctionScriptingTraits (0ms)
		AnalyzeDomain (176ms)
			TypeCache.Refresh (174ms)
				TypeCache.ScanAssembly (159ms)
			BuildScriptInfoCaches (0ms)
			ResolveRequiredComponents (1ms)
	FinalizeReload (484ms)
		ReleaseScriptCaches (0ms)
		RebuildScriptCaches (0ms)
		SetupLoadedEditorAssemblies (419ms)
			LogAssemblyErrors (0ms)
			InitializePlatformSupportModulesInManaged (38ms)
			SetLoadedEditorAssemblies (7ms)
			BeforeProcessingInitializeOnLoad (8ms)
			ProcessInitializeOnLoadAttributes (275ms)
			ProcessInitializeOnLoadMethodAttributes (87ms)
			AfterProcessingInitializeOnLoad (3ms)
			EditorAssembliesLoaded (0ms)
		ExecutionOrderSort2 (0ms)
		AwakeInstancesAfterBackupRestoration (0ms)
========================================================================
Worker process is ready to serve import requests
Import Worker Mode flag is 0x00
Begin MonoManager ReloadAssembly
- Loaded All Assemblies, in  1.345 seconds
Refreshing native plugins compatible for Editor in 1.36 ms, found 3 plugins.
Native extension for WindowsStandalone target not found
Missing types referenced from component UniversalRenderPipelineGlobalSettings on game object UniversalRenderPipelineGlobalSettings:
	UnityEngine.Rendering.Universal.UniversalRenderPipelineEditorAssets, Unity.RenderPipelines.Universal.Runtime (1 object)
Mono: successfully reloaded assembly
- Finished resetting the current domain, in  1.251 seconds
Domain Reload Profiling: 2591ms
	BeginReloadAssembly (513ms)
		ExecutionOrderSort (0ms)
		DisableScriptedObjects (8ms)
		BackupInstance (0ms)
		ReleaseScriptingObjects (0ms)
		CreateAndSetChildDomain (36ms)
	RebuildCommonClasses (39ms)
	RebuildNativeTypeToScriptingClass (14ms)
	initialDomainReloadingComplete (60ms)
	LoadAllAssembliesAndSetupDomain (711ms)
		LoadAssemblies (477ms)
		RebuildTransferFunctionScriptingTraits (0ms)
		AnalyzeDomain (355ms)
			TypeCache.Refresh (226ms)
				TypeCache.ScanAssembly (207ms)
			BuildScriptInfoCaches (110ms)
			ResolveRequiredComponents (14ms)
	FinalizeReload (1252ms)
		ReleaseScriptCaches (0ms)
		RebuildScriptCaches (0ms)
		SetupLoadedEditorAssemblies (895ms)
			LogAssemblyErrors (0ms)
			InitializePlatformSupportModulesInManaged (3ms)
			SetLoadedEditorAssemblies (7ms)
			BeforeProcessingInitializeOnLoad (96ms)
			ProcessInitializeOnLoadAttributes (625ms)
			ProcessInitializeOnLoadMethodAttributes (152ms)
			AfterProcessingInitializeOnLoad (11ms)
			EditorAssembliesLoaded (0ms)
		ExecutionOrderSort2 (0ms)
		AwakeInstancesAfterBackupRestoration (9ms)
Launched and connected shader compiler UnityShaderCompiler.exe after 0.01 seconds
Refreshing native plugins compatible for Editor in 1.49 ms, found 3 plugins.
Preloading 0 native plugins for Editor in 0.00 ms.
Unloading 212 Unused Serialized files (Serialized files now loaded: 0)
Unloading 6089 unused Assets / (4.0 MB). Loaded Objects now: 6874.
Memory consumption went from 204.6 MB to 200.6 MB.
Total: 10.115800 ms (FindLiveObjects: 1.220500 ms CreateObjectMapping: 0.755700 ms MarkObjects: 5.911700 ms  DeleteObjects: 2.226000 ms)

========================================================================
Received Import Request.
  Time since last request: 51647.196869 seconds.
  path: Assets/Kit/DungeonKit/fantasy town/Models_ext/fantasyKit_ext/border-pillar.fbx
  artifactKey: Guid(005904fa00dcf0f4c8eddae46e6e1075) Importer(815301076,1909f56bfc062723c751e8b465ee728b)
Start importing Assets/Kit/DungeonKit/fantasy town/Models_ext/fantasyKit_ext/border-pillar.fbx using Guid(005904fa00dcf0f4c8eddae46e6e1075) Importer(815301076,1909f56bfc062723c751e8b465ee728b) (PreviewImporter) -> (artifact id: '5ff911665b760015d8ffd51963e7038c') in 0.9114499 seconds
Number of updated asset objects reloaded before import = 0Number of asset objects unloaded after import = 9

========================================================================
Received Import Request.
  Time since last request: 0.000046 seconds.
  path: Assets/Kit/DungeonKit/fantasy town/Models_ext/fantasyKit_ext/coffin-old.fbx
  artifactKey: Guid(b9173ee655b72ce4bb13b0309435103a) Importer(815301076,1909f56bfc062723c751e8b465ee728b)
Start importing Assets/Kit/DungeonKit/fantasy town/Models_ext/fantasyKit_ext/coffin-old.fbx using Guid(b9173ee655b72ce4bb13b0309435103a) Importer(815301076,1909f56bfc062723c751e8b465ee728b) (PreviewImporter) -> (artifact id: '87b55ad3d50dc2c38ca33997301c8617') in 0.1035387 seconds
Number of updated asset objects reloaded before import = 0Number of asset objects unloaded after import = 9

========================================================================
Received Import Request.
  Time since last request: 0.000053 seconds.
  path: Assets/Kit/DungeonKit/fantasy town/Models_ext/fantasyKit_ext/column-large.fbx
  artifactKey: Guid(ccfe31234bcd10044bd8c1ad4da5578a) Importer(815301076,1909f56bfc062723c751e8b465ee728b)
Start importing Assets/Kit/DungeonKit/fantasy town/Models_ext/fantasyKit_ext/column-large.fbx using Guid(ccfe31234bcd10044bd8c1ad4da5578a) Importer(815301076,1909f56bfc062723c751e8b465ee728b) (PreviewImporter) -> (artifact id: '5a7d962e1a2437653d0dc95670ca3518') in 0.0765659 seconds
Number of updated asset objects reloaded before import = 0Number of asset objects unloaded after import = 9

========================================================================
Received Import Request.
  Time since last request: 0.000058 seconds.
  path: Assets/Kit/DungeonKit/fantasy town/Models_ext/fantasyKit_ext/crypt-small-roof.fbx
  artifactKey: Guid(856436c39f9bf1441907aa5062e45d38) Importer(815301076,1909f56bfc062723c751e8b465ee728b)
Start importing Assets/Kit/DungeonKit/fantasy town/Models_ext/fantasyKit_ext/crypt-small-roof.fbx using Guid(856436c39f9bf1441907aa5062e45d38) Importer(815301076,1909f56bfc062723c751e8b465ee728b) (PreviewImporter) -> (artifact id: '4d9c8ab587b8e29022c0a9944fed77a6') in 0.1242346 seconds
Number of updated asset objects reloaded before import = 0Number of asset objects unloaded after import = 9

========================================================================
Received Import Request.
  Time since last request: 0.000034 seconds.
  path: Assets/Kit/DungeonKit/fantasy town/Models_ext/fantasyKit_ext/iron-fence-curve.fbx
  artifactKey: Guid(0ea4569611097a543b0751d0e774dee9) Importer(815301076,1909f56bfc062723c751e8b465ee728b)
Start importing Assets/Kit/DungeonKit/fantasy town/Models_ext/fantasyKit_ext/iron-fence-curve.fbx using Guid(0ea4569611097a543b0751d0e774dee9) Importer(815301076,1909f56bfc062723c751e8b465ee728b) (PreviewImporter) -> (artifact id: 'dd07acc0c127d8b73905e2b9cc71eba2') in 0.0608196 seconds
Number of updated asset objects reloaded before import = 0Number of asset objects unloaded after import = 9

========================================================================
Received Import Request.
  Time since last request: 0.000054 seconds.
  path: Assets/Kit/DungeonKit/fantasy town/Models_ext/fantasyKit_ext/gravestone-cross.fbx
  artifactKey: Guid(48d6d887c70cad3449b8948cabbd86e8) Importer(815301076,1909f56bfc062723c751e8b465ee728b)
Start importing Assets/Kit/DungeonKit/fantasy town/Models_ext/fantasyKit_ext/gravestone-cross.fbx using Guid(48d6d887c70cad3449b8948cabbd86e8) Importer(815301076,1909f56bfc062723c751e8b465ee728b) (PreviewImporter) -> (artifact id: '297aeec7a7cb90f844c67090f05cef8d') in 0.0859917 seconds
Number of updated asset objects reloaded before import = 0Number of asset objects unloaded after import = 9

========================================================================
Received Import Request.
  Time since last request: 0.000039 seconds.
  path: Assets/Kit/DungeonKit/fantasy town/Models_ext/fantasyKit_ext/lantern-candle.fbx
  artifactKey: Guid(055ff304fb2d5c8438587991c8bdccf9) Importer(815301076,1909f56bfc062723c751e8b465ee728b)
Start importing Assets/Kit/DungeonKit/fantasy town/Models_ext/fantasyKit_ext/lantern-candle.fbx using Guid(055ff304fb2d5c8438587991c8bdccf9) Importer(815301076,1909f56bfc062723c751e8b465ee728b) (PreviewImporter) -> (artifact id: '78a68753398cf6ccc5fa6e0a16dbe387') in 0.0914091 seconds
Number of updated asset objects reloaded before import = 0Number of asset objects unloaded after import = 9

========================================================================
Received Import Request.
  Time since last request: 0.000039 seconds.
  path: Assets/Kit/DungeonKit/fantasy town/Models_ext/fantasyKit_ext/gravestone-wide.fbx
  artifactKey: Guid(b3450e3d7ef2f524a81f9cab804b6bdc) Importer(815301076,1909f56bfc062723c751e8b465ee728b)
Start importing Assets/Kit/DungeonKit/fantasy town/Models_ext/fantasyKit_ext/gravestone-wide.fbx using Guid(b3450e3d7ef2f524a81f9cab804b6bdc) Importer(815301076,1909f56bfc062723c751e8b465ee728b) (PreviewImporter) -> (artifact id: 'f346407e0985352279e34318edba3989') in 0.1394308 seconds
Number of updated asset objects reloaded before import = 0Number of asset objects unloaded after import = 9

========================================================================
Received Import Request.
  Time since last request: 0.000058 seconds.
  path: Assets/Kit/DungeonKit/fantasy town/Models_ext/fantasyKit_ext/gravestone-round.fbx
  artifactKey: Guid(7deabfccc33cf034cb23af67f3143fe0) Importer(815301076,1909f56bfc062723c751e8b465ee728b)
Start importing Assets/Kit/DungeonKit/fantasy town/Models_ext/fantasyKit_ext/gravestone-round.fbx using Guid(7deabfccc33cf034cb23af67f3143fe0) Importer(815301076,1909f56bfc062723c751e8b465ee728b) (PreviewImporter) -> (artifact id: '8f2db894fcfa1f0b0b30cf6b68902624') in 0.1335322 seconds
Number of updated asset objects reloaded before import = 0Number of asset objects unloaded after import = 9

========================================================================
Received Import Request.
  Time since last request: 0.000034 seconds.
  path: Assets/Kit/DungeonKit/fantasy town/Models_ext/fantasyKit_ext/iron-fence-border.fbx
  artifactKey: Guid(fc6e859efb3c6434e91e5f4679c21a61) Importer(815301076,1909f56bfc062723c751e8b465ee728b)
Start importing Assets/Kit/DungeonKit/fantasy town/Models_ext/fantasyKit_ext/iron-fence-border.fbx using Guid(fc6e859efb3c6434e91e5f4679c21a61) Importer(815301076,1909f56bfc062723c751e8b465ee728b) (PreviewImporter) -> (artifact id: 'f8a9148ad330062ec5fc80bf17c9b86a') in 0.065511 seconds
Number of updated asset objects reloaded before import = 0Number of asset objects unloaded after import = 9

========================================================================
Received Import Request.
  Time since last request: 0.000035 seconds.
  path: Assets/Kit/DungeonKit/fantasy town/Models_ext/fantasyKit_ext/crypt-large-roof.fbx
  artifactKey: Guid(0ff56e93dc9f25748be816be40cd66e6) Importer(815301076,1909f56bfc062723c751e8b465ee728b)
Start importing Assets/Kit/DungeonKit/fantasy town/Models_ext/fantasyKit_ext/crypt-large-roof.fbx using Guid(0ff56e93dc9f25748be816be40cd66e6) Importer(815301076,1909f56bfc062723c751e8b465ee728b) (PreviewImporter) -> (artifact id: '4cca0fed0488dbb21e3e778bbe57b35f') in 0.1864701 seconds
Number of updated asset objects reloaded before import = 0Number of asset objects unloaded after import = 9

========================================================================
Received Import Request.
  Time since last request: 0.000041 seconds.
  path: Assets/Kit/DungeonKit/fantasy town/Models_ext/fantasyKit_ext/pillar-large.fbx
  artifactKey: Guid(54acbe1627b7f8f4084e3b250a9a42c4) Importer(815301076,1909f56bfc062723c751e8b465ee728b)
Start importing Assets/Kit/DungeonKit/fantasy town/Models_ext/fantasyKit_ext/pillar-large.fbx using Guid(54acbe1627b7f8f4084e3b250a9a42c4) Importer(815301076,1909f56bfc062723c751e8b465ee728b) (PreviewImporter) -> (artifact id: '6eb90dd03e2377c2bc9edc79c0cd1756') in 0.177621 seconds
Number of updated asset objects reloaded before import = 0Number of asset objects unloaded after import = 9

Editor requested this worker to shutdown with reason: Scaling down because of idle timeout
AssetImportWorker is now disconnected from the server
Process exiting
Exiting without the bug reporter. Application will terminate with return code 0