Using pre-set license
Built from '6000.0/staging' branch; Version is '6000.0.24f1 (11fa355cd605) revision 1178165'; Using compiler version '193933523'; Build Type 'Release'
OS: 'Windows 11  (10.0.26200) 64bit Core' Language: 'es' Physical Memory: 15917 MB
BatchMode: 1, IsHumanControllingUs: 0, StartBugReporterOnCrash: 0, Is64bit: 1, IsPro: 1

COMMAND LINE ARGUMENTS:
C:\Program Files\Unity 6000.0.24f1\Editor\Unity.exe
-adb2
-batchMode
-noUpm
-name
AssetImportWorker48
-projectPath
C:/Users/Diego/Desktop/Diego/Github/CreadorDeObjetos/My Creator Game
-logFile
Logs/AssetImportWorker48.log
-srvPort
58382
-job-worker-count
10
-background-job-worker-count
8
-asset-garbage-collectors
1
Successfully changed project path to: C:/Users/Diego/Desktop/Diego/Github/CreadorDeObjetos/My Creator Game
C:/Users/Diego/Desktop/Diego/Github/CreadorDeObjetos/My Creator Game
[UnityMemory] Configuration Parameters - Can be set up in boot.config
    "memorysetup-bucket-allocator-granularity=16"
    "memorysetup-bucket-allocator-bucket-count=8"
    "memorysetup-bucket-allocator-block-size=33554432"
    "memorysetup-bucket-allocator-block-count=8"
    "memorysetup-main-allocator-block-size=16777216"
    "memorysetup-thread-allocator-block-size=16777216"
    "memorysetup-gfx-main-allocator-block-size=16777216"
    "memorysetup-gfx-thread-allocator-block-size=16777216"
    "memorysetup-cache-allocator-block-size=4194304"
    "memorysetup-typetree-allocator-block-size=2097152"
    "memorysetup-profiler-bucket-allocator-granularity=16"
    "memorysetup-profiler-bucket-allocator-bucket-count=8"
    "memorysetup-profiler-bucket-allocator-block-size=33554432"
    "memorysetup-profiler-bucket-allocator-block-count=8"
    "memorysetup-profiler-allocator-block-size=16777216"
    "memorysetup-profiler-editor-allocator-block-size=1048576"
    "memorysetup-temp-allocator-size-main=16777216"
    "memorysetup-job-temp-allocator-block-size=2097152"
    "memorysetup-job-temp-allocator-block-size-background=1048576"
    "memorysetup-job-temp-allocator-reduction-small-platforms=262144"
    "memorysetup-allocator-temp-initial-block-size-main=262144"
    "memorysetup-allocator-temp-initial-block-size-worker=262144"
    "memorysetup-temp-allocator-size-background-worker=32768"
    "memorysetup-temp-allocator-size-job-worker=262144"
    "memorysetup-temp-allocator-size-preload-manager=33554432"
    "memorysetup-temp-allocator-size-nav-mesh-worker=65536"
    "memorysetup-temp-allocator-size-audio-worker=65536"
    "memorysetup-temp-allocator-size-cloud-worker=32768"
    "memorysetup-temp-allocator-size-gi-baking-worker=262144"
    "memorysetup-temp-allocator-size-gi-baking-worker=262144"
    "memorysetup-temp-allocator-size-gi-baking-worker=262144"
    "memorysetup-temp-allocator-size-gi-baking-worker=262144"
    "memorysetup-temp-allocator-size-gi-baking-worker=262144"
    "memorysetup-temp-allocator-size-gfx=262144"
Player connection [34636]  Target information:

Player connection [34636]  * "[IP] 192.168.1.54 [Port] 0 [Flags] 2 [Guid] 1759296252 [EditorId] 1759296252 [Version] 1048832 [Id] WindowsEditor(7,Asus-Zenbook-14) [Debug] 1 [PackageName] WindowsEditor [ProjectName] Editor" 

Player connection [34636] Host joined multi-casting on [225.0.0.222:54997]...
Player connection [34636] Host joined alternative multi-casting on [225.0.0.222:34997]...
JobSystem: Creating JobQueue using job-worker-count value 10
[Physics::Module] Initialized fallback backend.
[Physics::Module] Id: 0xdecafbad
Library Redirect Path: Library/
[Physics::Module] Selected backend.
[Physics::Module] Name: PhysX
[Physics::Module] Id: 0xf2b8ea05
[Physics::Module] SDK Version: 4.1.2
[Physics::Module] Integration Version: 1.0.0
[Physics::Module] Threading Mode: Multi-Threaded
Refreshing native plugins compatible for Editor in 3.49 ms, found 3 plugins.
Preloading 0 native plugins for Editor in 0.00 ms.
Initialize engine version: 6000.0.24f1 (11fa355cd605)
[Subsystems] Discovering subsystems at path C:/Program Files/Unity 6000.0.24f1/Editor/Data/Resources/UnitySubsystems
[Subsystems] Discovering subsystems at path C:/Users/Diego/Desktop/Diego/Github/CreadorDeObjetos/My Creator Game/Assets
GfxDevice: creating device client; kGfxThreadingModeNonThreaded
Direct3D:
    Version:  Direct3D 11.0 [level 11.1]
    Renderer: Intel(R) Arc(TM) Graphics (ID=0x7d55)
    Vendor:   Intel
    VRAM:     9073 MB
    Driver:   32.0.101.6314
Initialize mono
Mono path[0] = 'C:/Program Files/Unity 6000.0.24f1/Editor/Data/Managed'
Mono path[1] = 'C:/Program Files/Unity 6000.0.24f1/Editor/Data/MonoBleedingEdge/lib/mono/unityjit-win32'
Mono config path = 'C:/Program Files/Unity 6000.0.24f1/Editor/Data/MonoBleedingEdge/etc'
Using monoOptions --debugger-agent=transport=dt_socket,embedding=1,server=y,suspend=n,address=127.0.0.1:56396
Begin MonoManager ReloadAssembly
Registering precompiled unity dll's ...
Register platform support module: C:/Program Files/Unity 6000.0.24f1/Editor/Data/PlaybackEngines/WindowsStandaloneSupport/UnityEditor.WindowsStandalone.Extensions.dll
Registered in 0.006316 seconds.
- Loaded All Assemblies, in  0.533 seconds
Native extension for WindowsStandalone target not found
Mono: successfully reloaded assembly
- Finished resetting the current domain, in  0.411 seconds
Domain Reload Profiling: 938ms
	BeginReloadAssembly (181ms)
		ExecutionOrderSort (0ms)
		DisableScriptedObjects (0ms)
		BackupInstance (0ms)
		ReleaseScriptingObjects (0ms)
		CreateAndSetChildDomain (1ms)
	RebuildCommonClasses (42ms)
	RebuildNativeTypeToScriptingClass (15ms)
	initialDomainReloadingComplete (79ms)
	LoadAllAssembliesAndSetupDomain (210ms)
		LoadAssemblies (177ms)
		RebuildTransferFunctionScriptingTraits (0ms)
		AnalyzeDomain (205ms)
			TypeCache.Refresh (202ms)
				TypeCache.ScanAssembly (181ms)
			BuildScriptInfoCaches (0ms)
			ResolveRequiredComponents (1ms)
	FinalizeReload (411ms)
		ReleaseScriptCaches (0ms)
		RebuildScriptCaches (0ms)
		SetupLoadedEditorAssemblies (354ms)
			LogAssemblyErrors (0ms)
			InitializePlatformSupportModulesInManaged (43ms)
			SetLoadedEditorAssemblies (6ms)
			BeforeProcessingInitializeOnLoad (10ms)
			ProcessInitializeOnLoadAttributes (231ms)
			ProcessInitializeOnLoadMethodAttributes (62ms)
			AfterProcessingInitializeOnLoad (2ms)
			EditorAssembliesLoaded (0ms)
		ExecutionOrderSort2 (0ms)
		AwakeInstancesAfterBackupRestoration (0ms)
========================================================================
Worker process is ready to serve import requests
Import Worker Mode flag is 0x00
Begin MonoManager ReloadAssembly
- Loaded All Assemblies, in  0.961 seconds
Refreshing native plugins compatible for Editor in 1.57 ms, found 3 plugins.
Native extension for WindowsStandalone target not found
Missing types referenced from component UniversalRenderPipelineGlobalSettings on game object UniversalRenderPipelineGlobalSettings:
	UnityEngine.Rendering.Universal.UniversalRenderPipelineEditorAssets, Unity.RenderPipelines.Universal.Runtime (1 object)
Mono: successfully reloaded assembly
- Finished resetting the current domain, in  0.883 seconds
Domain Reload Profiling: 1837ms
	BeginReloadAssembly (379ms)
		ExecutionOrderSort (0ms)
		DisableScriptedObjects (5ms)
		BackupInstance (0ms)
		ReleaseScriptingObjects (0ms)
		CreateAndSetChildDomain (30ms)
	RebuildCommonClasses (30ms)
	RebuildNativeTypeToScriptingClass (10ms)
	initialDomainReloadingComplete (35ms)
	LoadAllAssembliesAndSetupDomain (500ms)
		LoadAssemblies (359ms)
		RebuildTransferFunctionScriptingTraits (0ms)
		AnalyzeDomain (238ms)
			TypeCache.Refresh (157ms)
				TypeCache.ScanAssembly (144ms)
			BuildScriptInfoCaches (66ms)
			ResolveRequiredComponents (10ms)
	FinalizeReload (883ms)
		ReleaseScriptCaches (0ms)
		RebuildScriptCaches (0ms)
		SetupLoadedEditorAssemblies (649ms)
			LogAssemblyErrors (0ms)
			InitializePlatformSupportModulesInManaged (2ms)
			SetLoadedEditorAssemblies (4ms)
			BeforeProcessingInitializeOnLoad (86ms)
			ProcessInitializeOnLoadAttributes (448ms)
			ProcessInitializeOnLoadMethodAttributes (99ms)
			AfterProcessingInitializeOnLoad (10ms)
			EditorAssembliesLoaded (0ms)
		ExecutionOrderSort2 (0ms)
		AwakeInstancesAfterBackupRestoration (6ms)
Launched and connected shader compiler UnityShaderCompiler.exe after 0.01 seconds
Refreshing native plugins compatible for Editor in 1.23 ms, found 3 plugins.
Preloading 0 native plugins for Editor in 0.00 ms.
Unloading 212 Unused Serialized files (Serialized files now loaded: 0)
Unloading 6089 unused Assets / (4.1 MB). Loaded Objects now: 6874.
Memory consumption went from 206.1 MB to 202.0 MB.
Total: 10.995600 ms (FindLiveObjects: 1.462500 ms CreateObjectMapping: 0.352700 ms MarkObjects: 7.060300 ms  DeleteObjects: 2.118500 ms)

========================================================================
Received Import Request.
  Time since last request: 59918.984578 seconds.
  path: Assets/Kit/Enviroment/enviroment tower defense/Models/FBX format/snow-tile-crossing.fbx
  artifactKey: Guid(23fd99697d0d1d64e8aaff305862824e) Importer(815301076,1909f56bfc062723c751e8b465ee728b)
Start importing Assets/Kit/Enviroment/enviroment tower defense/Models/FBX format/snow-tile-crossing.fbx using Guid(23fd99697d0d1d64e8aaff305862824e) Importer(815301076,1909f56bfc062723c751e8b465ee728b) (PreviewImporter) -> (artifact id: '9893e52f5b0b540d0ab24ff198c66d85') in 0.5716337 seconds
Number of updated asset objects reloaded before import = 0Number of asset objects unloaded after import = 9

========================================================================
Received Import Request.
  Time since last request: 0.000035 seconds.
  path: Assets/Kit/Enviroment/enviroment tower defense/Models/FBX format/snow-tile-end-round.fbx
  artifactKey: Guid(9827930db09f7db439f29f1d1b4b43ae) Importer(815301076,1909f56bfc062723c751e8b465ee728b)
Start importing Assets/Kit/Enviroment/enviroment tower defense/Models/FBX format/snow-tile-end-round.fbx using Guid(9827930db09f7db439f29f1d1b4b43ae) Importer(815301076,1909f56bfc062723c751e8b465ee728b) (PreviewImporter) -> (artifact id: '188ddb2e107515d0fbc562661b895a96') in 0.0834045 seconds
Number of updated asset objects reloaded before import = 0Number of asset objects unloaded after import = 9

========================================================================
Received Import Request.
  Time since last request: 0.000045 seconds.
  path: Assets/Kit/Enviroment/enviroment tower defense/Models/FBX format/snow-tile-river-straight.fbx
  artifactKey: Guid(ea054be64c5426747996d2a201c12e16) Importer(815301076,1909f56bfc062723c751e8b465ee728b)
Start importing Assets/Kit/Enviroment/enviroment tower defense/Models/FBX format/snow-tile-river-straight.fbx using Guid(ea054be64c5426747996d2a201c12e16) Importer(815301076,1909f56bfc062723c751e8b465ee728b) (PreviewImporter) -> (artifact id: '2964640b27bcf09bc2ad59384974f1b0') in 0.1444018 seconds
Number of updated asset objects reloaded before import = 0Number of asset objects unloaded after import = 9

========================================================================
Received Import Request.
  Time since last request: 0.000034 seconds.
  path: Assets/Kit/Enviroment/enviroment tower defense/Models/FBX format/snow-tile-split.fbx
  artifactKey: Guid(73bfb42d3f71d764780e109ac2db2882) Importer(815301076,1909f56bfc062723c751e8b465ee728b)
Start importing Assets/Kit/Enviroment/enviroment tower defense/Models/FBX format/snow-tile-split.fbx using Guid(73bfb42d3f71d764780e109ac2db2882) Importer(815301076,1909f56bfc062723c751e8b465ee728b) (PreviewImporter) -> (artifact id: '1269458e35194a622ad3ebcad5283756') in 0.0659732 seconds
Number of updated asset objects reloaded before import = 0Number of asset objects unloaded after import = 9

========================================================================
Received Import Request.
  Time since last request: 0.000034 seconds.
  path: Assets/Kit/Enviroment/enviroment tower defense/Models/FBX format/snow-tile-tree.fbx
  artifactKey: Guid(2af8cd835e2dd0b4ba173a63ad36c766) Importer(815301076,1909f56bfc062723c751e8b465ee728b)
Start importing Assets/Kit/Enviroment/enviroment tower defense/Models/FBX format/snow-tile-tree.fbx using Guid(2af8cd835e2dd0b4ba173a63ad36c766) Importer(815301076,1909f56bfc062723c751e8b465ee728b) (PreviewImporter) -> (artifact id: '652c8b5122c984b5f351bee27c92621d') in 0.0527951 seconds
Number of updated asset objects reloaded before import = 0Number of asset objects unloaded after import = 9

========================================================================
Received Import Request.
  Time since last request: 0.000041 seconds.
  path: Assets/Kit/Enviroment/enviroment tower defense/Models/FBX format/snow-tile-slope.fbx
  artifactKey: Guid(68cd8f4847586054095f32eb5c359512) Importer(815301076,1909f56bfc062723c751e8b465ee728b)
Start importing Assets/Kit/Enviroment/enviroment tower defense/Models/FBX format/snow-tile-slope.fbx using Guid(68cd8f4847586054095f32eb5c359512) Importer(815301076,1909f56bfc062723c751e8b465ee728b) (PreviewImporter) -> (artifact id: '7c6160edfd06b3c738a49df3c614ce2a') in 0.11285 seconds
Number of updated asset objects reloaded before import = 0Number of asset objects unloaded after import = 9

========================================================================
Received Import Request.
  Time since last request: 0.000066 seconds.
  path: Assets/Kit/Enviroment/enviroment tower defense/Models/FBX format/snow-tile-rock.fbx
  artifactKey: Guid(4905b3f48fed2da45b8d49c175634b14) Importer(815301076,1909f56bfc062723c751e8b465ee728b)
Start importing Assets/Kit/Enviroment/enviroment tower defense/Models/FBX format/snow-tile-rock.fbx using Guid(4905b3f48fed2da45b8d49c175634b14) Importer(815301076,1909f56bfc062723c751e8b465ee728b) (PreviewImporter) -> (artifact id: '1088a188ecc50fc32321f3ccb7f7859e') in 0.1105261 seconds
Number of updated asset objects reloaded before import = 0Number of asset objects unloaded after import = 9

========================================================================
Received Import Request.
  Time since last request: 0.723513 seconds.
  path: Assets/Kit/Enviroment/enviroment tower defense/Models/FBX format/snow-tile-wide-transition.fbx
  artifactKey: Guid(dbe920c1f64e69e4b91ec4c385311ab6) Importer(815301076,1909f56bfc062723c751e8b465ee728b)
Start importing Assets/Kit/Enviroment/enviroment tower defense/Models/FBX format/snow-tile-wide-transition.fbx using Guid(dbe920c1f64e69e4b91ec4c385311ab6) Importer(815301076,1909f56bfc062723c751e8b465ee728b) (PreviewImporter) -> (artifact id: '13c8f547146131b3b9a520fb941edd4a') in 0.1350451 seconds
Number of updated asset objects reloaded before import = 0Number of asset objects unloaded after import = 9

========================================================================
Received Import Request.
  Time since last request: 0.000033 seconds.
  path: Assets/Kit/Enviroment/enviroment tower defense/Models/FBX format/snow-wood-structure-part.fbx
  artifactKey: Guid(db2470695da46d247a3112e6a790bac2) Importer(815301076,1909f56bfc062723c751e8b465ee728b)
Start importing Assets/Kit/Enviroment/enviroment tower defense/Models/FBX format/snow-wood-structure-part.fbx using Guid(db2470695da46d247a3112e6a790bac2) Importer(815301076,1909f56bfc062723c751e8b465ee728b) (PreviewImporter) -> (artifact id: '8d7bbc164178f7190a4b013f6535a551') in 0.1328459 seconds
Number of updated asset objects reloaded before import = 0Number of asset objects unloaded after import = 9

========================================================================
Received Import Request.
  Time since last request: 0.000045 seconds.
  path: Assets/Kit/Enviroment/enviroment tower defense/Models/FBX format/tile-corner-inner.fbx
  artifactKey: Guid(6a03a5281a87be647ad6063a75ab3acb) Importer(815301076,1909f56bfc062723c751e8b465ee728b)
Start importing Assets/Kit/Enviroment/enviroment tower defense/Models/FBX format/tile-corner-inner.fbx using Guid(6a03a5281a87be647ad6063a75ab3acb) Importer(815301076,1909f56bfc062723c751e8b465ee728b) (PreviewImporter) -> (artifact id: '223201ddbf3e7aaf72215866fc386294') in 0.0842634 seconds
Number of updated asset objects reloaded before import = 0Number of asset objects unloaded after import = 9

========================================================================
Received Import Request.
  Time since last request: 0.000030 seconds.
  path: Assets/Kit/Enviroment/enviroment tower defense/Models/FBX format/spawn-round.fbx
  artifactKey: Guid(35020418abf4a634a9ebc387a6b0755b) Importer(815301076,1909f56bfc062723c751e8b465ee728b)
Start importing Assets/Kit/Enviroment/enviroment tower defense/Models/FBX format/spawn-round.fbx using Guid(35020418abf4a634a9ebc387a6b0755b) Importer(815301076,1909f56bfc062723c751e8b465ee728b) (PreviewImporter) -> (artifact id: 'df0cbfe4155381eb901dfa6851c9d0ee') in 0.0992574 seconds
Number of updated asset objects reloaded before import = 0Number of asset objects unloaded after import = 9

========================================================================
Received Import Request.
  Time since last request: 0.000035 seconds.
  path: Assets/Kit/Enviroment/enviroment tower defense/Models/FBX format/tile-crystal.fbx
  artifactKey: Guid(1258509bb62faab43a3aa5bf33ea978b) Importer(815301076,1909f56bfc062723c751e8b465ee728b)
Start importing Assets/Kit/Enviroment/enviroment tower defense/Models/FBX format/tile-crystal.fbx using Guid(1258509bb62faab43a3aa5bf33ea978b) Importer(815301076,1909f56bfc062723c751e8b465ee728b) (PreviewImporter) -> (artifact id: '4a701e11ad02e97c0636a3bc6ad20ecd') in 0.1437026 seconds
Number of updated asset objects reloaded before import = 0Number of asset objects unloaded after import = 9

========================================================================
Received Import Request.
  Time since last request: 0.000028 seconds.
  path: Assets/Kit/Enviroment/enviroment tower defense/Models/FBX format/tile-hill.fbx
  artifactKey: Guid(52ff18842e76b844dbc99811aeabc31f) Importer(815301076,1909f56bfc062723c751e8b465ee728b)
Start importing Assets/Kit/Enviroment/enviroment tower defense/Models/FBX format/tile-hill.fbx using Guid(52ff18842e76b844dbc99811aeabc31f) Importer(815301076,1909f56bfc062723c751e8b465ee728b) (PreviewImporter) -> (artifact id: 'ec90735aeea69d56620e744ba0ade76b') in 0.1661843 seconds
Number of updated asset objects reloaded before import = 0Number of asset objects unloaded after import = 9

========================================================================
Received Import Request.
  Time since last request: 0.000035 seconds.
  path: Assets/Kit/Enviroment/enviroment tower defense/Models/FBX format/tile-dirt.fbx
  artifactKey: Guid(3dafd88a30ea90741a9605887dbafe0c) Importer(815301076,1909f56bfc062723c751e8b465ee728b)
Start importing Assets/Kit/Enviroment/enviroment tower defense/Models/FBX format/tile-dirt.fbx using Guid(3dafd88a30ea90741a9605887dbafe0c) Importer(815301076,1909f56bfc062723c751e8b465ee728b) (PreviewImporter) -> (artifact id: '5cbe203cabd1bee19f32228ee8c168bf') in 0.1877126 seconds
Number of updated asset objects reloaded before import = 0Number of asset objects unloaded after import = 9

========================================================================
Received Import Request.
  Time since last request: 0.000043 seconds.
  path: Assets/Kit/Enviroment/enviroment tower defense/Models/FBX format/tile-spawn-end-round.fbx
  artifactKey: Guid(210e95b3a6b3c9743954f306c63c368d) Importer(815301076,1909f56bfc062723c751e8b465ee728b)
Start importing Assets/Kit/Enviroment/enviroment tower defense/Models/FBX format/tile-spawn-end-round.fbx using Guid(210e95b3a6b3c9743954f306c63c368d) Importer(815301076,1909f56bfc062723c751e8b465ee728b) (PreviewImporter) -> (artifact id: '7045a6f84d95c80b14f9b9c6c3fad221') in 0.0555094 seconds
Number of updated asset objects reloaded before import = 0Number of asset objects unloaded after import = 9

========================================================================
Received Import Request.
  Time since last request: 0.000026 seconds.
  path: Assets/Kit/Enviroment/enviroment tower defense/Models/FBX format/tile-end-round.fbx
  artifactKey: Guid(36ada0bdf92e6be4a83004fd92b06f13) Importer(815301076,1909f56bfc062723c751e8b465ee728b)
Start importing Assets/Kit/Enviroment/enviroment tower defense/Models/FBX format/tile-end-round.fbx using Guid(36ada0bdf92e6be4a83004fd92b06f13) Importer(815301076,1909f56bfc062723c751e8b465ee728b) (PreviewImporter) -> (artifact id: '18da77eda56c98a98194c2253e2c008f') in 0.0855281 seconds
Number of updated asset objects reloaded before import = 0Number of asset objects unloaded after import = 9

========================================================================
Received Import Request.
  Time since last request: 0.000033 seconds.
  path: Assets/Kit/Enviroment/enviroment tower defense/Models/FBX format/tile-transition.fbx
  artifactKey: Guid(b46839c07566ad1428c5f7fee9441e85) Importer(815301076,1909f56bfc062723c751e8b465ee728b)
Start importing Assets/Kit/Enviroment/enviroment tower defense/Models/FBX format/tile-transition.fbx using Guid(b46839c07566ad1428c5f7fee9441e85) Importer(815301076,1909f56bfc062723c751e8b465ee728b) (PreviewImporter) -> (artifact id: 'b38a3fcfc06474844ddbdd2ba00a663d') in 0.223916 seconds
Number of updated asset objects reloaded before import = 0Number of asset objects unloaded after import = 9

========================================================================
Received Import Request.
  Time since last request: 0.000039 seconds.
  path: Assets/Kit/Enviroment/enviroment tower defense/Models/FBX format/tile-wide-split.fbx
  artifactKey: Guid(127b41f2f57d08e45a0821f5a4f88140) Importer(815301076,1909f56bfc062723c751e8b465ee728b)
Start importing Assets/Kit/Enviroment/enviroment tower defense/Models/FBX format/tile-wide-split.fbx using Guid(127b41f2f57d08e45a0821f5a4f88140) Importer(815301076,1909f56bfc062723c751e8b465ee728b) (PreviewImporter) -> (artifact id: 'b94745b8803459f24bf6618bb9ea3f66') in 0.2212787 seconds
Number of updated asset objects reloaded before import = 0Number of asset objects unloaded after import = 9

========================================================================
Received Import Request.
  Time since last request: 0.000031 seconds.
  path: Assets/Kit/Enviroment/enviroment tower defense/Models/FBX format/tile-tree-quad.fbx
  artifactKey: Guid(0d382e3f7fcee1b4ea956b0c108f522c) Importer(815301076,1909f56bfc062723c751e8b465ee728b)
Start importing Assets/Kit/Enviroment/enviroment tower defense/Models/FBX format/tile-tree-quad.fbx using Guid(0d382e3f7fcee1b4ea956b0c108f522c) Importer(815301076,1909f56bfc062723c751e8b465ee728b) (PreviewImporter) -> (artifact id: '64d8b4a8516f5301fe4fc2b7e92204a5') in 0.1876091 seconds
Number of updated asset objects reloaded before import = 0Number of asset objects unloaded after import = 9

========================================================================
Received Import Request.
  Time since last request: 0.000047 seconds.
  path: Assets/Kit/Enviroment/enviroment tower defense/Models/FBX format/tower-round-bottom-c.fbx
  artifactKey: Guid(00e5d6f96be2b7c44a9e7aba26343559) Importer(815301076,1909f56bfc062723c751e8b465ee728b)
Start importing Assets/Kit/Enviroment/enviroment tower defense/Models/FBX format/tower-round-bottom-c.fbx using Guid(00e5d6f96be2b7c44a9e7aba26343559) Importer(815301076,1909f56bfc062723c751e8b465ee728b) (PreviewImporter) -> (artifact id: 'eb39e22255a70c79cb7d9e7dc81aa24f') in 0.1876581 seconds
Number of updated asset objects reloaded before import = 0Number of asset objects unloaded after import = 9

========================================================================
Received Import Request.
  Time since last request: 0.000033 seconds.
  path: Assets/Kit/Enviroment/enviroment tower defense/Models/FBX format/tower-round-roof-b.fbx
  artifactKey: Guid(9cea0b1e60b3b9e42bbb0337e358d83a) Importer(815301076,1909f56bfc062723c751e8b465ee728b)
Start importing Assets/Kit/Enviroment/enviroment tower defense/Models/FBX format/tower-round-roof-b.fbx using Guid(9cea0b1e60b3b9e42bbb0337e358d83a) Importer(815301076,1909f56bfc062723c751e8b465ee728b) (PreviewImporter) -> (artifact id: '2f2eff648b81503e24060adc96a8903b') in 0.0869017 seconds
Number of updated asset objects reloaded before import = 0Number of asset objects unloaded after import = 9

========================================================================
Received Import Request.
  Time since last request: 0.000044 seconds.
  path: Assets/Kit/Enviroment/enviroment tower defense/Models/FBX format/weapon-ammo-cannonball.fbx
  artifactKey: Guid(e248014d3ca6b2441958a29f74a6dfe8) Importer(815301076,1909f56bfc062723c751e8b465ee728b)
Start importing Assets/Kit/Enviroment/enviroment tower defense/Models/FBX format/weapon-ammo-cannonball.fbx using Guid(e248014d3ca6b2441958a29f74a6dfe8) Importer(815301076,1909f56bfc062723c751e8b465ee728b) (PreviewImporter) -> (artifact id: '57c9e6d6f4137091c55dd8d2739d58cb') in 0.0628283 seconds
Number of updated asset objects reloaded before import = 0Number of asset objects unloaded after import = 9

========================================================================
Received Import Request.
  Time since last request: 0.000025 seconds.
  path: Assets/Kit/Enviroment/enviroment tower defense/Models/FBX format/tower-square-build-f.fbx
  artifactKey: Guid(16fc809f3bc8eb34ebdd4e73a5a84b70) Importer(815301076,1909f56bfc062723c751e8b465ee728b)
Start importing Assets/Kit/Enviroment/enviroment tower defense/Models/FBX format/tower-square-build-f.fbx using Guid(16fc809f3bc8eb34ebdd4e73a5a84b70) Importer(815301076,1909f56bfc062723c751e8b465ee728b) (PreviewImporter) -> (artifact id: '740578dd892694443d4aebcc2d6cab63') in 0.1060853 seconds
Number of updated asset objects reloaded before import = 0Number of asset objects unloaded after import = 9

========================================================================
Received Import Request.
  Time since last request: 0.000028 seconds.
  path: Assets/Kit/Enviroment/enviroment tower defense/Models/FBX format/weapon-turret.fbx
  artifactKey: Guid(972de1b0cff73154b8d44a76885744e8) Importer(815301076,1909f56bfc062723c751e8b465ee728b)
Start importing Assets/Kit/Enviroment/enviroment tower defense/Models/FBX format/weapon-turret.fbx using Guid(972de1b0cff73154b8d44a76885744e8) Importer(815301076,1909f56bfc062723c751e8b465ee728b) (PreviewImporter) -> (artifact id: '09395e411c516b3846752f5fd2c923c5') in 0.2806615 seconds
Number of updated asset objects reloaded before import = 0Number of asset objects unloaded after import = 14

========================================================================
Received Import Request.
  Time since last request: 0.000041 seconds.
  path: Assets/Kit/Enviroment/enviroment tower defense/Models/FBX format/tower-round-top-b.fbx
  artifactKey: Guid(13c3ad07d672f6b429864fc108b6ab39) Importer(815301076,1909f56bfc062723c751e8b465ee728b)
Start importing Assets/Kit/Enviroment/enviroment tower defense/Models/FBX format/tower-round-top-b.fbx using Guid(13c3ad07d672f6b429864fc108b6ab39) Importer(815301076,1909f56bfc062723c751e8b465ee728b) (PreviewImporter) -> (artifact id: '1e0c30111c374f973983e475685beb0b') in 0.1659066 seconds
Number of updated asset objects reloaded before import = 0Number of asset objects unloaded after import = 9

========================================================================
Received Import Request.
  Time since last request: 0.000042 seconds.
  path: Assets/Kit/Enviroment/enviroment tower defense/Models/FBX format/weapon-ammo-bullet.fbx
  artifactKey: Guid(3f87962a82bed15409af6858fd146e0c) Importer(815301076,1909f56bfc062723c751e8b465ee728b)
Start importing Assets/Kit/Enviroment/enviroment tower defense/Models/FBX format/weapon-ammo-bullet.fbx using Guid(3f87962a82bed15409af6858fd146e0c) Importer(815301076,1909f56bfc062723c751e8b465ee728b) (PreviewImporter) -> (artifact id: '15ca59a1f830b0140892d4f1bad28af0') in 0.2322632 seconds
Number of updated asset objects reloaded before import = 0Number of asset objects unloaded after import = 9

========================================================================
Received Import Request.
  Time since last request: 0.000031 seconds.
  path: Assets/Kit/Enviroment/enviroment tower defense/Models/FBX format/weapon-ballista.fbx
  artifactKey: Guid(fd43829327270ca4780476a822c177f5) Importer(815301076,1909f56bfc062723c751e8b465ee728b)
Start importing Assets/Kit/Enviroment/enviroment tower defense/Models/FBX format/weapon-ballista.fbx using Guid(fd43829327270ca4780476a822c177f5) Importer(815301076,1909f56bfc062723c751e8b465ee728b) (PreviewImporter) -> (artifact id: '18435632b3164efacb0dc2d4025b7d54') in 0.2848985 seconds
Number of updated asset objects reloaded before import = 0Number of asset objects unloaded after import = 14

========================================================================
Received Import Request.
  Time since last request: 0.000037 seconds.
  path: Assets/Kit/Enviroment/enviroment tower defense/Models/FBX format/tower-round-build-c.fbx
  artifactKey: Guid(287309dfa9ba02d4084de5dfbfcc162b) Importer(815301076,1909f56bfc062723c751e8b465ee728b)
Start importing Assets/Kit/Enviroment/enviroment tower defense/Models/FBX format/tower-round-build-c.fbx using Guid(287309dfa9ba02d4084de5dfbfcc162b) Importer(815301076,1909f56bfc062723c751e8b465ee728b) (PreviewImporter) -> (artifact id: 'aed4600f50e087ca5fd82580a7264ba8') in 0.1470035 seconds
Number of updated asset objects reloaded before import = 0Number of asset objects unloaded after import = 9

========================================================================
Received Import Request.
  Time since last request: 190.304495 seconds.
  path: Assets/Kit/Enviroment/enviroment tower defense/Previews/detail-crystal-large.png
  artifactKey: Guid(a8f7796367800cc4fb648c4f2a956e10) Importer(815301076,1909f56bfc062723c751e8b465ee728b)
Start importing Assets/Kit/Enviroment/enviroment tower defense/Previews/detail-crystal-large.png using Guid(a8f7796367800cc4fb648c4f2a956e10) Importer(815301076,1909f56bfc062723c751e8b465ee728b) (PreviewImporter) -> (artifact id: 'b5caf53fc865357dcedec67492f72f3d') in 0.0334311 seconds
Number of updated asset objects reloaded before import = 0Number of asset objects unloaded after import = 2

========================================================================
Received Import Request.
  Time since last request: 0.000051 seconds.
  path: Assets/Kit/Enviroment/enviroment tower defense/Previews/detail-dirt.png
  artifactKey: Guid(d067694ec59f4de4497becd89ed38f0a) Importer(815301076,1909f56bfc062723c751e8b465ee728b)
Start importing Assets/Kit/Enviroment/enviroment tower defense/Previews/detail-dirt.png using Guid(d067694ec59f4de4497becd89ed38f0a) Importer(815301076,1909f56bfc062723c751e8b465ee728b) (PreviewImporter) -> (artifact id: 'b73edc53b0f0a7273b935722b82c149c') in 0.0223754 seconds
Number of updated asset objects reloaded before import = 0Number of asset objects unloaded after import = 2

========================================================================
Received Import Request.
  Time since last request: 0.000037 seconds.
  path: Assets/Kit/Enviroment/enviroment tower defense/Previews/enemy-ufo-a.png
  artifactKey: Guid(f52f10ad315b7cd48b0d144b7f336520) Importer(815301076,1909f56bfc062723c751e8b465ee728b)
Start importing Assets/Kit/Enviroment/enviroment tower defense/Previews/enemy-ufo-a.png using Guid(f52f10ad315b7cd48b0d144b7f336520) Importer(815301076,1909f56bfc062723c751e8b465ee728b) (PreviewImporter) -> (artifact id: 'ac38551b09134d631083611d484bf62e') in 0.0204878 seconds
Number of updated asset objects reloaded before import = 0Number of asset objects unloaded after import = 2

========================================================================
Received Import Request.
  Time since last request: 0.000024 seconds.
  path: Assets/Kit/Enviroment/enviroment tower defense/Previews/enemy-ufo-a-weapon.png
  artifactKey: Guid(f46d0ef74f0aded48a128bb02f7a3343) Importer(815301076,1909f56bfc062723c751e8b465ee728b)
Start importing Assets/Kit/Enviroment/enviroment tower defense/Previews/enemy-ufo-a-weapon.png using Guid(f46d0ef74f0aded48a128bb02f7a3343) Importer(815301076,1909f56bfc062723c751e8b465ee728b) (PreviewImporter) -> (artifact id: '2b84a85a44460c7486f800f02a09b2ab') in 0.0184547 seconds
Number of updated asset objects reloaded before import = 0Number of asset objects unloaded after import = 2

========================================================================
Received Import Request.
  Time since last request: 0.000024 seconds.
  path: Assets/Kit/Enviroment/enviroment tower defense/Previews/enemy-ufo-d.png
  artifactKey: Guid(60b9c4e1f3597cd4a968a82be442e0cb) Importer(815301076,1909f56bfc062723c751e8b465ee728b)
Start importing Assets/Kit/Enviroment/enviroment tower defense/Previews/enemy-ufo-d.png using Guid(60b9c4e1f3597cd4a968a82be442e0cb) Importer(815301076,1909f56bfc062723c751e8b465ee728b) (PreviewImporter) -> (artifact id: '6a88847d2783128301a80bf1f91d2f8b') in 0.0193568 seconds
Number of updated asset objects reloaded before import = 0Number of asset objects unloaded after import = 2

========================================================================
Received Import Request.
  Time since last request: 0.000045 seconds.
  path: Assets/Kit/Enviroment/enviroment tower defense/Previews/snow-detail-crystal.png
  artifactKey: Guid(2baca15bbe2c7e240bfeaee21874974a) Importer(815301076,1909f56bfc062723c751e8b465ee728b)
Start importing Assets/Kit/Enviroment/enviroment tower defense/Previews/snow-detail-crystal.png using Guid(2baca15bbe2c7e240bfeaee21874974a) Importer(815301076,1909f56bfc062723c751e8b465ee728b) (PreviewImporter) -> (artifact id: 'd4fc412174d8c56291575967938b8d9e') in 0.0217553 seconds
Number of updated asset objects reloaded before import = 0Number of asset objects unloaded after import = 2

========================================================================
Received Import Request.
  Time since last request: 0.000045 seconds.
  path: Assets/Kit/Enviroment/enviroment tower defense/Previews/snow-tile-corner-inner.png
  artifactKey: Guid(dfe39a30927f2104a8ca3f15d26403f4) Importer(815301076,1909f56bfc062723c751e8b465ee728b)
Start importing Assets/Kit/Enviroment/enviroment tower defense/Previews/snow-tile-corner-inner.png using Guid(dfe39a30927f2104a8ca3f15d26403f4) Importer(815301076,1909f56bfc062723c751e8b465ee728b) (PreviewImporter) -> (artifact id: 'ce7542af49103ed7ddc26b02a8318740') in 0.0277231 seconds
Number of updated asset objects reloaded before import = 0Number of asset objects unloaded after import = 2

========================================================================
Received Import Request.
  Time since last request: 0.000038 seconds.
  path: Assets/Kit/Enviroment/enviroment tower defense/Previews/snow-tile.png
  artifactKey: Guid(4ddc9d6238009ab45bf25a4834e39a2e) Importer(815301076,1909f56bfc062723c751e8b465ee728b)
Start importing Assets/Kit/Enviroment/enviroment tower defense/Previews/snow-tile.png using Guid(4ddc9d6238009ab45bf25a4834e39a2e) Importer(815301076,1909f56bfc062723c751e8b465ee728b) (PreviewImporter) -> (artifact id: 'dfdf417fa0d44ff7dfe710a6c9b8ad41') in 0.0263387 seconds
Number of updated asset objects reloaded before import = 0Number of asset objects unloaded after import = 2

========================================================================
Received Import Request.
  Time since last request: 0.000036 seconds.
  path: Assets/Kit/Enviroment/enviroment tower defense/Previews/snow-tile-bump.png
  artifactKey: Guid(cab25e9fcd86fd843898787290693911) Importer(815301076,1909f56bfc062723c751e8b465ee728b)
Start importing Assets/Kit/Enviroment/enviroment tower defense/Previews/snow-tile-bump.png using Guid(cab25e9fcd86fd843898787290693911) Importer(815301076,1909f56bfc062723c751e8b465ee728b) (PreviewImporter) -> (artifact id: '34e3ba07c3600e67777578b56b732249') in 0.0233936 seconds
Number of updated asset objects reloaded before import = 0Number of asset objects unloaded after import = 2

========================================================================
Received Import Request.
  Time since last request: 0.000027 seconds.
  path: Assets/Kit/Enviroment/enviroment tower defense/Previews/enemy-ufo-c.png
  artifactKey: Guid(262ba4c04e5839241951ff9b8fd079c5) Importer(815301076,1909f56bfc062723c751e8b465ee728b)
Start importing Assets/Kit/Enviroment/enviroment tower defense/Previews/enemy-ufo-c.png using Guid(262ba4c04e5839241951ff9b8fd079c5) Importer(815301076,1909f56bfc062723c751e8b465ee728b) (PreviewImporter) -> (artifact id: '63a53d595e8ce6d00463f8d4da88975c') in 0.0230059 seconds
Number of updated asset objects reloaded before import = 0Number of asset objects unloaded after import = 2

========================================================================
Received Import Request.
  Time since last request: 0.000053 seconds.
  path: Assets/Kit/Enviroment/enviroment tower defense/Previews/snow-detail-dirt-large.png
  artifactKey: Guid(ff449d8ca615cfa419a5fdde23fe6c2e) Importer(815301076,1909f56bfc062723c751e8b465ee728b)
Start importing Assets/Kit/Enviroment/enviroment tower defense/Previews/snow-detail-dirt-large.png using Guid(ff449d8ca615cfa419a5fdde23fe6c2e) Importer(815301076,1909f56bfc062723c751e8b465ee728b) (PreviewImporter) -> (artifact id: '03df68b90289f1f5681be8a0a178e669') in 0.0246756 seconds
Number of updated asset objects reloaded before import = 0Number of asset objects unloaded after import = 2

========================================================================
Received Import Request.
  Time since last request: 0.000031 seconds.
  path: Assets/Kit/Enviroment/enviroment tower defense/Previews/snow-detail-tree-large.png
  artifactKey: Guid(6b89dc125b6ecca479aa72e447a5e161) Importer(815301076,1909f56bfc062723c751e8b465ee728b)
Start importing Assets/Kit/Enviroment/enviroment tower defense/Previews/snow-detail-tree-large.png using Guid(6b89dc125b6ecca479aa72e447a5e161) Importer(815301076,1909f56bfc062723c751e8b465ee728b) (PreviewImporter) -> (artifact id: '3baa8fcf67d8a03278410c42b841e99a') in 0.0240481 seconds
Number of updated asset objects reloaded before import = 0Number of asset objects unloaded after import = 2

========================================================================
Received Import Request.
  Time since last request: 0.000049 seconds.
  path: Assets/Kit/Enviroment/enviroment tower defense/Previews/enemy-ufo-b-weapon.png
  artifactKey: Guid(663602aa484479f4dbf5e09978fe35cb) Importer(815301076,1909f56bfc062723c751e8b465ee728b)
Start importing Assets/Kit/Enviroment/enviroment tower defense/Previews/enemy-ufo-b-weapon.png using Guid(663602aa484479f4dbf5e09978fe35cb) Importer(815301076,1909f56bfc062723c751e8b465ee728b) (PreviewImporter) -> (artifact id: '11ec5fe941354611f24121c485c79144') in 0.0266146 seconds
Number of updated asset objects reloaded before import = 0Number of asset objects unloaded after import = 2

========================================================================
Received Import Request.
  Time since last request: 0.000034 seconds.
  path: Assets/Kit/Enviroment/enviroment tower defense/Previews/enemy-ufo-beam-burst.png
  artifactKey: Guid(f178dfd780c62f4498dc66e0aa33df95) Importer(815301076,1909f56bfc062723c751e8b465ee728b)
Start importing Assets/Kit/Enviroment/enviroment tower defense/Previews/enemy-ufo-beam-burst.png using Guid(f178dfd780c62f4498dc66e0aa33df95) Importer(815301076,1909f56bfc062723c751e8b465ee728b) (PreviewImporter) -> (artifact id: '88d528ac763d24a3c42a289eb8285e55') in 0.0234904 seconds
Number of updated asset objects reloaded before import = 0Number of asset objects unloaded after import = 2

========================================================================
Received Import Request.
  Time since last request: 0.000033 seconds.
  path: Assets/Kit/Enviroment/enviroment tower defense/Previews/snow-detail-dirt.png
  artifactKey: Guid(54d77cce16164ea45964327e6ac63793) Importer(815301076,1909f56bfc062723c751e8b465ee728b)
Start importing Assets/Kit/Enviroment/enviroment tower defense/Previews/snow-detail-dirt.png using Guid(54d77cce16164ea45964327e6ac63793) Importer(815301076,1909f56bfc062723c751e8b465ee728b) (PreviewImporter) -> (artifact id: '5a28fefde5153b04f47a5ccbd0d3bfb6') in 0.0260493 seconds
Number of updated asset objects reloaded before import = 0Number of asset objects unloaded after import = 2

========================================================================
Received Import Request.
  Time since last request: 0.000027 seconds.
  path: Assets/Kit/Enviroment/enviroment tower defense/Previews/enemy-ufo-d-weapon.png
  artifactKey: Guid(de63ba471546d8d45a251ab1adb2b347) Importer(815301076,1909f56bfc062723c751e8b465ee728b)
Start importing Assets/Kit/Enviroment/enviroment tower defense/Previews/enemy-ufo-d-weapon.png using Guid(de63ba471546d8d45a251ab1adb2b347) Importer(815301076,1909f56bfc062723c751e8b465ee728b) (PreviewImporter) -> (artifact id: '09313f1b81d5db4e06ff13a1b558daa8') in 0.0297399 seconds
Number of updated asset objects reloaded before import = 0Number of asset objects unloaded after import = 2

Editor requested this worker to shutdown with reason: Scaling down because of idle timeout
AssetImportWorker is now disconnected from the server
Process exiting
Exiting without the bug reporter. Application will terminate with return code 0