Using pre-set license
Built from '6000.0/staging' branch; Version is '6000.0.24f1 (11fa355cd605) revision 1178165'; Using compiler version '193933523'; Build Type 'Release'
OS: 'Windows 11  (10.0.26200) 64bit Core' Language: 'es' Physical Memory: 15917 MB
BatchMode: 1, IsHumanControllingUs: 0, StartBugReporterOnCrash: 0, Is64bit: 1, IsPro: 1

COMMAND LINE ARGUMENTS:
C:\Program Files\Unity 6000.0.24f1\Editor\Unity.exe
-adb2
-batchMode
-noUpm
-name
AssetImportWorker13
-projectPath
C:/Users/Diego/Desktop/Diego/Github/CreadorDeObjetos/My Creator Game
-logFile
Logs/AssetImportWorker13.log
-srvPort
58382
-job-worker-count
10
-background-job-worker-count
8
-asset-garbage-collectors
1
Successfully changed project path to: C:/Users/Diego/Desktop/Diego/Github/CreadorDeObjetos/My Creator Game
C:/Users/Diego/Desktop/Diego/Github/CreadorDeObjetos/My Creator Game
[UnityMemory] Configuration Parameters - Can be set up in boot.config
    "memorysetup-bucket-allocator-granularity=16"
    "memorysetup-bucket-allocator-bucket-count=8"
    "memorysetup-bucket-allocator-block-size=33554432"
    "memorysetup-bucket-allocator-block-count=8"
    "memorysetup-main-allocator-block-size=16777216"
    "memorysetup-thread-allocator-block-size=16777216"
    "memorysetup-gfx-main-allocator-block-size=16777216"
    "memorysetup-gfx-thread-allocator-block-size=16777216"
    "memorysetup-cache-allocator-block-size=4194304"
    "memorysetup-typetree-allocator-block-size=2097152"
    "memorysetup-profiler-bucket-allocator-granularity=16"
    "memorysetup-profiler-bucket-allocator-bucket-count=8"
    "memorysetup-profiler-bucket-allocator-block-size=33554432"
    "memorysetup-profiler-bucket-allocator-block-count=8"
    "memorysetup-profiler-allocator-block-size=16777216"
    "memorysetup-profiler-editor-allocator-block-size=1048576"
    "memorysetup-temp-allocator-size-main=16777216"
    "memorysetup-job-temp-allocator-block-size=2097152"
    "memorysetup-job-temp-allocator-block-size-background=1048576"
    "memorysetup-job-temp-allocator-reduction-small-platforms=262144"
    "memorysetup-allocator-temp-initial-block-size-main=262144"
    "memorysetup-allocator-temp-initial-block-size-worker=262144"
    "memorysetup-temp-allocator-size-background-worker=32768"
    "memorysetup-temp-allocator-size-job-worker=262144"
    "memorysetup-temp-allocator-size-preload-manager=33554432"
    "memorysetup-temp-allocator-size-nav-mesh-worker=65536"
    "memorysetup-temp-allocator-size-audio-worker=65536"
    "memorysetup-temp-allocator-size-cloud-worker=32768"
    "memorysetup-temp-allocator-size-gi-baking-worker=262144"
    "memorysetup-temp-allocator-size-gi-baking-worker=262144"
    "memorysetup-temp-allocator-size-gi-baking-worker=262144"
    "memorysetup-temp-allocator-size-gi-baking-worker=262144"
    "memorysetup-temp-allocator-size-gi-baking-worker=262144"
    "memorysetup-temp-allocator-size-gfx=262144"
Player connection [27608]  Target information:

Player connection [27608]  * "[IP] 192.168.1.54 [Port] 0 [Flags] 2 [Guid] 2020934845 [EditorId] 2020934845 [Version] 1048832 [Id] WindowsEditor(7,Asus-Zenbook-14) [Debug] 1 [PackageName] WindowsEditor [ProjectName] Editor" 

Player connection [27608] Host joined multi-casting on [225.0.0.222:54997]...
Player connection [27608] Host joined alternative multi-casting on [225.0.0.222:34997]...
JobSystem: Creating JobQueue using job-worker-count value 10
[Physics::Module] Initialized fallback backend.
[Physics::Module] Id: 0xdecafbad
Library Redirect Path: Library/
[Physics::Module] Selected backend.
[Physics::Module] Name: PhysX
[Physics::Module] Id: 0xf2b8ea05
[Physics::Module] SDK Version: 4.1.2
[Physics::Module] Integration Version: 1.0.0
[Physics::Module] Threading Mode: Multi-Threaded
Refreshing native plugins compatible for Editor in 2.99 ms, found 3 plugins.
Preloading 0 native plugins for Editor in 0.00 ms.
Initialize engine version: 6000.0.24f1 (11fa355cd605)
[Subsystems] Discovering subsystems at path C:/Program Files/Unity 6000.0.24f1/Editor/Data/Resources/UnitySubsystems
[Subsystems] Discovering subsystems at path C:/Users/Diego/Desktop/Diego/Github/CreadorDeObjetos/My Creator Game/Assets
GfxDevice: creating device client; kGfxThreadingModeNonThreaded
Direct3D:
    Version:  Direct3D 11.0 [level 11.1]
    Renderer: Intel(R) Arc(TM) Graphics (ID=0x7d55)
    Vendor:   Intel
    VRAM:     9073 MB
    Driver:   32.0.101.6314
Initialize mono
Mono path[0] = 'C:/Program Files/Unity 6000.0.24f1/Editor/Data/Managed'
Mono path[1] = 'C:/Program Files/Unity 6000.0.24f1/Editor/Data/MonoBleedingEdge/lib/mono/unityjit-win32'
Mono config path = 'C:/Program Files/Unity 6000.0.24f1/Editor/Data/MonoBleedingEdge/etc'
Using monoOptions --debugger-agent=transport=dt_socket,embedding=1,server=y,suspend=n,address=127.0.0.1:56908
Begin MonoManager ReloadAssembly
Registering precompiled unity dll's ...
Register platform support module: C:/Program Files/Unity 6000.0.24f1/Editor/Data/PlaybackEngines/WindowsStandaloneSupport/UnityEditor.WindowsStandalone.Extensions.dll
Registered in 0.006548 seconds.
- Loaded All Assemblies, in  0.569 seconds
Native extension for WindowsStandalone target not found
Mono: successfully reloaded assembly
- Finished resetting the current domain, in  0.454 seconds
Domain Reload Profiling: 1020ms
	BeginReloadAssembly (239ms)
		ExecutionOrderSort (0ms)
		DisableScriptedObjects (0ms)
		BackupInstance (0ms)
		ReleaseScriptingObjects (0ms)
		CreateAndSetChildDomain (1ms)
	RebuildCommonClasses (64ms)
	RebuildNativeTypeToScriptingClass (22ms)
	initialDomainReloadingComplete (83ms)
	LoadAllAssembliesAndSetupDomain (158ms)
		LoadAssemblies (233ms)
		RebuildTransferFunctionScriptingTraits (0ms)
		AnalyzeDomain (155ms)
			TypeCache.Refresh (153ms)
				TypeCache.ScanAssembly (140ms)
			BuildScriptInfoCaches (0ms)
			ResolveRequiredComponents (1ms)
	FinalizeReload (454ms)
		ReleaseScriptCaches (0ms)
		RebuildScriptCaches (0ms)
		SetupLoadedEditorAssemblies (397ms)
			LogAssemblyErrors (0ms)
			InitializePlatformSupportModulesInManaged (33ms)
			SetLoadedEditorAssemblies (5ms)
			BeforeProcessingInitializeOnLoad (8ms)
			ProcessInitializeOnLoadAttributes (261ms)
			ProcessInitializeOnLoadMethodAttributes (87ms)
			AfterProcessingInitializeOnLoad (4ms)
			EditorAssembliesLoaded (0ms)
		ExecutionOrderSort2 (0ms)
		AwakeInstancesAfterBackupRestoration (0ms)
========================================================================
Worker process is ready to serve import requests
Import Worker Mode flag is 0x00
Begin MonoManager ReloadAssembly
- Loaded All Assemblies, in  1.291 seconds
Refreshing native plugins compatible for Editor in 1.71 ms, found 3 plugins.
Native extension for WindowsStandalone target not found
Missing types referenced from component UniversalRenderPipelineGlobalSettings on game object UniversalRenderPipelineGlobalSettings:
	UnityEngine.Rendering.Universal.UniversalRenderPipelineEditorAssets, Unity.RenderPipelines.Universal.Runtime (1 object)
Mono: successfully reloaded assembly
- Finished resetting the current domain, in  1.252 seconds
Domain Reload Profiling: 2536ms
	BeginReloadAssembly (491ms)
		ExecutionOrderSort (0ms)
		DisableScriptedObjects (7ms)
		BackupInstance (0ms)
		ReleaseScriptingObjects (0ms)
		CreateAndSetChildDomain (36ms)
	RebuildCommonClasses (44ms)
	RebuildNativeTypeToScriptingClass (14ms)
	initialDomainReloadingComplete (54ms)
	LoadAllAssembliesAndSetupDomain (681ms)
		LoadAssemblies (471ms)
		RebuildTransferFunctionScriptingTraits (0ms)
		AnalyzeDomain (335ms)
			TypeCache.Refresh (221ms)
				TypeCache.ScanAssembly (204ms)
			BuildScriptInfoCaches (98ms)
			ResolveRequiredComponents (13ms)
	FinalizeReload (1253ms)
		ReleaseScriptCaches (0ms)
		RebuildScriptCaches (0ms)
		SetupLoadedEditorAssemblies (925ms)
			LogAssemblyErrors (0ms)
			InitializePlatformSupportModulesInManaged (3ms)
			SetLoadedEditorAssemblies (6ms)
			BeforeProcessingInitializeOnLoad (97ms)
			ProcessInitializeOnLoadAttributes (638ms)
			ProcessInitializeOnLoadMethodAttributes (168ms)
			AfterProcessingInitializeOnLoad (12ms)
			EditorAssembliesLoaded (0ms)
		ExecutionOrderSort2 (0ms)
		AwakeInstancesAfterBackupRestoration (9ms)
Launched and connected shader compiler UnityShaderCompiler.exe after 0.02 seconds
Refreshing native plugins compatible for Editor in 1.61 ms, found 3 plugins.
Preloading 0 native plugins for Editor in 0.00 ms.
Unloading 212 Unused Serialized files (Serialized files now loaded: 0)
Unloading 6089 unused Assets / (4.0 MB). Loaded Objects now: 6874.
Memory consumption went from 216.0 MB to 212.0 MB.
Total: 10.316700 ms (FindLiveObjects: 1.868100 ms CreateObjectMapping: 0.344400 ms MarkObjects: 5.873900 ms  DeleteObjects: 2.228800 ms)

========================================================================
Received Import Request.
  Time since last request: 25797.015294 seconds.
  path: Assets/Kit/Character/enemies/characters/fbx/skeleton_texture.png
  artifactKey: Guid(56c57fc8195fa18408e8b694e04bc4fb) Importer(815301076,1909f56bfc062723c751e8b465ee728b)
Start importing Assets/Kit/Character/enemies/characters/fbx/skeleton_texture.png using Guid(56c57fc8195fa18408e8b694e04bc4fb) Importer(815301076,1909f56bfc062723c751e8b465ee728b) (PreviewImporter) -> (artifact id: 'cad3673c779b4a2fb2cc0542334f732e') in 0.0770753 seconds
Number of updated asset objects reloaded before import = 0Number of asset objects unloaded after import = 2

========================================================================
Received Import Request.
  Time since last request: 27.625135 seconds.
  path: Assets/Kit/Character/enemies/characters/fbx/Skeleton_Warrior.fbx
  artifactKey: Guid(0441bfd23e1995747a60a779add15566) Importer(815301076,1909f56bfc062723c751e8b465ee728b)
Start importing Assets/Kit/Character/enemies/characters/fbx/Skeleton_Warrior.fbx using Guid(0441bfd23e1995747a60a779add15566) Importer(815301076,1909f56bfc062723c751e8b465ee728b) (PreviewImporter) -> (artifact id: 'a3aa53151d2514849723844ffe9a54dd') in 1.222583 seconds
Number of updated asset objects reloaded before import = 0Number of asset objects unloaded after import = 96

========================================================================
Received Import Request.
  Time since last request: 130.508020 seconds.
  path: Assets/Kit/DungeonKit/fantasy town/kenney_fantasy-town-kit_2.0/Preview (Variation A).png
  artifactKey: Guid(f9887aeaed4790741b08233ff3a31a56) Importer(815301076,1909f56bfc062723c751e8b465ee728b)
Start importing Assets/Kit/DungeonKit/fantasy town/kenney_fantasy-town-kit_2.0/Preview (Variation A).png using Guid(f9887aeaed4790741b08233ff3a31a56) Importer(815301076,1909f56bfc062723c751e8b465ee728b) (PreviewImporter) -> (artifact id: '6a9641e9eb9d35d520b0927c3184a0ef') in 0.0298577 seconds
Number of updated asset objects reloaded before import = 0Number of asset objects unloaded after import = 2

========================================================================
Received Import Request.
  Time since last request: 60.772363 seconds.
  path: Assets/Kit/DungeonKit/fantasy town/kenney_fantasy-town-kit_2.0/Previews/balcony-wall-fence.png
  artifactKey: Guid(012494f9bcfef9d43b342ea69c47d12e) Importer(815301076,1909f56bfc062723c751e8b465ee728b)
Start importing Assets/Kit/DungeonKit/fantasy town/kenney_fantasy-town-kit_2.0/Previews/balcony-wall-fence.png using Guid(012494f9bcfef9d43b342ea69c47d12e) Importer(815301076,1909f56bfc062723c751e8b465ee728b) (PreviewImporter) -> (artifact id: '240fde6aeaf295a07a52732bebd6b698') in 0.0133585 seconds
Number of updated asset objects reloaded before import = 0Number of asset objects unloaded after import = 2

========================================================================
Received Import Request.
  Time since last request: 0.000046 seconds.
  path: Assets/Kit/DungeonKit/fantasy town/kenney_fantasy-town-kit_2.0/Previews/banner-red.png
  artifactKey: Guid(d1bbebcf8cd87f543a24ca9237b3886d) Importer(815301076,1909f56bfc062723c751e8b465ee728b)
Start importing Assets/Kit/DungeonKit/fantasy town/kenney_fantasy-town-kit_2.0/Previews/banner-red.png using Guid(d1bbebcf8cd87f543a24ca9237b3886d) Importer(815301076,1909f56bfc062723c751e8b465ee728b) (PreviewImporter) -> (artifact id: '427ec2ae28b53df40c78dd3bcd374458') in 0.0148659 seconds
Number of updated asset objects reloaded before import = 0Number of asset objects unloaded after import = 2

========================================================================
Received Import Request.
  Time since last request: 0.000044 seconds.
  path: Assets/Kit/DungeonKit/fantasy town/kenney_fantasy-town-kit_2.0/Previews/chimney.png
  artifactKey: Guid(1fa12501d0572ad448a27408237e8c94) Importer(815301076,1909f56bfc062723c751e8b465ee728b)
Start importing Assets/Kit/DungeonKit/fantasy town/kenney_fantasy-town-kit_2.0/Previews/chimney.png using Guid(1fa12501d0572ad448a27408237e8c94) Importer(815301076,1909f56bfc062723c751e8b465ee728b) (PreviewImporter) -> (artifact id: '278ecf70cfaa50d0c6417eafed0337bd') in 0.0150288 seconds
Number of updated asset objects reloaded before import = 0Number of asset objects unloaded after import = 2

========================================================================
Received Import Request.
  Time since last request: 0.000025 seconds.
  path: Assets/Kit/DungeonKit/fantasy town/kenney_fantasy-town-kit_2.0/Previews/fence.png
  artifactKey: Guid(32ad35eed76505d49ad5dcc60b5d00d1) Importer(815301076,1909f56bfc062723c751e8b465ee728b)
Start importing Assets/Kit/DungeonKit/fantasy town/kenney_fantasy-town-kit_2.0/Previews/fence.png using Guid(32ad35eed76505d49ad5dcc60b5d00d1) Importer(815301076,1909f56bfc062723c751e8b465ee728b) (PreviewImporter) -> (artifact id: 'f6bfe3171e86860c1ceae621005eb08f') in 0.0249001 seconds
Number of updated asset objects reloaded before import = 0Number of asset objects unloaded after import = 2

========================================================================
Received Import Request.
  Time since last request: 0.000033 seconds.
  path: Assets/Kit/DungeonKit/fantasy town/kenney_fantasy-town-kit_2.0/Previews/fountain-corner.png
  artifactKey: Guid(78003603ca8981644b564ce1fd1f4a9a) Importer(815301076,1909f56bfc062723c751e8b465ee728b)
Start importing Assets/Kit/DungeonKit/fantasy town/kenney_fantasy-town-kit_2.0/Previews/fountain-corner.png using Guid(78003603ca8981644b564ce1fd1f4a9a) Importer(815301076,1909f56bfc062723c751e8b465ee728b) (PreviewImporter) -> (artifact id: '4ad230b08c5b3c9b4590b2b0162b8818') in 0.0183488 seconds
Number of updated asset objects reloaded before import = 0Number of asset objects unloaded after import = 2

========================================================================
Received Import Request.
  Time since last request: 0.000025 seconds.
  path: Assets/Kit/DungeonKit/fantasy town/kenney_fantasy-town-kit_2.0/Previews/fence-gate.png
  artifactKey: Guid(3d7ebad7ec79b3e41900b9a5931518ae) Importer(815301076,1909f56bfc062723c751e8b465ee728b)
Start importing Assets/Kit/DungeonKit/fantasy town/kenney_fantasy-town-kit_2.0/Previews/fence-gate.png using Guid(3d7ebad7ec79b3e41900b9a5931518ae) Importer(815301076,1909f56bfc062723c751e8b465ee728b) (PreviewImporter) -> (artifact id: 'c679bd1505d922b3160e3404adfe150a') in 0.0195413 seconds
Number of updated asset objects reloaded before import = 0Number of asset objects unloaded after import = 2

========================================================================
Received Import Request.
  Time since last request: 0.000046 seconds.
  path: Assets/Kit/DungeonKit/fantasy town/kenney_fantasy-town-kit_2.0/Previews/blade.png
  artifactKey: Guid(35d61c494bba75c4c9d536c88892f300) Importer(815301076,1909f56bfc062723c751e8b465ee728b)
Start importing Assets/Kit/DungeonKit/fantasy town/kenney_fantasy-town-kit_2.0/Previews/blade.png using Guid(35d61c494bba75c4c9d536c88892f300) Importer(815301076,1909f56bfc062723c751e8b465ee728b) (PreviewImporter) -> (artifact id: '868b696f21aae8e597de6ff1ebbbc524') in 0.019717 seconds
Number of updated asset objects reloaded before import = 0Number of asset objects unloaded after import = 2

========================================================================
Received Import Request.
  Time since last request: 0.000044 seconds.
  path: Assets/Kit/DungeonKit/fantasy town/kenney_fantasy-town-kit_2.0/Previews/overhang.png
  artifactKey: Guid(02b0a15ff92c5874799ba2c6b8d876eb) Importer(815301076,1909f56bfc062723c751e8b465ee728b)
Start importing Assets/Kit/DungeonKit/fantasy town/kenney_fantasy-town-kit_2.0/Previews/overhang.png using Guid(02b0a15ff92c5874799ba2c6b8d876eb) Importer(815301076,1909f56bfc062723c751e8b465ee728b) (PreviewImporter) -> (artifact id: 'cef911d4d10a297c606939f66874ebfc') in 0.0292131 seconds
Number of updated asset objects reloaded before import = 0Number of asset objects unloaded after import = 2

========================================================================
Received Import Request.
  Time since last request: 0.000041 seconds.
  path: Assets/Kit/DungeonKit/fantasy town/kenney_fantasy-town-kit_2.0/Previews/planks-opening.png
  artifactKey: Guid(ae6972aa66c7b7745bc268bb9616836e) Importer(815301076,1909f56bfc062723c751e8b465ee728b)
Start importing Assets/Kit/DungeonKit/fantasy town/kenney_fantasy-town-kit_2.0/Previews/planks-opening.png using Guid(ae6972aa66c7b7745bc268bb9616836e) Importer(815301076,1909f56bfc062723c751e8b465ee728b) (PreviewImporter) -> (artifact id: '4d1ddfa0bff52caa0716a04217d45c3f') in 0.0343374 seconds
Number of updated asset objects reloaded before import = 0Number of asset objects unloaded after import = 2

========================================================================
Received Import Request.
  Time since last request: 0.000043 seconds.
  path: Assets/Kit/DungeonKit/fantasy town/kenney_fantasy-town-kit_2.0/Previews/chimney-base.png
  artifactKey: Guid(786f1cf54bf360a48aac310655ea2ada) Importer(815301076,1909f56bfc062723c751e8b465ee728b)
Start importing Assets/Kit/DungeonKit/fantasy town/kenney_fantasy-town-kit_2.0/Previews/chimney-base.png using Guid(786f1cf54bf360a48aac310655ea2ada) Importer(815301076,1909f56bfc062723c751e8b465ee728b) (PreviewImporter) -> (artifact id: '0c9482b988702638c456766f3595cd58') in 0.0342746 seconds
Number of updated asset objects reloaded before import = 0Number of asset objects unloaded after import = 2

========================================================================
Received Import Request.
  Time since last request: 0.000068 seconds.
  path: Assets/Kit/DungeonKit/fantasy town/kenney_fantasy-town-kit_2.0/Previews/pillar-wood.png
  artifactKey: Guid(aa1db59979ec3d347a052a4b8d1d8cc1) Importer(815301076,1909f56bfc062723c751e8b465ee728b)
Start importing Assets/Kit/DungeonKit/fantasy town/kenney_fantasy-town-kit_2.0/Previews/pillar-wood.png using Guid(aa1db59979ec3d347a052a4b8d1d8cc1) Importer(815301076,1909f56bfc062723c751e8b465ee728b) (PreviewImporter) -> (artifact id: 'c1ea3d304786a088019b145b4009b67e') in 0.0340793 seconds
Number of updated asset objects reloaded before import = 0Number of asset objects unloaded after import = 2

========================================================================
Received Import Request.
  Time since last request: 0.000067 seconds.
  path: Assets/Kit/DungeonKit/fantasy town/kenney_fantasy-town-kit_2.0/Previews/fountain-round.png
  artifactKey: Guid(f92b53b4a15fd7a46b0f81abca08b85a) Importer(815301076,1909f56bfc062723c751e8b465ee728b)
Start importing Assets/Kit/DungeonKit/fantasy town/kenney_fantasy-town-kit_2.0/Previews/fountain-round.png using Guid(f92b53b4a15fd7a46b0f81abca08b85a) Importer(815301076,1909f56bfc062723c751e8b465ee728b) (PreviewImporter) -> (artifact id: '28aca1c37567c3a9cec281c159c5ecf5') in 0.0376228 seconds
Number of updated asset objects reloaded before import = 0Number of asset objects unloaded after import = 2

========================================================================
Received Import Request.
  Time since last request: 0.000038 seconds.
  path: Assets/Kit/DungeonKit/fantasy town/kenney_fantasy-town-kit_2.0/Previews/cart-high.png
  artifactKey: Guid(d5a776ae48b062a4688b0c1ec8e034ee) Importer(815301076,1909f56bfc062723c751e8b465ee728b)
Start importing Assets/Kit/DungeonKit/fantasy town/kenney_fantasy-town-kit_2.0/Previews/cart-high.png using Guid(d5a776ae48b062a4688b0c1ec8e034ee) Importer(815301076,1909f56bfc062723c751e8b465ee728b) (PreviewImporter) -> (artifact id: '8402d04f9ad71f6be14c754500eddcc5') in 0.035013 seconds
Number of updated asset objects reloaded before import = 0Number of asset objects unloaded after import = 2

========================================================================
Received Import Request.
  Time since last request: 0.000051 seconds.
  path: Assets/Kit/DungeonKit/fantasy town/kenney_fantasy-town-kit_2.0/Previews/hedge-large.png
  artifactKey: Guid(a09e461308533ab4db53c469a1b1cc7c) Importer(815301076,1909f56bfc062723c751e8b465ee728b)
Start importing Assets/Kit/DungeonKit/fantasy town/kenney_fantasy-town-kit_2.0/Previews/hedge-large.png using Guid(a09e461308533ab4db53c469a1b1cc7c) Importer(815301076,1909f56bfc062723c751e8b465ee728b) (PreviewImporter) -> (artifact id: '8a3309ce393dae193244ff9c4dd9e01b') in 0.0404707 seconds
Number of updated asset objects reloaded before import = 0Number of asset objects unloaded after import = 2

========================================================================
Received Import Request.
  Time since last request: 0.000060 seconds.
  path: Assets/Kit/DungeonKit/fantasy town/kenney_fantasy-town-kit_2.0/Previews/lantern.png
  artifactKey: Guid(ce4bf3043c23ba741864ac07c09a5395) Importer(815301076,1909f56bfc062723c751e8b465ee728b)
Start importing Assets/Kit/DungeonKit/fantasy town/kenney_fantasy-town-kit_2.0/Previews/lantern.png using Guid(ce4bf3043c23ba741864ac07c09a5395) Importer(815301076,1909f56bfc062723c751e8b465ee728b) (PreviewImporter) -> (artifact id: '804c3f1c5628a1d78171dc9f227f8c09') in 0.0360098 seconds
Number of updated asset objects reloaded before import = 0Number of asset objects unloaded after import = 2

========================================================================
Received Import Request.
  Time since last request: 0.000048 seconds.
  path: Assets/Kit/DungeonKit/fantasy town/kenney_fantasy-town-kit_2.0/Previews/chimney-top.png
  artifactKey: Guid(84198bc6d1bcfff4d8b94c66640d7596) Importer(815301076,1909f56bfc062723c751e8b465ee728b)
Start importing Assets/Kit/DungeonKit/fantasy town/kenney_fantasy-town-kit_2.0/Previews/chimney-top.png using Guid(84198bc6d1bcfff4d8b94c66640d7596) Importer(815301076,1909f56bfc062723c751e8b465ee728b) (PreviewImporter) -> (artifact id: '472b6917f96ae29bbf83d5f724586167') in 0.0406895 seconds
Number of updated asset objects reloaded before import = 0Number of asset objects unloaded after import = 2

========================================================================
Received Import Request.
  Time since last request: 0.000043 seconds.
  path: Assets/Kit/DungeonKit/fantasy town/kenney_fantasy-town-kit_2.0/Previews/fountain-square-detail.png
  artifactKey: Guid(f7cdd742f62566540ae36f96e78d7c71) Importer(815301076,1909f56bfc062723c751e8b465ee728b)
Start importing Assets/Kit/DungeonKit/fantasy town/kenney_fantasy-town-kit_2.0/Previews/fountain-square-detail.png using Guid(f7cdd742f62566540ae36f96e78d7c71) Importer(815301076,1909f56bfc062723c751e8b465ee728b) (PreviewImporter) -> (artifact id: '7048c6a9809dae828745358b10c46a10') in 0.0390166 seconds
Number of updated asset objects reloaded before import = 0Number of asset objects unloaded after import = 2

========================================================================
Received Import Request.
  Time since last request: 0.000061 seconds.
  path: Assets/Kit/DungeonKit/fantasy town/kenney_fantasy-town-kit_2.0/Previews/fountain-curved.png
  artifactKey: Guid(5175d0bbb6a886a42b654e3096978f4a) Importer(815301076,1909f56bfc062723c751e8b465ee728b)
Start importing Assets/Kit/DungeonKit/fantasy town/kenney_fantasy-town-kit_2.0/Previews/fountain-curved.png using Guid(5175d0bbb6a886a42b654e3096978f4a) Importer(815301076,1909f56bfc062723c751e8b465ee728b) (PreviewImporter) -> (artifact id: 'c191b7e1a7a784e33c3fcaa016dd329d') in 0.0368832 seconds
Number of updated asset objects reloaded before import = 0Number of asset objects unloaded after import = 2

========================================================================
Received Import Request.
  Time since last request: 0.000041 seconds.
  path: Assets/Kit/DungeonKit/fantasy town/kenney_fantasy-town-kit_2.0/Previews/poles.png
  artifactKey: Guid(40550c23bf8f59d4888a222ea66aa77c) Importer(815301076,1909f56bfc062723c751e8b465ee728b)
Start importing Assets/Kit/DungeonKit/fantasy town/kenney_fantasy-town-kit_2.0/Previews/poles.png using Guid(40550c23bf8f59d4888a222ea66aa77c) Importer(815301076,1909f56bfc062723c751e8b465ee728b) (PreviewImporter) -> (artifact id: '22c897812925ea653f2aaeba6c5de2ca') in 0.035451 seconds
Number of updated asset objects reloaded before import = 0Number of asset objects unloaded after import = 2

========================================================================
Received Import Request.
  Time since last request: 0.000051 seconds.
  path: Assets/Kit/DungeonKit/fantasy town/kenney_fantasy-town-kit_2.0/Previews/road-corner.png
  artifactKey: Guid(8672ba5d86fa4814e89482100277f33c) Importer(815301076,1909f56bfc062723c751e8b465ee728b)
Start importing Assets/Kit/DungeonKit/fantasy town/kenney_fantasy-town-kit_2.0/Previews/road-corner.png using Guid(8672ba5d86fa4814e89482100277f33c) Importer(815301076,1909f56bfc062723c751e8b465ee728b) (PreviewImporter) -> (artifact id: 'f7a7531b816d63ff70f4a722b6c57238') in 0.0363947 seconds
Number of updated asset objects reloaded before import = 0Number of asset objects unloaded after import = 2

========================================================================
Received Import Request.
  Time since last request: 0.000044 seconds.
  path: Assets/Kit/DungeonKit/fantasy town/kenney_fantasy-town-kit_2.0/Previews/road-curb.png
  artifactKey: Guid(2ea0a1aad3f2b43458970eddbf51f936) Importer(815301076,1909f56bfc062723c751e8b465ee728b)
Start importing Assets/Kit/DungeonKit/fantasy town/kenney_fantasy-town-kit_2.0/Previews/road-curb.png using Guid(2ea0a1aad3f2b43458970eddbf51f936) Importer(815301076,1909f56bfc062723c751e8b465ee728b) (PreviewImporter) -> (artifact id: 'afb14fd59ec604209ec4c3d2ae8c7f8b') in 0.0345441 seconds
Number of updated asset objects reloaded before import = 0Number of asset objects unloaded after import = 2

========================================================================
Received Import Request.
  Time since last request: 0.000058 seconds.
  path: Assets/Kit/DungeonKit/fantasy town/kenney_fantasy-town-kit_2.0/Previews/roof-corner.png
  artifactKey: Guid(07262026a674387448c77f6692ee22e0) Importer(815301076,1909f56bfc062723c751e8b465ee728b)
Start importing Assets/Kit/DungeonKit/fantasy town/kenney_fantasy-town-kit_2.0/Previews/roof-corner.png using Guid(07262026a674387448c77f6692ee22e0) Importer(815301076,1909f56bfc062723c751e8b465ee728b) (PreviewImporter) -> (artifact id: '86460dec117d513e01e7fda057d4b7de') in 0.0408356 seconds
Number of updated asset objects reloaded before import = 0Number of asset objects unloaded after import = 2

========================================================================
Received Import Request.
  Time since last request: 0.000041 seconds.
  path: Assets/Kit/DungeonKit/fantasy town/kenney_fantasy-town-kit_2.0/Previews/roof-corner-inner.png
  artifactKey: Guid(8723bc35d7255684781bb9e1e9259ee7) Importer(815301076,1909f56bfc062723c751e8b465ee728b)
Start importing Assets/Kit/DungeonKit/fantasy town/kenney_fantasy-town-kit_2.0/Previews/roof-corner-inner.png using Guid(8723bc35d7255684781bb9e1e9259ee7) Importer(815301076,1909f56bfc062723c751e8b465ee728b) (PreviewImporter) -> (artifact id: 'ff536112af3caf999b49b126914d88ab') in 0.050117 seconds
Number of updated asset objects reloaded before import = 0Number of asset objects unloaded after import = 2

========================================================================
Received Import Request.
  Time since last request: 0.000041 seconds.
  path: Assets/Kit/DungeonKit/fantasy town/kenney_fantasy-town-kit_2.0/Previews/road-slope.png
  artifactKey: Guid(0b4d4e35cb562fc4fa3e2d11d0cc9836) Importer(815301076,1909f56bfc062723c751e8b465ee728b)
Start importing Assets/Kit/DungeonKit/fantasy town/kenney_fantasy-town-kit_2.0/Previews/road-slope.png using Guid(0b4d4e35cb562fc4fa3e2d11d0cc9836) Importer(815301076,1909f56bfc062723c751e8b465ee728b) (PreviewImporter) -> (artifact id: 'be2a9328eade6fcc2bf97f2aef4702d1') in 0.0387872 seconds
Number of updated asset objects reloaded before import = 0Number of asset objects unloaded after import = 2

========================================================================
Received Import Request.
  Time since last request: 0.000151 seconds.
  path: Assets/Kit/DungeonKit/fantasy town/kenney_fantasy-town-kit_2.0/Previews/road-edge-slope.png
  artifactKey: Guid(7432439ea9bfb1f45a9d47185e678c23) Importer(815301076,1909f56bfc062723c751e8b465ee728b)
Start importing Assets/Kit/DungeonKit/fantasy town/kenney_fantasy-town-kit_2.0/Previews/road-edge-slope.png using Guid(7432439ea9bfb1f45a9d47185e678c23) Importer(815301076,1909f56bfc062723c751e8b465ee728b) (PreviewImporter) -> (artifact id: '29b8d757f56854f14c167af4c967e2e6') in 0.0388615 seconds
Number of updated asset objects reloaded before import = 0Number of asset objects unloaded after import = 2

========================================================================
Received Import Request.
  Time since last request: 0.000065 seconds.
  path: Assets/Kit/DungeonKit/fantasy town/kenney_fantasy-town-kit_2.0/Previews/road.png
  artifactKey: Guid(d42302f7864e8e54797e9c14d7e39548) Importer(815301076,1909f56bfc062723c751e8b465ee728b)
Start importing Assets/Kit/DungeonKit/fantasy town/kenney_fantasy-town-kit_2.0/Previews/road.png using Guid(d42302f7864e8e54797e9c14d7e39548) Importer(815301076,1909f56bfc062723c751e8b465ee728b) (PreviewImporter) -> (artifact id: 'd9d79772774e2607780282d8d65025e0') in 0.0438202 seconds
Number of updated asset objects reloaded before import = 0Number of asset objects unloaded after import = 2

========================================================================
Received Import Request.
  Time since last request: 0.000066 seconds.
  path: Assets/Kit/DungeonKit/fantasy town/kenney_fantasy-town-kit_2.0/Previews/roof-corner-round.png
  artifactKey: Guid(01ae407d8b1b62040adf348845451897) Importer(815301076,1909f56bfc062723c751e8b465ee728b)
Start importing Assets/Kit/DungeonKit/fantasy town/kenney_fantasy-town-kit_2.0/Previews/roof-corner-round.png using Guid(01ae407d8b1b62040adf348845451897) Importer(815301076,1909f56bfc062723c751e8b465ee728b) (PreviewImporter) -> (artifact id: '3b92c16b4a318655f725a43c89bc1330') in 0.0427397 seconds
Number of updated asset objects reloaded before import = 0Number of asset objects unloaded after import = 2

========================================================================
Received Import Request.
  Time since last request: 0.000091 seconds.
  path: Assets/Kit/DungeonKit/fantasy town/kenney_fantasy-town-kit_2.0/Previews/pillar-stone.png
  artifactKey: Guid(3458e030c64d974468041bc31710db1c) Importer(815301076,1909f56bfc062723c751e8b465ee728b)
Start importing Assets/Kit/DungeonKit/fantasy town/kenney_fantasy-town-kit_2.0/Previews/pillar-stone.png using Guid(3458e030c64d974468041bc31710db1c) Importer(815301076,1909f56bfc062723c751e8b465ee728b) (PreviewImporter) -> (artifact id: '24d64e4c044887dad9e7736ca8740216') in 0.0347099 seconds
Number of updated asset objects reloaded before import = 0Number of asset objects unloaded after import = 2

========================================================================
Received Import Request.
  Time since last request: 0.292965 seconds.
  path: Assets/Kit/DungeonKit/fantasy town/kenney_fantasy-town-kit_2.0/Previews/roof-gable.png
  artifactKey: Guid(3fff3f42c964ff44b832f88d29381f29) Importer(815301076,1909f56bfc062723c751e8b465ee728b)
Start importing Assets/Kit/DungeonKit/fantasy town/kenney_fantasy-town-kit_2.0/Previews/roof-gable.png using Guid(3fff3f42c964ff44b832f88d29381f29) Importer(815301076,1909f56bfc062723c751e8b465ee728b) (PreviewImporter) -> (artifact id: 'db8fedd8c6bb01b06fbfa42fb5412dab') in 0.0247838 seconds
Number of updated asset objects reloaded before import = 0Number of asset objects unloaded after import = 2

========================================================================
Received Import Request.
  Time since last request: 0.000036 seconds.
  path: Assets/Kit/DungeonKit/fantasy town/kenney_fantasy-town-kit_2.0/Previews/roof-gable-top.png
  artifactKey: Guid(f6190799b96527e41a352d7479016947) Importer(815301076,1909f56bfc062723c751e8b465ee728b)
Start importing Assets/Kit/DungeonKit/fantasy town/kenney_fantasy-town-kit_2.0/Previews/roof-gable-top.png using Guid(f6190799b96527e41a352d7479016947) Importer(815301076,1909f56bfc062723c751e8b465ee728b) (PreviewImporter) -> (artifact id: '526651f0dc39385e2aa7fd4fa552dbb1') in 0.0219619 seconds
Number of updated asset objects reloaded before import = 0Number of asset objects unloaded after import = 2

========================================================================
Received Import Request.
  Time since last request: 0.000043 seconds.
  path: Assets/Kit/DungeonKit/fantasy town/kenney_fantasy-town-kit_2.0/Previews/roof-high-corner.png
  artifactKey: Guid(b27137f07f094d045b7f3c85ea15ae58) Importer(815301076,1909f56bfc062723c751e8b465ee728b)
Start importing Assets/Kit/DungeonKit/fantasy town/kenney_fantasy-town-kit_2.0/Previews/roof-high-corner.png using Guid(b27137f07f094d045b7f3c85ea15ae58) Importer(815301076,1909f56bfc062723c751e8b465ee728b) (PreviewImporter) -> (artifact id: '6460c15071860f1f305e78ec10abb509') in 0.0241782 seconds
Number of updated asset objects reloaded before import = 0Number of asset objects unloaded after import = 2

========================================================================
Received Import Request.
  Time since last request: 0.000031 seconds.
  path: Assets/Kit/DungeonKit/fantasy town/kenney_fantasy-town-kit_2.0/Previews/roof-high-corner-round.png
  artifactKey: Guid(209f4808262024042be52b02422bd4fe) Importer(815301076,1909f56bfc062723c751e8b465ee728b)
Start importing Assets/Kit/DungeonKit/fantasy town/kenney_fantasy-town-kit_2.0/Previews/roof-high-corner-round.png using Guid(209f4808262024042be52b02422bd4fe) Importer(815301076,1909f56bfc062723c751e8b465ee728b) (PreviewImporter) -> (artifact id: 'bead23830b6869f095ba578b73c8a9e2') in 0.0251706 seconds
Number of updated asset objects reloaded before import = 0Number of asset objects unloaded after import = 2

========================================================================
Received Import Request.
  Time since last request: 0.000065 seconds.
  path: Assets/Kit/DungeonKit/fantasy town/kenney_fantasy-town-kit_2.0/Previews/roof-high-left.png
  artifactKey: Guid(8e498e9ac6f3a4d4fa27184867a7e341) Importer(815301076,1909f56bfc062723c751e8b465ee728b)
Start importing Assets/Kit/DungeonKit/fantasy town/kenney_fantasy-town-kit_2.0/Previews/roof-high-left.png using Guid(8e498e9ac6f3a4d4fa27184867a7e341) Importer(815301076,1909f56bfc062723c751e8b465ee728b) (PreviewImporter) -> (artifact id: '03259bc489bbbefd8f8756a808e0fe34') in 0.0264142 seconds
Number of updated asset objects reloaded before import = 0Number of asset objects unloaded after import = 2

========================================================================
Received Import Request.
  Time since last request: 0.000042 seconds.
  path: Assets/Kit/DungeonKit/fantasy town/kenney_fantasy-town-kit_2.0/Previews/stairs-full-corner-inner.png
  artifactKey: Guid(d1867b672524a6f479bea3ff39483a9e) Importer(815301076,1909f56bfc062723c751e8b465ee728b)
Start importing Assets/Kit/DungeonKit/fantasy town/kenney_fantasy-town-kit_2.0/Previews/stairs-full-corner-inner.png using Guid(d1867b672524a6f479bea3ff39483a9e) Importer(815301076,1909f56bfc062723c751e8b465ee728b) (PreviewImporter) -> (artifact id: '6f820a5fdc470131f95a6b4632335e61') in 0.0263728 seconds
Number of updated asset objects reloaded before import = 0Number of asset objects unloaded after import = 2

========================================================================
Received Import Request.
  Time since last request: 0.000054 seconds.
  path: Assets/Kit/DungeonKit/fantasy town/kenney_fantasy-town-kit_2.0/Previews/stairs-stone-handrail.png
  artifactKey: Guid(cad592d775a39e24185fcae476ae3f39) Importer(815301076,1909f56bfc062723c751e8b465ee728b)
Start importing Assets/Kit/DungeonKit/fantasy town/kenney_fantasy-town-kit_2.0/Previews/stairs-stone-handrail.png using Guid(cad592d775a39e24185fcae476ae3f39) Importer(815301076,1909f56bfc062723c751e8b465ee728b) (PreviewImporter) -> (artifact id: '830541e0946ee2ac384b5d81d9a4605a') in 0.0243413 seconds
Number of updated asset objects reloaded before import = 0Number of asset objects unloaded after import = 2

========================================================================
Received Import Request.
  Time since last request: 0.000045 seconds.
  path: Assets/Kit/DungeonKit/fantasy town/kenney_fantasy-town-kit_2.0/Previews/stairs-stone-corner.png
  artifactKey: Guid(50014e9c4b915a749aa5551320c48153) Importer(815301076,1909f56bfc062723c751e8b465ee728b)
Start importing Assets/Kit/DungeonKit/fantasy town/kenney_fantasy-town-kit_2.0/Previews/stairs-stone-corner.png using Guid(50014e9c4b915a749aa5551320c48153) Importer(815301076,1909f56bfc062723c751e8b465ee728b) (PreviewImporter) -> (artifact id: 'ae995df6650d9a581c7a76198405d6a2') in 0.0315968 seconds
Number of updated asset objects reloaded before import = 0Number of asset objects unloaded after import = 2

========================================================================
Received Import Request.
  Time since last request: 0.000036 seconds.
  path: Assets/Kit/DungeonKit/fantasy town/kenney_fantasy-town-kit_2.0/Previews/tree.png
  artifactKey: Guid(5f72b59e646647f44bfdd4a74d55e0a9) Importer(815301076,1909f56bfc062723c751e8b465ee728b)
Start importing Assets/Kit/DungeonKit/fantasy town/kenney_fantasy-town-kit_2.0/Previews/tree.png using Guid(5f72b59e646647f44bfdd4a74d55e0a9) Importer(815301076,1909f56bfc062723c751e8b465ee728b) (PreviewImporter) -> (artifact id: '681f704b949d380e2c4abf2348a93459') in 0.0259366 seconds
Number of updated asset objects reloaded before import = 0Number of asset objects unloaded after import = 2

========================================================================
Received Import Request.
  Time since last request: 0.000053 seconds.
  path: Assets/Kit/DungeonKit/fantasy town/kenney_fantasy-town-kit_2.0/Previews/tree-high-crooked.png
  artifactKey: Guid(2c62cacba4de63447a8dd0a640ce26ff) Importer(815301076,1909f56bfc062723c751e8b465ee728b)
Start importing Assets/Kit/DungeonKit/fantasy town/kenney_fantasy-town-kit_2.0/Previews/tree-high-crooked.png using Guid(2c62cacba4de63447a8dd0a640ce26ff) Importer(815301076,1909f56bfc062723c751e8b465ee728b) (PreviewImporter) -> (artifact id: '4339c08c62c68b2e45d4781b73343de2') in 0.0245406 seconds
Number of updated asset objects reloaded before import = 0Number of asset objects unloaded after import = 2

========================================================================
Received Import Request.
  Time since last request: 0.000054 seconds.
  path: Assets/Kit/DungeonKit/fantasy town/kenney_fantasy-town-kit_2.0/Previews/wall-corner-detail.png
  artifactKey: Guid(b2b3303a60e203841a7730d6f2fd99b3) Importer(815301076,1909f56bfc062723c751e8b465ee728b)
Start importing Assets/Kit/DungeonKit/fantasy town/kenney_fantasy-town-kit_2.0/Previews/wall-corner-detail.png using Guid(b2b3303a60e203841a7730d6f2fd99b3) Importer(815301076,1909f56bfc062723c751e8b465ee728b) (PreviewImporter) -> (artifact id: 'f42fc560ebc9df7c6fa3061da9c3afc2') in 0.0277145 seconds
Number of updated asset objects reloaded before import = 0Number of asset objects unloaded after import = 2

========================================================================
Received Import Request.
  Time since last request: 0.000045 seconds.
  path: Assets/Kit/DungeonKit/fantasy town/kenney_fantasy-town-kit_2.0/Previews/wall-curved.png
  artifactKey: Guid(cb0cb3c030c78a54fb3694db4cac508e) Importer(815301076,1909f56bfc062723c751e8b465ee728b)
Start importing Assets/Kit/DungeonKit/fantasy town/kenney_fantasy-town-kit_2.0/Previews/wall-curved.png using Guid(cb0cb3c030c78a54fb3694db4cac508e) Importer(815301076,1909f56bfc062723c751e8b465ee728b) (PreviewImporter) -> (artifact id: '93048a745f2c56dc324af659d320b96f') in 0.0250044 seconds
Number of updated asset objects reloaded before import = 0Number of asset objects unloaded after import = 2

========================================================================
Received Import Request.
  Time since last request: 0.000039 seconds.
  path: Assets/Kit/DungeonKit/fantasy town/kenney_fantasy-town-kit_2.0/Previews/wall-doorway-round.png
  artifactKey: Guid(378f8dca294538747935d3e19537ab47) Importer(815301076,1909f56bfc062723c751e8b465ee728b)
Start importing Assets/Kit/DungeonKit/fantasy town/kenney_fantasy-town-kit_2.0/Previews/wall-doorway-round.png using Guid(378f8dca294538747935d3e19537ab47) Importer(815301076,1909f56bfc062723c751e8b465ee728b) (PreviewImporter) -> (artifact id: '740ad36ea6237b70a35b2aa9856010ae') in 0.0255644 seconds
Number of updated asset objects reloaded before import = 0Number of asset objects unloaded after import = 2

========================================================================
Received Import Request.
  Time since last request: 0.000048 seconds.
  path: Assets/Kit/DungeonKit/fantasy town/kenney_fantasy-town-kit_2.0/Previews/wall-slope.png
  artifactKey: Guid(1650a9bfa72ddd443a4a91db0ee1ff40) Importer(815301076,1909f56bfc062723c751e8b465ee728b)
Start importing Assets/Kit/DungeonKit/fantasy town/kenney_fantasy-town-kit_2.0/Previews/wall-slope.png using Guid(1650a9bfa72ddd443a4a91db0ee1ff40) Importer(815301076,1909f56bfc062723c751e8b465ee728b) (PreviewImporter) -> (artifact id: 'c36b346d1f35eb2c225efc5bea26b1a0') in 0.030193 seconds
Number of updated asset objects reloaded before import = 0Number of asset objects unloaded after import = 2

========================================================================
Received Import Request.
  Time since last request: 0.000054 seconds.
  path: Assets/Kit/DungeonKit/fantasy town/kenney_fantasy-town-kit_2.0/Previews/wall-corner-edge.png
  artifactKey: Guid(6228bf64e3a77f04ca5a1935108c3edc) Importer(815301076,1909f56bfc062723c751e8b465ee728b)
Start importing Assets/Kit/DungeonKit/fantasy town/kenney_fantasy-town-kit_2.0/Previews/wall-corner-edge.png using Guid(6228bf64e3a77f04ca5a1935108c3edc) Importer(815301076,1909f56bfc062723c751e8b465ee728b) (PreviewImporter) -> (artifact id: 'b571ac71d429b3abe411093115ac3b94') in 0.0288607 seconds
Number of updated asset objects reloaded before import = 0Number of asset objects unloaded after import = 2

========================================================================
Received Import Request.
  Time since last request: 0.000041 seconds.
  path: Assets/Kit/DungeonKit/fantasy town/kenney_fantasy-town-kit_2.0/Previews/wall-wood-arch-top-detail.png
  artifactKey: Guid(c34047435cc24d34b8939a189b17cc45) Importer(815301076,1909f56bfc062723c751e8b465ee728b)
Start importing Assets/Kit/DungeonKit/fantasy town/kenney_fantasy-town-kit_2.0/Previews/wall-wood-arch-top-detail.png using Guid(c34047435cc24d34b8939a189b17cc45) Importer(815301076,1909f56bfc062723c751e8b465ee728b) (PreviewImporter) -> (artifact id: 'b125bf14b6543502be759cf8794b0f48') in 0.0271187 seconds
Number of updated asset objects reloaded before import = 0Number of asset objects unloaded after import = 2

========================================================================
Received Import Request.
  Time since last request: 0.000073 seconds.
  path: Assets/Kit/DungeonKit/fantasy town/kenney_fantasy-town-kit_2.0/Previews/wall-wood-curved.png
  artifactKey: Guid(e9e081daaa3ff174d91776ac5751177e) Importer(815301076,1909f56bfc062723c751e8b465ee728b)
Start importing Assets/Kit/DungeonKit/fantasy town/kenney_fantasy-town-kit_2.0/Previews/wall-wood-curved.png using Guid(e9e081daaa3ff174d91776ac5751177e) Importer(815301076,1909f56bfc062723c751e8b465ee728b) (PreviewImporter) -> (artifact id: 'fb129f36dfa156069749df2e3dcfaec2') in 0.0285487 seconds
Number of updated asset objects reloaded before import = 0Number of asset objects unloaded after import = 2

========================================================================
Received Import Request.
  Time since last request: 0.000061 seconds.
  path: Assets/Kit/DungeonKit/fantasy town/kenney_fantasy-town-kit_2.0/Previews/wall-wood-detail-diagonal.png
  artifactKey: Guid(5ce7d2edb9810294bbd01034c8845f0f) Importer(815301076,1909f56bfc062723c751e8b465ee728b)
Start importing Assets/Kit/DungeonKit/fantasy town/kenney_fantasy-town-kit_2.0/Previews/wall-wood-detail-diagonal.png using Guid(5ce7d2edb9810294bbd01034c8845f0f) Importer(815301076,1909f56bfc062723c751e8b465ee728b) (PreviewImporter) -> (artifact id: '049f4da8f9b8ec996999271b00fc2752') in 0.0295467 seconds
Number of updated asset objects reloaded before import = 0Number of asset objects unloaded after import = 2

========================================================================
Received Import Request.
  Time since last request: 0.000051 seconds.
  path: Assets/Kit/DungeonKit/fantasy town/kenney_fantasy-town-kit_2.0/Previews/wall-wood-corner-diagonal-half.png
  artifactKey: Guid(fe6edd0d840aa14438f0f03329659bb1) Importer(815301076,1909f56bfc062723c751e8b465ee728b)
Start importing Assets/Kit/DungeonKit/fantasy town/kenney_fantasy-town-kit_2.0/Previews/wall-wood-corner-diagonal-half.png using Guid(fe6edd0d840aa14438f0f03329659bb1) Importer(815301076,1909f56bfc062723c751e8b465ee728b) (PreviewImporter) -> (artifact id: '258524aa042e662535ec88656ec108eb') in 0.028062 seconds
Number of updated asset objects reloaded before import = 0Number of asset objects unloaded after import = 2

========================================================================
Received Import Request.
  Time since last request: 0.000031 seconds.
  path: Assets/Kit/DungeonKit/fantasy town/kenney_fantasy-town-kit_2.0/Previews/wall-wood-corner.png
  artifactKey: Guid(5b651e81697324345a19e123a0bb0668) Importer(815301076,1909f56bfc062723c751e8b465ee728b)
Start importing Assets/Kit/DungeonKit/fantasy town/kenney_fantasy-town-kit_2.0/Previews/wall-wood-corner.png using Guid(5b651e81697324345a19e123a0bb0668) Importer(815301076,1909f56bfc062723c751e8b465ee728b) (PreviewImporter) -> (artifact id: '7babdc777f5e2c5c946ca6861463e4a1') in 0.0285207 seconds
Number of updated asset objects reloaded before import = 0Number of asset objects unloaded after import = 2

========================================================================
Received Import Request.
  Time since last request: 0.000049 seconds.
  path: Assets/Kit/DungeonKit/fantasy town/kenney_fantasy-town-kit_2.0/Previews/watermill.png
  artifactKey: Guid(3e805a89cfb047d4ea1371850c650a1d) Importer(815301076,1909f56bfc062723c751e8b465ee728b)
Start importing Assets/Kit/DungeonKit/fantasy town/kenney_fantasy-town-kit_2.0/Previews/watermill.png using Guid(3e805a89cfb047d4ea1371850c650a1d) Importer(815301076,1909f56bfc062723c751e8b465ee728b) (PreviewImporter) -> (artifact id: '803a22019ff283790ef74620ca4b0f2d') in 0.0312147 seconds
Number of updated asset objects reloaded before import = 0Number of asset objects unloaded after import = 2

========================================================================
Received Import Request.
  Time since last request: 0.000048 seconds.
  path: Assets/Kit/DungeonKit/fantasy town/kenney_fantasy-town-kit_2.0/Previews/roof-high-right.png
  artifactKey: Guid(7002e1aa28d7c2c4e9644d7ed2acc388) Importer(815301076,1909f56bfc062723c751e8b465ee728b)
Start importing Assets/Kit/DungeonKit/fantasy town/kenney_fantasy-town-kit_2.0/Previews/roof-high-right.png using Guid(7002e1aa28d7c2c4e9644d7ed2acc388) Importer(815301076,1909f56bfc062723c751e8b465ee728b) (PreviewImporter) -> (artifact id: 'da3d8bb760236ad9dbc89dc6469978fb') in 0.0352116 seconds
Number of updated asset objects reloaded before import = 0Number of asset objects unloaded after import = 2

========================================================================
Received Import Request.
  Time since last request: 0.000084 seconds.
  path: Assets/Kit/DungeonKit/fantasy town/kenney_fantasy-town-kit_2.0/Previews/stall-green.png
  artifactKey: Guid(054137ea43047874aaf6c5b53c92621c) Importer(815301076,1909f56bfc062723c751e8b465ee728b)
Start importing Assets/Kit/DungeonKit/fantasy town/kenney_fantasy-town-kit_2.0/Previews/stall-green.png using Guid(054137ea43047874aaf6c5b53c92621c) Importer(815301076,1909f56bfc062723c751e8b465ee728b) (PreviewImporter) -> (artifact id: 'ff9da9f1ae7e5fb9d585ca905b5706b0') in 0.0364328 seconds
Number of updated asset objects reloaded before import = 0Number of asset objects unloaded after import = 2

========================================================================
Received Import Request.
  Time since last request: 0.000041 seconds.
  path: Assets/Kit/DungeonKit/fantasy town/kenney_fantasy-town-kit_2.0/Previews/wall-window-glass.png
  artifactKey: Guid(e2d9894ee43a02641a3f6e9dc717eaef) Importer(815301076,1909f56bfc062723c751e8b465ee728b)
Start importing Assets/Kit/DungeonKit/fantasy town/kenney_fantasy-town-kit_2.0/Previews/wall-window-glass.png using Guid(e2d9894ee43a02641a3f6e9dc717eaef) Importer(815301076,1909f56bfc062723c751e8b465ee728b) (PreviewImporter) -> (artifact id: '4fc65453a1cdb782285e0f07926d8115') in 0.042403 seconds
Number of updated asset objects reloaded before import = 0Number of asset objects unloaded after import = 2

========================================================================
Received Import Request.
  Time since last request: 0.000112 seconds.
  path: Assets/Kit/DungeonKit/fantasy town/kenney_fantasy-town-kit_2.0/Previews/wall-wood-window-stone.png
  artifactKey: Guid(322d635adb75c184a81b3ee87f9356e7) Importer(815301076,1909f56bfc062723c751e8b465ee728b)
Start importing Assets/Kit/DungeonKit/fantasy town/kenney_fantasy-town-kit_2.0/Previews/wall-wood-window-stone.png using Guid(322d635adb75c184a81b3ee87f9356e7) Importer(815301076,1909f56bfc062723c751e8b465ee728b) (PreviewImporter) -> (artifact id: '7c695356706958ac26965f53c3e40562') in 0.0378438 seconds
Number of updated asset objects reloaded before import = 0Number of asset objects unloaded after import = 2

========================================================================
Received Import Request.
  Time since last request: 0.000055 seconds.
  path: Assets/Kit/DungeonKit/fantasy town/kenney_fantasy-town-kit_2.0/Previews/wall-side.png
  artifactKey: Guid(54e4660a84389124a94f3275d0fbb684) Importer(815301076,1909f56bfc062723c751e8b465ee728b)
Start importing Assets/Kit/DungeonKit/fantasy town/kenney_fantasy-town-kit_2.0/Previews/wall-side.png using Guid(54e4660a84389124a94f3275d0fbb684) Importer(815301076,1909f56bfc062723c751e8b465ee728b) (PreviewImporter) -> (artifact id: '5b390a3835e30290a27d6bdbf1361872') in 0.0337761 seconds
Number of updated asset objects reloaded before import = 0Number of asset objects unloaded after import = 2

========================================================================
Received Import Request.
  Time since last request: 0.000039 seconds.
  path: Assets/Kit/DungeonKit/fantasy town/kenney_fantasy-town-kit_2.0/Previews/roof-high-gable-top.png
  artifactKey: Guid(24f194d176020404ebd5e42b7d90c0ad) Importer(815301076,1909f56bfc062723c751e8b465ee728b)
Start importing Assets/Kit/DungeonKit/fantasy town/kenney_fantasy-town-kit_2.0/Previews/roof-high-gable-top.png using Guid(24f194d176020404ebd5e42b7d90c0ad) Importer(815301076,1909f56bfc062723c751e8b465ee728b) (PreviewImporter) -> (artifact id: '9d7eeea33fc203ba5618cf5f5ebc8dc7') in 0.0342904 seconds
Number of updated asset objects reloaded before import = 0Number of asset objects unloaded after import = 2

========================================================================
Received Import Request.
  Time since last request: 0.000041 seconds.
  path: Assets/Kit/DungeonKit/fantasy town/kenney_fantasy-town-kit_2.0/Previews/wall-wood-arch-top.png
  artifactKey: Guid(fcbc65bee7ec6de4abd9b297347ef023) Importer(815301076,1909f56bfc062723c751e8b465ee728b)
Start importing Assets/Kit/DungeonKit/fantasy town/kenney_fantasy-town-kit_2.0/Previews/wall-wood-arch-top.png using Guid(fcbc65bee7ec6de4abd9b297347ef023) Importer(815301076,1909f56bfc062723c751e8b465ee728b) (PreviewImporter) -> (artifact id: 'f82c4205e923fd1e3ea1cb97137e0601') in 0.0359798 seconds
Number of updated asset objects reloaded before import = 0Number of asset objects unloaded after import = 2

========================================================================
Received Import Request.
  Time since last request: 0.000095 seconds.
  path: Assets/Kit/DungeonKit/fantasy town/kenney_fantasy-town-kit_2.0/Previews/wall-wood-doorway-square-wide-curved.png
  artifactKey: Guid(27f58af13f5320f45aa33f2390a5e201) Importer(815301076,1909f56bfc062723c751e8b465ee728b)
Start importing Assets/Kit/DungeonKit/fantasy town/kenney_fantasy-town-kit_2.0/Previews/wall-wood-doorway-square-wide-curved.png using Guid(27f58af13f5320f45aa33f2390a5e201) Importer(815301076,1909f56bfc062723c751e8b465ee728b) (PreviewImporter) -> (artifact id: '61ea7095411f0d1e777cdca56c26b343') in 0.0350618 seconds
Number of updated asset objects reloaded before import = 0Number of asset objects unloaded after import = 2

========================================================================
Received Import Request.
  Time since last request: 0.000044 seconds.
  path: Assets/Kit/DungeonKit/fantasy town/kenney_fantasy-town-kit_2.0/Previews/wall-detail-horizontal.png
  artifactKey: Guid(7c85226164d08ff47a4e50167ecd5e8c) Importer(815301076,1909f56bfc062723c751e8b465ee728b)
Start importing Assets/Kit/DungeonKit/fantasy town/kenney_fantasy-town-kit_2.0/Previews/wall-detail-horizontal.png using Guid(7c85226164d08ff47a4e50167ecd5e8c) Importer(815301076,1909f56bfc062723c751e8b465ee728b) (PreviewImporter) -> (artifact id: '82ac4f39b64ca8775c16e46c450691cf') in 0.0322098 seconds
Number of updated asset objects reloaded before import = 0Number of asset objects unloaded after import = 2

========================================================================
Received Import Request.
  Time since last request: 0.000058 seconds.
  path: Assets/Kit/DungeonKit/fantasy town/kenney_fantasy-town-kit_2.0/Previews/wall-corner-diagonal-half.png
  artifactKey: Guid(265ee06bf01741d4a8c4ddcab9b39d7f) Importer(815301076,1909f56bfc062723c751e8b465ee728b)
Start importing Assets/Kit/DungeonKit/fantasy town/kenney_fantasy-town-kit_2.0/Previews/wall-corner-diagonal-half.png using Guid(265ee06bf01741d4a8c4ddcab9b39d7f) Importer(815301076,1909f56bfc062723c751e8b465ee728b) (PreviewImporter) -> (artifact id: 'e4dcdb5f7cc054964c6fa51a133b972a') in 0.0332959 seconds
Number of updated asset objects reloaded before import = 0Number of asset objects unloaded after import = 2

========================================================================
Received Import Request.
  Time since last request: 0.000073 seconds.
  path: Assets/Kit/DungeonKit/fantasy town/kenney_fantasy-town-kit_2.0/Previews/stairs-full-corner-outer.png
  artifactKey: Guid(eb2f195dd279cfb44afcbbfcdb9ce21e) Importer(815301076,1909f56bfc062723c751e8b465ee728b)
Start importing Assets/Kit/DungeonKit/fantasy town/kenney_fantasy-town-kit_2.0/Previews/stairs-full-corner-outer.png using Guid(eb2f195dd279cfb44afcbbfcdb9ce21e) Importer(815301076,1909f56bfc062723c751e8b465ee728b) (PreviewImporter) -> (artifact id: '47cb9f0e48fae2e0b33abf26ec5a7c84') in 0.0365818 seconds
Number of updated asset objects reloaded before import = 0Number of asset objects unloaded after import = 2

========================================================================
Received Import Request.
  Time since last request: 0.000038 seconds.
  path: Assets/Kit/DungeonKit/fantasy town/kenney_fantasy-town-kit_2.0/Previews/wall-wood-detail-horizontal.png
  artifactKey: Guid(a581951efbbdd8d41be6ff97928dc1ac) Importer(815301076,1909f56bfc062723c751e8b465ee728b)
Start importing Assets/Kit/DungeonKit/fantasy town/kenney_fantasy-town-kit_2.0/Previews/wall-wood-detail-horizontal.png using Guid(a581951efbbdd8d41be6ff97928dc1ac) Importer(815301076,1909f56bfc062723c751e8b465ee728b) (PreviewImporter) -> (artifact id: 'eb6a08f8df80793c372d6756ec93c34d') in 0.034989 seconds
Number of updated asset objects reloaded before import = 0Number of asset objects unloaded after import = 2

========================================================================
Received Import Request.
  Time since last request: 0.000062 seconds.
  path: Assets/Kit/DungeonKit/fantasy town/kenney_fantasy-town-kit_2.0/Previews/roof-gable-end.png
  artifactKey: Guid(ac8f0c3934bbae444a3e8efee86a6a39) Importer(815301076,1909f56bfc062723c751e8b465ee728b)
Start importing Assets/Kit/DungeonKit/fantasy town/kenney_fantasy-town-kit_2.0/Previews/roof-gable-end.png using Guid(ac8f0c3934bbae444a3e8efee86a6a39) Importer(815301076,1909f56bfc062723c751e8b465ee728b) (PreviewImporter) -> (artifact id: '2c14d40e0de8cca69e35cf72ca5e22e7') in 0.0343567 seconds
Number of updated asset objects reloaded before import = 0Number of asset objects unloaded after import = 2

========================================================================
Received Import Request.
  Time since last request: 0.000085 seconds.
  path: Assets/Kit/DungeonKit/fantasy town/kenney_fantasy-town-kit_2.0/Previews/wall-detail-cross.png
  artifactKey: Guid(cdb7a4a0b3d865844afc818a1a000e87) Importer(815301076,1909f56bfc062723c751e8b465ee728b)
Start importing Assets/Kit/DungeonKit/fantasy town/kenney_fantasy-town-kit_2.0/Previews/wall-detail-cross.png using Guid(cdb7a4a0b3d865844afc818a1a000e87) Importer(815301076,1909f56bfc062723c751e8b465ee728b) (PreviewImporter) -> (artifact id: 'ee21023e741a750e818507d0267bd4ef') in 0.046957 seconds
Number of updated asset objects reloaded before import = 0Number of asset objects unloaded after import = 2

========================================================================
Received Import Request.
  Time since last request: 0.000074 seconds.
  path: Assets/Kit/DungeonKit/fantasy town/kenney_fantasy-town-kit_2.0/Previews/wall-wood-corner-diagonal.png
  artifactKey: Guid(1a8e5057d00bcd4429bec8698a0353bb) Importer(815301076,1909f56bfc062723c751e8b465ee728b)
Start importing Assets/Kit/DungeonKit/fantasy town/kenney_fantasy-town-kit_2.0/Previews/wall-wood-corner-diagonal.png using Guid(1a8e5057d00bcd4429bec8698a0353bb) Importer(815301076,1909f56bfc062723c751e8b465ee728b) (PreviewImporter) -> (artifact id: '251592a95af31507bc1df1b0468e8b5e') in 0.040153 seconds
Number of updated asset objects reloaded before import = 0Number of asset objects unloaded after import = 2

========================================================================
Received Import Request.
  Time since last request: 0.000069 seconds.
  path: Assets/Kit/DungeonKit/fantasy town/kenney_fantasy-town-kit_2.0/Previews/wall-window-stone.png
  artifactKey: Guid(249b6217cbf44af49bdb12627d20717d) Importer(815301076,1909f56bfc062723c751e8b465ee728b)
Start importing Assets/Kit/DungeonKit/fantasy town/kenney_fantasy-town-kit_2.0/Previews/wall-window-stone.png using Guid(249b6217cbf44af49bdb12627d20717d) Importer(815301076,1909f56bfc062723c751e8b465ee728b) (PreviewImporter) -> (artifact id: 'd645e6743afd5212d96b882269e0e91c') in 0.0456103 seconds
Number of updated asset objects reloaded before import = 0Number of asset objects unloaded after import = 2

========================================================================
Received Import Request.
  Time since last request: 0.000143 seconds.
  path: Assets/Kit/DungeonKit/fantasy town/kenney_fantasy-town-kit_2.0/Previews/roof-point.png
  artifactKey: Guid(c565e9edac6054744b978f22175db6bd) Importer(815301076,1909f56bfc062723c751e8b465ee728b)
Start importing Assets/Kit/DungeonKit/fantasy town/kenney_fantasy-town-kit_2.0/Previews/roof-point.png using Guid(c565e9edac6054744b978f22175db6bd) Importer(815301076,1909f56bfc062723c751e8b465ee728b) (PreviewImporter) -> (artifact id: 'f2cdd7a95272bea72b1229ce09b4f909') in 0.0471671 seconds
Number of updated asset objects reloaded before import = 0Number of asset objects unloaded after import = 2

========================================================================
Received Import Request.
  Time since last request: 0.000037 seconds.
  path: Assets/Kit/DungeonKit/fantasy town/kenney_fantasy-town-kit_2.0/Previews/wall.png
  artifactKey: Guid(40ad9660e0d20724fb07ab8dc65f5bcc) Importer(815301076,1909f56bfc062723c751e8b465ee728b)
Start importing Assets/Kit/DungeonKit/fantasy town/kenney_fantasy-town-kit_2.0/Previews/wall.png using Guid(40ad9660e0d20724fb07ab8dc65f5bcc) Importer(815301076,1909f56bfc062723c751e8b465ee728b) (PreviewImporter) -> (artifact id: 'f8f4f02a1f71ebd53dfe71399b96c962') in 0.0475299 seconds
Number of updated asset objects reloaded before import = 0Number of asset objects unloaded after import = 2

========================================================================
Received Import Request.
  Time since last request: 0.000070 seconds.
  path: Assets/Kit/DungeonKit/fantasy town/kenney_fantasy-town-kit_2.0/Previews/wall-diagonal.png
  artifactKey: Guid(dfd08d0c07897a445834a54f94d83846) Importer(815301076,1909f56bfc062723c751e8b465ee728b)
Start importing Assets/Kit/DungeonKit/fantasy town/kenney_fantasy-town-kit_2.0/Previews/wall-diagonal.png using Guid(dfd08d0c07897a445834a54f94d83846) Importer(815301076,1909f56bfc062723c751e8b465ee728b) (PreviewImporter) -> (artifact id: 'e969f3b21267e8437411f4b583704cee') in 0.0626491 seconds
Number of updated asset objects reloaded before import = 0Number of asset objects unloaded after import = 2

========================================================================
Received Import Request.
  Time since last request: 0.000066 seconds.
  path: Assets/Kit/DungeonKit/fantasy town/kenney_fantasy-town-kit_2.0/Previews/wall-broken.png
  artifactKey: Guid(85c80dda987459b4ca3b51825ad61d71) Importer(815301076,1909f56bfc062723c751e8b465ee728b)
Start importing Assets/Kit/DungeonKit/fantasy town/kenney_fantasy-town-kit_2.0/Previews/wall-broken.png using Guid(85c80dda987459b4ca3b51825ad61d71) Importer(815301076,1909f56bfc062723c751e8b465ee728b) (PreviewImporter) -> (artifact id: '0d5bdb147193005a0443b6e696202973') in 0.0504856 seconds
Number of updated asset objects reloaded before import = 0Number of asset objects unloaded after import = 2

========================================================================
Received Import Request.
  Time since last request: 0.000050 seconds.
  path: Assets/Kit/DungeonKit/fantasy town/kenney_fantasy-town-kit_2.0/Previews/wall-wood-diagonal.png
  artifactKey: Guid(9c88e8e0b8046254bbfebc0a8da60f21) Importer(815301076,1909f56bfc062723c751e8b465ee728b)
Start importing Assets/Kit/DungeonKit/fantasy town/kenney_fantasy-town-kit_2.0/Previews/wall-wood-diagonal.png using Guid(9c88e8e0b8046254bbfebc0a8da60f21) Importer(815301076,1909f56bfc062723c751e8b465ee728b) (PreviewImporter) -> (artifact id: '8d797273c947a35d3413958c1efca421') in 0.0534891 seconds
Number of updated asset objects reloaded before import = 0Number of asset objects unloaded after import = 2

========================================================================
Received Import Request.
  Time since last request: 0.000048 seconds.
  path: Assets/Kit/DungeonKit/fantasy town/kenney_fantasy-town-kit_2.0/Previews/wall-wood-block-half.png
  artifactKey: Guid(63575b1f062a0184684386b62a074e44) Importer(815301076,1909f56bfc062723c751e8b465ee728b)
Start importing Assets/Kit/DungeonKit/fantasy town/kenney_fantasy-town-kit_2.0/Previews/wall-wood-block-half.png using Guid(63575b1f062a0184684386b62a074e44) Importer(815301076,1909f56bfc062723c751e8b465ee728b) (PreviewImporter) -> (artifact id: '77c94ef8d2b32a1c5551cc9081e6b845') in 0.0679686 seconds
Number of updated asset objects reloaded before import = 0Number of asset objects unloaded after import = 2

========================================================================
Received Import Request.
  Time since last request: 0.000067 seconds.
  path: Assets/Kit/DungeonKit/fantasy town/kenney_fantasy-town-kit_2.0/Previews/stairs-stone.png
  artifactKey: Guid(1c8f3e68c05b8514b9c28b165dbb739b) Importer(815301076,1909f56bfc062723c751e8b465ee728b)
Start importing Assets/Kit/DungeonKit/fantasy town/kenney_fantasy-town-kit_2.0/Previews/stairs-stone.png using Guid(1c8f3e68c05b8514b9c28b165dbb739b) Importer(815301076,1909f56bfc062723c751e8b465ee728b) (PreviewImporter) -> (artifact id: '1f4c81cd54405441f8e50997952c4f5f') in 0.0454299 seconds
Number of updated asset objects reloaded before import = 0Number of asset objects unloaded after import = 2

========================================================================
Received Import Request.
  Time since last request: 0.000041 seconds.
  path: Assets/Kit/DungeonKit/fantasy town/kenney_fantasy-town-kit_2.0/Previews/wall-wood-doorway-square-wide.png
  artifactKey: Guid(e5993bf1103334642b8152b423c03991) Importer(815301076,1909f56bfc062723c751e8b465ee728b)
Start importing Assets/Kit/DungeonKit/fantasy town/kenney_fantasy-town-kit_2.0/Previews/wall-wood-doorway-square-wide.png using Guid(e5993bf1103334642b8152b423c03991) Importer(815301076,1909f56bfc062723c751e8b465ee728b) (PreviewImporter) -> (artifact id: 'b26f717d26ad19747e7bbe6c6de2e21f') in 0.0432282 seconds
Number of updated asset objects reloaded before import = 0Number of asset objects unloaded after import = 2

========================================================================
Received Import Request.
  Time since last request: 0.000046 seconds.
  path: Assets/Kit/DungeonKit/fantasy town/kenney_fantasy-town-kit_2.0/Previews/wall-wood-side.png
  artifactKey: Guid(2781a1bd4b923f14ba40906c41c6023b) Importer(815301076,1909f56bfc062723c751e8b465ee728b)
Start importing Assets/Kit/DungeonKit/fantasy town/kenney_fantasy-town-kit_2.0/Previews/wall-wood-side.png using Guid(2781a1bd4b923f14ba40906c41c6023b) Importer(815301076,1909f56bfc062723c751e8b465ee728b) (PreviewImporter) -> (artifact id: 'c9dc9654fe8ae8ab392dca49fa2082d2') in 0.0524836 seconds
Number of updated asset objects reloaded before import = 0Number of asset objects unloaded after import = 2

========================================================================
Received Import Request.
  Time since last request: 0.000070 seconds.
  path: Assets/Kit/DungeonKit/fantasy town/kenney_fantasy-town-kit_2.0/Previews/wall-wood-broken.png
  artifactKey: Guid(c23c2ff83fab0004d8da89e7d70b61a3) Importer(815301076,1909f56bfc062723c751e8b465ee728b)
Start importing Assets/Kit/DungeonKit/fantasy town/kenney_fantasy-town-kit_2.0/Previews/wall-wood-broken.png using Guid(c23c2ff83fab0004d8da89e7d70b61a3) Importer(815301076,1909f56bfc062723c751e8b465ee728b) (PreviewImporter) -> (artifact id: '18604163e890ee4707c058ed826ce302') in 0.0448524 seconds
Number of updated asset objects reloaded before import = 0Number of asset objects unloaded after import = 2

========================================================================
Received Import Request.
  Time since last request: 0.000041 seconds.
  path: Assets/Kit/DungeonKit/fantasy town/kenney_fantasy-town-kit_2.0/Previews/wall-corner-diagonal.png
  artifactKey: Guid(5c0c8e34355c7cd44ac11b83b597d529) Importer(815301076,1909f56bfc062723c751e8b465ee728b)
Start importing Assets/Kit/DungeonKit/fantasy town/kenney_fantasy-town-kit_2.0/Previews/wall-corner-diagonal.png using Guid(5c0c8e34355c7cd44ac11b83b597d529) Importer(815301076,1909f56bfc062723c751e8b465ee728b) (PreviewImporter) -> (artifact id: 'a03b3514af48ef3b1954657147665c67') in 0.0634478 seconds
Number of updated asset objects reloaded before import = 0Number of asset objects unloaded after import = 2

========================================================================
Received Import Request.
  Time since last request: 0.000046 seconds.
  path: Assets/Kit/DungeonKit/fantasy town/kenney_fantasy-town-kit_2.0/Previews/wall-wood-window-glass.png
  artifactKey: Guid(6771a82d710fd1f4083e800a17d3cd44) Importer(815301076,1909f56bfc062723c751e8b465ee728b)
Start importing Assets/Kit/DungeonKit/fantasy town/kenney_fantasy-town-kit_2.0/Previews/wall-wood-window-glass.png using Guid(6771a82d710fd1f4083e800a17d3cd44) Importer(815301076,1909f56bfc062723c751e8b465ee728b) (PreviewImporter) -> (artifact id: 'b37b1039e07e85100be6f46db46d91e1') in 0.0578842 seconds
Number of updated asset objects reloaded before import = 0Number of asset objects unloaded after import = 2

========================================================================
Received Import Request.
  Time since last request: 0.000062 seconds.
  path: Assets/Kit/DungeonKit/fantasy town/kenney_fantasy-town-kit_2.0/Previews/wall-wood-window-shutters.png
  artifactKey: Guid(dc20ec66df7ae49469fb2d0f990be9f0) Importer(815301076,1909f56bfc062723c751e8b465ee728b)
Start importing Assets/Kit/DungeonKit/fantasy town/kenney_fantasy-town-kit_2.0/Previews/wall-wood-window-shutters.png using Guid(dc20ec66df7ae49469fb2d0f990be9f0) Importer(815301076,1909f56bfc062723c751e8b465ee728b) (PreviewImporter) -> (artifact id: '2ee1513b6e64fa7744bb77d66a7fe3db') in 0.065873 seconds
Number of updated asset objects reloaded before import = 0Number of asset objects unloaded after import = 2

========================================================================
Received Import Request.
  Time since last request: 0.000043 seconds.
  path: Assets/Kit/DungeonKit/fantasy town/kenney_fantasy-town-kit_2.0/Previews/stall-stool.png
  artifactKey: Guid(eafebe4f6d032154ebc46680e6419bbb) Importer(815301076,1909f56bfc062723c751e8b465ee728b)
Start importing Assets/Kit/DungeonKit/fantasy town/kenney_fantasy-town-kit_2.0/Previews/stall-stool.png using Guid(eafebe4f6d032154ebc46680e6419bbb) Importer(815301076,1909f56bfc062723c751e8b465ee728b) (PreviewImporter) -> (artifact id: 'a3544deff013f10c29e4101409ba5dd4') in 0.0501611 seconds
Number of updated asset objects reloaded before import = 0Number of asset objects unloaded after import = 2

========================================================================
Received Import Request.
  Time since last request: 0.000054 seconds.
  path: Assets/Kit/DungeonKit/fantasy town/kenney_fantasy-town-kit_2.0/Previews/tree-crooked.png
  artifactKey: Guid(d46fa5abc691bb443b13eb217d01c306) Importer(815301076,1909f56bfc062723c751e8b465ee728b)
Start importing Assets/Kit/DungeonKit/fantasy town/kenney_fantasy-town-kit_2.0/Previews/tree-crooked.png using Guid(d46fa5abc691bb443b13eb217d01c306) Importer(815301076,1909f56bfc062723c751e8b465ee728b) (PreviewImporter) -> (artifact id: '43d3a33bc6d438a79fc67dd041bf8e15') in 0.0472997 seconds
Number of updated asset objects reloaded before import = 0Number of asset objects unloaded after import = 2

========================================================================
Received Import Request.
  Time since last request: 0.000077 seconds.
  path: Assets/Kit/DungeonKit/fantasy town/kenney_fantasy-town-kit_2.0/Previews/wall-doorway-base.png
  artifactKey: Guid(cb5d4dc207d702c45a25c69444602388) Importer(815301076,1909f56bfc062723c751e8b465ee728b)
Start importing Assets/Kit/DungeonKit/fantasy town/kenney_fantasy-town-kit_2.0/Previews/wall-doorway-base.png using Guid(cb5d4dc207d702c45a25c69444602388) Importer(815301076,1909f56bfc062723c751e8b465ee728b) (PreviewImporter) -> (artifact id: '82d900c3b148d18b293db4d989d5a154') in 0.0529842 seconds
Number of updated asset objects reloaded before import = 0Number of asset objects unloaded after import = 2

========================================================================
Received Import Request.
  Time since last request: 0.000038 seconds.
  path: Assets/Kit/DungeonKit/fantasy town/kenney_fantasy-town-kit_2.0/Previews/wall-wood-detail-cross.png
  artifactKey: Guid(206afbda14a6c5c4fad8db366466cab1) Importer(815301076,1909f56bfc062723c751e8b465ee728b)
Start importing Assets/Kit/DungeonKit/fantasy town/kenney_fantasy-town-kit_2.0/Previews/wall-wood-detail-cross.png using Guid(206afbda14a6c5c4fad8db366466cab1) Importer(815301076,1909f56bfc062723c751e8b465ee728b) (PreviewImporter) -> (artifact id: '81c44ce2331d1d6d7a7677e2ec9d1b18') in 0.0401028 seconds
Number of updated asset objects reloaded before import = 0Number of asset objects unloaded after import = 2

========================================================================
Received Import Request.
  Time since last request: 0.000059 seconds.
  path: Assets/Kit/DungeonKit/fantasy town/kenney_fantasy-town-kit_2.0/Previews/wall-doorway-square-wide-curved.png
  artifactKey: Guid(326d4a123f2ede840a6fec369de5409e) Importer(815301076,1909f56bfc062723c751e8b465ee728b)
Start importing Assets/Kit/DungeonKit/fantasy town/kenney_fantasy-town-kit_2.0/Previews/wall-doorway-square-wide-curved.png using Guid(326d4a123f2ede840a6fec369de5409e) Importer(815301076,1909f56bfc062723c751e8b465ee728b) (PreviewImporter) -> (artifact id: '7fbcaea673dd20a1dcc7c857444416d8') in 0.0454447 seconds
Number of updated asset objects reloaded before import = 0Number of asset objects unloaded after import = 2

Editor requested this worker to shutdown with reason: Scaling down because of idle timeout
AssetImportWorker is now disconnected from the server
Process exiting
Exiting without the bug reporter. Application will terminate with return code 0