Using pre-set license
Built from '6000.0/staging' branch; Version is '6000.0.24f1 (11fa355cd605) revision 1178165'; Using compiler version '193933523'; Build Type 'Release'
OS: 'Windows 11  (10.0.26200) 64bit Core' Language: 'es' Physical Memory: 15917 MB
BatchMode: 1, IsHumanControllingUs: 0, StartBugReporterOnCrash: 0, Is64bit: 1, IsPro: 1

COMMAND LINE ARGUMENTS:
C:\Program Files\Unity 6000.0.24f1\Editor\Unity.exe
-adb2
-batchMode
-noUpm
-name
AssetImportWorker8
-projectPath
C:/Users/Diego/Desktop/Diego/Github/CreadorDeObjetos/My Creator Game
-logFile
Logs/AssetImportWorker8.log
-srvPort
62967
-job-worker-count
10
-background-job-worker-count
8
-asset-garbage-collectors
1
Successfully changed project path to: C:/Users/Diego/Desktop/Diego/Github/CreadorDeObjetos/My Creator Game
C:/Users/Diego/Desktop/Diego/Github/CreadorDeObjetos/My Creator Game
[UnityMemory] Configuration Parameters - Can be set up in boot.config
    "memorysetup-bucket-allocator-granularity=16"
    "memorysetup-bucket-allocator-bucket-count=8"
    "memorysetup-bucket-allocator-block-size=33554432"
    "memorysetup-bucket-allocator-block-count=8"
    "memorysetup-main-allocator-block-size=16777216"
    "memorysetup-thread-allocator-block-size=16777216"
    "memorysetup-gfx-main-allocator-block-size=16777216"
    "memorysetup-gfx-thread-allocator-block-size=16777216"
    "memorysetup-cache-allocator-block-size=4194304"
    "memorysetup-typetree-allocator-block-size=2097152"
    "memorysetup-profiler-bucket-allocator-granularity=16"
    "memorysetup-profiler-bucket-allocator-bucket-count=8"
    "memorysetup-profiler-bucket-allocator-block-size=33554432"
    "memorysetup-profiler-bucket-allocator-block-count=8"
    "memorysetup-profiler-allocator-block-size=16777216"
    "memorysetup-profiler-editor-allocator-block-size=1048576"
    "memorysetup-temp-allocator-size-main=16777216"
    "memorysetup-job-temp-allocator-block-size=2097152"
    "memorysetup-job-temp-allocator-block-size-background=1048576"
    "memorysetup-job-temp-allocator-reduction-small-platforms=262144"
    "memorysetup-allocator-temp-initial-block-size-main=262144"
    "memorysetup-allocator-temp-initial-block-size-worker=262144"
    "memorysetup-temp-allocator-size-background-worker=32768"
    "memorysetup-temp-allocator-size-job-worker=262144"
    "memorysetup-temp-allocator-size-preload-manager=33554432"
    "memorysetup-temp-allocator-size-nav-mesh-worker=65536"
    "memorysetup-temp-allocator-size-audio-worker=65536"
    "memorysetup-temp-allocator-size-cloud-worker=32768"
    "memorysetup-temp-allocator-size-gi-baking-worker=262144"
    "memorysetup-temp-allocator-size-gi-baking-worker=262144"
    "memorysetup-temp-allocator-size-gi-baking-worker=262144"
    "memorysetup-temp-allocator-size-gi-baking-worker=262144"
    "memorysetup-temp-allocator-size-gi-baking-worker=262144"
    "memorysetup-temp-allocator-size-gfx=262144"
Player connection [30068]  Target information:

Player connection [30068]  * "[IP] 192.168.1.54 [Port] 0 [Flags] 2 [Guid] 1050832806 [EditorId] 1050832806 [Version] 1048832 [Id] WindowsEditor(7,Asus-Zenbook-14) [Debug] 1 [PackageName] WindowsEditor [ProjectName] Editor" 

Player connection [30068] Host joined multi-casting on [225.0.0.222:54997]...
Player connection [30068] Host joined alternative multi-casting on [225.0.0.222:34997]...
JobSystem: Creating JobQueue using job-worker-count value 10
[Physics::Module] Initialized fallback backend.
[Physics::Module] Id: 0xdecafbad
Library Redirect Path: Library/
[Physics::Module] Selected backend.
[Physics::Module] Name: PhysX
[Physics::Module] Id: 0xf2b8ea05
[Physics::Module] SDK Version: 4.1.2
[Physics::Module] Integration Version: 1.0.0
[Physics::Module] Threading Mode: Multi-Threaded
Refreshing native plugins compatible for Editor in 3.28 ms, found 3 plugins.
Preloading 0 native plugins for Editor in 0.00 ms.
Initialize engine version: 6000.0.24f1 (11fa355cd605)
[Subsystems] Discovering subsystems at path C:/Program Files/Unity 6000.0.24f1/Editor/Data/Resources/UnitySubsystems
[Subsystems] Discovering subsystems at path C:/Users/Diego/Desktop/Diego/Github/CreadorDeObjetos/My Creator Game/Assets
GfxDevice: creating device client; kGfxThreadingModeNonThreaded
Direct3D:
    Version:  Direct3D 11.0 [level 11.1]
    Renderer: Intel(R) Arc(TM) Graphics (ID=0x7d55)
    Vendor:   Intel
    VRAM:     9073 MB
    Driver:   32.0.101.6314
Initialize mono
Mono path[0] = 'C:/Program Files/Unity 6000.0.24f1/Editor/Data/Managed'
Mono path[1] = 'C:/Program Files/Unity 6000.0.24f1/Editor/Data/MonoBleedingEdge/lib/mono/unityjit-win32'
Mono config path = 'C:/Program Files/Unity 6000.0.24f1/Editor/Data/MonoBleedingEdge/etc'
Using monoOptions --debugger-agent=transport=dt_socket,embedding=1,server=y,suspend=n,address=127.0.0.1:56820
Begin MonoManager ReloadAssembly
Registering precompiled unity dll's ...
Register platform support module: C:/Program Files/Unity 6000.0.24f1/Editor/Data/PlaybackEngines/WindowsStandaloneSupport/UnityEditor.WindowsStandalone.Extensions.dll
Registered in 0.005831 seconds.
- Loaded All Assemblies, in  0.968 seconds
Native extension for WindowsStandalone target not found
Mono: successfully reloaded assembly
- Finished resetting the current domain, in  0.478 seconds
Domain Reload Profiling: 1439ms
	BeginReloadAssembly (394ms)
		ExecutionOrderSort (0ms)
		DisableScriptedObjects (0ms)
		BackupInstance (0ms)
		ReleaseScriptingObjects (0ms)
		CreateAndSetChildDomain (2ms)
	RebuildCommonClasses (96ms)
	RebuildNativeTypeToScriptingClass (30ms)
	initialDomainReloadingComplete (106ms)
	LoadAllAssembliesAndSetupDomain (334ms)
		LoadAssemblies (383ms)
		RebuildTransferFunctionScriptingTraits (0ms)
		AnalyzeDomain (329ms)
			TypeCache.Refresh (327ms)
				TypeCache.ScanAssembly (303ms)
			BuildScriptInfoCaches (0ms)
			ResolveRequiredComponents (1ms)
	FinalizeReload (479ms)
		ReleaseScriptCaches (0ms)
		RebuildScriptCaches (0ms)
		SetupLoadedEditorAssemblies (416ms)
			LogAssemblyErrors (0ms)
			InitializePlatformSupportModulesInManaged (38ms)
			SetLoadedEditorAssemblies (6ms)
			BeforeProcessingInitializeOnLoad (11ms)
			ProcessInitializeOnLoadAttributes (265ms)
			ProcessInitializeOnLoadMethodAttributes (91ms)
			AfterProcessingInitializeOnLoad (4ms)
			EditorAssembliesLoaded (0ms)
		ExecutionOrderSort2 (0ms)
		AwakeInstancesAfterBackupRestoration (0ms)
========================================================================
Worker process is ready to serve import requests
Import Worker Mode flag is 0x00
Begin MonoManager ReloadAssembly
- Loaded All Assemblies, in  1.718 seconds
Refreshing native plugins compatible for Editor in 1.85 ms, found 3 plugins.
Native extension for WindowsStandalone target not found
Missing types referenced from component UniversalRenderPipelineGlobalSettings on game object UniversalRenderPipelineGlobalSettings:
	UnityEngine.Rendering.Universal.UniversalRenderPipelineEditorAssets, Unity.RenderPipelines.Universal.Runtime (1 object)
Mono: successfully reloaded assembly
- Finished resetting the current domain, in  1.861 seconds
Domain Reload Profiling: 3571ms
	BeginReloadAssembly (740ms)
		ExecutionOrderSort (0ms)
		DisableScriptedObjects (11ms)
		BackupInstance (0ms)
		ReleaseScriptingObjects (0ms)
		CreateAndSetChildDomain (43ms)
	RebuildCommonClasses (47ms)
	RebuildNativeTypeToScriptingClass (15ms)
	initialDomainReloadingComplete (59ms)
	LoadAllAssembliesAndSetupDomain (848ms)
		LoadAssemblies (575ms)
		RebuildTransferFunctionScriptingTraits (0ms)
		AnalyzeDomain (423ms)
			TypeCache.Refresh (268ms)
				TypeCache.ScanAssembly (244ms)
			BuildScriptInfoCaches (122ms)
			ResolveRequiredComponents (27ms)
	FinalizeReload (1862ms)
		ReleaseScriptCaches (0ms)
		RebuildScriptCaches (0ms)
		SetupLoadedEditorAssemblies (1339ms)
			LogAssemblyErrors (0ms)
			InitializePlatformSupportModulesInManaged (5ms)
			SetLoadedEditorAssemblies (9ms)
			BeforeProcessingInitializeOnLoad (140ms)
			ProcessInitializeOnLoadAttributes (943ms)
			ProcessInitializeOnLoadMethodAttributes (226ms)
			AfterProcessingInitializeOnLoad (16ms)
			EditorAssembliesLoaded (0ms)
		ExecutionOrderSort2 (0ms)
		AwakeInstancesAfterBackupRestoration (13ms)
Launched and connected shader compiler UnityShaderCompiler.exe after 0.03 seconds
Refreshing native plugins compatible for Editor in 2.17 ms, found 3 plugins.
Preloading 0 native plugins for Editor in 0.00 ms.
Unloading 213 Unused Serialized files (Serialized files now loaded: 0)
Unloading 6089 unused Assets / (3.9 MB). Loaded Objects now: 6875.
Memory consumption went from 202.7 MB to 198.8 MB.
Total: 13.420900 ms (FindLiveObjects: 0.780400 ms CreateObjectMapping: 0.542100 ms MarkObjects: 9.304100 ms  DeleteObjects: 2.792000 ms)

========================================================================
Received Import Request.
  Time since last request: 105919.566162 seconds.
  path: Assets/Kit/Tower Defense/Models/FBX format/snow-tile-wide-transition.fbx
  artifactKey: Guid(2ba606539214b894291d365a22fb1a8f) Importer(815301076,1909f56bfc062723c751e8b465ee728b)
Start importing Assets/Kit/Tower Defense/Models/FBX format/snow-tile-wide-transition.fbx using Guid(2ba606539214b894291d365a22fb1a8f) Importer(815301076,1909f56bfc062723c751e8b465ee728b) (PreviewImporter) -> (artifact id: '6caf4345d99f6f3e6c294c14f61d53bf') in 1.2349708 seconds
Number of updated asset objects reloaded before import = 0Number of asset objects unloaded after import = 9

========================================================================
Received Import Request.
  Time since last request: 0.000045 seconds.
  path: Assets/Kit/Tower Defense/Models/FBX format/tile-corner-large.fbx
  artifactKey: Guid(feb7479c99136154aa9bfc382a33856e) Importer(815301076,1909f56bfc062723c751e8b465ee728b)
Start importing Assets/Kit/Tower Defense/Models/FBX format/tile-corner-large.fbx using Guid(feb7479c99136154aa9bfc382a33856e) Importer(815301076,1909f56bfc062723c751e8b465ee728b) (PreviewImporter) -> (artifact id: '7d1175b6345c46c9b559c722e45ce68d') in 0.1408249 seconds
Number of updated asset objects reloaded before import = 0Number of asset objects unloaded after import = 9

========================================================================
Received Import Request.
  Time since last request: 0.065074 seconds.
  path: Assets/Kit/Tower Defense/Models/FBX format/tile-dirt.fbx
  artifactKey: Guid(ff275525e81cb984b8113de2d38d6a6b) Importer(815301076,1909f56bfc062723c751e8b465ee728b)
Start importing Assets/Kit/Tower Defense/Models/FBX format/tile-dirt.fbx using Guid(ff275525e81cb984b8113de2d38d6a6b) Importer(815301076,1909f56bfc062723c751e8b465ee728b) (PreviewImporter) -> (artifact id: '3cc79a02078b07fa3d85239129611da5') in 0.1893054 seconds
Number of updated asset objects reloaded before import = 0Number of asset objects unloaded after import = 9

========================================================================
Received Import Request.
  Time since last request: 0.000036 seconds.
  path: Assets/Kit/Tower Defense/Models/FBX format/tile-river-straight.fbx
  artifactKey: Guid(d49f38a6f02a24a4a80553cee17f87c4) Importer(815301076,1909f56bfc062723c751e8b465ee728b)
Start importing Assets/Kit/Tower Defense/Models/FBX format/tile-river-straight.fbx using Guid(d49f38a6f02a24a4a80553cee17f87c4) Importer(815301076,1909f56bfc062723c751e8b465ee728b) (PreviewImporter) -> (artifact id: '242e102e9b308d0602121063c6128662') in 0.1895786 seconds
Number of updated asset objects reloaded before import = 0Number of asset objects unloaded after import = 9

========================================================================
Received Import Request.
  Time since last request: 0.000069 seconds.
  path: Assets/Kit/Tower Defense/Models/FBX format/tile-river-bridge.fbx
  artifactKey: Guid(6c1802467a17d354d85b4d19c3623a10) Importer(815301076,1909f56bfc062723c751e8b465ee728b)
Start importing Assets/Kit/Tower Defense/Models/FBX format/tile-river-bridge.fbx using Guid(6c1802467a17d354d85b4d19c3623a10) Importer(815301076,1909f56bfc062723c751e8b465ee728b) (PreviewImporter) -> (artifact id: 'c3b568b90f22f10a0ad87d6a8c0af98d') in 0.2919663 seconds
Number of updated asset objects reloaded before import = 0Number of asset objects unloaded after import = 9

========================================================================
Received Import Request.
  Time since last request: 0.000039 seconds.
  path: Assets/Kit/Tower Defense/Models/FBX format/tile-spawn.fbx
  artifactKey: Guid(69885a6bc638215468109fbbe513f287) Importer(815301076,1909f56bfc062723c751e8b465ee728b)
Start importing Assets/Kit/Tower Defense/Models/FBX format/tile-spawn.fbx using Guid(69885a6bc638215468109fbbe513f287) Importer(815301076,1909f56bfc062723c751e8b465ee728b) (PreviewImporter) -> (artifact id: '2d91c85f2e925df6920e42d9a08563ed') in 0.1124104 seconds
Number of updated asset objects reloaded before import = 0Number of asset objects unloaded after import = 9

========================================================================
Received Import Request.
  Time since last request: 0.000058 seconds.
  path: Assets/Kit/Tower Defense/Models/FBX format/tile-rock.fbx
  artifactKey: Guid(89d5770613943cf4c9717309976335d1) Importer(815301076,1909f56bfc062723c751e8b465ee728b)
Start importing Assets/Kit/Tower Defense/Models/FBX format/tile-rock.fbx using Guid(89d5770613943cf4c9717309976335d1) Importer(815301076,1909f56bfc062723c751e8b465ee728b) (PreviewImporter) -> (artifact id: '8abb060ae7697fec40aaf8cb34363c50') in 0.077293 seconds
Number of updated asset objects reloaded before import = 0Number of asset objects unloaded after import = 9

========================================================================
Received Import Request.
  Time since last request: 0.000031 seconds.
  path: Assets/Kit/Tower Defense/Models/FBX format/tile-spawn-round.fbx
  artifactKey: Guid(384974c031277784a91a2a76a89cc7bf) Importer(815301076,1909f56bfc062723c751e8b465ee728b)
Start importing Assets/Kit/Tower Defense/Models/FBX format/tile-spawn-round.fbx using Guid(384974c031277784a91a2a76a89cc7bf) Importer(815301076,1909f56bfc062723c751e8b465ee728b) (PreviewImporter) -> (artifact id: '403de941f8b07e0cdd799986c84c1638') in 0.090712 seconds
Number of updated asset objects reloaded before import = 0Number of asset objects unloaded after import = 9

========================================================================
Received Import Request.
  Time since last request: 0.000066 seconds.
  path: Assets/Kit/Tower Defense/Models/FBX format/tile-wide-corner.fbx
  artifactKey: Guid(b7e35fdf6e6450a43a78d0145da1a588) Importer(815301076,1909f56bfc062723c751e8b465ee728b)
Start importing Assets/Kit/Tower Defense/Models/FBX format/tile-wide-corner.fbx using Guid(b7e35fdf6e6450a43a78d0145da1a588) Importer(815301076,1909f56bfc062723c751e8b465ee728b) (PreviewImporter) -> (artifact id: '71653706274536cc2bbea25e554b1c52') in 0.1892265 seconds
Number of updated asset objects reloaded before import = 0Number of asset objects unloaded after import = 9

========================================================================
Received Import Request.
  Time since last request: 0.705345 seconds.
  path: Assets/Kit/Tower Defense/Models/FBX format/tile-wide-transition.fbx
  artifactKey: Guid(5e90587f1c9838e469f25f9f5572619c) Importer(815301076,1909f56bfc062723c751e8b465ee728b)
Start importing Assets/Kit/Tower Defense/Models/FBX format/tile-wide-transition.fbx using Guid(5e90587f1c9838e469f25f9f5572619c) Importer(815301076,1909f56bfc062723c751e8b465ee728b) (PreviewImporter) -> (artifact id: '22db9d6c088a4e2df986e4dd60431d0d') in 0.2280025 seconds
Number of updated asset objects reloaded before import = 0Number of asset objects unloaded after import = 9

========================================================================
Received Import Request.
  Time since last request: 0.000030 seconds.
  path: Assets/Kit/Tower Defense/Models/FBX format/tower-round-build-c.fbx
  artifactKey: Guid(287309dfa9ba02d4084de5dfbfcc162b) Importer(815301076,1909f56bfc062723c751e8b465ee728b)
Start importing Assets/Kit/Tower Defense/Models/FBX format/tower-round-build-c.fbx using Guid(287309dfa9ba02d4084de5dfbfcc162b) Importer(815301076,1909f56bfc062723c751e8b465ee728b) (PreviewImporter) -> (artifact id: '3220cc5714c6455336e5f3c77140ae1f') in 0.0760995 seconds
Number of updated asset objects reloaded before import = 0Number of asset objects unloaded after import = 9

========================================================================
Received Import Request.
  Time since last request: 0.000045 seconds.
  path: Assets/Kit/Tower Defense/Models/FBX format/tower-round-middle-b.fbx
  artifactKey: Guid(69fb78910878a40428a9b9841924bee0) Importer(815301076,1909f56bfc062723c751e8b465ee728b)
Start importing Assets/Kit/Tower Defense/Models/FBX format/tower-round-middle-b.fbx using Guid(69fb78910878a40428a9b9841924bee0) Importer(815301076,1909f56bfc062723c751e8b465ee728b) (PreviewImporter) -> (artifact id: '4b6f4c39b2c4821cb0e86a90c8249443') in 0.0592034 seconds
Number of updated asset objects reloaded before import = 0Number of asset objects unloaded after import = 9

========================================================================
Received Import Request.
  Time since last request: 0.000033 seconds.
  path: Assets/Kit/Tower Defense/Models/FBX format/tower-round-top-a.fbx
  artifactKey: Guid(a1c66f65422aba94d91c199a84eaacb6) Importer(815301076,1909f56bfc062723c751e8b465ee728b)
Start importing Assets/Kit/Tower Defense/Models/FBX format/tower-round-top-a.fbx using Guid(a1c66f65422aba94d91c199a84eaacb6) Importer(815301076,1909f56bfc062723c751e8b465ee728b) (PreviewImporter) -> (artifact id: '3f7708a382a5acfcd52082be7ef42835') in 0.043148 seconds
Number of updated asset objects reloaded before import = 0Number of asset objects unloaded after import = 9

========================================================================
Received Import Request.
  Time since last request: 0.000035 seconds.
  path: Assets/Kit/Tower Defense/Models/FBX format/tower-round-roof-b.fbx
  artifactKey: Guid(9cea0b1e60b3b9e42bbb0337e358d83a) Importer(815301076,1909f56bfc062723c751e8b465ee728b)
Start importing Assets/Kit/Tower Defense/Models/FBX format/tower-round-roof-b.fbx using Guid(9cea0b1e60b3b9e42bbb0337e358d83a) Importer(815301076,1909f56bfc062723c751e8b465ee728b) (PreviewImporter) -> (artifact id: '37f47e2cca02f47d878993082c971cb7') in 0.1182729 seconds
Number of updated asset objects reloaded before import = 0Number of asset objects unloaded after import = 9

========================================================================
Received Import Request.
  Time since last request: 1.049152 seconds.
  path: Assets/Kit/Tower Defense/Models/FBX format/tower-square-build-a.fbx
  artifactKey: Guid(e0fba5cc031c52b4885027eebefa000f) Importer(815301076,1909f56bfc062723c751e8b465ee728b)
Start importing Assets/Kit/Tower Defense/Models/FBX format/tower-square-build-a.fbx using Guid(e0fba5cc031c52b4885027eebefa000f) Importer(815301076,1909f56bfc062723c751e8b465ee728b) (PreviewImporter) -> (artifact id: '0612c0b97a9c958f66eb0d3e66a6cd98') in 0.1307123 seconds
Number of updated asset objects reloaded before import = 0Number of asset objects unloaded after import = 9

========================================================================
Received Import Request.
  Time since last request: 0.000039 seconds.
  path: Assets/Kit/Tower Defense/Models/FBX format/tower-square-build-f.fbx
  artifactKey: Guid(16fc809f3bc8eb34ebdd4e73a5a84b70) Importer(815301076,1909f56bfc062723c751e8b465ee728b)
Start importing Assets/Kit/Tower Defense/Models/FBX format/tower-square-build-f.fbx using Guid(16fc809f3bc8eb34ebdd4e73a5a84b70) Importer(815301076,1909f56bfc062723c751e8b465ee728b) (PreviewImporter) -> (artifact id: 'ae8468600def65511e006fd478326a5b') in 0.0577198 seconds
Number of updated asset objects reloaded before import = 0Number of asset objects unloaded after import = 9

========================================================================
Received Import Request.
  Time since last request: 0.232442 seconds.
  path: Assets/Kit/Tower Defense/Models/FBX format/tower-square-middle-c.fbx
  artifactKey: Guid(a19a3250f5170474d938cb7bf1028e7a) Importer(815301076,1909f56bfc062723c751e8b465ee728b)
Start importing Assets/Kit/Tower Defense/Models/FBX format/tower-square-middle-c.fbx using Guid(a19a3250f5170474d938cb7bf1028e7a) Importer(815301076,1909f56bfc062723c751e8b465ee728b) (PreviewImporter) -> (artifact id: '6cf523c300e9a237ed706aa6e24090e2') in 0.1628782 seconds
Number of updated asset objects reloaded before import = 0Number of asset objects unloaded after import = 9

========================================================================
Received Import Request.
  Time since last request: 0.300461 seconds.
  path: Assets/Kit/Tower Defense/Models/FBX format/weapon-ammo-boulder.fbx
  artifactKey: Guid(d935f086265d499408cd181c0c4b754c) Importer(815301076,1909f56bfc062723c751e8b465ee728b)
Start importing Assets/Kit/Tower Defense/Models/FBX format/weapon-ammo-boulder.fbx using Guid(d935f086265d499408cd181c0c4b754c) Importer(815301076,1909f56bfc062723c751e8b465ee728b) (PreviewImporter) -> (artifact id: 'aef1e277fb20577f366fbd7d97084e55') in 0.1554195 seconds
Number of updated asset objects reloaded before import = 0Number of asset objects unloaded after import = 9

========================================================================
Received Import Request.
  Time since last request: 0.000050 seconds.
  path: Assets/Kit/Tower Defense/Models/FBX format/weapon-ballista.fbx
  artifactKey: Guid(fd43829327270ca4780476a822c177f5) Importer(815301076,1909f56bfc062723c751e8b465ee728b)
Start importing Assets/Kit/Tower Defense/Models/FBX format/weapon-ballista.fbx using Guid(fd43829327270ca4780476a822c177f5) Importer(815301076,1909f56bfc062723c751e8b465ee728b) (PreviewImporter) -> (artifact id: 'c46f323d8945e2848b077c0cbc147a1b') in 0.1845766 seconds
Number of updated asset objects reloaded before import = 0Number of asset objects unloaded after import = 14

========================================================================
Received Import Request.
  Time since last request: 0.174831 seconds.
  path: Assets/Kit/Tower Defense/Models/FBX format/wood-structure-high.fbx
  artifactKey: Guid(3da7e6270e451824385431d63d3f858a) Importer(815301076,1909f56bfc062723c751e8b465ee728b)
Start importing Assets/Kit/Tower Defense/Models/FBX format/wood-structure-high.fbx using Guid(3da7e6270e451824385431d63d3f858a) Importer(815301076,1909f56bfc062723c751e8b465ee728b) (PreviewImporter) -> (artifact id: 'fc03da262882b17aae18ee9e19ca81dc') in 0.1434762 seconds
Number of updated asset objects reloaded before import = 0Number of asset objects unloaded after import = 9

