Using pre-set license
Built from '6000.0/staging' branch; Version is '6000.0.24f1 (11fa355cd605) revision 1178165'; Using compiler version '193933523'; Build Type 'Release'
OS: 'Windows 11  (10.0.26200) 64bit Core' Language: 'es' Physical Memory: 15917 MB
BatchMode: 1, IsHumanControllingUs: 0, StartBugReporterOnCrash: 0, Is64bit: 1, IsPro: 1

COMMAND LINE ARGUMENTS:
C:\Program Files\Unity 6000.0.24f1\Editor\Unity.exe
-adb2
-batchMode
-noUpm
-name
AssetImportWorker39
-projectPath
C:/Users/Diego/Desktop/Diego/Github/CreadorDeObjetos/My Creator Game
-logFile
Logs/AssetImportWorker39.log
-srvPort
58382
-job-worker-count
10
-background-job-worker-count
8
-asset-garbage-collectors
1
Successfully changed project path to: C:/Users/Diego/Desktop/Diego/Github/CreadorDeObjetos/My Creator Game
C:/Users/Diego/Desktop/Diego/Github/CreadorDeObjetos/My Creator Game
[UnityMemory] Configuration Parameters - Can be set up in boot.config
    "memorysetup-bucket-allocator-granularity=16"
    "memorysetup-bucket-allocator-bucket-count=8"
    "memorysetup-bucket-allocator-block-size=33554432"
    "memorysetup-bucket-allocator-block-count=8"
    "memorysetup-main-allocator-block-size=16777216"
    "memorysetup-thread-allocator-block-size=16777216"
    "memorysetup-gfx-main-allocator-block-size=16777216"
    "memorysetup-gfx-thread-allocator-block-size=16777216"
    "memorysetup-cache-allocator-block-size=4194304"
    "memorysetup-typetree-allocator-block-size=2097152"
    "memorysetup-profiler-bucket-allocator-granularity=16"
    "memorysetup-profiler-bucket-allocator-bucket-count=8"
    "memorysetup-profiler-bucket-allocator-block-size=33554432"
    "memorysetup-profiler-bucket-allocator-block-count=8"
    "memorysetup-profiler-allocator-block-size=16777216"
    "memorysetup-profiler-editor-allocator-block-size=1048576"
    "memorysetup-temp-allocator-size-main=16777216"
    "memorysetup-job-temp-allocator-block-size=2097152"
    "memorysetup-job-temp-allocator-block-size-background=1048576"
    "memorysetup-job-temp-allocator-reduction-small-platforms=262144"
    "memorysetup-allocator-temp-initial-block-size-main=262144"
    "memorysetup-allocator-temp-initial-block-size-worker=262144"
    "memorysetup-temp-allocator-size-background-worker=32768"
    "memorysetup-temp-allocator-size-job-worker=262144"
    "memorysetup-temp-allocator-size-preload-manager=33554432"
    "memorysetup-temp-allocator-size-nav-mesh-worker=65536"
    "memorysetup-temp-allocator-size-audio-worker=65536"
    "memorysetup-temp-allocator-size-cloud-worker=32768"
    "memorysetup-temp-allocator-size-gi-baking-worker=262144"
    "memorysetup-temp-allocator-size-gi-baking-worker=262144"
    "memorysetup-temp-allocator-size-gi-baking-worker=262144"
    "memorysetup-temp-allocator-size-gi-baking-worker=262144"
    "memorysetup-temp-allocator-size-gi-baking-worker=262144"
    "memorysetup-temp-allocator-size-gfx=262144"
Player connection [32800]  Target information:

Player connection [32800]  * "[IP] 192.168.1.54 [Port] 0 [Flags] 2 [Guid] 418878354 [EditorId] 418878354 [Version] 1048832 [Id] WindowsEditor(7,Asus-Zenbook-14) [Debug] 1 [PackageName] WindowsEditor [ProjectName] Editor" 

Player connection [32800] Host joined multi-casting on [225.0.0.222:54997]...
Player connection [32800] Host joined alternative multi-casting on [225.0.0.222:34997]...
JobSystem: Creating JobQueue using job-worker-count value 10
[Physics::Module] Initialized fallback backend.
[Physics::Module] Id: 0xdecafbad
Library Redirect Path: Library/
[Physics::Module] Selected backend.
[Physics::Module] Name: PhysX
[Physics::Module] Id: 0xf2b8ea05
[Physics::Module] SDK Version: 4.1.2
[Physics::Module] Integration Version: 1.0.0
[Physics::Module] Threading Mode: Multi-Threaded
Refreshing native plugins compatible for Editor in 1.92 ms, found 3 plugins.
Preloading 0 native plugins for Editor in 0.00 ms.
Initialize engine version: 6000.0.24f1 (11fa355cd605)
[Subsystems] Discovering subsystems at path C:/Program Files/Unity 6000.0.24f1/Editor/Data/Resources/UnitySubsystems
[Subsystems] Discovering subsystems at path C:/Users/Diego/Desktop/Diego/Github/CreadorDeObjetos/My Creator Game/Assets
GfxDevice: creating device client; kGfxThreadingModeNonThreaded
Direct3D:
    Version:  Direct3D 11.0 [level 11.1]
    Renderer: Intel(R) Arc(TM) Graphics (ID=0x7d55)
    Vendor:   Intel
    VRAM:     9073 MB
    Driver:   32.0.101.6314
Initialize mono
Mono path[0] = 'C:/Program Files/Unity 6000.0.24f1/Editor/Data/Managed'
Mono path[1] = 'C:/Program Files/Unity 6000.0.24f1/Editor/Data/MonoBleedingEdge/lib/mono/unityjit-win32'
Mono config path = 'C:/Program Files/Unity 6000.0.24f1/Editor/Data/MonoBleedingEdge/etc'
Using monoOptions --debugger-agent=transport=dt_socket,embedding=1,server=y,suspend=n,address=127.0.0.1:56328
Begin MonoManager ReloadAssembly
Registering precompiled unity dll's ...
Register platform support module: C:/Program Files/Unity 6000.0.24f1/Editor/Data/PlaybackEngines/WindowsStandaloneSupport/UnityEditor.WindowsStandalone.Extensions.dll
Registered in 0.006845 seconds.
- Loaded All Assemblies, in  0.473 seconds
Native extension for WindowsStandalone target not found
Mono: successfully reloaded assembly
- Finished resetting the current domain, in  0.490 seconds
Domain Reload Profiling: 960ms
	BeginReloadAssembly (160ms)
		ExecutionOrderSort (0ms)
		DisableScriptedObjects (0ms)
		BackupInstance (0ms)
		ReleaseScriptingObjects (0ms)
		CreateAndSetChildDomain (1ms)
	RebuildCommonClasses (46ms)
	RebuildNativeTypeToScriptingClass (17ms)
	initialDomainReloadingComplete (65ms)
	LoadAllAssembliesAndSetupDomain (181ms)
		LoadAssemblies (156ms)
		RebuildTransferFunctionScriptingTraits (0ms)
		AnalyzeDomain (177ms)
			TypeCache.Refresh (174ms)
				TypeCache.ScanAssembly (160ms)
			BuildScriptInfoCaches (0ms)
			ResolveRequiredComponents (1ms)
	FinalizeReload (491ms)
		ReleaseScriptCaches (0ms)
		RebuildScriptCaches (0ms)
		SetupLoadedEditorAssemblies (424ms)
			LogAssemblyErrors (0ms)
			InitializePlatformSupportModulesInManaged (36ms)
			SetLoadedEditorAssemblies (6ms)
			BeforeProcessingInitializeOnLoad (11ms)
			ProcessInitializeOnLoadAttributes (272ms)
			ProcessInitializeOnLoadMethodAttributes (95ms)
			AfterProcessingInitializeOnLoad (5ms)
			EditorAssembliesLoaded (0ms)
		ExecutionOrderSort2 (0ms)
		AwakeInstancesAfterBackupRestoration (0ms)
========================================================================
Worker process is ready to serve import requests
Import Worker Mode flag is 0x00
Begin MonoManager ReloadAssembly
- Loaded All Assemblies, in  1.332 seconds
Refreshing native plugins compatible for Editor in 1.36 ms, found 3 plugins.
Native extension for WindowsStandalone target not found
Missing types referenced from component UniversalRenderPipelineGlobalSettings on game object UniversalRenderPipelineGlobalSettings:
	UnityEngine.Rendering.Universal.UniversalRenderPipelineEditorAssets, Unity.RenderPipelines.Universal.Runtime (1 object)
Mono: successfully reloaded assembly
- Finished resetting the current domain, in  1.266 seconds
Domain Reload Profiling: 2591ms
	BeginReloadAssembly (501ms)
		ExecutionOrderSort (0ms)
		DisableScriptedObjects (7ms)
		BackupInstance (0ms)
		ReleaseScriptingObjects (0ms)
		CreateAndSetChildDomain (33ms)
	RebuildCommonClasses (43ms)
	RebuildNativeTypeToScriptingClass (14ms)
	initialDomainReloadingComplete (54ms)
	LoadAllAssembliesAndSetupDomain (712ms)
		LoadAssemblies (452ms)
		RebuildTransferFunctionScriptingTraits (0ms)
		AnalyzeDomain (372ms)
			TypeCache.Refresh (250ms)
				TypeCache.ScanAssembly (230ms)
			BuildScriptInfoCaches (103ms)
			ResolveRequiredComponents (15ms)
	FinalizeReload (1267ms)
		ReleaseScriptCaches (0ms)
		RebuildScriptCaches (0ms)
		SetupLoadedEditorAssemblies (933ms)
			LogAssemblyErrors (0ms)
			InitializePlatformSupportModulesInManaged (3ms)
			SetLoadedEditorAssemblies (6ms)
			BeforeProcessingInitializeOnLoad (103ms)
			ProcessInitializeOnLoadAttributes (656ms)
			ProcessInitializeOnLoadMethodAttributes (154ms)
			AfterProcessingInitializeOnLoad (11ms)
			EditorAssembliesLoaded (0ms)
		ExecutionOrderSort2 (0ms)
		AwakeInstancesAfterBackupRestoration (8ms)
Launched and connected shader compiler UnityShaderCompiler.exe after 0.02 seconds
Refreshing native plugins compatible for Editor in 1.57 ms, found 3 plugins.
Preloading 0 native plugins for Editor in 0.00 ms.
Unloading 212 Unused Serialized files (Serialized files now loaded: 0)
Unloading 6089 unused Assets / (3.9 MB). Loaded Objects now: 6874.
Memory consumption went from 208.2 MB to 204.3 MB.
Total: 9.211300 ms (FindLiveObjects: 0.644700 ms CreateObjectMapping: 0.381700 ms MarkObjects: 5.927200 ms  DeleteObjects: 2.256100 ms)

========================================================================
Received Import Request.
  Time since last request: 51647.196301 seconds.
  path: Assets/Kit/DungeonKit/fantasy town/Models_ext/fantasyKit_ext/bench.fbx
  artifactKey: Guid(36f7d11ff3a5d224990366a40ba165e5) Importer(815301076,1909f56bfc062723c751e8b465ee728b)
Start importing Assets/Kit/DungeonKit/fantasy town/Models_ext/fantasyKit_ext/bench.fbx using Guid(36f7d11ff3a5d224990366a40ba165e5) Importer(815301076,1909f56bfc062723c751e8b465ee728b) (PreviewImporter) -> (artifact id: 'a32862d8ba464c03e89f9032510a7c37') in 0.937785 seconds
Number of updated asset objects reloaded before import = 0Number of asset objects unloaded after import = 9

========================================================================
Received Import Request.
  Time since last request: 0.000082 seconds.
  path: Assets/Kit/DungeonKit/fantasy town/Models_ext/fantasyKit_ext/crypt.fbx
  artifactKey: Guid(257c9474247e72c42a4c7a127c38478c) Importer(815301076,1909f56bfc062723c751e8b465ee728b)
Start importing Assets/Kit/DungeonKit/fantasy town/Models_ext/fantasyKit_ext/crypt.fbx using Guid(257c9474247e72c42a4c7a127c38478c) Importer(815301076,1909f56bfc062723c751e8b465ee728b) (PreviewImporter) -> (artifact id: 'c8a69c92fd36a3278a87a4c38bdf0daf') in 0.1887952 seconds
Number of updated asset objects reloaded before import = 0Number of asset objects unloaded after import = 9

========================================================================
Received Import Request.
  Time since last request: 0.000055 seconds.
  path: Assets/Kit/DungeonKit/fantasy town/Models_ext/fantasyKit_ext/coffin.fbx
  artifactKey: Guid(7d12792207c16354ebdfc5b1ba573e82) Importer(815301076,1909f56bfc062723c751e8b465ee728b)
Start importing Assets/Kit/DungeonKit/fantasy town/Models_ext/fantasyKit_ext/coffin.fbx using Guid(7d12792207c16354ebdfc5b1ba573e82) Importer(815301076,1909f56bfc062723c751e8b465ee728b) (PreviewImporter) -> (artifact id: 'f2c110b3d89c7c26916858acb23474f3') in 0.1296349 seconds
Number of updated asset objects reloaded before import = 0Number of asset objects unloaded after import = 14

========================================================================
Received Import Request.
  Time since last request: 0.000045 seconds.
  path: Assets/Kit/DungeonKit/fantasy town/Models_ext/fantasyKit_ext/lantern-glass.fbx
  artifactKey: Guid(b83c17206cb137845a88fb30c1be9d88) Importer(815301076,1909f56bfc062723c751e8b465ee728b)
Start importing Assets/Kit/DungeonKit/fantasy town/Models_ext/fantasyKit_ext/lantern-glass.fbx using Guid(b83c17206cb137845a88fb30c1be9d88) Importer(815301076,1909f56bfc062723c751e8b465ee728b) (PreviewImporter) -> (artifact id: 'd70c12aa4aa4a1cdf381b4eda57c97da') in 0.0928571 seconds
Number of updated asset objects reloaded before import = 0Number of asset objects unloaded after import = 9

========================================================================
Received Import Request.
  Time since last request: 0.000097 seconds.
  path: Assets/Kit/DungeonKit/fantasy town/Models_ext/fantasyKit_ext/gravestone-cross-large.fbx
  artifactKey: Guid(d9bb25b0ff242ed4eb5062c5065af54d) Importer(815301076,1909f56bfc062723c751e8b465ee728b)
Start importing Assets/Kit/DungeonKit/fantasy town/Models_ext/fantasyKit_ext/gravestone-cross-large.fbx using Guid(d9bb25b0ff242ed4eb5062c5065af54d) Importer(815301076,1909f56bfc062723c751e8b465ee728b) (PreviewImporter) -> (artifact id: '8daf2c8206cb676fd7da6fed591f7323') in 0.1006745 seconds
Number of updated asset objects reloaded before import = 0Number of asset objects unloaded after import = 9

========================================================================
Received Import Request.
  Time since last request: 0.000036 seconds.
  path: Assets/Kit/DungeonKit/fantasy town/Models_ext/fantasyKit_ext/fence-damaged.fbx
  artifactKey: Guid(9be69cb8c8027754bb0c93fab039c0d4) Importer(815301076,1909f56bfc062723c751e8b465ee728b)
Start importing Assets/Kit/DungeonKit/fantasy town/Models_ext/fantasyKit_ext/fence-damaged.fbx using Guid(9be69cb8c8027754bb0c93fab039c0d4) Importer(815301076,1909f56bfc062723c751e8b465ee728b) (PreviewImporter) -> (artifact id: 'e1bf31878d1f2a0b6ce29c290459dd68') in 0.0770105 seconds
Number of updated asset objects reloaded before import = 0Number of asset objects unloaded after import = 9

========================================================================
Received Import Request.
  Time since last request: 0.000033 seconds.
  path: Assets/Kit/DungeonKit/fantasy town/Models_ext/fantasyKit_ext/iron-fence-damaged.fbx
  artifactKey: Guid(620a7c28275e36f4cb33869b4fe28bc8) Importer(815301076,1909f56bfc062723c751e8b465ee728b)
Start importing Assets/Kit/DungeonKit/fantasy town/Models_ext/fantasyKit_ext/iron-fence-damaged.fbx using Guid(620a7c28275e36f4cb33869b4fe28bc8) Importer(815301076,1909f56bfc062723c751e8b465ee728b) (PreviewImporter) -> (artifact id: '7feb8de44fdc9d2bad739468b0724522') in 0.1747383 seconds
Number of updated asset objects reloaded before import = 0Number of asset objects unloaded after import = 9

========================================================================
Received Import Request.
  Time since last request: 0.000048 seconds.
  path: Assets/Kit/DungeonKit/fantasy town/Models_ext/fantasyKit_ext/character-ghost.fbx
  artifactKey: Guid(b445ca8494c8c7e4fa4d84bcd1b3799f) Importer(815301076,1909f56bfc062723c751e8b465ee728b)
Start importing Assets/Kit/DungeonKit/fantasy town/Models_ext/fantasyKit_ext/character-ghost.fbx using Guid(b445ca8494c8c7e4fa4d84bcd1b3799f) Importer(815301076,1909f56bfc062723c751e8b465ee728b) (PreviewImporter) -> (artifact id: 'ac1e01d249ae2b4daa8774aac932810a') in 0.2317789 seconds
Number of updated asset objects reloaded before import = 0Number of asset objects unloaded after import = 55

========================================================================
Received Import Request.
  Time since last request: 0.000037 seconds.
  path: Assets/Kit/DungeonKit/fantasy town/Models_ext/fantasyKit_ext/debris.fbx
  artifactKey: Guid(ef46bfa37c4699d4cbb369b03da4227f) Importer(815301076,1909f56bfc062723c751e8b465ee728b)
Start importing Assets/Kit/DungeonKit/fantasy town/Models_ext/fantasyKit_ext/debris.fbx using Guid(ef46bfa37c4699d4cbb369b03da4227f) Importer(815301076,1909f56bfc062723c751e8b465ee728b) (PreviewImporter) -> (artifact id: '30886e38eecaffdb629557e47f2a2406') in 0.1018827 seconds
Number of updated asset objects reloaded before import = 0Number of asset objects unloaded after import = 9

========================================================================
Received Import Request.
  Time since last request: 0.000041 seconds.
  path: Assets/Kit/DungeonKit/fantasy town/Models_ext/fantasyKit_ext/fire-basket.fbx
  artifactKey: Guid(72982752845ad5641ab18e4c1b4167f8) Importer(815301076,1909f56bfc062723c751e8b465ee728b)
Start importing Assets/Kit/DungeonKit/fantasy town/Models_ext/fantasyKit_ext/fire-basket.fbx using Guid(72982752845ad5641ab18e4c1b4167f8) Importer(815301076,1909f56bfc062723c751e8b465ee728b) (PreviewImporter) -> (artifact id: '602fbd093b230cf4eb0d1b0d7803e6ac') in 0.2673734 seconds
Number of updated asset objects reloaded before import = 0Number of asset objects unloaded after import = 9

========================================================================
Received Import Request.
  Time since last request: 82.811369 seconds.
  path: Assets/Kit/DungeonKit/fantasy town/Models_ext/fantasyKit_ext/character
  artifactKey: Guid(4b2ad6626c004bd4186cc4df8ddd1361) Importer(815301076,1909f56bfc062723c751e8b465ee728b)
Start importing Assets/Kit/DungeonKit/fantasy town/Models_ext/fantasyKit_ext/character using Guid(4b2ad6626c004bd4186cc4df8ddd1361) Importer(815301076,1909f56bfc062723c751e8b465ee728b) (PreviewImporter) -> (artifact id: 'ee3816cbfe780b4841f884b8f0c1d0b5') in 0.0011068 seconds
Number of updated asset objects reloaded before import = 0Number of asset objects unloaded after import = 0

========================================================================
Received Import Request.
  Time since last request: 20.069285 seconds.
  path: Assets/Kit/DungeonKit/fantasy town/Models_ext/fantasyKit_ext/banco
  artifactKey: Guid(63bd0fd703b0259499c88ea9c1279c86) Importer(815301076,1909f56bfc062723c751e8b465ee728b)
Start importing Assets/Kit/DungeonKit/fantasy town/Models_ext/fantasyKit_ext/banco using Guid(63bd0fd703b0259499c88ea9c1279c86) Importer(815301076,1909f56bfc062723c751e8b465ee728b) (PreviewImporter) -> (artifact id: '05b084c8ec406221e35b983da9b5108a') in 0.0005708 seconds
Number of updated asset objects reloaded before import = 0Number of asset objects unloaded after import = 0

========================================================================
Received Import Request.
  Time since last request: 12.713796 seconds.
  path: Assets/Kit/DungeonKit/fantasy town/Models_ext/fantasyKit_ext/wall
  artifactKey: Guid(10240f17782c5d34482c42c8fcfe0283) Importer(815301076,1909f56bfc062723c751e8b465ee728b)
Start importing Assets/Kit/DungeonKit/fantasy town/Models_ext/fantasyKit_ext/wall using Guid(10240f17782c5d34482c42c8fcfe0283) Importer(815301076,1909f56bfc062723c751e8b465ee728b) (PreviewImporter) -> (artifact id: 'a8daddaeedd7433250e20265ecd9bfef') in 0.0005689 seconds
Number of updated asset objects reloaded before import = 0Number of asset objects unloaded after import = 0

========================================================================
Received Import Request.
  Time since last request: 15.524978 seconds.
  path: Assets/Kit/DungeonKit/fantasy town/Models_ext/fantasyKit_ext/detallitos
  artifactKey: Guid(a839fdc9dcbcc8c478accfa61a203478) Importer(815301076,1909f56bfc062723c751e8b465ee728b)
Start importing Assets/Kit/DungeonKit/fantasy town/Models_ext/fantasyKit_ext/detallitos using Guid(a839fdc9dcbcc8c478accfa61a203478) Importer(815301076,1909f56bfc062723c751e8b465ee728b) (PreviewImporter) -> (artifact id: '54f7070ac6827d335324c4b69ada888d') in 0.0007947 seconds
Number of updated asset objects reloaded before import = 0Number of asset objects unloaded after import = 0

========================================================================
Received Import Request.
  Time since last request: 30.627485 seconds.
  path: Assets/Kit/DungeonKit/fantasy town/Models_ext/fantasyKit_ext/crypt
  artifactKey: Guid(65caf1c3adf6d25458bf862cc312d37d) Importer(815301076,1909f56bfc062723c751e8b465ee728b)
Start importing Assets/Kit/DungeonKit/fantasy town/Models_ext/fantasyKit_ext/crypt using Guid(65caf1c3adf6d25458bf862cc312d37d) Importer(815301076,1909f56bfc062723c751e8b465ee728b) (PreviewImporter) -> (artifact id: '6f51ed4135e004f615aefded40c260a8') in 0.000751 seconds
Number of updated asset objects reloaded before import = 0Number of asset objects unloaded after import = 0

========================================================================
Received Import Request.
  Time since last request: 17.849584 seconds.
  path: Assets/Kit/DungeonKit/fantasy town/Models_ext/fantasyKit_ext/pillar-obelisk.fbx
  artifactKey: Guid(84784e317f0fbce45aeb8ecf7eed1869) Importer(815301076,1909f56bfc062723c751e8b465ee728b)
Start importing Assets/Kit/DungeonKit/fantasy town/Models_ext/fantasyKit_ext/pillar-obelisk.fbx using Guid(84784e317f0fbce45aeb8ecf7eed1869) Importer(815301076,1909f56bfc062723c751e8b465ee728b) (PreviewImporter) -> (artifact id: '4eec127e4294648c1ebdf1c7decc0a33') in 0.0522624 seconds
Number of updated asset objects reloaded before import = 0Number of asset objects unloaded after import = 9

========================================================================
Received Import Request.
  Time since last request: 3.561571 seconds.
  path: Assets/Kit/DungeonKit/fantasy town/Models_ext/fantasyKit_ext/pillar-small.fbx
  artifactKey: Guid(58a68cba3ff76e24cb876651abb3acd6) Importer(815301076,1909f56bfc062723c751e8b465ee728b)
Start importing Assets/Kit/DungeonKit/fantasy town/Models_ext/fantasyKit_ext/pillar-small.fbx using Guid(58a68cba3ff76e24cb876651abb3acd6) Importer(815301076,1909f56bfc062723c751e8b465ee728b) (PreviewImporter) -> (artifact id: '199418b749ca4417457da105bbde7899') in 0.0402129 seconds
Number of updated asset objects reloaded before import = 0Number of asset objects unloaded after import = 9

========================================================================
Received Import Request.
  Time since last request: 4.694986 seconds.
  path: Assets/Kit/DungeonKit/fantasy town/Models_ext/fantasyKit_ext/pillar-square.fbx
  artifactKey: Guid(23f22fdf7a2083141b36766a50663bd6) Importer(815301076,1909f56bfc062723c751e8b465ee728b)
Start importing Assets/Kit/DungeonKit/fantasy town/Models_ext/fantasyKit_ext/pillar-square.fbx using Guid(23f22fdf7a2083141b36766a50663bd6) Importer(815301076,1909f56bfc062723c751e8b465ee728b) (PreviewImporter) -> (artifact id: 'bbd2ebb5e08b9325780f3f36c6fcc124') in 0.0435691 seconds
Number of updated asset objects reloaded before import = 0Number of asset objects unloaded after import = 9

========================================================================
Received Import Request.
  Time since last request: 3.427270 seconds.
  path: Assets/Kit/DungeonKit/fantasy town/Models_ext/fantasyKit_ext/pine-crooked.fbx
  artifactKey: Guid(13a3655011960b94295d6e669980fd3e) Importer(815301076,1909f56bfc062723c751e8b465ee728b)
Start importing Assets/Kit/DungeonKit/fantasy town/Models_ext/fantasyKit_ext/pine-crooked.fbx using Guid(13a3655011960b94295d6e669980fd3e) Importer(815301076,1909f56bfc062723c751e8b465ee728b) (PreviewImporter) -> (artifact id: '1715a3950f62b377509f5d9adb1ddbfe') in 0.0594433 seconds
Number of updated asset objects reloaded before import = 0Number of asset objects unloaded after import = 9

========================================================================
Received Import Request.
  Time since last request: 0.000030 seconds.
  path: Assets/Kit/DungeonKit/fantasy town/Models_ext/fantasyKit_ext/trunk-long.fbx
  artifactKey: Guid(0e7100f98dec78948846aa386d4dd382) Importer(815301076,1909f56bfc062723c751e8b465ee728b)
Start importing Assets/Kit/DungeonKit/fantasy town/Models_ext/fantasyKit_ext/trunk-long.fbx using Guid(0e7100f98dec78948846aa386d4dd382) Importer(815301076,1909f56bfc062723c751e8b465ee728b) (PreviewImporter) -> (artifact id: '94db9db191dbdc0d45f3769825560a49') in 0.0837111 seconds
Number of updated asset objects reloaded before import = 0Number of asset objects unloaded after import = 9

========================================================================
Received Import Request.
  Time since last request: 0.000053 seconds.
  path: Assets/Kit/DungeonKit/fantasy town/Models_ext/fantasyKit_ext/shovel-dirt.fbx
  artifactKey: Guid(4410482e90a8882468db4fc2e0faf7f7) Importer(815301076,1909f56bfc062723c751e8b465ee728b)
Start importing Assets/Kit/DungeonKit/fantasy town/Models_ext/fantasyKit_ext/shovel-dirt.fbx using Guid(4410482e90a8882468db4fc2e0faf7f7) Importer(815301076,1909f56bfc062723c751e8b465ee728b) (PreviewImporter) -> (artifact id: 'f992b4b09d61d258e7de20382a344019') in 0.0764948 seconds
Number of updated asset objects reloaded before import = 0Number of asset objects unloaded after import = 9

========================================================================
Received Import Request.
  Time since last request: 0.000062 seconds.
  path: Assets/Kit/DungeonKit/fantasy town/Models_ext/fantasyKit_ext/shovel.fbx
  artifactKey: Guid(5f56643213c1c4544a3b5f53e23f735d) Importer(815301076,1909f56bfc062723c751e8b465ee728b)
Start importing Assets/Kit/DungeonKit/fantasy town/Models_ext/fantasyKit_ext/shovel.fbx using Guid(5f56643213c1c4544a3b5f53e23f735d) Importer(815301076,1909f56bfc062723c751e8b465ee728b) (PreviewImporter) -> (artifact id: '95aab508b908db24cf2da191ff90926f') in 0.0746048 seconds
Number of updated asset objects reloaded before import = 0Number of asset objects unloaded after import = 9

========================================================================
Received Import Request.
  Time since last request: 0.000042 seconds.
  path: Assets/Kit/DungeonKit/fantasy town/Models_ext/fantasyKit_ext/stone-wall-column.fbx
  artifactKey: Guid(58dc369289ae0af449f4e5c28bf39ff6) Importer(815301076,1909f56bfc062723c751e8b465ee728b)
Start importing Assets/Kit/DungeonKit/fantasy town/Models_ext/fantasyKit_ext/stone-wall-column.fbx using Guid(58dc369289ae0af449f4e5c28bf39ff6) Importer(815301076,1909f56bfc062723c751e8b465ee728b) (PreviewImporter) -> (artifact id: 'e037bd71fe8a3ef6d394be41b76c8e75') in 0.1226349 seconds
Number of updated asset objects reloaded before import = 0Number of asset objects unloaded after import = 9

========================================================================
Received Import Request.
  Time since last request: 0.000056 seconds.
  path: Assets/Kit/DungeonKit/fantasy town/Models_ext/fantasyKit_ext/rocks.fbx
  artifactKey: Guid(6916401790eb3384a8b908130fee0b76) Importer(815301076,1909f56bfc062723c751e8b465ee728b)
Start importing Assets/Kit/DungeonKit/fantasy town/Models_ext/fantasyKit_ext/rocks.fbx using Guid(6916401790eb3384a8b908130fee0b76) Importer(815301076,1909f56bfc062723c751e8b465ee728b) (PreviewImporter) -> (artifact id: 'ef11e8b5551b104344863d12255bca86') in 0.1394593 seconds
Number of updated asset objects reloaded before import = 0Number of asset objects unloaded after import = 9

========================================================================
Received Import Request.
  Time since last request: 0.000064 seconds.
  path: Assets/Kit/DungeonKit/fantasy town/Models_ext/fantasyKit_ext/stone-wall.fbx
  artifactKey: Guid(48526c9de6d02fa4e95fb790455c9a79) Importer(815301076,1909f56bfc062723c751e8b465ee728b)
Start importing Assets/Kit/DungeonKit/fantasy town/Models_ext/fantasyKit_ext/stone-wall.fbx using Guid(48526c9de6d02fa4e95fb790455c9a79) Importer(815301076,1909f56bfc062723c751e8b465ee728b) (PreviewImporter) -> (artifact id: '3548bea146607eac1819c60470aca345') in 0.2218928 seconds
Number of updated asset objects reloaded before import = 0Number of asset objects unloaded after import = 9

========================================================================
Received Import Request.
  Time since last request: 0.000046 seconds.
  path: Assets/Kit/DungeonKit/fantasy town/Models_ext/fantasyKit_ext/pumpkin.fbx
  artifactKey: Guid(90e5e27b2ead4ee4c89c897b5d261745) Importer(815301076,1909f56bfc062723c751e8b465ee728b)
Start importing Assets/Kit/DungeonKit/fantasy town/Models_ext/fantasyKit_ext/pumpkin.fbx using Guid(90e5e27b2ead4ee4c89c897b5d261745) Importer(815301076,1909f56bfc062723c751e8b465ee728b) (PreviewImporter) -> (artifact id: '86c3599f80200a2a73eeea41cb11a5a1') in 0.3436594 seconds
Number of updated asset objects reloaded before import = 0Number of asset objects unloaded after import = 9

========================================================================
Received Import Request.
  Time since last request: 0.000047 seconds.
  path: Assets/Kit/DungeonKit/fantasy town/Models_ext/fantasyKit_ext/stone-wall-damaged.fbx
  artifactKey: Guid(cfe3b8598c563c24a9e8ccb076d7ccb7) Importer(815301076,1909f56bfc062723c751e8b465ee728b)
Start importing Assets/Kit/DungeonKit/fantasy town/Models_ext/fantasyKit_ext/stone-wall-damaged.fbx using Guid(cfe3b8598c563c24a9e8ccb076d7ccb7) Importer(815301076,1909f56bfc062723c751e8b465ee728b) (PreviewImporter) -> (artifact id: '0d8abb4462fc3df34429b4fa74595e38') in 0.0632115 seconds
Number of updated asset objects reloaded before import = 0Number of asset objects unloaded after import = 9

========================================================================
Received Import Request.
  Time since last request: 0.000057 seconds.
  path: Assets/Kit/DungeonKit/fantasy town/Models_ext/fantasyKit_ext/urn-round.fbx
  artifactKey: Guid(f76d0504cbf327141adb054d09272834) Importer(815301076,1909f56bfc062723c751e8b465ee728b)
Start importing Assets/Kit/DungeonKit/fantasy town/Models_ext/fantasyKit_ext/urn-round.fbx using Guid(f76d0504cbf327141adb054d09272834) Importer(815301076,1909f56bfc062723c751e8b465ee728b) (PreviewImporter) -> (artifact id: '8b7a65fdf7b052656c6f3dce37944b42') in 0.0893328 seconds
Number of updated asset objects reloaded before import = 0Number of asset objects unloaded after import = 14

========================================================================
Received Import Request.
  Time since last request: 17.232241 seconds.
  path: Assets/Kit/DungeonKit/fantasy town/Models_int/FBX format/poles.fbx
  artifactKey: Guid(d47d71cfc81cba946826ae708655631b) Importer(815301076,1909f56bfc062723c751e8b465ee728b)
Start importing Assets/Kit/DungeonKit/fantasy town/Models_int/FBX format/poles.fbx using Guid(d47d71cfc81cba946826ae708655631b) Importer(815301076,1909f56bfc062723c751e8b465ee728b) (PreviewImporter) -> (artifact id: 'e4115ecdb50307f106e26b715390053c') in 0.0582001 seconds
Number of updated asset objects reloaded before import = 0Number of asset objects unloaded after import = 9

========================================================================
Received Import Request.
  Time since last request: 0.000045 seconds.
  path: Assets/Kit/DungeonKit/fantasy town/Models_int/FBX format/road-corner.fbx
  artifactKey: Guid(9401cf7e3775c3f449756b7e79345ed2) Importer(815301076,1909f56bfc062723c751e8b465ee728b)
Start importing Assets/Kit/DungeonKit/fantasy town/Models_int/FBX format/road-corner.fbx using Guid(9401cf7e3775c3f449756b7e79345ed2) Importer(815301076,1909f56bfc062723c751e8b465ee728b) (PreviewImporter) -> (artifact id: '1102a5555e35c13d04a37628687a8d8f') in 0.0577407 seconds
Number of updated asset objects reloaded before import = 0Number of asset objects unloaded after import = 9

========================================================================
Received Import Request.
  Time since last request: 0.000059 seconds.
  path: Assets/Kit/DungeonKit/fantasy town/Models_int/FBX format/road-corner-inner.fbx
  artifactKey: Guid(9c6c3e125300ae54599c8d07e52ff267) Importer(815301076,1909f56bfc062723c751e8b465ee728b)
Start importing Assets/Kit/DungeonKit/fantasy town/Models_int/FBX format/road-corner-inner.fbx using Guid(9c6c3e125300ae54599c8d07e52ff267) Importer(815301076,1909f56bfc062723c751e8b465ee728b) (PreviewImporter) -> (artifact id: '0dc8d3abd7bb2ce72458fffca01b4898') in 0.0916846 seconds
Number of updated asset objects reloaded before import = 0Number of asset objects unloaded after import = 9

========================================================================
Received Import Request.
  Time since last request: 0.000037 seconds.
  path: Assets/Kit/DungeonKit/fantasy town/Models_int/FBX format/road-edge.fbx
  artifactKey: Guid(3150db926e09d47478a9bca10517062e) Importer(815301076,1909f56bfc062723c751e8b465ee728b)
Start importing Assets/Kit/DungeonKit/fantasy town/Models_int/FBX format/road-edge.fbx using Guid(3150db926e09d47478a9bca10517062e) Importer(815301076,1909f56bfc062723c751e8b465ee728b) (PreviewImporter) -> (artifact id: '46a1077a96991d50bda29a0707e6a991') in 0.0705824 seconds
Number of updated asset objects reloaded before import = 0Number of asset objects unloaded after import = 9

========================================================================
Received Import Request.
  Time since last request: 0.000033 seconds.
  path: Assets/Kit/DungeonKit/fantasy town/Models_int/FBX format/road-edge-slope.fbx
  artifactKey: Guid(949706348d3535343b076c279e7abf6e) Importer(815301076,1909f56bfc062723c751e8b465ee728b)
Start importing Assets/Kit/DungeonKit/fantasy town/Models_int/FBX format/road-edge-slope.fbx using Guid(949706348d3535343b076c279e7abf6e) Importer(815301076,1909f56bfc062723c751e8b465ee728b) (PreviewImporter) -> (artifact id: '95b6d056119484957142166589c21c7d') in 0.088031 seconds
Number of updated asset objects reloaded before import = 0Number of asset objects unloaded after import = 9

========================================================================
Received Import Request.
  Time since last request: 0.000068 seconds.
  path: Assets/Kit/DungeonKit/fantasy town/Models_int/FBX format/roof-gable-top.fbx
  artifactKey: Guid(dd9211cb23fcac5479a3e526217c1365) Importer(815301076,1909f56bfc062723c751e8b465ee728b)
Start importing Assets/Kit/DungeonKit/fantasy town/Models_int/FBX format/roof-gable-top.fbx using Guid(dd9211cb23fcac5479a3e526217c1365) Importer(815301076,1909f56bfc062723c751e8b465ee728b) (PreviewImporter) -> (artifact id: '79cdf7b23ff0ae001bd3ef7bada0c4c1') in 0.0665192 seconds
Number of updated asset objects reloaded before import = 0Number of asset objects unloaded after import = 9

========================================================================
Received Import Request.
  Time since last request: 0.000038 seconds.
  path: Assets/Kit/DungeonKit/fantasy town/Models_int/FBX format/roof-corner-inner.fbx
  artifactKey: Guid(76cd476a4b6df9e4496fbd6d24c9d285) Importer(815301076,1909f56bfc062723c751e8b465ee728b)
Start importing Assets/Kit/DungeonKit/fantasy town/Models_int/FBX format/roof-corner-inner.fbx using Guid(76cd476a4b6df9e4496fbd6d24c9d285) Importer(815301076,1909f56bfc062723c751e8b465ee728b) (PreviewImporter) -> (artifact id: '6b2470f3f258dfb859c6fc4191f81cc4') in 0.0820928 seconds
Number of updated asset objects reloaded before import = 0Number of asset objects unloaded after import = 9

========================================================================
Received Import Request.
  Time since last request: 0.000042 seconds.
  path: Assets/Kit/DungeonKit/fantasy town/Models_int/FBX format/roof-high-gable.fbx
  artifactKey: Guid(afdf4f035fa87fa47be832ecf788b546) Importer(815301076,1909f56bfc062723c751e8b465ee728b)
Start importing Assets/Kit/DungeonKit/fantasy town/Models_int/FBX format/roof-high-gable.fbx using Guid(afdf4f035fa87fa47be832ecf788b546) Importer(815301076,1909f56bfc062723c751e8b465ee728b) (PreviewImporter) -> (artifact id: '4f1e937d414e14d80d61240756c9eaff') in 0.0937641 seconds
Number of updated asset objects reloaded before import = 0Number of asset objects unloaded after import = 9

========================================================================
Received Import Request.
  Time since last request: 0.000056 seconds.
  path: Assets/Kit/DungeonKit/fantasy town/Models_int/FBX format/roof-high-flat.fbx
  artifactKey: Guid(01c5c2b608e8d104697511b2d2367d84) Importer(815301076,1909f56bfc062723c751e8b465ee728b)
Start importing Assets/Kit/DungeonKit/fantasy town/Models_int/FBX format/roof-high-flat.fbx using Guid(01c5c2b608e8d104697511b2d2367d84) Importer(815301076,1909f56bfc062723c751e8b465ee728b) (PreviewImporter) -> (artifact id: '3969c5c2f2457f78046b287c6b4def09') in 0.1431686 seconds
Number of updated asset objects reloaded before import = 0Number of asset objects unloaded after import = 9

========================================================================
Received Import Request.
  Time since last request: 0.000042 seconds.
  path: Assets/Kit/DungeonKit/fantasy town/Models_int/FBX format/rock-large.fbx
  artifactKey: Guid(bfcfbfdfc83a2a444865d3c59da2b35f) Importer(815301076,1909f56bfc062723c751e8b465ee728b)
Start importing Assets/Kit/DungeonKit/fantasy town/Models_int/FBX format/rock-large.fbx using Guid(bfcfbfdfc83a2a444865d3c59da2b35f) Importer(815301076,1909f56bfc062723c751e8b465ee728b) (PreviewImporter) -> (artifact id: '3bd87069ca3176caf49ded9b8a1e4468') in 0.3012332 seconds
Number of updated asset objects reloaded before import = 0Number of asset objects unloaded after import = 9

========================================================================
Received Import Request.
  Time since last request: 0.033612 seconds.
  path: Assets/Kit/DungeonKit/fantasy town/Models_int/FBX format/roof-high-gable-detail.fbx
  artifactKey: Guid(22be6ba4819894544996852706408348) Importer(815301076,1909f56bfc062723c751e8b465ee728b)
Start importing Assets/Kit/DungeonKit/fantasy town/Models_int/FBX format/roof-high-gable-detail.fbx using Guid(22be6ba4819894544996852706408348) Importer(815301076,1909f56bfc062723c751e8b465ee728b) (PreviewImporter) -> (artifact id: 'd50f610af16319bf75e7cd2e63d251f6') in 0.3352865 seconds
Number of updated asset objects reloaded before import = 0Number of asset objects unloaded after import = 9

========================================================================
Received Import Request.
  Time since last request: 0.022802 seconds.
  path: Assets/Kit/DungeonKit/fantasy town/Models_int/FBX format/roof-high-window.fbx
  artifactKey: Guid(2c6007f20fe17384c8d88d8670ebf10d) Importer(815301076,1909f56bfc062723c751e8b465ee728b)
Start importing Assets/Kit/DungeonKit/fantasy town/Models_int/FBX format/roof-high-window.fbx using Guid(2c6007f20fe17384c8d88d8670ebf10d) Importer(815301076,1909f56bfc062723c751e8b465ee728b) (PreviewImporter) -> (artifact id: '17c6193d264f2aa10d42f6c7aa804101') in 0.0798804 seconds
Number of updated asset objects reloaded before import = 0Number of asset objects unloaded after import = 9

========================================================================
Received Import Request.
  Time since last request: 0.000034 seconds.
  path: Assets/Kit/DungeonKit/fantasy town/Models_int/FBX format/roof-point.fbx
  artifactKey: Guid(cabee59e9f0762240bbd6fbe82e27180) Importer(815301076,1909f56bfc062723c751e8b465ee728b)
Start importing Assets/Kit/DungeonKit/fantasy town/Models_int/FBX format/roof-point.fbx using Guid(cabee59e9f0762240bbd6fbe82e27180) Importer(815301076,1909f56bfc062723c751e8b465ee728b) (PreviewImporter) -> (artifact id: '70134442a2cba9d47f4848bdc2a69454') in 0.0893598 seconds
Number of updated asset objects reloaded before import = 0Number of asset objects unloaded after import = 9

========================================================================
Received Import Request.
  Time since last request: 0.107994 seconds.
  path: Assets/Kit/DungeonKit/fantasy town/Models_int/FBX format/stairs-full-corner-outer.fbx
  artifactKey: Guid(1c13f273990476a46b6efa6314701f2d) Importer(815301076,1909f56bfc062723c751e8b465ee728b)
Start importing Assets/Kit/DungeonKit/fantasy town/Models_int/FBX format/stairs-full-corner-outer.fbx using Guid(1c13f273990476a46b6efa6314701f2d) Importer(815301076,1909f56bfc062723c751e8b465ee728b) (PreviewImporter) -> (artifact id: '854e3d8f447e6bb8a7303901296ab8e6') in 0.0835494 seconds
Number of updated asset objects reloaded before import = 0Number of asset objects unloaded after import = 9

========================================================================
Received Import Request.
  Time since last request: 0.000036 seconds.
  path: Assets/Kit/DungeonKit/fantasy town/Models_int/FBX format/stairs-wide-wood.fbx
  artifactKey: Guid(45284ddc6ad4cd44da842638c30914f8) Importer(815301076,1909f56bfc062723c751e8b465ee728b)
Start importing Assets/Kit/DungeonKit/fantasy town/Models_int/FBX format/stairs-wide-wood.fbx using Guid(45284ddc6ad4cd44da842638c30914f8) Importer(815301076,1909f56bfc062723c751e8b465ee728b) (PreviewImporter) -> (artifact id: '87d5181ba37cad2f37507c2d9e9b6526') in 0.281161 seconds
Number of updated asset objects reloaded before import = 0Number of asset objects unloaded after import = 9

========================================================================
Received Import Request.
  Time since last request: 0.000045 seconds.
  path: Assets/Kit/DungeonKit/fantasy town/Models_int/FBX format/wall-arch-top.fbx
  artifactKey: Guid(3d7ff675833e9ac40a8c9ce77b56ee16) Importer(815301076,1909f56bfc062723c751e8b465ee728b)
Start importing Assets/Kit/DungeonKit/fantasy town/Models_int/FBX format/wall-arch-top.fbx using Guid(3d7ff675833e9ac40a8c9ce77b56ee16) Importer(815301076,1909f56bfc062723c751e8b465ee728b) (PreviewImporter) -> (artifact id: '2b741b3bc01c88a3e457c6b286057278') in 0.165965 seconds
Number of updated asset objects reloaded before import = 0Number of asset objects unloaded after import = 9

========================================================================
Received Import Request.
  Time since last request: 0.000034 seconds.
  path: Assets/Kit/DungeonKit/fantasy town/Models_int/FBX format/stall-green.fbx
  artifactKey: Guid(60b819ea001dd434db1e15596bb2c389) Importer(815301076,1909f56bfc062723c751e8b465ee728b)
Start importing Assets/Kit/DungeonKit/fantasy town/Models_int/FBX format/stall-green.fbx using Guid(60b819ea001dd434db1e15596bb2c389) Importer(815301076,1909f56bfc062723c751e8b465ee728b) (PreviewImporter) -> (artifact id: '48d7f3f4339e2889b091668d79d47d84') in 0.1490824 seconds
Number of updated asset objects reloaded before import = 0Number of asset objects unloaded after import = 9

========================================================================
Received Import Request.
  Time since last request: 0.000045 seconds.
  path: Assets/Kit/DungeonKit/fantasy town/Models_int/FBX format/stairs-wood.fbx
  artifactKey: Guid(98f2ab0b23330864ebc8a946b8ec7b0c) Importer(815301076,1909f56bfc062723c751e8b465ee728b)
Start importing Assets/Kit/DungeonKit/fantasy town/Models_int/FBX format/stairs-wood.fbx using Guid(98f2ab0b23330864ebc8a946b8ec7b0c) Importer(815301076,1909f56bfc062723c751e8b465ee728b) (PreviewImporter) -> (artifact id: '7de44fc770d4a7cb81977e014341945b') in 0.1184162 seconds
Number of updated asset objects reloaded before import = 0Number of asset objects unloaded after import = 9

========================================================================
Received Import Request.
  Time since last request: 0.000031 seconds.
  path: Assets/Kit/DungeonKit/fantasy town/Models_int/FBX format/wall-detail-cross.fbx
  artifactKey: Guid(a8853435181a81a498bb19f370d24247) Importer(815301076,1909f56bfc062723c751e8b465ee728b)
Start importing Assets/Kit/DungeonKit/fantasy town/Models_int/FBX format/wall-detail-cross.fbx using Guid(a8853435181a81a498bb19f370d24247) Importer(815301076,1909f56bfc062723c751e8b465ee728b) (PreviewImporter) -> (artifact id: '736b44a0e26e7b44550f5f8a4b48e224') in 0.1788954 seconds
Number of updated asset objects reloaded before import = 0Number of asset objects unloaded after import = 9

========================================================================
Received Import Request.
  Time since last request: 0.000033 seconds.
  path: Assets/Kit/DungeonKit/fantasy town/Models_int/FBX format/wall-broken.fbx
  artifactKey: Guid(b21e377d5926620478a4ee12a45a0e67) Importer(815301076,1909f56bfc062723c751e8b465ee728b)
Start importing Assets/Kit/DungeonKit/fantasy town/Models_int/FBX format/wall-broken.fbx using Guid(b21e377d5926620478a4ee12a45a0e67) Importer(815301076,1909f56bfc062723c751e8b465ee728b) (PreviewImporter) -> (artifact id: 'ae7353ce9d72a85f6d5c9937c1fa59ec') in 0.1373231 seconds
Number of updated asset objects reloaded before import = 0Number of asset objects unloaded after import = 9

========================================================================
Received Import Request.
  Time since last request: 0.000060 seconds.
  path: Assets/Kit/DungeonKit/fantasy town/Models_int/FBX format/wall-doorway-round.fbx
  artifactKey: Guid(50c8ed23d38ffb24eb2f4dd473a08e74) Importer(815301076,1909f56bfc062723c751e8b465ee728b)
Start importing Assets/Kit/DungeonKit/fantasy town/Models_int/FBX format/wall-doorway-round.fbx using Guid(50c8ed23d38ffb24eb2f4dd473a08e74) Importer(815301076,1909f56bfc062723c751e8b465ee728b) (PreviewImporter) -> (artifact id: '785f0eadf99e2c1e4220b97813f8041f') in 0.0594973 seconds
Number of updated asset objects reloaded before import = 0Number of asset objects unloaded after import = 9

========================================================================
Received Import Request.
  Time since last request: 0.000040 seconds.
  path: Assets/Kit/DungeonKit/fantasy town/Models_int/FBX format/stall-bench.fbx
  artifactKey: Guid(36bfc7e90a37bc244bf5fa2d05e7061b) Importer(815301076,1909f56bfc062723c751e8b465ee728b)
Start importing Assets/Kit/DungeonKit/fantasy town/Models_int/FBX format/stall-bench.fbx using Guid(36bfc7e90a37bc244bf5fa2d05e7061b) Importer(815301076,1909f56bfc062723c751e8b465ee728b) (PreviewImporter) -> (artifact id: 'b52bf89372b9a5d754dac60c2460e211') in 0.2742132 seconds
Number of updated asset objects reloaded before import = 0Number of asset objects unloaded after import = 9

========================================================================
Received Import Request.
  Time since last request: 0.000036 seconds.
  path: Assets/Kit/DungeonKit/fantasy town/Models_int/FBX format/wall-block.fbx
  artifactKey: Guid(e8bd65f8bc4e35e459c0f97a11181259) Importer(815301076,1909f56bfc062723c751e8b465ee728b)
Start importing Assets/Kit/DungeonKit/fantasy town/Models_int/FBX format/wall-block.fbx using Guid(e8bd65f8bc4e35e459c0f97a11181259) Importer(815301076,1909f56bfc062723c751e8b465ee728b) (PreviewImporter) -> (artifact id: 'ac32c898e134e244872d0c223a0c386d') in 0.3456179 seconds
Number of updated asset objects reloaded before import = 0Number of asset objects unloaded after import = 9

========================================================================
Received Import Request.
  Time since last request: 7890.252687 seconds.
  path: Assets/Kit/DungeonKit/fantasy town/Models_int/FBX format/balcony-wall-fence.fbx
  artifactKey: Guid(7d7dbcb2807749344988f7dfb4b768a5) Importer(815301076,1909f56bfc062723c751e8b465ee728b)
Start importing Assets/Kit/DungeonKit/fantasy town/Models_int/FBX format/balcony-wall-fence.fbx using Guid(7d7dbcb2807749344988f7dfb4b768a5) Importer(815301076,1909f56bfc062723c751e8b465ee728b) (PreviewImporter) -> (artifact id: 'b0115ad3448c6653793e96d3b3624487') in 0.21531 seconds
Number of updated asset objects reloaded before import = 0Number of asset objects unloaded after import = 9

========================================================================
Received Import Request.
  Time since last request: 0.000129 seconds.
  path: Assets/Kit/DungeonKit/fantasy town/Models_int/FBX format/banner-red.fbx
  artifactKey: Guid(144e1a0eb126d9f4493d8386504ba4df) Importer(815301076,1909f56bfc062723c751e8b465ee728b)
Start importing Assets/Kit/DungeonKit/fantasy town/Models_int/FBX format/banner-red.fbx using Guid(144e1a0eb126d9f4493d8386504ba4df) Importer(815301076,1909f56bfc062723c751e8b465ee728b) (PreviewImporter) -> (artifact id: 'a622ba01907697e0e5557c236caf6b53') in 0.1859587 seconds
Number of updated asset objects reloaded before import = 0Number of asset objects unloaded after import = 9

========================================================================
Received Import Request.
  Time since last request: 0.000057 seconds.
  path: Assets/Kit/DungeonKit/fantasy town/Models_int/FBX format/hedge-large-curved.fbx
  artifactKey: Guid(b704ff6400dfba54cae41068eddc135e) Importer(815301076,1909f56bfc062723c751e8b465ee728b)
Start importing Assets/Kit/DungeonKit/fantasy town/Models_int/FBX format/hedge-large-curved.fbx using Guid(b704ff6400dfba54cae41068eddc135e) Importer(815301076,1909f56bfc062723c751e8b465ee728b) (PreviewImporter) -> (artifact id: 'a67f3c5efbf9eb4d860d2a4fc9d122f9') in 0.0660505 seconds
Number of updated asset objects reloaded before import = 0Number of asset objects unloaded after import = 9

========================================================================
Received Import Request.
  Time since last request: 0.000032 seconds.
  path: Assets/Kit/DungeonKit/fantasy town/Models_int/FBX format/cart.fbx
  artifactKey: Guid(39eff699a900da547982c82cac438f6b) Importer(815301076,1909f56bfc062723c751e8b465ee728b)
Start importing Assets/Kit/DungeonKit/fantasy town/Models_int/FBX format/cart.fbx using Guid(39eff699a900da547982c82cac438f6b) Importer(815301076,1909f56bfc062723c751e8b465ee728b) (PreviewImporter) -> (artifact id: '254413e78d07c85c17a0c38cf6497dc0') in 0.0798763 seconds
Number of updated asset objects reloaded before import = 0Number of asset objects unloaded after import = 19

========================================================================
Received Import Request.
  Time since last request: 0.000046 seconds.
  path: Assets/Kit/DungeonKit/fantasy town/Models_int/FBX format/fountain-corner-inner-square.fbx
  artifactKey: Guid(534d6eae362de644d935541c24f26bee) Importer(815301076,1909f56bfc062723c751e8b465ee728b)
Start importing Assets/Kit/DungeonKit/fantasy town/Models_int/FBX format/fountain-corner-inner-square.fbx using Guid(534d6eae362de644d935541c24f26bee) Importer(815301076,1909f56bfc062723c751e8b465ee728b) (PreviewImporter) -> (artifact id: 'cf95d0d020efb47c2a1beeae3c297849') in 0.0765479 seconds
Number of updated asset objects reloaded before import = 0Number of asset objects unloaded after import = 15

========================================================================
Received Import Request.
  Time since last request: 0.000051 seconds.
  path: Assets/Kit/DungeonKit/fantasy town/Models_int/FBX format/fence-curved.fbx
  artifactKey: Guid(2a9471a5381a7984392f3b93354cb690) Importer(815301076,1909f56bfc062723c751e8b465ee728b)
Start importing Assets/Kit/DungeonKit/fantasy town/Models_int/FBX format/fence-curved.fbx using Guid(2a9471a5381a7984392f3b93354cb690) Importer(815301076,1909f56bfc062723c751e8b465ee728b) (PreviewImporter) -> (artifact id: '2483d628cf4fff89d41f3484624b48e1') in 0.0500165 seconds
Number of updated asset objects reloaded before import = 0Number of asset objects unloaded after import = 9

========================================================================
Received Import Request.
  Time since last request: 0.000036 seconds.
  path: Assets/Kit/DungeonKit/fantasy town/Models_int/FBX format/fence.fbx
  artifactKey: Guid(4bcbe930144d6b9449e7e54689eee165) Importer(815301076,1909f56bfc062723c751e8b465ee728b)
Start importing Assets/Kit/DungeonKit/fantasy town/Models_int/FBX format/fence.fbx using Guid(4bcbe930144d6b9449e7e54689eee165) Importer(815301076,1909f56bfc062723c751e8b465ee728b) (PreviewImporter) -> (artifact id: '8690abae9cf643079cc18739daad51f6') in 0.0482084 seconds
Number of updated asset objects reloaded before import = 0Number of asset objects unloaded after import = 9

========================================================================
Received Import Request.
  Time since last request: 0.000040 seconds.
  path: Assets/Kit/DungeonKit/fantasy town/Models_int/FBX format/fountain-square-detail.fbx
  artifactKey: Guid(164cd099b8469ed478a530a2c6c14d6b) Importer(815301076,1909f56bfc062723c751e8b465ee728b)
Start importing Assets/Kit/DungeonKit/fantasy town/Models_int/FBX format/fountain-square-detail.fbx using Guid(164cd099b8469ed478a530a2c6c14d6b) Importer(815301076,1909f56bfc062723c751e8b465ee728b) (PreviewImporter) -> (artifact id: '35956620ffd6251e86206ac5174edf14') in 0.0747117 seconds
Number of updated asset objects reloaded before import = 0Number of asset objects unloaded after import = 15

========================================================================
Received Import Request.
  Time since last request: 0.000048 seconds.
  path: Assets/Kit/DungeonKit/fantasy town/Models_int/FBX format/lantern.fbx
  artifactKey: Guid(337a151b0beb8ae49ac9c73e483e4dee) Importer(815301076,1909f56bfc062723c751e8b465ee728b)
Start importing Assets/Kit/DungeonKit/fantasy town/Models_int/FBX format/lantern.fbx using Guid(337a151b0beb8ae49ac9c73e483e4dee) Importer(815301076,1909f56bfc062723c751e8b465ee728b) (PreviewImporter) -> (artifact id: '496159da770bee937d72c149c0a765bd') in 0.0510437 seconds
Number of updated asset objects reloaded before import = 0Number of asset objects unloaded after import = 9

========================================================================
Received Import Request.
  Time since last request: 0.000055 seconds.
  path: Assets/Kit/DungeonKit/fantasy town/Models_int/FBX format/fence-gate.fbx
  artifactKey: Guid(e1008407d0f4ddd448006b7856ec9caf) Importer(815301076,1909f56bfc062723c751e8b465ee728b)
Start importing Assets/Kit/DungeonKit/fantasy town/Models_int/FBX format/fence-gate.fbx using Guid(e1008407d0f4ddd448006b7856ec9caf) Importer(815301076,1909f56bfc062723c751e8b465ee728b) (PreviewImporter) -> (artifact id: 'eef45fa4746e46c24b9aa78dc37ba1fb') in 0.064711 seconds
Number of updated asset objects reloaded before import = 0Number of asset objects unloaded after import = 14

========================================================================
Received Import Request.
  Time since last request: 0.000044 seconds.
  path: Assets/Kit/DungeonKit/fantasy town/Models_int/FBX format/chimney.fbx
  artifactKey: Guid(0e13538e7f8503849a3ec762b15d6112) Importer(815301076,1909f56bfc062723c751e8b465ee728b)
Start importing Assets/Kit/DungeonKit/fantasy town/Models_int/FBX format/chimney.fbx using Guid(0e13538e7f8503849a3ec762b15d6112) Importer(815301076,1909f56bfc062723c751e8b465ee728b) (PreviewImporter) -> (artifact id: '576244a5719ddbc22bc458e537626a50') in 0.0547785 seconds
Number of updated asset objects reloaded before import = 0Number of asset objects unloaded after import = 9

========================================================================
Received Import Request.
  Time since last request: 0.000049 seconds.
  path: Assets/Kit/DungeonKit/fantasy town/Models_int/FBX format/fountain-square.fbx
  artifactKey: Guid(b2aa3772d93ec4749a7adfee434470b3) Importer(815301076,1909f56bfc062723c751e8b465ee728b)
Start importing Assets/Kit/DungeonKit/fantasy town/Models_int/FBX format/fountain-square.fbx using Guid(b2aa3772d93ec4749a7adfee434470b3) Importer(815301076,1909f56bfc062723c751e8b465ee728b) (PreviewImporter) -> (artifact id: '2c3910b2d9e191e74ca20565a0a4f47f') in 0.0803294 seconds
Number of updated asset objects reloaded before import = 0Number of asset objects unloaded after import = 15

========================================================================
Received Import Request.
  Time since last request: 0.000076 seconds.
  path: Assets/Kit/DungeonKit/fantasy town/Models_int/FBX format/chimney-top.fbx
  artifactKey: Guid(3d31cda77a888d44bb29f49198f3931d) Importer(815301076,1909f56bfc062723c751e8b465ee728b)
Start importing Assets/Kit/DungeonKit/fantasy town/Models_int/FBX format/chimney-top.fbx using Guid(3d31cda77a888d44bb29f49198f3931d) Importer(815301076,1909f56bfc062723c751e8b465ee728b) (PreviewImporter) -> (artifact id: '8d11c1bbc63277921c60664aefcbefe5') in 0.0573919 seconds
Number of updated asset objects reloaded before import = 0Number of asset objects unloaded after import = 9

========================================================================
Received Import Request.
  Time since last request: 0.000065 seconds.
  path: Assets/Kit/DungeonKit/fantasy town/Models_int/FBX format/hedge.fbx
  artifactKey: Guid(dfe71b14b8aa8fd4facc8790a22aa0fb) Importer(815301076,1909f56bfc062723c751e8b465ee728b)
Start importing Assets/Kit/DungeonKit/fantasy town/Models_int/FBX format/hedge.fbx using Guid(dfe71b14b8aa8fd4facc8790a22aa0fb) Importer(815301076,1909f56bfc062723c751e8b465ee728b) (PreviewImporter) -> (artifact id: 'd7c4946f7160f9412a30bb49368e3e1d') in 0.0615878 seconds
Number of updated asset objects reloaded before import = 0Number of asset objects unloaded after import = 9

========================================================================
Received Import Request.
  Time since last request: 0.000049 seconds.
  path: Assets/Kit/DungeonKit/fantasy town/Models_int/FBX format/hedge-curved.fbx
  artifactKey: Guid(e44b0cdd80659844093e3951a2de6054) Importer(815301076,1909f56bfc062723c751e8b465ee728b)
Start importing Assets/Kit/DungeonKit/fantasy town/Models_int/FBX format/hedge-curved.fbx using Guid(e44b0cdd80659844093e3951a2de6054) Importer(815301076,1909f56bfc062723c751e8b465ee728b) (PreviewImporter) -> (artifact id: '037dc8adb21e47452260d0db13eed91f') in 0.0575742 seconds
Number of updated asset objects reloaded before import = 0Number of asset objects unloaded after import = 9

========================================================================
Received Import Request.
  Time since last request: 0.000062 seconds.
  path: Assets/Kit/DungeonKit/fantasy town/Models_int/FBX format/blade.fbx
  artifactKey: Guid(520138b17939e3145967bb14537a8f50) Importer(815301076,1909f56bfc062723c751e8b465ee728b)
Start importing Assets/Kit/DungeonKit/fantasy town/Models_int/FBX format/blade.fbx using Guid(520138b17939e3145967bb14537a8f50) Importer(815301076,1909f56bfc062723c751e8b465ee728b) (PreviewImporter) -> (artifact id: '0fda71c5b8a36f4b939c755e3af33f17') in 0.0513668 seconds
Number of updated asset objects reloaded before import = 0Number of asset objects unloaded after import = 9

========================================================================
Received Import Request.
  Time since last request: 19.666106 seconds.
  path: Assets/Kit/DungeonKit/fantasy town/Models_int/FBX format/wall-rounded.fbx
  artifactKey: Guid(050e714295c467146a62e1f948a3de6f) Importer(815301076,1909f56bfc062723c751e8b465ee728b)
Start importing Assets/Kit/DungeonKit/fantasy town/Models_int/FBX format/wall-rounded.fbx using Guid(050e714295c467146a62e1f948a3de6f) Importer(815301076,1909f56bfc062723c751e8b465ee728b) (PreviewImporter) -> (artifact id: '41f119a77bc1bc66714d7c5a97b566c8') in 0.0541321 seconds
Number of updated asset objects reloaded before import = 0Number of asset objects unloaded after import = 9

========================================================================
Received Import Request.
  Time since last request: 0.000080 seconds.
  path: Assets/Kit/DungeonKit/fantasy town/Models_int/FBX format/wall-window-glass.fbx
  artifactKey: Guid(e9bea679e31c0c04083dc3b259e88b95) Importer(815301076,1909f56bfc062723c751e8b465ee728b)
Start importing Assets/Kit/DungeonKit/fantasy town/Models_int/FBX format/wall-window-glass.fbx using Guid(e9bea679e31c0c04083dc3b259e88b95) Importer(815301076,1909f56bfc062723c751e8b465ee728b) (PreviewImporter) -> (artifact id: '9e886012560f92db1f1b71c0d12bc111') in 0.049392 seconds
Number of updated asset objects reloaded before import = 0Number of asset objects unloaded after import = 9

========================================================================
Received Import Request.
  Time since last request: 0.000053 seconds.
  path: Assets/Kit/DungeonKit/fantasy town/Models_int/FBX format/wall-side.fbx
  artifactKey: Guid(28f08ae34f487ed40abc85b59c8d9669) Importer(815301076,1909f56bfc062723c751e8b465ee728b)
Start importing Assets/Kit/DungeonKit/fantasy town/Models_int/FBX format/wall-side.fbx using Guid(28f08ae34f487ed40abc85b59c8d9669) Importer(815301076,1909f56bfc062723c751e8b465ee728b) (PreviewImporter) -> (artifact id: '4061495bcada01d8b68fe6aad0027c01') in 0.0536029 seconds
Number of updated asset objects reloaded before import = 0Number of asset objects unloaded after import = 9

========================================================================
Received Import Request.
  Time since last request: 0.000041 seconds.
  path: Assets/Kit/DungeonKit/fantasy town/Models_int/FBX format/wall-wood.fbx
  artifactKey: Guid(388c917f9107e744581a735f36d3aa18) Importer(815301076,1909f56bfc062723c751e8b465ee728b)
Start importing Assets/Kit/DungeonKit/fantasy town/Models_int/FBX format/wall-wood.fbx using Guid(388c917f9107e744581a735f36d3aa18) Importer(815301076,1909f56bfc062723c751e8b465ee728b) (PreviewImporter) -> (artifact id: 'f015ff09d4ce176b7b35e9487654b76c') in 0.0538133 seconds
Number of updated asset objects reloaded before import = 0Number of asset objects unloaded after import = 9

========================================================================
Received Import Request.
  Time since last request: 0.000042 seconds.
  path: Assets/Kit/DungeonKit/fantasy town/Models_int/FBX format/wall-wood-arch.fbx
  artifactKey: Guid(e696556548f870d4a93a68d81f569124) Importer(815301076,1909f56bfc062723c751e8b465ee728b)
Start importing Assets/Kit/DungeonKit/fantasy town/Models_int/FBX format/wall-wood-arch.fbx using Guid(e696556548f870d4a93a68d81f569124) Importer(815301076,1909f56bfc062723c751e8b465ee728b) (PreviewImporter) -> (artifact id: 'd3d16cd3ecdbb029d2fd5f5a8cfdb174') in 0.0552961 seconds
Number of updated asset objects reloaded before import = 0Number of asset objects unloaded after import = 9

========================================================================
Received Import Request.
  Time since last request: 0.000071 seconds.
  path: Assets/Kit/DungeonKit/fantasy town/Models_int/FBX format/wall-window-stone.fbx
  artifactKey: Guid(ecc1d1d4a388fda44bb4d81cea8f017f) Importer(815301076,1909f56bfc062723c751e8b465ee728b)
Start importing Assets/Kit/DungeonKit/fantasy town/Models_int/FBX format/wall-window-stone.fbx using Guid(ecc1d1d4a388fda44bb4d81cea8f017f) Importer(815301076,1909f56bfc062723c751e8b465ee728b) (PreviewImporter) -> (artifact id: '0f76afdd0b77653d4adb1680eba6dd47') in 0.0563347 seconds
Number of updated asset objects reloaded before import = 0Number of asset objects unloaded after import = 9

Editor requested this worker to shutdown with reason: Scaling down because of idle timeout
AssetImportWorker is now disconnected from the server
Process exiting
Exiting without the bug reporter. Application will terminate with return code 0