Using pre-set license
Built from '6000.0/staging' branch; Version is '6000.0.24f1 (11fa355cd605) revision 1178165'; Using compiler version '193933523'; Build Type 'Release'
OS: 'Windows 11  (10.0.26200) 64bit Core' Language: 'es' Physical Memory: 15917 MB
BatchMode: 1, IsHumanControllingUs: 0, StartBugReporterOnCrash: 0, Is64bit: 1, IsPro: 1

COMMAND LINE ARGUMENTS:
C:\Program Files\Unity 6000.0.24f1\Editor\Unity.exe
-adb2
-batchMode
-noUpm
-name
AssetImportWorker45
-projectPath
C:/Users/Diego/Desktop/Diego/Github/CreadorDeObjetos/My Creator Game
-logFile
Logs/AssetImportWorker45.log
-srvPort
58382
-job-worker-count
10
-background-job-worker-count
8
-asset-garbage-collectors
1
Successfully changed project path to: C:/Users/Diego/Desktop/Diego/Github/CreadorDeObjetos/My Creator Game
C:/Users/Diego/Desktop/Diego/Github/CreadorDeObjetos/My Creator Game
[UnityMemory] Configuration Parameters - Can be set up in boot.config
    "memorysetup-bucket-allocator-granularity=16"
    "memorysetup-bucket-allocator-bucket-count=8"
    "memorysetup-bucket-allocator-block-size=33554432"
    "memorysetup-bucket-allocator-block-count=8"
    "memorysetup-main-allocator-block-size=16777216"
    "memorysetup-thread-allocator-block-size=16777216"
    "memorysetup-gfx-main-allocator-block-size=16777216"
    "memorysetup-gfx-thread-allocator-block-size=16777216"
    "memorysetup-cache-allocator-block-size=4194304"
    "memorysetup-typetree-allocator-block-size=2097152"
    "memorysetup-profiler-bucket-allocator-granularity=16"
    "memorysetup-profiler-bucket-allocator-bucket-count=8"
    "memorysetup-profiler-bucket-allocator-block-size=33554432"
    "memorysetup-profiler-bucket-allocator-block-count=8"
    "memorysetup-profiler-allocator-block-size=16777216"
    "memorysetup-profiler-editor-allocator-block-size=1048576"
    "memorysetup-temp-allocator-size-main=16777216"
    "memorysetup-job-temp-allocator-block-size=2097152"
    "memorysetup-job-temp-allocator-block-size-background=1048576"
    "memorysetup-job-temp-allocator-reduction-small-platforms=262144"
    "memorysetup-allocator-temp-initial-block-size-main=262144"
    "memorysetup-allocator-temp-initial-block-size-worker=262144"
    "memorysetup-temp-allocator-size-background-worker=32768"
    "memorysetup-temp-allocator-size-job-worker=262144"
    "memorysetup-temp-allocator-size-preload-manager=33554432"
    "memorysetup-temp-allocator-size-nav-mesh-worker=65536"
    "memorysetup-temp-allocator-size-audio-worker=65536"
    "memorysetup-temp-allocator-size-cloud-worker=32768"
    "memorysetup-temp-allocator-size-gi-baking-worker=262144"
    "memorysetup-temp-allocator-size-gi-baking-worker=262144"
    "memorysetup-temp-allocator-size-gi-baking-worker=262144"
    "memorysetup-temp-allocator-size-gi-baking-worker=262144"
    "memorysetup-temp-allocator-size-gi-baking-worker=262144"
    "memorysetup-temp-allocator-size-gfx=262144"
Player connection [34180]  Target information:

Player connection [34180]  * "[IP] 192.168.1.54 [Port] 0 [Flags] 2 [Guid] 1205006049 [EditorId] 1205006049 [Version] 1048832 [Id] WindowsEditor(7,Asus-Zenbook-14) [Debug] 1 [PackageName] WindowsEditor [ProjectName] Editor" 

Player connection [34180] Host joined multi-casting on [225.0.0.222:54997]...
Player connection [34180] Host joined alternative multi-casting on [225.0.0.222:34997]...
JobSystem: Creating JobQueue using job-worker-count value 10
[Physics::Module] Initialized fallback backend.
[Physics::Module] Id: 0xdecafbad
Library Redirect Path: Library/
[Physics::Module] Selected backend.
[Physics::Module] Name: PhysX
[Physics::Module] Id: 0xf2b8ea05
[Physics::Module] SDK Version: 4.1.2
[Physics::Module] Integration Version: 1.0.0
[Physics::Module] Threading Mode: Multi-Threaded
Refreshing native plugins compatible for Editor in 2.43 ms, found 3 plugins.
Preloading 0 native plugins for Editor in 0.00 ms.
Initialize engine version: 6000.0.24f1 (11fa355cd605)
[Subsystems] Discovering subsystems at path C:/Program Files/Unity 6000.0.24f1/Editor/Data/Resources/UnitySubsystems
[Subsystems] Discovering subsystems at path C:/Users/Diego/Desktop/Diego/Github/CreadorDeObjetos/My Creator Game/Assets
GfxDevice: creating device client; kGfxThreadingModeNonThreaded
Direct3D:
    Version:  Direct3D 11.0 [level 11.1]
    Renderer: Intel(R) Arc(TM) Graphics (ID=0x7d55)
    Vendor:   Intel
    VRAM:     9073 MB
    Driver:   32.0.101.6314
Initialize mono
Mono path[0] = 'C:/Program Files/Unity 6000.0.24f1/Editor/Data/Managed'
Mono path[1] = 'C:/Program Files/Unity 6000.0.24f1/Editor/Data/MonoBleedingEdge/lib/mono/unityjit-win32'
Mono config path = 'C:/Program Files/Unity 6000.0.24f1/Editor/Data/MonoBleedingEdge/etc'
Using monoOptions --debugger-agent=transport=dt_socket,embedding=1,server=y,suspend=n,address=127.0.0.1:56056
Begin MonoManager ReloadAssembly
Registering precompiled unity dll's ...
Register platform support module: C:/Program Files/Unity 6000.0.24f1/Editor/Data/PlaybackEngines/WindowsStandaloneSupport/UnityEditor.WindowsStandalone.Extensions.dll
Registered in 0.007016 seconds.
- Loaded All Assemblies, in  0.597 seconds
Native extension for WindowsStandalone target not found
Mono: successfully reloaded assembly
- Finished resetting the current domain, in  0.534 seconds
Domain Reload Profiling: 1126ms
	BeginReloadAssembly (205ms)
		ExecutionOrderSort (0ms)
		DisableScriptedObjects (0ms)
		BackupInstance (0ms)
		ReleaseScriptingObjects (0ms)
		CreateAndSetChildDomain (1ms)
	RebuildCommonClasses (52ms)
	RebuildNativeTypeToScriptingClass (17ms)
	initialDomainReloadingComplete (86ms)
	LoadAllAssembliesAndSetupDomain (231ms)
		LoadAssemblies (199ms)
		RebuildTransferFunctionScriptingTraits (0ms)
		AnalyzeDomain (227ms)
			TypeCache.Refresh (223ms)
				TypeCache.ScanAssembly (200ms)
			BuildScriptInfoCaches (0ms)
			ResolveRequiredComponents (1ms)
	FinalizeReload (535ms)
		ReleaseScriptCaches (0ms)
		RebuildScriptCaches (0ms)
		SetupLoadedEditorAssemblies (470ms)
			LogAssemblyErrors (0ms)
			InitializePlatformSupportModulesInManaged (43ms)
			SetLoadedEditorAssemblies (7ms)
			BeforeProcessingInitializeOnLoad (9ms)
			ProcessInitializeOnLoadAttributes (317ms)
			ProcessInitializeOnLoadMethodAttributes (91ms)
			AfterProcessingInitializeOnLoad (3ms)
			EditorAssembliesLoaded (0ms)
		ExecutionOrderSort2 (0ms)
		AwakeInstancesAfterBackupRestoration (0ms)
========================================================================
Worker process is ready to serve import requests
Import Worker Mode flag is 0x00
Begin MonoManager ReloadAssembly
- Loaded All Assemblies, in  1.899 seconds
Refreshing native plugins compatible for Editor in 1.40 ms, found 3 plugins.
Native extension for WindowsStandalone target not found
Missing types referenced from component UniversalRenderPipelineGlobalSettings on game object UniversalRenderPipelineGlobalSettings:
	UnityEngine.Rendering.Universal.UniversalRenderPipelineEditorAssets, Unity.RenderPipelines.Universal.Runtime (1 object)
Mono: successfully reloaded assembly
- Finished resetting the current domain, in  1.044 seconds
Domain Reload Profiling: 2937ms
	BeginReloadAssembly (989ms)
		ExecutionOrderSort (0ms)
		DisableScriptedObjects (5ms)
		BackupInstance (0ms)
		ReleaseScriptingObjects (0ms)
		CreateAndSetChildDomain (31ms)
	RebuildCommonClasses (37ms)
	RebuildNativeTypeToScriptingClass (11ms)
	initialDomainReloadingComplete (48ms)
	LoadAllAssembliesAndSetupDomain (807ms)
		LoadAssemblies (642ms)
		RebuildTransferFunctionScriptingTraits (0ms)
		AnalyzeDomain (272ms)
			TypeCache.Refresh (175ms)
				TypeCache.ScanAssembly (160ms)
			BuildScriptInfoCaches (82ms)
			ResolveRequiredComponents (12ms)
	FinalizeReload (1045ms)
		ReleaseScriptCaches (0ms)
		RebuildScriptCaches (0ms)
		SetupLoadedEditorAssemblies (735ms)
			LogAssemblyErrors (0ms)
			InitializePlatformSupportModulesInManaged (3ms)
			SetLoadedEditorAssemblies (6ms)
			BeforeProcessingInitializeOnLoad (92ms)
			ProcessInitializeOnLoadAttributes (488ms)
			ProcessInitializeOnLoadMethodAttributes (135ms)
			AfterProcessingInitializeOnLoad (11ms)
			EditorAssembliesLoaded (0ms)
		ExecutionOrderSort2 (0ms)
		AwakeInstancesAfterBackupRestoration (9ms)
Launched and connected shader compiler UnityShaderCompiler.exe after 0.02 seconds
Refreshing native plugins compatible for Editor in 2.04 ms, found 3 plugins.
Preloading 0 native plugins for Editor in 0.00 ms.
Unloading 212 Unused Serialized files (Serialized files now loaded: 0)
Unloading 6089 unused Assets / (4.2 MB). Loaded Objects now: 6874.
Memory consumption went from 204.4 MB to 200.2 MB.
Total: 12.168000 ms (FindLiveObjects: 0.733200 ms CreateObjectMapping: 0.424400 ms MarkObjects: 7.689700 ms  DeleteObjects: 3.317800 ms)

========================================================================
Received Import Request.
  Time since last request: 59777.940019 seconds.
  path: Assets/Kit/DungeonKit/fantasy town/Models_int/FBX format/wall-doorway-square.fbx
  artifactKey: Guid(c0bc13fcfa2f1b4488e2c4ff0df438b2) Importer(815301076,1909f56bfc062723c751e8b465ee728b)
Start importing Assets/Kit/DungeonKit/fantasy town/Models_int/FBX format/wall-doorway-square.fbx using Guid(c0bc13fcfa2f1b4488e2c4ff0df438b2) Importer(815301076,1909f56bfc062723c751e8b465ee728b) (PreviewImporter) -> (artifact id: '8fe05483ace196a714a2c3fb8c59a442') in 0.7546839 seconds
Number of updated asset objects reloaded before import = 0Number of asset objects unloaded after import = 9

========================================================================
Received Import Request.
  Time since last request: 94.553679 seconds.
  path: Assets/Kit/Enviroment/enviroment tower defense/Models/FBX format/detail-crystal.fbx
  artifactKey: Guid(8f8c0ff52fa28654280284b2e5781b97) Importer(815301076,1909f56bfc062723c751e8b465ee728b)
Start importing Assets/Kit/Enviroment/enviroment tower defense/Models/FBX format/detail-crystal.fbx using Guid(8f8c0ff52fa28654280284b2e5781b97) Importer(815301076,1909f56bfc062723c751e8b465ee728b) (PreviewImporter) -> (artifact id: '9d86f3ec8c52a25592aee2859490fb4b') in 0.0720536 seconds
Number of updated asset objects reloaded before import = 0Number of asset objects unloaded after import = 9

========================================================================
Received Import Request.
  Time since last request: 0.000036 seconds.
  path: Assets/Kit/Enviroment/enviroment tower defense/Models/FBX format/enemy-ufo-d-weapon.fbx
  artifactKey: Guid(cc1446a0f5b483d4fbf5f44acb5c4c85) Importer(815301076,1909f56bfc062723c751e8b465ee728b)
Start importing Assets/Kit/Enviroment/enviroment tower defense/Models/FBX format/enemy-ufo-d-weapon.fbx using Guid(cc1446a0f5b483d4fbf5f44acb5c4c85) Importer(815301076,1909f56bfc062723c751e8b465ee728b) (PreviewImporter) -> (artifact id: '10dd1d183d24426fae95364ff5c6ba9e') in 0.1603475 seconds
Number of updated asset objects reloaded before import = 0Number of asset objects unloaded after import = 14

========================================================================
Received Import Request.
  Time since last request: 0.000044 seconds.
  path: Assets/Kit/Enviroment/enviroment tower defense/Models/FBX format/selection-a.fbx
  artifactKey: Guid(d94386ea813569f4da466c6ca5f99460) Importer(815301076,1909f56bfc062723c751e8b465ee728b)
Start importing Assets/Kit/Enviroment/enviroment tower defense/Models/FBX format/selection-a.fbx using Guid(d94386ea813569f4da466c6ca5f99460) Importer(815301076,1909f56bfc062723c751e8b465ee728b) (PreviewImporter) -> (artifact id: '83db227a9d1253f2f724c7c42ae5a4dd') in 0.0945517 seconds
Number of updated asset objects reloaded before import = 0Number of asset objects unloaded after import = 9

========================================================================
Received Import Request.
  Time since last request: 0.000038 seconds.
  path: Assets/Kit/Enviroment/enviroment tower defense/Models/FBX format/snow-detail-crystal-large.fbx
  artifactKey: Guid(d3dd18a6242230d41944c1a7bd780724) Importer(815301076,1909f56bfc062723c751e8b465ee728b)
Start importing Assets/Kit/Enviroment/enviroment tower defense/Models/FBX format/snow-detail-crystal-large.fbx using Guid(d3dd18a6242230d41944c1a7bd780724) Importer(815301076,1909f56bfc062723c751e8b465ee728b) (PreviewImporter) -> (artifact id: 'a7b4c98f352e9824af741123dbfc39c3') in 0.0962705 seconds
Number of updated asset objects reloaded before import = 0Number of asset objects unloaded after import = 9

========================================================================
Received Import Request.
  Time since last request: 0.000033 seconds.
  path: Assets/Kit/Enviroment/enviroment tower defense/Models/FBX format/enemy-ufo-b-weapon.fbx
  artifactKey: Guid(6055c64eb6ef2624eac1fdff4dce9872) Importer(815301076,1909f56bfc062723c751e8b465ee728b)
Start importing Assets/Kit/Enviroment/enviroment tower defense/Models/FBX format/enemy-ufo-b-weapon.fbx using Guid(6055c64eb6ef2624eac1fdff4dce9872) Importer(815301076,1909f56bfc062723c751e8b465ee728b) (PreviewImporter) -> (artifact id: 'e2e48c3a0965c4b0a07f4073e65e5698') in 0.0600268 seconds
Number of updated asset objects reloaded before import = 0Number of asset objects unloaded after import = 14

========================================================================
Received Import Request.
  Time since last request: 0.000043 seconds.
  path: Assets/Kit/Enviroment/enviroment tower defense/Models/FBX format/snow-detail-dirt.fbx
  artifactKey: Guid(5c47bae09cd219d4c8c13d22a26d1286) Importer(815301076,1909f56bfc062723c751e8b465ee728b)
Start importing Assets/Kit/Enviroment/enviroment tower defense/Models/FBX format/snow-detail-dirt.fbx using Guid(5c47bae09cd219d4c8c13d22a26d1286) Importer(815301076,1909f56bfc062723c751e8b465ee728b) (PreviewImporter) -> (artifact id: '6b80d45be02a86317fb14cc3b0cb2000') in 0.0388554 seconds
Number of updated asset objects reloaded before import = 0Number of asset objects unloaded after import = 9

========================================================================
Received Import Request.
  Time since last request: 0.000045 seconds.
  path: Assets/Kit/Enviroment/enviroment tower defense/Models/FBX format/snow-detail-tree-large.fbx
  artifactKey: Guid(766d69e76bcb32344b4fc9bcfb0010c5) Importer(815301076,1909f56bfc062723c751e8b465ee728b)
Start importing Assets/Kit/Enviroment/enviroment tower defense/Models/FBX format/snow-detail-tree-large.fbx using Guid(766d69e76bcb32344b4fc9bcfb0010c5) Importer(815301076,1909f56bfc062723c751e8b465ee728b) (PreviewImporter) -> (artifact id: '7d39a2f602510a4f0b7bebb0d611d59e') in 0.0406854 seconds
Number of updated asset objects reloaded before import = 0Number of asset objects unloaded after import = 9

========================================================================
Received Import Request.
  Time since last request: 0.000030 seconds.
  path: Assets/Kit/Enviroment/enviroment tower defense/Models/FBX format/detail-tree.fbx
  artifactKey: Guid(6fb437aef45d97141878ebcac4f952f7) Importer(815301076,1909f56bfc062723c751e8b465ee728b)
Start importing Assets/Kit/Enviroment/enviroment tower defense/Models/FBX format/detail-tree.fbx using Guid(6fb437aef45d97141878ebcac4f952f7) Importer(815301076,1909f56bfc062723c751e8b465ee728b) (PreviewImporter) -> (artifact id: '58f3e873e4714ab922c414261ef66d6d') in 0.0471372 seconds
Number of updated asset objects reloaded before import = 0Number of asset objects unloaded after import = 9

========================================================================
Received Import Request.
  Time since last request: 0.000044 seconds.
  path: Assets/Kit/Enviroment/enviroment tower defense/Models/FBX format/enemy-ufo-beam-burst.fbx
  artifactKey: Guid(8b0af6c57651d434a9dca76bee425083) Importer(815301076,1909f56bfc062723c751e8b465ee728b)
Start importing Assets/Kit/Enviroment/enviroment tower defense/Models/FBX format/enemy-ufo-beam-burst.fbx using Guid(8b0af6c57651d434a9dca76bee425083) Importer(815301076,1909f56bfc062723c751e8b465ee728b) (PreviewImporter) -> (artifact id: '6ded08b4d7c0c4f43f5bc703df0bd812') in 0.0434958 seconds
Number of updated asset objects reloaded before import = 0Number of asset objects unloaded after import = 9

========================================================================
Received Import Request.
  Time since last request: 0.000039 seconds.
  path: Assets/Kit/Enviroment/enviroment tower defense/Models/FBX format/selection-b.fbx
  artifactKey: Guid(7dcb93a603f466b4a90d50189d8446a1) Importer(815301076,1909f56bfc062723c751e8b465ee728b)
Start importing Assets/Kit/Enviroment/enviroment tower defense/Models/FBX format/selection-b.fbx using Guid(7dcb93a603f466b4a90d50189d8446a1) Importer(815301076,1909f56bfc062723c751e8b465ee728b) (PreviewImporter) -> (artifact id: 'd823f06cee3e184c876e647905430a19') in 0.0425107 seconds
Number of updated asset objects reloaded before import = 0Number of asset objects unloaded after import = 9

========================================================================
Received Import Request.
  Time since last request: 0.000034 seconds.
  path: Assets/Kit/Enviroment/enviroment tower defense/Models/FBX format/snow-detail-dirt-large.fbx
  artifactKey: Guid(efaa6a23e717f4a44b3c8120ea477fe7) Importer(815301076,1909f56bfc062723c751e8b465ee728b)
Start importing Assets/Kit/Enviroment/enviroment tower defense/Models/FBX format/snow-detail-dirt-large.fbx using Guid(efaa6a23e717f4a44b3c8120ea477fe7) Importer(815301076,1909f56bfc062723c751e8b465ee728b) (PreviewImporter) -> (artifact id: 'e0405a9fc6a44784ad486e73a067b323') in 0.0455298 seconds
Number of updated asset objects reloaded before import = 0Number of asset objects unloaded after import = 9

========================================================================
Received Import Request.
  Time since last request: 0.000030 seconds.
  path: Assets/Kit/Enviroment/enviroment tower defense/Models/FBX format/detail-dirt-large.fbx
  artifactKey: Guid(9ec3a8821ab76ed49a959055af567a0c) Importer(815301076,1909f56bfc062723c751e8b465ee728b)
Start importing Assets/Kit/Enviroment/enviroment tower defense/Models/FBX format/detail-dirt-large.fbx using Guid(9ec3a8821ab76ed49a959055af567a0c) Importer(815301076,1909f56bfc062723c751e8b465ee728b) (PreviewImporter) -> (artifact id: 'ddf80eb2235e9e97a06dd18d5bc6b947') in 0.0461221 seconds
Number of updated asset objects reloaded before import = 0Number of asset objects unloaded after import = 9

========================================================================
Received Import Request.
  Time since last request: 0.000034 seconds.
  path: Assets/Kit/Enviroment/enviroment tower defense/Models/FBX format/enemy-ufo-d.fbx
  artifactKey: Guid(f427357f54b35374a857e4a6df48cb1c) Importer(815301076,1909f56bfc062723c751e8b465ee728b)
Start importing Assets/Kit/Enviroment/enviroment tower defense/Models/FBX format/enemy-ufo-d.fbx using Guid(f427357f54b35374a857e4a6df48cb1c) Importer(815301076,1909f56bfc062723c751e8b465ee728b) (PreviewImporter) -> (artifact id: '0088671b4ce4801669aa6287ba43ae53') in 0.0508745 seconds
Number of updated asset objects reloaded before import = 0Number of asset objects unloaded after import = 9

========================================================================
Received Import Request.
  Time since last request: 0.000054 seconds.
  path: Assets/Kit/Enviroment/enviroment tower defense/Models/FBX format/snow-detail-rocks-large.fbx
  artifactKey: Guid(728e9103f4735ac45a332684a699ec23) Importer(815301076,1909f56bfc062723c751e8b465ee728b)
Start importing Assets/Kit/Enviroment/enviroment tower defense/Models/FBX format/snow-detail-rocks-large.fbx using Guid(728e9103f4735ac45a332684a699ec23) Importer(815301076,1909f56bfc062723c751e8b465ee728b) (PreviewImporter) -> (artifact id: 'f8b0821e50421d2399945b855d8d8262') in 0.0466684 seconds
Number of updated asset objects reloaded before import = 0Number of asset objects unloaded after import = 9

========================================================================
Received Import Request.
  Time since last request: 27.289446 seconds.
  path: Assets/Kit/Enviroment/enviroment tower defense/Models/FBX format/snow-tile.fbx
  artifactKey: Guid(b593b0f5e19562f48bd60501c9d1b437) Importer(815301076,1909f56bfc062723c751e8b465ee728b)
Start importing Assets/Kit/Enviroment/enviroment tower defense/Models/FBX format/snow-tile.fbx using Guid(b593b0f5e19562f48bd60501c9d1b437) Importer(815301076,1909f56bfc062723c751e8b465ee728b) (PreviewImporter) -> (artifact id: '265c0fd904641e8377bad8f36b2fa94c') in 0.0568949 seconds
Number of updated asset objects reloaded before import = 0Number of asset objects unloaded after import = 9

========================================================================
Received Import Request.
  Time since last request: 16.811433 seconds.
  path: Assets/Kit/Enviroment/enviroment tower defense/Models/FBX format/snow-tile-corner-large.fbx
  artifactKey: Guid(34287bb81a6f1eb40963dcf4cfc6f4a4) Importer(815301076,1909f56bfc062723c751e8b465ee728b)
Start importing Assets/Kit/Enviroment/enviroment tower defense/Models/FBX format/snow-tile-corner-large.fbx using Guid(34287bb81a6f1eb40963dcf4cfc6f4a4) Importer(815301076,1909f56bfc062723c751e8b465ee728b) (PreviewImporter) -> (artifact id: '1b7271a5d645109e0f43f0be5dda0215') in 0.083463 seconds
Number of updated asset objects reloaded before import = 0Number of asset objects unloaded after import = 9

========================================================================
Received Import Request.
  Time since last request: 0.242731 seconds.
  path: Assets/Kit/Enviroment/enviroment tower defense/Models/FBX format/snow-tile-crystal.fbx
  artifactKey: Guid(a63cc20a96c551a43b89a81f7f2f5c2d) Importer(815301076,1909f56bfc062723c751e8b465ee728b)
Start importing Assets/Kit/Enviroment/enviroment tower defense/Models/FBX format/snow-tile-crystal.fbx using Guid(a63cc20a96c551a43b89a81f7f2f5c2d) Importer(815301076,1909f56bfc062723c751e8b465ee728b) (PreviewImporter) -> (artifact id: '28a9cb204228fb46176ff1b337c88bdd') in 0.3113646 seconds
Number of updated asset objects reloaded before import = 0Number of asset objects unloaded after import = 9

========================================================================
Received Import Request.
  Time since last request: 0.000032 seconds.
  path: Assets/Kit/Enviroment/enviroment tower defense/Models/FBX format/snow-tile-hill.fbx
  artifactKey: Guid(dede85adeba5f914d95f1ddf28c6089e) Importer(815301076,1909f56bfc062723c751e8b465ee728b)
Start importing Assets/Kit/Enviroment/enviroment tower defense/Models/FBX format/snow-tile-hill.fbx using Guid(dede85adeba5f914d95f1ddf28c6089e) Importer(815301076,1909f56bfc062723c751e8b465ee728b) (PreviewImporter) -> (artifact id: 'd2b6e53b34b8a1823f7a3910e5a71904') in 0.2428678 seconds
Number of updated asset objects reloaded before import = 0Number of asset objects unloaded after import = 9

========================================================================
Received Import Request.
  Time since last request: 0.000045 seconds.
  path: Assets/Kit/Enviroment/enviroment tower defense/Models/FBX format/snow-tile-tree-double.fbx
  artifactKey: Guid(4fbd8ae7e0037ce418d84b2fbb819133) Importer(815301076,1909f56bfc062723c751e8b465ee728b)
Start importing Assets/Kit/Enviroment/enviroment tower defense/Models/FBX format/snow-tile-tree-double.fbx using Guid(4fbd8ae7e0037ce418d84b2fbb819133) Importer(815301076,1909f56bfc062723c751e8b465ee728b) (PreviewImporter) -> (artifact id: '29511d93e39309db9895c084b00c0a65') in 0.2438389 seconds
Number of updated asset objects reloaded before import = 0Number of asset objects unloaded after import = 9

========================================================================
Received Import Request.
  Time since last request: 0.000034 seconds.
  path: Assets/Kit/Enviroment/enviroment tower defense/Models/FBX format/snow-tile-straight.fbx
  artifactKey: Guid(b1399838631fea644af7be417473f895) Importer(815301076,1909f56bfc062723c751e8b465ee728b)
Start importing Assets/Kit/Enviroment/enviroment tower defense/Models/FBX format/snow-tile-straight.fbx using Guid(b1399838631fea644af7be417473f895) Importer(815301076,1909f56bfc062723c751e8b465ee728b) (PreviewImporter) -> (artifact id: 'a4a66a8e17f06350f839034d9de463a4') in 0.117113 seconds
Number of updated asset objects reloaded before import = 0Number of asset objects unloaded after import = 9

========================================================================
Received Import Request.
  Time since last request: 0.708085 seconds.
  path: Assets/Kit/Enviroment/enviroment tower defense/Models/FBX format/snow-tile-tree-quad.fbx
  artifactKey: Guid(8ba17d50c7d36d045a6c66027ce72344) Importer(815301076,1909f56bfc062723c751e8b465ee728b)
Start importing Assets/Kit/Enviroment/enviroment tower defense/Models/FBX format/snow-tile-tree-quad.fbx using Guid(8ba17d50c7d36d045a6c66027ce72344) Importer(815301076,1909f56bfc062723c751e8b465ee728b) (PreviewImporter) -> (artifact id: '34ba242462caae41cf7f443e80d89936') in 0.1305367 seconds
Number of updated asset objects reloaded before import = 0Number of asset objects unloaded after import = 9

========================================================================
Received Import Request.
  Time since last request: 0.000036 seconds.
  path: Assets/Kit/Enviroment/enviroment tower defense/Models/FBX format/spawn-square.fbx
  artifactKey: Guid(0619395a330af1c41952bba288bf3bbe) Importer(815301076,1909f56bfc062723c751e8b465ee728b)
Start importing Assets/Kit/Enviroment/enviroment tower defense/Models/FBX format/spawn-square.fbx using Guid(0619395a330af1c41952bba288bf3bbe) Importer(815301076,1909f56bfc062723c751e8b465ee728b) (PreviewImporter) -> (artifact id: '4334ee61b51249a9017fc1568bf69dcb') in 0.1750943 seconds
Number of updated asset objects reloaded before import = 0Number of asset objects unloaded after import = 9

========================================================================
Received Import Request.
  Time since last request: 0.000057 seconds.
  path: Assets/Kit/Enviroment/enviroment tower defense/Models/FBX format/snow-wood-structure-high.fbx
  artifactKey: Guid(a1ea52f1c3731b4419cc7d2dc64a9758) Importer(815301076,1909f56bfc062723c751e8b465ee728b)
Start importing Assets/Kit/Enviroment/enviroment tower defense/Models/FBX format/snow-wood-structure-high.fbx using Guid(a1ea52f1c3731b4419cc7d2dc64a9758) Importer(815301076,1909f56bfc062723c751e8b465ee728b) (PreviewImporter) -> (artifact id: 'fb66620a443038d702b9454a03717914') in 0.1309482 seconds
Number of updated asset objects reloaded before import = 0Number of asset objects unloaded after import = 9

========================================================================
Received Import Request.
  Time since last request: 0.046922 seconds.
  path: Assets/Kit/Enviroment/enviroment tower defense/Models/FBX format/tile-corner-outer.fbx
  artifactKey: Guid(a3885b7ce9ef73d43b606a6b8642f04f) Importer(815301076,1909f56bfc062723c751e8b465ee728b)
Start importing Assets/Kit/Enviroment/enviroment tower defense/Models/FBX format/tile-corner-outer.fbx using Guid(a3885b7ce9ef73d43b606a6b8642f04f) Importer(815301076,1909f56bfc062723c751e8b465ee728b) (PreviewImporter) -> (artifact id: 'b2e0b980f40335548b9566af74c96288') in 0.1827497 seconds
Number of updated asset objects reloaded before import = 0Number of asset objects unloaded after import = 9

========================================================================
Received Import Request.
  Time since last request: 0.000030 seconds.
  path: Assets/Kit/Enviroment/enviroment tower defense/Models/FBX format/tile-slope.fbx
  artifactKey: Guid(b9b7da3af7c86e6468de37e271b4539d) Importer(815301076,1909f56bfc062723c751e8b465ee728b)
Start importing Assets/Kit/Enviroment/enviroment tower defense/Models/FBX format/tile-slope.fbx using Guid(b9b7da3af7c86e6468de37e271b4539d) Importer(815301076,1909f56bfc062723c751e8b465ee728b) (PreviewImporter) -> (artifact id: '393b69952e7bcb7f3f842d2177063652') in 0.084784 seconds
Number of updated asset objects reloaded before import = 0Number of asset objects unloaded after import = 9

========================================================================
Received Import Request.
  Time since last request: 0.000039 seconds.
  path: Assets/Kit/Enviroment/enviroment tower defense/Models/FBX format/tile-spawn.fbx
  artifactKey: Guid(abf92f324ade28148a35c1d52805bb1f) Importer(815301076,1909f56bfc062723c751e8b465ee728b)
Start importing Assets/Kit/Enviroment/enviroment tower defense/Models/FBX format/tile-spawn.fbx using Guid(abf92f324ade28148a35c1d52805bb1f) Importer(815301076,1909f56bfc062723c751e8b465ee728b) (PreviewImporter) -> (artifact id: '4fb83b2a3db19530c41c84a95682ddf4') in 0.1882177 seconds
Number of updated asset objects reloaded before import = 0Number of asset objects unloaded after import = 9

========================================================================
Received Import Request.
  Time since last request: 0.000028 seconds.
  path: Assets/Kit/Enviroment/enviroment tower defense/Models/FBX format/tile-river-corner.fbx
  artifactKey: Guid(6906d3c15b1ef3047857d42e74689f26) Importer(815301076,1909f56bfc062723c751e8b465ee728b)
Start importing Assets/Kit/Enviroment/enviroment tower defense/Models/FBX format/tile-river-corner.fbx using Guid(6906d3c15b1ef3047857d42e74689f26) Importer(815301076,1909f56bfc062723c751e8b465ee728b) (PreviewImporter) -> (artifact id: 'eea71d4d5c66c9c0b3a1721f336b9320') in 0.0575532 seconds
Number of updated asset objects reloaded before import = 0Number of asset objects unloaded after import = 9

========================================================================
Received Import Request.
  Time since last request: 0.000044 seconds.
  path: Assets/Kit/Enviroment/enviroment tower defense/Models/FBX format/tile-spawn-round.fbx
  artifactKey: Guid(8df103d4e17e7af41b03d97d6aa9fad9) Importer(815301076,1909f56bfc062723c751e8b465ee728b)
Start importing Assets/Kit/Enviroment/enviroment tower defense/Models/FBX format/tile-spawn-round.fbx using Guid(8df103d4e17e7af41b03d97d6aa9fad9) Importer(815301076,1909f56bfc062723c751e8b465ee728b) (PreviewImporter) -> (artifact id: '1f28070f0d76018c525e594f4eccf71b') in 0.1894927 seconds
Number of updated asset objects reloaded before import = 0Number of asset objects unloaded after import = 9

========================================================================
Received Import Request.
  Time since last request: 0.000027 seconds.
  path: Assets/Kit/Enviroment/enviroment tower defense/Models/FBX format/tower-round-build-b.fbx
  artifactKey: Guid(b25396f6db64b6644a5662b2932e3346) Importer(815301076,1909f56bfc062723c751e8b465ee728b)
Start importing Assets/Kit/Enviroment/enviroment tower defense/Models/FBX format/tower-round-build-b.fbx using Guid(b25396f6db64b6644a5662b2932e3346) Importer(815301076,1909f56bfc062723c751e8b465ee728b) (PreviewImporter) -> (artifact id: '748e09fcff29f29bd4b7c3579c2d457d') in 0.1588492 seconds
Number of updated asset objects reloaded before import = 0Number of asset objects unloaded after import = 9

========================================================================
Received Import Request.
  Time since last request: 0.000041 seconds.
  path: Assets/Kit/Enviroment/enviroment tower defense/Models/FBX format/tile-wide-straight.fbx
  artifactKey: Guid(8cad671d40f33d14fa9ec5e85993ef39) Importer(815301076,1909f56bfc062723c751e8b465ee728b)
Start importing Assets/Kit/Enviroment/enviroment tower defense/Models/FBX format/tile-wide-straight.fbx using Guid(8cad671d40f33d14fa9ec5e85993ef39) Importer(815301076,1909f56bfc062723c751e8b465ee728b) (PreviewImporter) -> (artifact id: '4131e880a96c5de094c42ce7fc88d2a3') in 0.1859318 seconds
Number of updated asset objects reloaded before import = 0Number of asset objects unloaded after import = 9

========================================================================
Received Import Request.
  Time since last request: 0.000028 seconds.
  path: Assets/Kit/Enviroment/enviroment tower defense/Models/FBX format/tile-tree-double.fbx
  artifactKey: Guid(c32862b65cc38244092f0a9b4c4f7cc8) Importer(815301076,1909f56bfc062723c751e8b465ee728b)
Start importing Assets/Kit/Enviroment/enviroment tower defense/Models/FBX format/tile-tree-double.fbx using Guid(c32862b65cc38244092f0a9b4c4f7cc8) Importer(815301076,1909f56bfc062723c751e8b465ee728b) (PreviewImporter) -> (artifact id: '9c35e0c9ea6d8772230805c61701c500') in 0.1204479 seconds
Number of updated asset objects reloaded before import = 0Number of asset objects unloaded after import = 9

========================================================================
Received Import Request.
  Time since last request: 0.000044 seconds.
  path: Assets/Kit/Enviroment/enviroment tower defense/Models/FBX format/tower-round-build-e.fbx
  artifactKey: Guid(e0997db5bb4aca74db1812099bf64962) Importer(815301076,1909f56bfc062723c751e8b465ee728b)
Start importing Assets/Kit/Enviroment/enviroment tower defense/Models/FBX format/tower-round-build-e.fbx using Guid(e0997db5bb4aca74db1812099bf64962) Importer(815301076,1909f56bfc062723c751e8b465ee728b) (PreviewImporter) -> (artifact id: 'fc36cb713fc887bfcdac92836e933acd') in 0.1681954 seconds
Number of updated asset objects reloaded before import = 0Number of asset objects unloaded after import = 9

========================================================================
Received Import Request.
  Time since last request: 0.000025 seconds.
  path: Assets/Kit/Enviroment/enviroment tower defense/Models/FBX format/tower-round-roof-a.fbx
  artifactKey: Guid(58db01c0671085848983b5cd6f5196fc) Importer(815301076,1909f56bfc062723c751e8b465ee728b)
Start importing Assets/Kit/Enviroment/enviroment tower defense/Models/FBX format/tower-round-roof-a.fbx using Guid(58db01c0671085848983b5cd6f5196fc) Importer(815301076,1909f56bfc062723c751e8b465ee728b) (PreviewImporter) -> (artifact id: 'e82c94e5423bb3d14ce96ffcd99fa192') in 0.1441682 seconds
Number of updated asset objects reloaded before import = 0Number of asset objects unloaded after import = 9

========================================================================
Received Import Request.
  Time since last request: 0.000028 seconds.
  path: Assets/Kit/Enviroment/enviroment tower defense/Models/FBX format/tower-square-roof-c.fbx
  artifactKey: Guid(63f9a067ad893d448bd7d0ce8c455431) Importer(815301076,1909f56bfc062723c751e8b465ee728b)
Start importing Assets/Kit/Enviroment/enviroment tower defense/Models/FBX format/tower-square-roof-c.fbx using Guid(63f9a067ad893d448bd7d0ce8c455431) Importer(815301076,1909f56bfc062723c751e8b465ee728b) (PreviewImporter) -> (artifact id: '5163811bce9c6693b9f5880e6698b82f') in 0.0887173 seconds
Number of updated asset objects reloaded before import = 0Number of asset objects unloaded after import = 9

========================================================================
Received Import Request.
  Time since last request: 0.000037 seconds.
  path: Assets/Kit/Enviroment/enviroment tower defense/Models/FBX format/tower-square-bottom-b.fbx
  artifactKey: Guid(c41644acae10e9a45ab603bd524ce575) Importer(815301076,1909f56bfc062723c751e8b465ee728b)
Start importing Assets/Kit/Enviroment/enviroment tower defense/Models/FBX format/tower-square-bottom-b.fbx using Guid(c41644acae10e9a45ab603bd524ce575) Importer(815301076,1909f56bfc062723c751e8b465ee728b) (PreviewImporter) -> (artifact id: 'f7c07a7ced0fbd3bfdc5e16e91db8fbd') in 0.1244359 seconds
Number of updated asset objects reloaded before import = 0Number of asset objects unloaded after import = 9

========================================================================
Received Import Request.
  Time since last request: 0.000046 seconds.
  path: Assets/Kit/Enviroment/enviroment tower defense/Models/FBX format/wood-structure-high-part.fbx
  artifactKey: Guid(a5ddb94f5f9435543bce3e5f6385fa83) Importer(815301076,1909f56bfc062723c751e8b465ee728b)
Start importing Assets/Kit/Enviroment/enviroment tower defense/Models/FBX format/wood-structure-high-part.fbx using Guid(a5ddb94f5f9435543bce3e5f6385fa83) Importer(815301076,1909f56bfc062723c751e8b465ee728b) (PreviewImporter) -> (artifact id: '30e5ab56ad4e4fc46e459d1459685671') in 0.3297545 seconds
Number of updated asset objects reloaded before import = 0Number of asset objects unloaded after import = 9

========================================================================
Received Import Request.
  Time since last request: 0.000032 seconds.
  path: Assets/Kit/Enviroment/enviroment tower defense/Models/FBX format/weapon-cannon.fbx
  artifactKey: Guid(fa4ef6057c8b7024d8723a074830817e) Importer(815301076,1909f56bfc062723c751e8b465ee728b)
Start importing Assets/Kit/Enviroment/enviroment tower defense/Models/FBX format/weapon-cannon.fbx using Guid(fa4ef6057c8b7024d8723a074830817e) Importer(815301076,1909f56bfc062723c751e8b465ee728b) (PreviewImporter) -> (artifact id: 'f1e3d84054b775e25dada5767a9a1333') in 0.2233203 seconds
Number of updated asset objects reloaded before import = 0Number of asset objects unloaded after import = 14

========================================================================
Received Import Request.
  Time since last request: 0.000045 seconds.
  path: Assets/Kit/Enviroment/enviroment tower defense/Models/FBX format/wood-structure.fbx
  artifactKey: Guid(72f6a9e0f56d9c6488188016de322a7a) Importer(815301076,1909f56bfc062723c751e8b465ee728b)
Start importing Assets/Kit/Enviroment/enviroment tower defense/Models/FBX format/wood-structure.fbx using Guid(72f6a9e0f56d9c6488188016de322a7a) Importer(815301076,1909f56bfc062723c751e8b465ee728b) (PreviewImporter) -> (artifact id: '9a6d9c4c37830bc3c6a84d148458510d') in 0.2188315 seconds
Number of updated asset objects reloaded before import = 0Number of asset objects unloaded after import = 9

========================================================================
Received Import Request.
  Time since last request: 0.000033 seconds.
  path: Assets/Kit/Enviroment/enviroment tower defense/Models/FBX format/tower-square-build-c.fbx
  artifactKey: Guid(148a7398c218d6c4b89a1a7cc1bd447e) Importer(815301076,1909f56bfc062723c751e8b465ee728b)
Start importing Assets/Kit/Enviroment/enviroment tower defense/Models/FBX format/tower-square-build-c.fbx using Guid(148a7398c218d6c4b89a1a7cc1bd447e) Importer(815301076,1909f56bfc062723c751e8b465ee728b) (PreviewImporter) -> (artifact id: '38afa5e9f673d5240968020d785671a1') in 0.256605 seconds
Number of updated asset objects reloaded before import = 0Number of asset objects unloaded after import = 9

Editor requested this worker to shutdown with reason: Scaling down because of idle timeout
AssetImportWorker is now disconnected from the server
Process exiting
Exiting without the bug reporter. Application will terminate with return code 0